Data are loaded, start creating Blender stuff
glTF import finished in 0.41s
Fra:1 Mem:24.87M (Peak 24.87M) | Time:00:00.07 | Mem:0.00M, Peak:0.00M | Scene, ViewLayer | Synchronizing object | geometry_0_sphere.009
Fra:1 Mem:24.87M (Peak 24.87M) | Time:00:00.07 | Mem:0.00M, Peak:0.00M | Scene, ViewLayer | Synchronizing object | geometry_0_sphere.001
Fra:1 Mem:25.39M (Peak 25.39M) | Time:00:00.07 | Mem:0.00M, Peak:0.00M | Scene, ViewLayer | Synchronizing object | geometry_0_sphere.007
Fra:1 Mem:25.41M (Peak 25.41M) | Time:00:00.07 | Mem:0.00M, Peak:0.00M | Scene, ViewLayer | Synchronizing object | geometry_0_sphere.033
Fra:1 Mem:25.63M (Peak 25.63M) | Time:00:00.07 | Mem:0.00M, Peak:0.00M | Scene, ViewLayer | Synchronizing object | geometry_0_sphere.030
Fra:1 Mem:25.98M (Peak 25.98M) | Time:00:00.07 | Mem:0.00M, Peak:0.00M | Scene, ViewLayer | Synchronizing object | geometry_0_sphere.012
Fra:1 Mem:26.04M (Peak 26.04M) | Time:00:00.07 | Mem:0.00M, Peak:0.00M | Scene, ViewLayer | Synchronizing object | geometry_0_sphere.010
Fra:1 Mem:26.24M (Peak 26.24M) | Time:00:00.07 | Mem:0.00M, Peak:0.00M | Scene, ViewLayer | Synchronizing object | geometry_0_cylinder.010
Fra:1 Mem:26.29M (Peak 26.29M) | Time:00:00.07 | Mem:0.00M, Peak:0.00M | Scene, ViewLayer | Synchronizing object | geometry_0_sphere.011
Fra:1 Mem:26.37M (Peak 26.37M) | Time:00:00.07 | Mem:0.00M, Peak:0.00M | Scene, ViewLayer | Synchronizing object | geometry_0_sphere.031
Fra:1 Mem:26.64M (Peak 26.64M) | Time:00:00.07 | Mem:0.00M, Peak:0.00M | Scene, ViewLayer | Synchronizing object | geometry_0_sphere.013
Fra:1 Mem:26.63M (Peak 26.64M) | Time:00:00.07 | Mem:0.00M, Peak:0.00M | Scene, ViewLayer | Synchronizing object | geometry_0_sphere.008
Fra:1 Mem:27.10M (Peak 27.10M) | Time:00:00.07 | Mem:0.00M, Peak:0.00M | Scene, ViewLayer | Synchronizing object | geometry_0_cylinder.009
Fra:1 Mem:27.23M (Peak 27.23M) | Time:00:00.07 | Mem:0.00M, Peak:0.00M | Scene, ViewLayer | Synchronizing object | geometry_0_sphere.029
Fra:1 Mem:27.26M (Peak 27.26M) | Time:00:00.07 | Mem:0.00M, Peak:0.00M | Scene, ViewLayer | Synchronizing object | geometry_0_sphere.034
Fra:1 Mem:27.52M (Peak 27.52M) | Time:00:00.07 | Mem:0.00M, Peak:0.00M | Scene, ViewLayer | Synchronizing object | geometry_0_sphere.026
Fra:1 Mem:27.52M (Peak 27.52M) | Time:00:00.07 | Mem:0.00M, Peak:0.00M | Scene, ViewLayer | Synchronizing object | geometry_0_sphere.005
Fra:1 Mem:27.82M (Peak 27.82M) | Time:00:00.07 | Mem:0.00M, Peak:0.00M | Scene, ViewLayer | Synchronizing object | geometry_0_cylinder.008
Fra:1 Mem:27.81M (Peak 27.82M) | Time:00:00.07 | Mem:0.00M, Peak:0.00M | Scene, ViewLayer | Synchronizing object | geometry_0_cylinder.001
Fra:1 Mem:27.79M (Peak 27.82M) | Time:00:00.07 | Mem:0.00M, Peak:0.00M | Scene, ViewLayer | Synchronizing object | geometry_0_sphere.004
Fra:1 Mem:27.81M (Peak 27.82M) | Time:00:00.07 | Mem:0.00M, Peak:0.00M | Scene, ViewLayer | Synchronizing object | geometry_0_sphere.003
Fra:1 Mem:28.22M (Peak 28.22M) | Time:00:00.07 | Mem:0.00M, Peak:0.00M | Scene, ViewLayer | Synchronizing object | geometry_0_sphere.024
Fra:1 Mem:28.17M (Peak 28.22M) | Time:00:00.07 | Mem:0.00M, Peak:0.00M | Scene, ViewLayer | Synchronizing object | geometry_0_cylinder
Fra:1 Mem:28.26M (Peak 28.26M) | Time:00:00.07 | Mem:0.00M, Peak:0.00M | Scene, ViewLayer | Synchronizing object | geometry_0_sphere.002
Fra:1 Mem:28.30M (Peak 28.30M) | Time:00:00.08 | Mem:0.00M, Peak:0.00M | Scene, ViewLayer | Synchronizing object | geometry_0_sphere.006
Fra:1 Mem:28.50M (Peak 28.50M) | Time:00:00.08 | Mem:0.00M, Peak:0.00M | Scene, ViewLayer | Synchronizing object | geometry_0_cylinder.007
Fra:1 Mem:28.55M (Peak 28.55M) | Time:00:00.08 | Mem:0.00M, Peak:0.00M | Scene, ViewLayer | Synchronizing object | geometry_0_sphere.025
Fra:1 Mem:28.62M (Peak 28.62M) | Time:00:00.08 | Mem:0.00M, Peak:0.00M | Scene, ViewLayer | Synchronizing object | geometry_0_sphere.032
Fra:1 Mem:28.65M (Peak 28.65M) | Time:00:00.08 | Mem:0.00M, Peak:0.00M | Scene, ViewLayer | Synchronizing object | geometry_0_sphere.015
Fra:1 Mem:28.80M (Peak 28.80M) | Time:00:00.08 | Mem:0.00M, Peak:0.00M | Scene, ViewLayer | Synchronizing object | geometry_0_cylinder.002
Fra:1 Mem:29.01M (Peak 29.01M) | Time:00:00.08 | Mem:0.00M, Peak:0.00M | Scene, ViewLayer | Synchronizing object | geometry_0_sphere.014
Fra:1 Mem:29.16M (Peak 29.16M) | Time:00:00.08 | Mem:0.00M, Peak:0.00M | Scene, ViewLayer | Synchronizing object | geometry_0_sphere.017
Fra:1 Mem:29.20M (Peak 29.20M) | Time:00:00.08 | Mem:0.00M, Peak:0.00M | Scene, ViewLayer | Synchronizing object | geometry_0_cylinder.006
Fra:1 Mem:29.29M (Peak 29.29M) | Time:00:00.08 | Mem:0.00M, Peak:0.00M | Scene, ViewLayer | Synchronizing object | geometry_0_sphere.023
Fra:1 Mem:29.35M (Peak 29.35M) | Time:00:00.08 | Mem:0.00M, Peak:0.00M | Scene, ViewLayer | Synchronizing object | geometry_0_cylinder.003
Fra:1 Mem:29.43M (Peak 29.43M) | Time:00:00.08 | Mem:0.00M, Peak:0.00M | Scene, ViewLayer | Synchronizing object | geometry_0_sphere.016
Fra:1 Mem:29.44M (Peak 29.44M) | Time:00:00.08 | Mem:0.00M, Peak:0.00M | Scene, ViewLayer | Synchronizing object | geometry_0_sphere.019
Fra:1 Mem:29.64M (Peak 29.64M) | Time:00:00.08 | Mem:0.00M, Peak:0.00M | Scene, ViewLayer | Synchronizing object | geometry_0_sphere.020
Fra:1 Mem:29.79M (Peak 29.79M) | Time:00:00.08 | Mem:0.00M, Peak:0.00M | Scene, ViewLayer | Synchronizing object | geometry_0_cylinder.004
Fra:1 Mem:29.80M (Peak 29.80M) | Time:00:00.08 | Mem:0.00M, Peak:0.00M | Scene, ViewLayer | Synchronizing object | geometry_0_sphere.018
Fra:1 Mem:29.85M (Peak 29.85M) | Time:00:00.08 | Mem:0.00M, Peak:0.00M | Scene, ViewLayer | Synchronizing object | geometry_0_sphere.021
Fra:1 Mem:29.98M (Peak 29.98M) | Time:00:00.08 | Mem:0.00M, Peak:0.00M | Scene, ViewLayer | Synchronizing object | geometry_0_cylinder.005
Fra:1 Mem:30.06M (Peak 30.06M) | Time:00:00.08 | Mem:0.00M, Peak:0.00M | Scene, ViewLayer | Initializing
Fra:1 Mem:27.44M (Peak 30.06M) | Time:00:00.08 | Mem:0.00M, Peak:0.00M | Scene, ViewLayer | Waiting for render to start
Fra:1 Mem:27.45M (Peak 30.06M) | Time:00:00.08 | Mem:0.00M, Peak:0.00M | Scene, ViewLayer | Loading render kernels (may take a few minutes the first time)
Fra:1 Mem:27.45M (Peak 30.06M) | Time:00:00.08 | Mem:0.00M, Peak:0.00M | Scene, ViewLayer | Updating Scene
Fra:1 Mem:27.45M (Peak 30.06M) | Time:00:00.08 | Mem:0.00M, Peak:0.00M | Scene, ViewLayer | Updating Shaders
Fra:1 Mem:27.53M (Peak 30.06M) | Time:00:00.08 | Mem:0.00M, Peak:0.00M | Scene, ViewLayer | Updating Procedurals
Fra:1 Mem:27.53M (Peak 30.06M) | Time:00:00.08 | Mem:0.00M, Peak:0.00M | Scene, ViewLayer | Updating Background
Fra:1 Mem:27.53M (Peak 30.06M) | Time:00:00.08 | Mem:0.00M, Peak:0.00M | Scene, ViewLayer | Updating Camera
Fra:1 Mem:27.53M (Peak 30.06M) | Time:00:00.08 | Mem:0.00M, Peak:0.00M | Scene, ViewLayer | Updating Meshes Flags
Fra:1 Mem:27.53M (Peak 30.06M) | Time:00:00.08 | Mem:0.00M, Peak:0.00M | Scene, ViewLayer | Updating Objects
Fra:1 Mem:27.53M (Peak 30.06M) | Time:00:00.08 | Mem:0.00M, Peak:0.00M | Scene, ViewLayer | Updating Objects | Copying Transformations to device
Fra:1 Mem:27.54M (Peak 30.06M) | Time:00:00.08 | Mem:0.01M, Peak:0.01M | Scene, ViewLayer | Updating Objects | Applying Static Transformations
Fra:1 Mem:27.54M (Peak 30.06M) | Time:00:00.08 | Mem:0.01M, Peak:0.01M | Scene, ViewLayer | Updating Particle Systems
Fra:1 Mem:27.54M (Peak 30.06M) | Time:00:00.08 | Mem:0.01M, Peak:0.01M | Scene, ViewLayer | Updating Particle Systems | Copying Particles to device
Fra:1 Mem:27.54M (Peak 30.06M) | Time:00:00.08 | Mem:0.01M, Peak:0.01M | Scene, ViewLayer | Updating Meshes
Fra:1 Mem:28.18M (Peak 30.06M) | Time:00:00.08 | Mem:0.01M, Peak:0.01M | Scene, ViewLayer | Updating Mesh | Computing attributes
Fra:1 Mem:29.16M (Peak 30.06M) | Time:00:00.08 | Mem:0.01M, Peak:0.01M | Scene, ViewLayer | Updating Mesh | Copying Attributes to device
Fra:1 Mem:29.15M (Peak 30.06M) | Time:00:00.08 | Mem:0.98M, Peak:0.98M | Scene, ViewLayer | Updating Scene BVH | Building
Fra:1 Mem:29.15M (Peak 30.06M) | Time:00:00.08 | Mem:0.98M, Peak:0.98M | Scene, ViewLayer | Updating Scene BVH | Building BVH
Fra:1 Mem:29.15M (Peak 30.06M) | Time:00:00.08 | Mem:2.27M, Peak:2.27M | Scene, ViewLayer | Updating Scene BVH | Building BVH 0%
Fra:1 Mem:29.15M (Peak 30.06M) | Time:00:00.09 | Mem:3.80M, Peak:5.09M | Scene, ViewLayer | Updating Scene BVH | Copying BVH to device
Fra:1 Mem:29.15M (Peak 30.06M) | Time:00:00.09 | Mem:3.80M, Peak:5.09M | Scene, ViewLayer | Updating Mesh | Computing normals
Fra:1 Mem:32.53M (Peak 32.53M) | Time:00:00.09 | Mem:3.80M, Peak:5.09M | Scene, ViewLayer | Updating Mesh | Copying Mesh to device
Fra:1 Mem:32.53M (Peak 32.53M) | Time:00:00.09 | Mem:7.18M, Peak:7.18M | Scene, ViewLayer | Updating Objects Flags
Fra:1 Mem:32.53M (Peak 32.53M) | Time:00:00.09 | Mem:7.18M, Peak:7.18M | Scene, ViewLayer | Updating Primitive Offsets
Fra:1 Mem:32.53M (Peak 32.53M) | Time:00:00.09 | Mem:7.18M, Peak:7.18M | Scene, ViewLayer | Updating Images
Fra:1 Mem:32.53M (Peak 32.53M) | Time:00:00.09 | Mem:7.18M, Peak:7.18M | Scene, ViewLayer | Updating Camera Volume
Fra:1 Mem:32.53M (Peak 32.53M) | Time:00:00.09 | Mem:7.18M, Peak:7.18M | Scene, ViewLayer | Updating Lookup Tables
Fra:1 Mem:32.53M (Peak 32.53M) | Time:00:00.09 | Mem:7.26M, Peak:7.26M | Scene, ViewLayer | Updating Lights
Fra:1 Mem:32.53M (Peak 32.53M) | Time:00:00.09 | Mem:7.26M, Peak:7.26M | Scene, ViewLayer | Updating Lights | Computing distribution
Fra:1 Mem:32.53M (Peak 32.53M) | Time:00:00.09 | Mem:7.26M, Peak:7.26M | Scene, ViewLayer | Updating Lights | Computing tree
Fra:1 Mem:32.53M (Peak 32.53M) | Time:00:00.09 | Mem:7.26M, Peak:7.26M | Scene, ViewLayer | Updating Integrator
Fra:1 Mem:33.53M (Peak 33.53M) | Time:00:00.09 | Mem:8.26M, Peak:8.26M | Scene, ViewLayer | Updating Film
Fra:1 Mem:33.53M (Peak 33.53M) | Time:00:00.09 | Mem:8.18M, Peak:8.26M | Scene, ViewLayer | Updating Lookup Tables
Fra:1 Mem:33.53M (Peak 33.53M) | Time:00:00.09 | Mem:8.26M, Peak:8.26M | Scene, ViewLayer | Updating Baking
Fra:1 Mem:33.53M (Peak 33.53M) | Time:00:00.09 | Mem:8.26M, Peak:8.26M | Scene, ViewLayer | Updating Device | Writing constant memory
Fra:1 Mem:33.53M (Peak 33.53M) | Time:00:00.09 | Mem:8.26M, Peak:8.26M | Scene, ViewLayer | Sample 0/32
Fra:1 Mem:52.55M (Peak 52.55M) | Time:00:00.19 | Remaining:00:03.15 | Mem:27.26M, Peak:27.26M | Scene, ViewLayer | Sample 1/32
Fra:1 Mem:60.55M (Peak 72.55M) | Time:00:05.90 | Mem:27.26M, Peak:27.26M | Scene, ViewLayer | Sample 32/32
Fra:1 Mem:60.55M (Peak 72.55M) | Time:00:05.90 | Mem:27.26M, Peak:27.26M | Scene, ViewLayer | Finished
Fra:1 Mem:30.90M (Peak 72.55M) | Time:00:05.90 | Compositing
Fra:1 Mem:30.90M (Peak 72.55M) | Time:00:05.90 | Compositing | Determining resolution
Fra:1 Mem:30.90M (Peak 72.55M) | Time:00:05.90 | Compositing | Initializing execution
Fra:1 Mem:30.90M (Peak 72.55M) | Time:00:05.90 | Compositing | De-initializing execution
Saved: '/vepfs_default/chanxueyan/lhp/lms/aDSL/temp/geometry_elephant_000_20260929/A/views/render_0001.png'
Time: 00:06.09 (Saving: 00:00.19)

Fra:2 Mem:25.52M (Peak 72.55M) | Time:00:00.00 | Mem:0.00M, Peak:0.00M | Scene, ViewLayer | Synchronizing object | geometry_0_sphere.009
Fra:2 Mem:25.71M (Peak 72.55M) | Time:00:00.00 | Mem:0.00M, Peak:0.00M | Scene, ViewLayer | Synchronizing object | geometry_0_sphere.001
Fra:2 Mem:25.97M (Peak 72.55M) | Time:00:00.00 | Mem:0.00M, Peak:0.00M | Scene, ViewLayer | Synchronizing object | geometry_0_sphere.007
Fra:2 Mem:26.11M (Peak 72.55M) | Time:00:00.00 | Mem:0.00M, Peak:0.00M | Scene, ViewLayer | Synchronizing object | geometry_0_sphere.033
Fra:2 Mem:26.25M (Peak 72.55M) | Time:00:00.00 | Mem:0.00M, Peak:0.00M | Scene, ViewLayer | Synchronizing object | geometry_0_sphere.030
Fra:2 Mem:26.55M (Peak 72.55M) | Time:00:00.00 | Mem:0.00M, Peak:0.00M | Scene, ViewLayer | Synchronizing object | geometry_0_sphere.012
Fra:2 Mem:26.55M (Peak 72.55M) | Time:00:00.00 | Mem:0.00M, Peak:0.00M | Scene, ViewLayer | Synchronizing object | geometry_0_cylinder.010
Fra:2 Mem:26.79M (Peak 72.55M) | Time:00:00.00 | Mem:0.00M, Peak:0.00M | Scene, ViewLayer | Synchronizing object | geometry_0_sphere.031
Fra:2 Mem:26.84M (Peak 72.55M) | Time:00:00.00 | Mem:0.00M, Peak:0.00M | Scene, ViewLayer | Synchronizing object | geometry_0_sphere.011
Fra:2 Mem:27.04M (Peak 72.55M) | Time:00:00.00 | Mem:0.00M, Peak:0.00M | Scene, ViewLayer | Synchronizing object | geometry_0_sphere.028
Fra:2 Mem:27.12M (Peak 72.55M) | Time:00:00.00 | Mem:0.00M, Peak:0.00M | Scene, ViewLayer | Synchronizing object | geometry_0_sphere.013
Fra:2 Mem:27.35M (Peak 72.55M) | Time:00:00.00 | Mem:0.00M, Peak:0.00M | Scene, ViewLayer | Synchronizing object | geometry_0_cylinder.009
Fra:2 Mem:27.35M (Peak 72.55M) | Time:00:00.00 | Mem:0.00M, Peak:0.00M | Scene, ViewLayer | Synchronizing object | geometry_0_sphere.029
Fra:2 Mem:27.47M (Peak 72.55M) | Time:00:00.00 | Mem:0.00M, Peak:0.00M | Scene, ViewLayer | Synchronizing object | geometry_0_sphere.008
Fra:2 Mem:27.54M (Peak 72.55M) | Time:00:00.00 | Mem:0.00M, Peak:0.00M | Scene, ViewLayer | Synchronizing object | geometry_0_sphere.034
Fra:2 Mem:27.73M (Peak 72.55M) | Time:00:00.00 | Mem:0.00M, Peak:0.00M | Scene, ViewLayer | Synchronizing object | geometry_0_sphere.026
Fra:2 Mem:28.06M (Peak 72.55M) | Time:00:00.00 | Mem:0.00M, Peak:0.00M | Scene, ViewLayer | Synchronizing object | geometry_0_cylinder.008
Fra:2 Mem:28.01M (Peak 72.55M) | Time:00:00.00 | Mem:0.00M, Peak:0.00M | Scene, ViewLayer | Synchronizing object | geometry_0_sphere.005
Fra:2 Mem:28.00M (Peak 72.55M) | Time:00:00.00 | Mem:0.00M, Peak:0.00M | Scene, ViewLayer | Synchronizing object | geometry_0_sphere.027
Fra:2 Mem:28.14M (Peak 72.55M) | Time:00:00.00 | Mem:0.00M, Peak:0.00M | Scene, ViewLayer | Synchronizing object | geometry_0_cylinder.001
Fra:2 Mem:28.21M (Peak 72.55M) | Time:00:00.00 | Mem:0.00M, Peak:0.00M | Scene, ViewLayer | Synchronizing object | geometry_0_sphere.004
Fra:2 Mem:28.23M (Peak 72.55M) | Time:00:00.00 | Mem:0.00M, Peak:0.00M | Scene, ViewLayer | Synchronizing object | geometry_0_sphere.003
Fra:2 Mem:28.33M (Peak 72.55M) | Time:00:00.00 | Mem:0.00M, Peak:0.00M | Scene, ViewLayer | Synchronizing object | geometry_0_sphere.024
Fra:2 Mem:28.53M (Peak 72.55M) | Time:00:00.00 | Mem:0.00M, Peak:0.00M | Scene, ViewLayer | Synchronizing object | geometry_0_cylinder
Fra:2 Mem:28.54M (Peak 72.55M) | Time:00:00.00 | Mem:0.00M, Peak:0.00M | Scene, ViewLayer | Synchronizing object | geometry_0_sphere.002
Fra:2 Mem:28.56M (Peak 72.55M) | Time:00:00.00 | Mem:0.00M, Peak:0.00M | Scene, ViewLayer | Synchronizing object | geometry_0_sphere.006
Fra:2 Mem:28.67M (Peak 72.55M) | Time:00:00.00 | Mem:0.00M, Peak:0.00M | Scene, ViewLayer | Synchronizing object | geometry_0_sphere.025
Fra:2 Mem:28.84M (Peak 72.55M) | Time:00:00.00 | Mem:0.00M, Peak:0.00M | Scene, ViewLayer | Synchronizing object | geometry_0_sphere.032
Fra:2 Mem:28.95M (Peak 72.55M) | Time:00:00.00 | Mem:0.00M, Peak:0.00M | Scene, ViewLayer | Synchronizing object | geometry_0_sphere.022
Fra:2 Mem:29.05M (Peak 72.55M) | Time:00:00.00 | Mem:0.00M, Peak:0.00M | Scene, ViewLayer | Synchronizing object | geometry_0_sphere.015
Fra:2 Mem:29.13M (Peak 72.55M) | Time:00:00.00 | Mem:0.00M, Peak:0.00M | Scene, ViewLayer | Synchronizing object | geometry_0_cylinder.002
Fra:2 Mem:29.14M (Peak 72.55M) | Time:00:00.00 | Mem:0.00M, Peak:0.00M | Scene, ViewLayer | Synchronizing object | geometry_0_cylinder.006
Fra:2 Mem:29.18M (Peak 72.55M) | Time:00:00.00 | Mem:0.00M, Peak:0.00M | Scene, ViewLayer | Synchronizing object | geometry_0_sphere.014
Fra:2 Mem:29.26M (Peak 72.55M) | Time:00:00.00 | Mem:0.00M, Peak:0.00M | Scene, ViewLayer | Synchronizing object | geometry_0_sphere.023
Fra:2 Mem:29.33M (Peak 72.55M) | Time:00:00.00 | Mem:0.00M, Peak:0.00M | Scene, ViewLayer | Synchronizing object | geometry_0_sphere.017
Fra:2 Mem:29.50M (Peak 72.55M) | Time:00:00.00 | Mem:0.00M, Peak:0.00M | Scene, ViewLayer | Synchronizing object | geometry_0_cylinder.003
Fra:2 Mem:29.51M (Peak 72.55M) | Time:00:00.00 | Mem:0.00M, Peak:0.00M | Scene, ViewLayer | Synchronizing object | geometry_0_sphere.020
Fra:2 Mem:29.56M (Peak 72.55M) | Time:00:00.00 | Mem:0.00M, Peak:0.00M | Scene, ViewLayer | Synchronizing object | geometry_0_sphere.016
Fra:2 Mem:29.75M (Peak 72.55M) | Time:00:00.00 | Mem:0.00M, Peak:0.00M | Scene, ViewLayer | Synchronizing object | geometry_0_sphere.019
Fra:2 Mem:29.78M (Peak 72.55M) | Time:00:00.00 | Mem:0.00M, Peak:0.00M | Scene, ViewLayer | Synchronizing object | geometry_0_cylinder.005
Fra:2 Mem:29.81M (Peak 72.55M) | Time:00:00.00 | Mem:0.00M, Peak:0.00M | Scene, ViewLayer | Synchronizing object | geometry_0_cylinder.004
Fra:2 Mem:29.82M (Peak 72.55M) | Time:00:00.00 | Mem:0.00M, Peak:0.00M | Scene, ViewLayer | Synchronizing object | geometry_0_sphere.021
Fra:2 Mem:29.90M (Peak 72.55M) | Time:00:00.00 | Mem:0.00M, Peak:0.00M | Scene, ViewLayer | Synchronizing object | geometry_0_sphere.018
Fra:2 Mem:30.06M (Peak 72.55M) | Time:00:00.07 | Mem:0.00M, Peak:0.00M | Scene, ViewLayer | Initializing
Fra:2 Mem:27.45M (Peak 72.55M) | Time:00:00.07 | Mem:0.00M, Peak:0.00M | Scene, ViewLayer | Waiting for render to start
Fra:2 Mem:27.45M (Peak 72.55M) | Time:00:00.07 | Mem:0.00M, Peak:0.00M | Scene, ViewLayer | Loading render kernels (may take a few minutes the first time)
Fra:2 Mem:27.45M (Peak 72.55M) | Time:00:00.07 | Mem:0.00M, Peak:0.00M | Scene, ViewLayer | Updating Scene
Fra:2 Mem:27.45M (Peak 72.55M) | Time:00:00.07 | Mem:0.00M, Peak:0.00M | Scene, ViewLayer | Updating Shaders
Fra:2 Mem:27.53M (Peak 72.55M) | Time:00:00.07 | Mem:0.00M, Peak:0.00M | Scene, ViewLayer | Updating Procedurals
Fra:2 Mem:27.53M (Peak 72.55M) | Time:00:00.07 | Mem:0.00M, Peak:0.00M | Scene, ViewLayer | Updating Background
Fra:2 Mem:27.53M (Peak 72.55M) | Time:00:00.07 | Mem:0.00M, Peak:0.00M | Scene, ViewLayer | Updating Camera
Fra:2 Mem:27.53M (Peak 72.55M) | Time:00:00.07 | Mem:0.00M, Peak:0.00M | Scene, ViewLayer | Updating Meshes Flags
Fra:2 Mem:27.53M (Peak 72.55M) | Time:00:00.07 | Mem:0.00M, Peak:0.00M | Scene, ViewLayer | Updating Objects
Fra:2 Mem:27.53M (Peak 72.55M) | Time:00:00.07 | Mem:0.00M, Peak:0.00M | Scene, ViewLayer | Updating Objects | Copying Transformations to device
Fra:2 Mem:27.54M (Peak 72.55M) | Time:00:00.07 | Mem:0.01M, Peak:0.01M | Scene, ViewLayer | Updating Objects | Applying Static Transformations
Fra:2 Mem:27.54M (Peak 72.55M) | Time:00:00.08 | Mem:0.01M, Peak:0.01M | Scene, ViewLayer | Updating Particle Systems
Fra:2 Mem:27.54M (Peak 72.55M) | Time:00:00.08 | Mem:0.01M, Peak:0.01M | Scene, ViewLayer | Updating Particle Systems | Copying Particles to device
Fra:2 Mem:27.54M (Peak 72.55M) | Time:00:00.08 | Mem:0.01M, Peak:0.01M | Scene, ViewLayer | Updating Meshes
Fra:2 Mem:28.18M (Peak 72.55M) | Time:00:00.08 | Mem:0.01M, Peak:0.01M | Scene, ViewLayer | Updating Mesh | Computing attributes
Fra:2 Mem:29.16M (Peak 72.55M) | Time:00:00.08 | Mem:0.01M, Peak:0.01M | Scene, ViewLayer | Updating Mesh | Copying Attributes to device
Fra:2 Mem:29.15M (Peak 72.55M) | Time:00:00.08 | Mem:0.98M, Peak:0.98M | Scene, ViewLayer | Updating Scene BVH | Building
Fra:2 Mem:29.15M (Peak 72.55M) | Time:00:00.08 | Mem:0.98M, Peak:0.98M | Scene, ViewLayer | Updating Scene BVH | Building BVH
Fra:2 Mem:29.15M (Peak 72.55M) | Time:00:00.08 | Mem:2.27M, Peak:2.27M | Scene, ViewLayer | Updating Scene BVH | Building BVH 0%
Fra:2 Mem:29.15M (Peak 72.55M) | Time:00:00.08 | Mem:3.80M, Peak:5.09M | Scene, ViewLayer | Updating Scene BVH | Copying BVH to device
Fra:2 Mem:29.15M (Peak 72.55M) | Time:00:00.08 | Mem:3.80M, Peak:5.09M | Scene, ViewLayer | Updating Mesh | Computing normals
Fra:2 Mem:32.53M (Peak 72.55M) | Time:00:00.08 | Mem:3.80M, Peak:5.09M | Scene, ViewLayer | Updating Mesh | Copying Mesh to device
Fra:2 Mem:32.53M (Peak 72.55M) | Time:00:00.08 | Mem:7.18M, Peak:7.18M | Scene, ViewLayer | Updating Objects Flags
Fra:2 Mem:32.53M (Peak 72.55M) | Time:00:00.08 | Mem:7.18M, Peak:7.18M | Scene, ViewLayer | Updating Primitive Offsets
Fra:2 Mem:32.53M (Peak 72.55M) | Time:00:00.08 | Mem:7.18M, Peak:7.18M | Scene, ViewLayer | Updating Images
Fra:2 Mem:32.53M (Peak 72.55M) | Time:00:00.08 | Mem:7.18M, Peak:7.18M | Scene, ViewLayer | Updating Camera Volume
Fra:2 Mem:32.53M (Peak 72.55M) | Time:00:00.08 | Mem:7.18M, Peak:7.18M | Scene, ViewLayer | Updating Lookup Tables
Fra:2 Mem:32.53M (Peak 72.55M) | Time:00:00.08 | Mem:7.26M, Peak:7.26M | Scene, ViewLayer | Updating Lights
Fra:2 Mem:32.53M (Peak 72.55M) | Time:00:00.08 | Mem:7.26M, Peak:7.26M | Scene, ViewLayer | Updating Lights | Computing distribution
Fra:2 Mem:32.53M (Peak 72.55M) | Time:00:00.08 | Mem:7.26M, Peak:7.26M | Scene, ViewLayer | Updating Lights | Computing tree
Fra:2 Mem:32.53M (Peak 72.55M) | Time:00:00.08 | Mem:7.26M, Peak:7.26M | Scene, ViewLayer | Updating Integrator
Fra:2 Mem:33.53M (Peak 72.55M) | Time:00:00.08 | Mem:8.26M, Peak:8.26M | Scene, ViewLayer | Updating Film
Fra:2 Mem:33.53M (Peak 72.55M) | Time:00:00.08 | Mem:8.18M, Peak:8.26M | Scene, ViewLayer | Updating Lookup Tables
Fra:2 Mem:33.53M (Peak 72.55M) | Time:00:00.08 | Mem:8.26M, Peak:8.26M | Scene, ViewLayer | Updating Baking
Fra:2 Mem:33.53M (Peak 72.55M) | Time:00:00.08 | Mem:8.26M, Peak:8.26M | Scene, ViewLayer | Updating Device | Writing constant memory
Fra:2 Mem:33.53M (Peak 72.55M) | Time:00:00.08 | Mem:8.26M, Peak:8.26M | Scene, ViewLayer | Sample 0/32
Fra:2 Mem:52.55M (Peak 72.55M) | Time:00:00.19 | Remaining:00:03.34 | Mem:27.26M, Peak:27.26M | Scene, ViewLayer | Sample 1/32
Fra:2 Mem:60.55M (Peak 72.55M) | Time:00:05.48 | Mem:27.26M, Peak:27.26M | Scene, ViewLayer | Sample 32/32
Fra:2 Mem:60.55M (Peak 72.55M) | Time:00:05.48 | Mem:27.26M, Peak:27.26M | Scene, ViewLayer | Finished
Fra:2 Mem:30.90M (Peak 72.55M) | Time:00:05.48 | Compositing
Fra:2 Mem:30.90M (Peak 72.55M) | Time:00:05.48 | Compositing | Determining resolution
Fra:2 Mem:30.90M (Peak 72.55M) | Time:00:05.48 | Compositing | Initializing execution
Fra:2 Mem:30.90M (Peak 72.55M) | Time:00:05.48 | Compositing | De-initializing execution
Saved: '/vepfs_default/chanxueyan/lhp/lms/aDSL/temp/geometry_elephant_000_20260929/A/views/render_0002.png'
Time: 00:05.58 (Saving: 00:00.09)

Fra:3 Mem:25.52M (Peak 72.55M) | Time:00:00.00 | Mem:0.00M, Peak:0.00M | Scene, ViewLayer | Synchronizing object | geometry_0_sphere.009
Fra:3 Mem:25.52M (Peak 72.55M) | Time:00:00.00 | Mem:0.00M, Peak:0.00M | Scene, ViewLayer | Synchronizing object | geometry_0_sphere.001
Fra:3 Mem:26.04M (Peak 72.55M) | Time:00:00.00 | Mem:0.00M, Peak:0.00M | Scene, ViewLayer | Synchronizing object | geometry_0_sphere.007
Fra:3 Mem:26.17M (Peak 72.55M) | Time:00:00.00 | Mem:0.00M, Peak:0.00M | Scene, ViewLayer | Synchronizing object | geometry_0_sphere.033
Fra:3 Mem:26.36M (Peak 72.55M) | Time:00:00.00 | Mem:0.00M, Peak:0.00M | Scene, ViewLayer | Synchronizing object | geometry_0_sphere.030
Fra:3 Mem:26.42M (Peak 72.55M) | Time:00:00.01 | Mem:0.00M, Peak:0.00M | Scene, ViewLayer | Synchronizing object | geometry_0_sphere.012
Fra:3 Mem:26.58M (Peak 72.55M) | Time:00:00.01 | Mem:0.00M, Peak:0.00M | Scene, ViewLayer | Synchronizing object | geometry_0_sphere.010
Fra:3 Mem:26.78M (Peak 72.55M) | Time:00:00.01 | Mem:0.00M, Peak:0.00M | Scene, ViewLayer | Synchronizing object | geometry_0_sphere.011
Fra:3 Mem:26.82M (Peak 72.55M) | Time:00:00.01 | Mem:0.00M, Peak:0.00M | Scene, ViewLayer | Synchronizing object | geometry_0_cylinder.010
Fra:3 Mem:26.96M (Peak 72.55M) | Time:00:00.01 | Mem:0.00M, Peak:0.00M | Scene, ViewLayer | Synchronizing object | geometry_0_sphere.031
Fra:3 Mem:27.01M (Peak 72.55M) | Time:00:00.01 | Mem:0.00M, Peak:0.00M | Scene, ViewLayer | Synchronizing object | geometry_0_sphere.013
Fra:3 Mem:27.31M (Peak 72.55M) | Time:00:00.01 | Mem:0.00M, Peak:0.00M | Scene, ViewLayer | Synchronizing object | geometry_0_sphere.008
Fra:3 Mem:27.31M (Peak 72.55M) | Time:00:00.01 | Mem:0.00M, Peak:0.00M | Scene, ViewLayer | Synchronizing object | geometry_0_sphere.034
Fra:3 Mem:27.81M (Peak 72.55M) | Time:00:00.01 | Mem:0.00M, Peak:0.00M | Scene, ViewLayer | Synchronizing object | geometry_0_sphere.005
Fra:3 Mem:27.85M (Peak 72.55M) | Time:00:00.01 | Mem:0.00M, Peak:0.00M | Scene, ViewLayer | Synchronizing object | geometry_0_cylinder.009
Fra:3 Mem:27.87M (Peak 72.55M) | Time:00:00.01 | Mem:0.00M, Peak:0.00M | Scene, ViewLayer | Synchronizing object | geometry_0_cylinder.001
Fra:3 Mem:27.85M (Peak 72.55M) | Time:00:00.01 | Mem:0.00M, Peak:0.00M | Scene, ViewLayer | Synchronizing object | geometry_0_sphere.004
Fra:3 Mem:27.93M (Peak 72.55M) | Time:00:00.01 | Mem:0.00M, Peak:0.00M | Scene, ViewLayer | Synchronizing object | geometry_0_sphere.003
Fra:3 Mem:28.20M (Peak 72.55M) | Time:00:00.01 | Mem:0.00M, Peak:0.00M | Scene, ViewLayer | Synchronizing object | geometry_0_cylinder
Fra:3 Mem:28.21M (Peak 72.55M) | Time:00:00.01 | Mem:0.00M, Peak:0.00M | Scene, ViewLayer | Synchronizing object | geometry_0_sphere.026
Fra:3 Mem:28.26M (Peak 72.55M) | Time:00:00.01 | Mem:0.00M, Peak:0.00M | Scene, ViewLayer | Synchronizing object | geometry_0_sphere.006
Fra:3 Mem:28.53M (Peak 72.55M) | Time:00:00.01 | Mem:0.00M, Peak:0.00M | Scene, ViewLayer | Synchronizing object | geometry_0_cylinder.008
Fra:3 Mem:28.58M (Peak 72.55M) | Time:00:00.01 | Mem:0.00M, Peak:0.00M | Scene, ViewLayer | Synchronizing object | geometry_0_sphere.015
Fra:3 Mem:28.69M (Peak 72.55M) | Time:00:00.01 | Mem:0.00M, Peak:0.00M | Scene, ViewLayer | Synchronizing object | geometry_0_sphere.027
Fra:3 Mem:28.77M (Peak 72.55M) | Time:00:00.01 | Mem:0.00M, Peak:0.00M | Scene, ViewLayer | Synchronizing object | geometry_0_cylinder.002
Fra:3 Mem:28.87M (Peak 72.55M) | Time:00:00.01 | Mem:0.00M, Peak:0.00M | Scene, ViewLayer | Synchronizing object | geometry_0_sphere.014
Fra:3 Mem:28.95M (Peak 72.55M) | Time:00:00.01 | Mem:0.00M, Peak:0.00M | Scene, ViewLayer | Synchronizing object | geometry_0_sphere.017
Fra:3 Mem:29.05M (Peak 72.55M) | Time:00:00.01 | Mem:0.00M, Peak:0.00M | Scene, ViewLayer | Synchronizing object | geometry_0_sphere.024
Fra:3 Mem:29.13M (Peak 72.55M) | Time:00:00.01 | Mem:0.00M, Peak:0.00M | Scene, ViewLayer | Synchronizing object | geometry_0_cylinder.003
Fra:3 Mem:29.20M (Peak 72.55M) | Time:00:00.01 | Mem:0.00M, Peak:0.00M | Scene, ViewLayer | Synchronizing object | geometry_0_sphere.016
Fra:3 Mem:29.28M (Peak 72.55M) | Time:00:00.01 | Mem:0.00M, Peak:0.00M | Scene, ViewLayer | Synchronizing object | geometry_0_sphere.019
Fra:3 Mem:29.38M (Peak 72.55M) | Time:00:00.01 | Mem:0.00M, Peak:0.00M | Scene, ViewLayer | Synchronizing object | geometry_0_cylinder.007
Fra:3 Mem:29.39M (Peak 72.55M) | Time:00:00.01 | Mem:0.00M, Peak:0.00M | Scene, ViewLayer | Synchronizing object | geometry_0_cylinder.004
Fra:3 Mem:29.43M (Peak 72.55M) | Time:00:00.01 | Mem:0.00M, Peak:0.00M | Scene, ViewLayer | Synchronizing object | geometry_0_sphere.025
Fra:3 Mem:29.40M (Peak 72.55M) | Time:00:00.01 | Mem:0.00M, Peak:0.00M | Scene, ViewLayer | Synchronizing object | geometry_0_sphere.021
Fra:3 Mem:29.75M (Peak 72.55M) | Time:00:00.01 | Mem:0.00M, Peak:0.00M | Scene, ViewLayer | Synchronizing object | geometry_0_cylinder.005
Fra:3 Mem:29.77M (Peak 72.55M) | Time:00:00.01 | Mem:0.00M, Peak:0.00M | Scene, ViewLayer | Synchronizing object | geometry_0_sphere.022
Fra:3 Mem:29.81M (Peak 72.55M) | Time:00:00.01 | Mem:0.00M, Peak:0.00M | Scene, ViewLayer | Synchronizing object | geometry_0_sphere.023
Fra:3 Mem:30.11M (Peak 72.55M) | Time:00:00.01 | Mem:0.00M, Peak:0.00M | Scene, ViewLayer | Synchronizing object | geometry_0_cylinder.006
Fra:3 Mem:30.06M (Peak 72.55M) | Time:00:00.01 | Mem:0.00M, Peak:0.00M | Scene, ViewLayer | Initializing
Fra:3 Mem:27.45M (Peak 72.55M) | Time:00:00.01 | Mem:0.00M, Peak:0.00M | Scene, ViewLayer | Waiting for render to start
Fra:3 Mem:27.45M (Peak 72.55M) | Time:00:00.01 | Mem:0.00M, Peak:0.00M | Scene, ViewLayer | Loading render kernels (may take a few minutes the first time)
Fra:3 Mem:27.45M (Peak 72.55M) | Time:00:00.01 | Mem:0.00M, Peak:0.00M | Scene, ViewLayer | Updating Scene
Fra:3 Mem:27.45M (Peak 72.55M) | Time:00:00.01 | Mem:0.00M, Peak:0.00M | Scene, ViewLayer | Updating Shaders
Fra:3 Mem:27.53M (Peak 72.55M) | Time:00:00.01 | Mem:0.00M, Peak:0.00M | Scene, ViewLayer | Updating Procedurals
Fra:3 Mem:27.53M (Peak 72.55M) | Time:00:00.01 | Mem:0.00M, Peak:0.00M | Scene, ViewLayer | Updating Background
Fra:3 Mem:27.53M (Peak 72.55M) | Time:00:00.01 | Mem:0.00M, Peak:0.00M | Scene, ViewLayer | Updating Camera
Fra:3 Mem:27.53M (Peak 72.55M) | Time:00:00.01 | Mem:0.00M, Peak:0.00M | Scene, ViewLayer | Updating Meshes Flags
Fra:3 Mem:27.53M (Peak 72.55M) | Time:00:00.01 | Mem:0.00M, Peak:0.00M | Scene, ViewLayer | Updating Objects
Fra:3 Mem:27.53M (Peak 72.55M) | Time:00:00.01 | Mem:0.00M, Peak:0.00M | Scene, ViewLayer | Updating Objects | Copying Transformations to device
Fra:3 Mem:27.54M (Peak 72.55M) | Time:00:00.01 | Mem:0.01M, Peak:0.01M | Scene, ViewLayer | Updating Objects | Applying Static Transformations
Fra:3 Mem:27.54M (Peak 72.55M) | Time:00:00.01 | Mem:0.01M, Peak:0.01M | Scene, ViewLayer | Updating Particle Systems
Fra:3 Mem:27.54M (Peak 72.55M) | Time:00:00.01 | Mem:0.01M, Peak:0.01M | Scene, ViewLayer | Updating Particle Systems | Copying Particles to device
Fra:3 Mem:27.54M (Peak 72.55M) | Time:00:00.01 | Mem:0.01M, Peak:0.01M | Scene, ViewLayer | Updating Meshes
Fra:3 Mem:28.18M (Peak 72.55M) | Time:00:00.01 | Mem:0.01M, Peak:0.01M | Scene, ViewLayer | Updating Mesh | Computing attributes
Fra:3 Mem:29.16M (Peak 72.55M) | Time:00:00.01 | Mem:0.01M, Peak:0.01M | Scene, ViewLayer | Updating Mesh | Copying Attributes to device
Fra:3 Mem:29.15M (Peak 72.55M) | Time:00:00.01 | Mem:0.98M, Peak:0.98M | Scene, ViewLayer | Updating Scene BVH | Building
Fra:3 Mem:29.15M (Peak 72.55M) | Time:00:00.01 | Mem:0.98M, Peak:0.98M | Scene, ViewLayer | Updating Scene BVH | Building BVH
Fra:3 Mem:29.15M (Peak 72.55M) | Time:00:00.01 | Mem:2.27M, Peak:2.27M | Scene, ViewLayer | Updating Scene BVH | Building BVH 0%
Fra:3 Mem:29.15M (Peak 72.55M) | Time:00:00.02 | Mem:3.80M, Peak:5.09M | Scene, ViewLayer | Updating Scene BVH | Copying BVH to device
Fra:3 Mem:29.15M (Peak 72.55M) | Time:00:00.02 | Mem:3.80M, Peak:5.09M | Scene, ViewLayer | Updating Mesh | Computing normals
Fra:3 Mem:32.53M (Peak 72.55M) | Time:00:00.02 | Mem:3.80M, Peak:5.09M | Scene, ViewLayer | Updating Mesh | Copying Mesh to device
Fra:3 Mem:32.53M (Peak 72.55M) | Time:00:00.02 | Mem:7.18M, Peak:7.18M | Scene, ViewLayer | Updating Objects Flags
Fra:3 Mem:32.53M (Peak 72.55M) | Time:00:00.02 | Mem:7.18M, Peak:7.18M | Scene, ViewLayer | Updating Primitive Offsets
Fra:3 Mem:32.53M (Peak 72.55M) | Time:00:00.02 | Mem:7.18M, Peak:7.18M | Scene, ViewLayer | Updating Images
Fra:3 Mem:32.53M (Peak 72.55M) | Time:00:00.02 | Mem:7.18M, Peak:7.18M | Scene, ViewLayer | Updating Camera Volume
Fra:3 Mem:32.53M (Peak 72.55M) | Time:00:00.02 | Mem:7.18M, Peak:7.18M | Scene, ViewLayer | Updating Lookup Tables
Fra:3 Mem:32.53M (Peak 72.55M) | Time:00:00.02 | Mem:7.26M, Peak:7.26M | Scene, ViewLayer | Updating Lights
Fra:3 Mem:32.53M (Peak 72.55M) | Time:00:00.02 | Mem:7.26M, Peak:7.26M | Scene, ViewLayer | Updating Lights | Computing distribution
Fra:3 Mem:32.53M (Peak 72.55M) | Time:00:00.02 | Mem:7.26M, Peak:7.26M | Scene, ViewLayer | Updating Lights | Computing tree
Fra:3 Mem:32.53M (Peak 72.55M) | Time:00:00.02 | Mem:7.26M, Peak:7.26M | Scene, ViewLayer | Updating Integrator
Fra:3 Mem:33.53M (Peak 72.55M) | Time:00:00.02 | Mem:8.26M, Peak:8.26M | Scene, ViewLayer | Updating Film
Fra:3 Mem:33.53M (Peak 72.55M) | Time:00:00.02 | Mem:8.18M, Peak:8.26M | Scene, ViewLayer | Updating Lookup Tables
Fra:3 Mem:33.53M (Peak 72.55M) | Time:00:00.02 | Mem:8.26M, Peak:8.26M | Scene, ViewLayer | Updating Baking
Fra:3 Mem:33.53M (Peak 72.55M) | Time:00:00.02 | Mem:8.26M, Peak:8.26M | Scene, ViewLayer | Updating Device | Writing constant memory
Fra:3 Mem:33.53M (Peak 72.55M) | Time:00:00.02 | Mem:8.26M, Peak:8.26M | Scene, ViewLayer | Sample 0/32
Fra:3 Mem:52.55M (Peak 72.55M) | Time:00:00.11 | Remaining:00:02.86 | Mem:27.26M, Peak:27.26M | Scene, ViewLayer | Sample 1/32
Fra:3 Mem:60.55M (Peak 72.55M) | Time:00:05.11 | Mem:27.26M, Peak:27.26M | Scene, ViewLayer | Sample 32/32
Fra:3 Mem:60.55M (Peak 72.55M) | Time:00:05.11 | Mem:27.26M, Peak:27.26M | Scene, ViewLayer | Finished
Fra:3 Mem:30.90M (Peak 72.55M) | Time:00:05.11 | Compositing
Fra:3 Mem:30.90M (Peak 72.55M) | Time:00:05.11 | Compositing | Determining resolution
Fra:3 Mem:30.90M (Peak 72.55M) | Time:00:05.11 | Compositing | Initializing execution
Fra:3 Mem:30.90M (Peak 72.55M) | Time:00:05.11 | Compositing | De-initializing execution
Saved: '/vepfs_default/chanxueyan/lhp/lms/aDSL/temp/geometry_elephant_000_20260929/A/views/render_0003.png'
Time: 00:05.21 (Saving: 00:00.10)

Fra:4 Mem:25.52M (Peak 72.55M) | Time:00:00.08 | Mem:0.00M, Peak:0.00M | Scene, ViewLayer | Synchronizing object | geometry_0_sphere.009
Fra:4 Mem:25.52M (Peak 72.55M) | Time:00:00.08 | Mem:0.00M, Peak:0.00M | Scene, ViewLayer | Synchronizing object | geometry_0_sphere.001
Fra:4 Mem:26.04M (Peak 72.55M) | Time:00:00.08 | Mem:0.00M, Peak:0.00M | Scene, ViewLayer | Synchronizing object | geometry_0_sphere.007
Fra:4 Mem:26.11M (Peak 72.55M) | Time:00:00.08 | Mem:0.00M, Peak:0.00M | Scene, ViewLayer | Synchronizing object | geometry_0_sphere.033
Fra:4 Mem:26.42M (Peak 72.55M) | Time:00:00.08 | Mem:0.00M, Peak:0.00M | Scene, ViewLayer | Synchronizing object | geometry_0_sphere.012
Fra:4 Mem:26.49M (Peak 72.55M) | Time:00:00.08 | Mem:0.00M, Peak:0.00M | Scene, ViewLayer | Synchronizing object | geometry_0_sphere.030
Fra:4 Mem:26.51M (Peak 72.55M) | Time:00:00.08 | Mem:0.00M, Peak:0.00M | Scene, ViewLayer | Synchronizing object | geometry_0_sphere.011
Fra:4 Mem:26.95M (Peak 72.55M) | Time:00:00.08 | Mem:0.00M, Peak:0.00M | Scene, ViewLayer | Synchronizing object | geometry_0_sphere.013
Fra:4 Mem:27.13M (Peak 72.55M) | Time:00:00.08 | Mem:0.00M, Peak:0.00M | Scene, ViewLayer | Synchronizing object | geometry_0_cylinder.010
Fra:4 Mem:27.24M (Peak 72.55M) | Time:00:00.08 | Mem:0.00M, Peak:0.00M | Scene, ViewLayer | Synchronizing object | geometry_0_sphere.031
Fra:4 Mem:27.20M (Peak 72.55M) | Time:00:00.08 | Mem:0.00M, Peak:0.00M | Scene, ViewLayer | Synchronizing object | geometry_0_sphere.008
Fra:4 Mem:27.31M (Peak 72.55M) | Time:00:00.08 | Mem:0.00M, Peak:0.00M | Scene, ViewLayer | Synchronizing object | geometry_0_sphere.034
Fra:4 Mem:27.62M (Peak 72.55M) | Time:00:00.08 | Mem:0.00M, Peak:0.00M | Scene, ViewLayer | Synchronizing object | geometry_0_sphere.028
Fra:4 Mem:27.75M (Peak 72.55M) | Time:00:00.08 | Mem:0.00M, Peak:0.00M | Scene, ViewLayer | Synchronizing object | geometry_0_sphere.005
Fra:4 Mem:27.77M (Peak 72.55M) | Time:00:00.08 | Mem:0.00M, Peak:0.00M | Scene, ViewLayer | Synchronizing object | geometry_0_cylinder.001
Fra:4 Mem:27.90M (Peak 72.55M) | Time:00:00.08 | Mem:0.00M, Peak:0.00M | Scene, ViewLayer | Synchronizing object | geometry_0_sphere.004
Fra:4 Mem:27.92M (Peak 72.55M) | Time:00:00.08 | Mem:0.00M, Peak:0.00M | Scene, ViewLayer | Synchronizing object | geometry_0_sphere.003
Fra:4 Mem:28.02M (Peak 72.55M) | Time:00:00.08 | Mem:0.00M, Peak:0.00M | Scene, ViewLayer | Synchronizing object | geometry_0_cylinder.009
Fra:4 Mem:28.09M (Peak 72.55M) | Time:00:00.08 | Mem:0.00M, Peak:0.00M | Scene, ViewLayer | Synchronizing object | geometry_0_cylinder
Fra:4 Mem:28.07M (Peak 72.55M) | Time:00:00.08 | Mem:0.00M, Peak:0.00M | Scene, ViewLayer | Synchronizing object | geometry_0_sphere.002
Fra:4 Mem:28.15M (Peak 72.55M) | Time:00:00.08 | Mem:0.00M, Peak:0.00M | Scene, ViewLayer | Synchronizing object | geometry_0_sphere.006
Fra:4 Mem:28.42M (Peak 72.55M) | Time:00:00.08 | Mem:0.00M, Peak:0.00M | Scene, ViewLayer | Synchronizing object | geometry_0_sphere.032
Fra:4 Mem:28.44M (Peak 72.55M) | Time:00:00.08 | Mem:0.00M, Peak:0.00M | Scene, ViewLayer | Synchronizing object | geometry_0_sphere.026
Fra:4 Mem:28.74M (Peak 72.55M) | Time:00:00.08 | Mem:0.00M, Peak:0.00M | Scene, ViewLayer | Synchronizing object | geometry_0_cylinder.002
Fra:4 Mem:28.75M (Peak 72.55M) | Time:00:00.08 | Mem:0.00M, Peak:0.00M | Scene, ViewLayer | Synchronizing object | geometry_0_sphere.014
Fra:4 Mem:28.77M (Peak 72.55M) | Time:00:00.08 | Mem:0.00M, Peak:0.00M | Scene, ViewLayer | Synchronizing object | geometry_0_sphere.017
Fra:4 Mem:28.88M (Peak 72.55M) | Time:00:00.08 | Mem:0.00M, Peak:0.00M | Scene, ViewLayer | Synchronizing object | geometry_0_cylinder.008
Fra:4 Mem:28.94M (Peak 72.55M) | Time:00:00.08 | Mem:0.00M, Peak:0.00M | Scene, ViewLayer | Synchronizing object | geometry_0_cylinder.003
Fra:4 Mem:28.99M (Peak 72.55M) | Time:00:00.08 | Mem:0.00M, Peak:0.00M | Scene, ViewLayer | Synchronizing object | geometry_0_sphere.016
Fra:4 Mem:29.03M (Peak 72.55M) | Time:00:00.08 | Mem:0.00M, Peak:0.00M | Scene, ViewLayer | Synchronizing object | geometry_0_sphere.019
Fra:4 Mem:29.22M (Peak 72.55M) | Time:00:00.08 | Mem:0.00M, Peak:0.00M | Scene, ViewLayer | Synchronizing object | geometry_0_cylinder.004
Fra:4 Mem:29.29M (Peak 72.55M) | Time:00:00.08 | Mem:0.00M, Peak:0.00M | Scene, ViewLayer | Synchronizing object | geometry_0_sphere.018
Fra:4 Mem:29.42M (Peak 72.55M) | Time:00:00.08 | Mem:0.00M, Peak:0.00M | Scene, ViewLayer | Synchronizing object | geometry_0_sphere.021
Fra:4 Mem:29.39M (Peak 72.55M) | Time:00:00.08 | Mem:0.00M, Peak:0.00M | Scene, ViewLayer | Synchronizing object | geometry_0_cylinder.005
Fra:4 Mem:29.53M (Peak 72.55M) | Time:00:00.08 | Mem:0.00M, Peak:0.00M | Scene, ViewLayer | Synchronizing object | geometry_0_sphere.020
Fra:4 Mem:29.75M (Peak 72.55M) | Time:00:00.08 | Mem:0.00M, Peak:0.00M | Scene, ViewLayer | Synchronizing object | geometry_0_sphere.023
Fra:4 Mem:29.80M (Peak 72.55M) | Time:00:00.08 | Mem:0.00M, Peak:0.00M | Scene, ViewLayer | Synchronizing object | geometry_0_cylinder.006
Fra:4 Mem:29.81M (Peak 72.55M) | Time:00:00.08 | Mem:0.00M, Peak:0.00M | Scene, ViewLayer | Synchronizing object | geometry_0_sphere.022
Fra:4 Mem:29.92M (Peak 72.55M) | Time:00:00.08 | Mem:0.00M, Peak:0.00M | Scene, ViewLayer | Synchronizing object | geometry_0_cylinder.007
Fra:4 Mem:29.99M (Peak 72.55M) | Time:00:00.08 | Mem:0.00M, Peak:0.00M | Scene, ViewLayer | Synchronizing object | geometry_0_sphere.025
Fra:4 Mem:30.06M (Peak 72.55M) | Time:00:00.08 | Mem:0.00M, Peak:0.00M | Scene, ViewLayer | Initializing
Fra:4 Mem:27.45M (Peak 72.55M) | Time:00:00.08 | Mem:0.00M, Peak:0.00M | Scene, ViewLayer | Waiting for render to start
Fra:4 Mem:27.45M (Peak 72.55M) | Time:00:00.08 | Mem:0.00M, Peak:0.00M | Scene, ViewLayer | Loading render kernels (may take a few minutes the first time)
Fra:4 Mem:27.45M (Peak 72.55M) | Time:00:00.08 | Mem:0.00M, Peak:0.00M | Scene, ViewLayer | Updating Scene
Fra:4 Mem:27.45M (Peak 72.55M) | Time:00:00.08 | Mem:0.00M, Peak:0.00M | Scene, ViewLayer | Updating Shaders
Fra:4 Mem:27.53M (Peak 72.55M) | Time:00:00.08 | Mem:0.00M, Peak:0.00M | Scene, ViewLayer | Updating Procedurals
Fra:4 Mem:27.53M (Peak 72.55M) | Time:00:00.08 | Mem:0.00M, Peak:0.00M | Scene, ViewLayer | Updating Background
Fra:4 Mem:27.53M (Peak 72.55M) | Time:00:00.08 | Mem:0.00M, Peak:0.00M | Scene, ViewLayer | Updating Camera
Fra:4 Mem:27.53M (Peak 72.55M) | Time:00:00.08 | Mem:0.00M, Peak:0.00M | Scene, ViewLayer | Updating Meshes Flags
Fra:4 Mem:27.53M (Peak 72.55M) | Time:00:00.08 | Mem:0.00M, Peak:0.00M | Scene, ViewLayer | Updating Objects
Fra:4 Mem:27.53M (Peak 72.55M) | Time:00:00.08 | Mem:0.00M, Peak:0.00M | Scene, ViewLayer | Updating Objects | Copying Transformations to device
Fra:4 Mem:27.54M (Peak 72.55M) | Time:00:00.08 | Mem:0.01M, Peak:0.01M | Scene, ViewLayer | Updating Objects | Applying Static Transformations
Fra:4 Mem:27.54M (Peak 72.55M) | Time:00:00.08 | Mem:0.01M, Peak:0.01M | Scene, ViewLayer | Updating Particle Systems
Fra:4 Mem:27.54M (Peak 72.55M) | Time:00:00.08 | Mem:0.01M, Peak:0.01M | Scene, ViewLayer | Updating Particle Systems | Copying Particles to device
Fra:4 Mem:27.54M (Peak 72.55M) | Time:00:00.08 | Mem:0.01M, Peak:0.01M | Scene, ViewLayer | Updating Meshes
Fra:4 Mem:28.18M (Peak 72.55M) | Time:00:00.08 | Mem:0.01M, Peak:0.01M | Scene, ViewLayer | Updating Mesh | Computing attributes
Fra:4 Mem:29.16M (Peak 72.55M) | Time:00:00.08 | Mem:0.01M, Peak:0.01M | Scene, ViewLayer | Updating Mesh | Copying Attributes to device
Fra:4 Mem:29.15M (Peak 72.55M) | Time:00:00.08 | Mem:0.98M, Peak:0.98M | Scene, ViewLayer | Updating Scene BVH | Building
Fra:4 Mem:29.15M (Peak 72.55M) | Time:00:00.08 | Mem:0.98M, Peak:0.98M | Scene, ViewLayer | Updating Scene BVH | Building BVH
Fra:4 Mem:29.15M (Peak 72.55M) | Time:00:00.08 | Mem:2.27M, Peak:2.27M | Scene, ViewLayer | Updating Scene BVH | Building BVH 0%
Fra:4 Mem:29.15M (Peak 72.55M) | Time:00:00.09 | Mem:3.80M, Peak:5.09M | Scene, ViewLayer | Updating Scene BVH | Copying BVH to device
Fra:4 Mem:29.15M (Peak 72.55M) | Time:00:00.09 | Mem:3.80M, Peak:5.09M | Scene, ViewLayer | Updating Mesh | Computing normals
Fra:4 Mem:32.53M (Peak 72.55M) | Time:00:00.09 | Mem:3.80M, Peak:5.09M | Scene, ViewLayer | Updating Mesh | Copying Mesh to device
Fra:4 Mem:32.53M (Peak 72.55M) | Time:00:00.09 | Mem:7.18M, Peak:7.18M | Scene, ViewLayer | Updating Objects Flags
Fra:4 Mem:32.53M (Peak 72.55M) | Time:00:00.09 | Mem:7.18M, Peak:7.18M | Scene, ViewLayer | Updating Primitive Offsets
Fra:4 Mem:32.53M (Peak 72.55M) | Time:00:00.09 | Mem:7.18M, Peak:7.18M | Scene, ViewLayer | Updating Images
Fra:4 Mem:32.53M (Peak 72.55M) | Time:00:00.09 | Mem:7.18M, Peak:7.18M | Scene, ViewLayer | Updating Camera Volume
Fra:4 Mem:32.53M (Peak 72.55M) | Time:00:00.09 | Mem:7.18M, Peak:7.18M | Scene, ViewLayer | Updating Lookup Tables
Fra:4 Mem:32.53M (Peak 72.55M) | Time:00:00.09 | Mem:7.26M, Peak:7.26M | Scene, ViewLayer | Updating Lights
Fra:4 Mem:32.53M (Peak 72.55M) | Time:00:00.09 | Mem:7.26M, Peak:7.26M | Scene, ViewLayer | Updating Lights | Computing distribution
Fra:4 Mem:32.53M (Peak 72.55M) | Time:00:00.09 | Mem:7.26M, Peak:7.26M | Scene, ViewLayer | Updating Lights | Computing tree
Fra:4 Mem:32.53M (Peak 72.55M) | Time:00:00.09 | Mem:7.26M, Peak:7.26M | Scene, ViewLayer | Updating Integrator
Fra:4 Mem:33.53M (Peak 72.55M) | Time:00:00.09 | Mem:8.26M, Peak:8.26M | Scene, ViewLayer | Updating Film
Fra:4 Mem:33.53M (Peak 72.55M) | Time:00:00.09 | Mem:8.18M, Peak:8.26M | Scene, ViewLayer | Updating Lookup Tables
Fra:4 Mem:33.53M (Peak 72.55M) | Time:00:00.09 | Mem:8.26M, Peak:8.26M | Scene, ViewLayer | Updating Baking
Fra:4 Mem:33.53M (Peak 72.55M) | Time:00:00.09 | Mem:8.26M, Peak:8.26M | Scene, ViewLayer | Updating Device | Writing constant memory
Fra:4 Mem:33.53M (Peak 72.55M) | Time:00:00.09 | Mem:8.26M, Peak:8.26M | Scene, ViewLayer | Sample 0/32
Fra:4 Mem:52.55M (Peak 72.55M) | Time:00:00.19 | Remaining:00:03.03 | Mem:27.26M, Peak:27.26M | Scene, ViewLayer | Sample 1/32
Fra:4 Mem:60.55M (Peak 72.55M) | Time:00:04.49 | Mem:27.26M, Peak:27.26M | Scene, ViewLayer | Sample 32/32
Fra:4 Mem:60.55M (Peak 72.55M) | Time:00:04.49 | Mem:27.26M, Peak:27.26M | Scene, ViewLayer | Finished
Fra:4 Mem:30.90M (Peak 72.55M) | Time:00:04.49 | Compositing
Fra:4 Mem:30.90M (Peak 72.55M) | Time:00:04.49 | Compositing | Determining resolution
Fra:4 Mem:30.90M (Peak 72.55M) | Time:00:04.49 | Compositing | Initializing execution
Fra:4 Mem:30.90M (Peak 72.55M) | Time:00:04.49 | Compositing | De-initializing execution
Saved: '/vepfs_default/chanxueyan/lhp/lms/aDSL/temp/geometry_elephant_000_20260929/A/views/render_0004.png'
Time: 00:04.51 (Saving: 00:00.02)

Fra:5 Mem:25.52M (Peak 72.55M) | Time:00:00.00 | Mem:0.00M, Peak:0.00M | Scene, ViewLayer | Synchronizing object | geometry_0_sphere.009
Fra:5 Mem:25.63M (Peak 72.55M) | Time:00:00.00 | Mem:0.00M, Peak:0.00M | Scene, ViewLayer | Synchronizing object | geometry_0_sphere.001
Fra:5 Mem:26.03M (Peak 72.55M) | Time:00:00.00 | Mem:0.00M, Peak:0.00M | Scene, ViewLayer | Synchronizing object | geometry_0_sphere.007
Fra:5 Mem:26.06M (Peak 72.55M) | Time:00:00.00 | Mem:0.00M, Peak:0.00M | Scene, ViewLayer | Synchronizing object | geometry_0_sphere.030
Fra:5 Mem:26.21M (Peak 72.55M) | Time:00:00.00 | Mem:0.00M, Peak:0.00M | Scene, ViewLayer | Synchronizing object | geometry_0_sphere.033
Fra:5 Mem:26.52M (Peak 72.55M) | Time:00:00.00 | Mem:0.00M, Peak:0.00M | Scene, ViewLayer | Synchronizing object | geometry_0_cylinder.010
Fra:5 Mem:26.53M (Peak 72.55M) | Time:00:00.00 | Mem:0.00M, Peak:0.00M | Scene, ViewLayer | Synchronizing object | geometry_0_sphere.012
Fra:5 Mem:26.58M (Peak 72.55M) | Time:00:00.00 | Mem:0.00M, Peak:0.00M | Scene, ViewLayer | Synchronizing object | geometry_0_sphere.031
Fra:5 Mem:26.63M (Peak 72.55M) | Time:00:00.00 | Mem:0.00M, Peak:0.00M | Scene, ViewLayer | Synchronizing object | geometry_0_sphere.010
Fra:5 Mem:26.90M (Peak 72.55M) | Time:00:00.00 | Mem:0.00M, Peak:0.00M | Scene, ViewLayer | Synchronizing object | geometry_0_sphere.028
Fra:5 Mem:27.01M (Peak 72.55M) | Time:00:00.00 | Mem:0.00M, Peak:0.00M | Scene, ViewLayer | Synchronizing object | geometry_0_sphere.011
Fra:5 Mem:27.21M (Peak 72.55M) | Time:00:00.00 | Mem:0.00M, Peak:0.00M | Scene, ViewLayer | Synchronizing object | geometry_0_cylinder.009
Fra:5 Mem:27.15M (Peak 72.55M) | Time:00:00.00 | Mem:0.00M, Peak:0.00M | Scene, ViewLayer | Synchronizing object | geometry_0_sphere.013
Fra:5 Mem:27.27M (Peak 72.55M) | Time:00:00.00 | Mem:0.00M, Peak:0.00M | Scene, ViewLayer | Synchronizing object | geometry_0_sphere.029
Fra:5 Mem:27.34M (Peak 72.55M) | Time:00:00.00 | Mem:0.00M, Peak:0.00M | Scene, ViewLayer | Synchronizing object | geometry_0_sphere.008
Fra:5 Mem:27.64M (Peak 72.55M) | Time:00:00.00 | Mem:0.00M, Peak:0.00M | Scene, ViewLayer | Synchronizing object | geometry_0_sphere.026
Fra:5 Mem:27.72M (Peak 72.55M) | Time:00:00.00 | Mem:0.00M, Peak:0.00M | Scene, ViewLayer | Synchronizing object | geometry_0_sphere.034
Fra:5 Mem:28.00M (Peak 72.55M) | Time:00:00.00 | Mem:0.00M, Peak:0.00M | Scene, ViewLayer | Synchronizing object | geometry_0_cylinder.008
Fra:5 Mem:27.96M (Peak 72.55M) | Time:00:00.00 | Mem:0.00M, Peak:0.00M | Scene, ViewLayer | Synchronizing object | geometry_0_sphere.027
Fra:5 Mem:28.09M (Peak 72.55M) | Time:00:00.00 | Mem:0.00M, Peak:0.00M | Scene, ViewLayer | Synchronizing object | geometry_0_sphere.005
Fra:5 Mem:28.14M (Peak 72.55M) | Time:00:00.00 | Mem:0.00M, Peak:0.00M | Scene, ViewLayer | Synchronizing object | geometry_0_cylinder.001
Fra:5 Mem:28.18M (Peak 72.55M) | Time:00:00.00 | Mem:0.00M, Peak:0.00M | Scene, ViewLayer | Synchronizing object | geometry_0_sphere.024
Fra:5 Mem:28.26M (Peak 72.55M) | Time:00:00.00 | Mem:0.00M, Peak:0.00M | Scene, ViewLayer | Synchronizing object | geometry_0_sphere.004
Fra:5 Mem:28.39M (Peak 72.55M) | Time:00:00.00 | Mem:0.00M, Peak:0.00M | Scene, ViewLayer | Synchronizing object | geometry_0_sphere.003
Fra:5 Mem:28.44M (Peak 72.55M) | Time:00:00.00 | Mem:0.00M, Peak:0.00M | Scene, ViewLayer | Synchronizing object | geometry_0_cylinder.007
Fra:5 Mem:28.51M (Peak 72.55M) | Time:00:00.00 | Mem:0.00M, Peak:0.00M | Scene, ViewLayer | Synchronizing object | geometry_0_sphere.025
Fra:5 Mem:28.59M (Peak 72.55M) | Time:00:00.00 | Mem:0.00M, Peak:0.00M | Scene, ViewLayer | Synchronizing object | geometry_0_cylinder
Fra:5 Mem:28.69M (Peak 72.55M) | Time:00:00.00 | Mem:0.00M, Peak:0.00M | Scene, ViewLayer | Synchronizing object | geometry_0_sphere.002
Fra:5 Mem:28.63M (Peak 72.55M) | Time:00:00.00 | Mem:0.00M, Peak:0.00M | Scene, ViewLayer | Synchronizing object | geometry_0_sphere.022
Fra:5 Mem:28.95M (Peak 72.55M) | Time:00:00.00 | Mem:0.00M, Peak:0.00M | Scene, ViewLayer | Synchronizing object | geometry_0_sphere.032
Fra:5 Mem:29.02M (Peak 72.55M) | Time:00:00.00 | Mem:0.00M, Peak:0.00M | Scene, ViewLayer | Synchronizing object | geometry_0_cylinder.006
Fra:5 Mem:29.05M (Peak 72.55M) | Time:00:00.00 | Mem:0.00M, Peak:0.00M | Scene, ViewLayer | Synchronizing object | geometry_0_sphere.015
Fra:5 Mem:29.14M (Peak 72.55M) | Time:00:00.00 | Mem:0.00M, Peak:0.00M | Scene, ViewLayer | Synchronizing object | geometry_0_sphere.023
Fra:5 Mem:29.22M (Peak 72.55M) | Time:00:00.00 | Mem:0.00M, Peak:0.00M | Scene, ViewLayer | Synchronizing object | geometry_0_cylinder.002
Fra:5 Mem:29.32M (Peak 72.55M) | Time:00:00.00 | Mem:0.00M, Peak:0.00M | Scene, ViewLayer | Synchronizing object | geometry_0_sphere.014
Fra:5 Mem:29.39M (Peak 72.55M) | Time:00:00.00 | Mem:0.00M, Peak:0.00M | Scene, ViewLayer | Synchronizing object | geometry_0_sphere.020
Fra:5 Mem:29.47M (Peak 72.55M) | Time:00:00.00 | Mem:0.00M, Peak:0.00M | Scene, ViewLayer | Synchronizing object | geometry_0_sphere.017
Fra:5 Mem:29.61M (Peak 72.55M) | Time:00:00.00 | Mem:0.00M, Peak:0.00M | Scene, ViewLayer | Synchronizing object | geometry_0_cylinder.003
Fra:5 Mem:29.61M (Peak 72.55M) | Time:00:00.01 | Mem:0.00M, Peak:0.00M | Scene, ViewLayer | Synchronizing object | geometry_0_cylinder.005
Fra:5 Mem:29.63M (Peak 72.55M) | Time:00:00.01 | Mem:0.00M, Peak:0.00M | Scene, ViewLayer | Synchronizing object | geometry_0_sphere.016
Fra:5 Mem:29.70M (Peak 72.55M) | Time:00:00.01 | Mem:0.00M, Peak:0.00M | Scene, ViewLayer | Synchronizing object | geometry_0_sphere.021
Fra:5 Mem:29.78M (Peak 72.55M) | Time:00:00.01 | Mem:0.00M, Peak:0.00M | Scene, ViewLayer | Synchronizing object | geometry_0_sphere.019
Fra:5 Mem:29.95M (Peak 72.55M) | Time:00:00.01 | Mem:0.00M, Peak:0.00M | Scene, ViewLayer | Synchronizing object | geometry_0_cylinder.004
Fra:5 Mem:29.95M (Peak 72.55M) | Time:00:00.01 | Mem:0.00M, Peak:0.00M | Scene, ViewLayer | Synchronizing object | geometry_0_sphere.018
Fra:5 Mem:30.06M (Peak 72.55M) | Time:00:00.01 | Mem:0.00M, Peak:0.00M | Scene, ViewLayer | Initializing
Fra:5 Mem:27.45M (Peak 72.55M) | Time:00:00.05 | Mem:0.00M, Peak:0.00M | Scene, ViewLayer | Waiting for render to start
Fra:5 Mem:27.45M (Peak 72.55M) | Time:00:00.05 | Mem:0.00M, Peak:0.00M | Scene, ViewLayer | Loading render kernels (may take a few minutes the first time)
Fra:5 Mem:27.45M (Peak 72.55M) | Time:00:00.05 | Mem:0.00M, Peak:0.00M | Scene, ViewLayer | Updating Scene
Fra:5 Mem:27.45M (Peak 72.55M) | Time:00:00.05 | Mem:0.00M, Peak:0.00M | Scene, ViewLayer | Updating Shaders
Fra:5 Mem:27.53M (Peak 72.55M) | Time:00:00.05 | Mem:0.00M, Peak:0.00M | Scene, ViewLayer | Updating Procedurals
Fra:5 Mem:27.53M (Peak 72.55M) | Time:00:00.05 | Mem:0.00M, Peak:0.00M | Scene, ViewLayer | Updating Background
Fra:5 Mem:27.53M (Peak 72.55M) | Time:00:00.05 | Mem:0.00M, Peak:0.00M | Scene, ViewLayer | Updating Camera
Fra:5 Mem:27.53M (Peak 72.55M) | Time:00:00.05 | Mem:0.00M, Peak:0.00M | Scene, ViewLayer | Updating Meshes Flags
Fra:5 Mem:27.53M (Peak 72.55M) | Time:00:00.05 | Mem:0.00M, Peak:0.00M | Scene, ViewLayer | Updating Objects
Fra:5 Mem:27.53M (Peak 72.55M) | Time:00:00.05 | Mem:0.00M, Peak:0.00M | Scene, ViewLayer | Updating Objects | Copying Transformations to device
Fra:5 Mem:27.54M (Peak 72.55M) | Time:00:00.05 | Mem:0.01M, Peak:0.01M | Scene, ViewLayer | Updating Objects | Applying Static Transformations
Fra:5 Mem:27.54M (Peak 72.55M) | Time:00:00.05 | Mem:0.01M, Peak:0.01M | Scene, ViewLayer | Updating Particle Systems
Fra:5 Mem:27.54M (Peak 72.55M) | Time:00:00.05 | Mem:0.01M, Peak:0.01M | Scene, ViewLayer | Updating Particle Systems | Copying Particles to device
Fra:5 Mem:27.54M (Peak 72.55M) | Time:00:00.05 | Mem:0.01M, Peak:0.01M | Scene, ViewLayer | Updating Meshes
Fra:5 Mem:28.18M (Peak 72.55M) | Time:00:00.06 | Mem:0.01M, Peak:0.01M | Scene, ViewLayer | Updating Mesh | Computing attributes
Fra:5 Mem:29.16M (Peak 72.55M) | Time:00:00.06 | Mem:0.01M, Peak:0.01M | Scene, ViewLayer | Updating Mesh | Copying Attributes to device
Fra:5 Mem:29.15M (Peak 72.55M) | Time:00:00.06 | Mem:0.98M, Peak:0.98M | Scene, ViewLayer | Updating Scene BVH | Building
Fra:5 Mem:29.15M (Peak 72.55M) | Time:00:00.06 | Mem:0.98M, Peak:0.98M | Scene, ViewLayer | Updating Scene BVH | Building BVH
Fra:5 Mem:29.15M (Peak 72.55M) | Time:00:00.06 | Mem:2.27M, Peak:2.27M | Scene, ViewLayer | Updating Scene BVH | Building BVH 0%
Fra:5 Mem:29.15M (Peak 72.55M) | Time:00:00.06 | Mem:3.80M, Peak:5.09M | Scene, ViewLayer | Updating Scene BVH | Copying BVH to device
Fra:5 Mem:29.15M (Peak 72.55M) | Time:00:00.06 | Mem:3.80M, Peak:5.09M | Scene, ViewLayer | Updating Mesh | Computing normals
Fra:5 Mem:32.53M (Peak 72.55M) | Time:00:00.06 | Mem:3.80M, Peak:5.09M | Scene, ViewLayer | Updating Mesh | Copying Mesh to device
Fra:5 Mem:32.53M (Peak 72.55M) | Time:00:00.06 | Mem:7.18M, Peak:7.18M | Scene, ViewLayer | Updating Objects Flags
Fra:5 Mem:32.53M (Peak 72.55M) | Time:00:00.06 | Mem:7.18M, Peak:7.18M | Scene, ViewLayer | Updating Primitive Offsets
Fra:5 Mem:32.53M (Peak 72.55M) | Time:00:00.06 | Mem:7.18M, Peak:7.18M | Scene, ViewLayer | Updating Images
Fra:5 Mem:32.53M (Peak 72.55M) | Time:00:00.06 | Mem:7.18M, Peak:7.18M | Scene, ViewLayer | Updating Camera Volume
Fra:5 Mem:32.53M (Peak 72.55M) | Time:00:00.06 | Mem:7.18M, Peak:7.18M | Scene, ViewLayer | Updating Lookup Tables
Fra:5 Mem:32.53M (Peak 72.55M) | Time:00:00.06 | Mem:7.26M, Peak:7.26M | Scene, ViewLayer | Updating Lights
Fra:5 Mem:32.53M (Peak 72.55M) | Time:00:00.06 | Mem:7.26M, Peak:7.26M | Scene, ViewLayer | Updating Lights | Computing distribution
Fra:5 Mem:32.53M (Peak 72.55M) | Time:00:00.06 | Mem:7.26M, Peak:7.26M | Scene, ViewLayer | Updating Lights | Computing tree
Fra:5 Mem:32.53M (Peak 72.55M) | Time:00:00.06 | Mem:7.26M, Peak:7.26M | Scene, ViewLayer | Updating Integrator
Fra:5 Mem:33.53M (Peak 72.55M) | Time:00:00.06 | Mem:8.26M, Peak:8.26M | Scene, ViewLayer | Updating Film
Fra:5 Mem:33.53M (Peak 72.55M) | Time:00:00.06 | Mem:8.18M, Peak:8.26M | Scene, ViewLayer | Updating Lookup Tables
Fra:5 Mem:33.53M (Peak 72.55M) | Time:00:00.06 | Mem:8.26M, Peak:8.26M | Scene, ViewLayer | Updating Baking
Fra:5 Mem:33.53M (Peak 72.55M) | Time:00:00.06 | Mem:8.26M, Peak:8.26M | Scene, ViewLayer | Updating Device | Writing constant memory
Fra:5 Mem:33.53M (Peak 72.55M) | Time:00:00.06 | Mem:8.26M, Peak:8.26M | Scene, ViewLayer | Sample 0/32
Fra:5 Mem:52.55M (Peak 72.55M) | Time:00:00.09 | Remaining:00:00.78 | Mem:27.26M, Peak:27.26M | Scene, ViewLayer | Sample 1/32
Fra:5 Mem:60.55M (Peak 72.55M) | Time:00:03.16 | Mem:27.26M, Peak:27.26M | Scene, ViewLayer | Sample 32/32
Fra:5 Mem:60.55M (Peak 72.55M) | Time:00:03.16 | Mem:27.26M, Peak:27.26M | Scene, ViewLayer | Finished
Fra:5 Mem:30.90M (Peak 72.55M) | Time:00:03.16 | Compositing
Fra:5 Mem:30.90M (Peak 72.55M) | Time:00:03.16 | Compositing | Determining resolution
Fra:5 Mem:30.90M (Peak 72.55M) | Time:00:03.16 | Compositing | Initializing execution
Fra:5 Mem:30.90M (Peak 72.55M) | Time:00:03.16 | Compositing | De-initializing execution
Saved: '/vepfs_default/chanxueyan/lhp/lms/aDSL/temp/geometry_elephant_000_20260929/A/views/render_0005.png'
Time: 00:03.18 (Saving: 00:00.02)

Fra:6 Mem:25.52M (Peak 72.55M) | Time:00:00.00 | Mem:0.00M, Peak:0.00M | Scene, ViewLayer | Synchronizing object | geometry_0_sphere.009
Fra:6 Mem:25.71M (Peak 72.55M) | Time:00:00.00 | Mem:0.00M, Peak:0.00M | Scene, ViewLayer | Synchronizing object | geometry_0_sphere.001
Fra:6 Mem:25.92M (Peak 72.55M) | Time:00:00.00 | Mem:0.00M, Peak:0.00M | Scene, ViewLayer | Synchronizing object | geometry_0_sphere.007
Fra:6 Mem:26.11M (Peak 72.55M) | Time:00:00.00 | Mem:0.00M, Peak:0.00M | Scene, ViewLayer | Synchronizing object | geometry_0_sphere.030
Fra:6 Mem:26.30M (Peak 72.55M) | Time:00:00.00 | Mem:0.00M, Peak:0.00M | Scene, ViewLayer | Synchronizing object | geometry_0_sphere.033
Fra:6 Mem:26.36M (Peak 72.55M) | Time:00:00.00 | Mem:0.00M, Peak:0.00M | Scene, ViewLayer | Synchronizing object | geometry_0_cylinder.010
Fra:6 Mem:26.53M (Peak 72.55M) | Time:00:00.00 | Mem:0.00M, Peak:0.00M | Scene, ViewLayer | Synchronizing object | geometry_0_sphere.031
Fra:6 Mem:26.69M (Peak 72.55M) | Time:00:00.00 | Mem:0.00M, Peak:0.00M | Scene, ViewLayer | Synchronizing object | geometry_0_sphere.010
Fra:6 Mem:26.92M (Peak 72.55M) | Time:00:00.00 | Mem:0.00M, Peak:0.00M | Scene, ViewLayer | Synchronizing object | geometry_0_sphere.028
Fra:6 Mem:27.04M (Peak 72.55M) | Time:00:00.00 | Mem:0.00M, Peak:0.00M | Scene, ViewLayer | Synchronizing object | geometry_0_sphere.011
Fra:6 Mem:27.15M (Peak 72.55M) | Time:00:00.00 | Mem:0.00M, Peak:0.00M | Scene, ViewLayer | Synchronizing object | geometry_0_cylinder.009
Fra:6 Mem:27.13M (Peak 72.55M) | Time:00:00.00 | Mem:0.00M, Peak:0.00M | Scene, ViewLayer | Synchronizing object | geometry_0_sphere.013
Fra:6 Mem:27.24M (Peak 72.55M) | Time:00:00.00 | Mem:0.00M, Peak:0.00M | Scene, ViewLayer | Synchronizing object | geometry_0_sphere.029
Fra:6 Mem:27.48M (Peak 72.55M) | Time:00:00.00 | Mem:0.00M, Peak:0.00M | Scene, ViewLayer | Synchronizing object | geometry_0_sphere.008
Fra:6 Mem:27.59M (Peak 72.55M) | Time:00:00.00 | Mem:0.00M, Peak:0.00M | Scene, ViewLayer | Synchronizing object | geometry_0_sphere.026
Fra:6 Mem:27.64M (Peak 72.55M) | Time:00:00.00 | Mem:0.00M, Peak:0.00M | Scene, ViewLayer | Synchronizing object | geometry_0_sphere.034
Fra:6 Mem:27.95M (Peak 72.55M) | Time:00:00.00 | Mem:0.00M, Peak:0.00M | Scene, ViewLayer | Synchronizing object | geometry_0_cylinder.008
Fra:6 Mem:28.07M (Peak 72.55M) | Time:00:00.00 | Mem:0.00M, Peak:0.00M | Scene, ViewLayer | Synchronizing object | geometry_0_sphere.027
Fra:6 Mem:28.12M (Peak 72.55M) | Time:00:00.00 | Mem:0.00M, Peak:0.00M | Scene, ViewLayer | Synchronizing object | geometry_0_sphere.005
Fra:6 Mem:28.17M (Peak 72.55M) | Time:00:00.00 | Mem:0.00M, Peak:0.00M | Scene, ViewLayer | Synchronizing object | geometry_0_cylinder.001
Fra:6 Mem:28.21M (Peak 72.55M) | Time:00:00.00 | Mem:0.00M, Peak:0.00M | Scene, ViewLayer | Synchronizing object | geometry_0_sphere.024
Fra:6 Mem:28.21M (Peak 72.55M) | Time:00:00.00 | Mem:0.00M, Peak:0.00M | Scene, ViewLayer | Synchronizing object | geometry_0_sphere.004
Fra:6 Mem:28.36M (Peak 72.55M) | Time:00:00.00 | Mem:0.00M, Peak:0.00M | Scene, ViewLayer | Synchronizing object | geometry_0_sphere.003
Fra:6 Mem:28.50M (Peak 72.55M) | Time:00:00.00 | Mem:0.00M, Peak:0.00M | Scene, ViewLayer | Synchronizing object | geometry_0_cylinder.007
Fra:6 Mem:28.51M (Peak 72.55M) | Time:00:00.00 | Mem:0.00M, Peak:0.00M | Scene, ViewLayer | Synchronizing object | geometry_0_cylinder
Fra:6 Mem:28.52M (Peak 72.55M) | Time:00:00.00 | Mem:0.00M, Peak:0.00M | Scene, ViewLayer | Synchronizing object | geometry_0_sphere.025
Fra:6 Mem:28.63M (Peak 72.55M) | Time:00:00.00 | Mem:0.00M, Peak:0.00M | Scene, ViewLayer | Synchronizing object | geometry_0_sphere.002
Fra:6 Mem:28.70M (Peak 72.55M) | Time:00:00.00 | Mem:0.00M, Peak:0.00M | Scene, ViewLayer | Synchronizing object | geometry_0_sphere.006
Fra:6 Mem:28.76M (Peak 72.55M) | Time:00:00.00 | Mem:0.00M, Peak:0.00M | Scene, ViewLayer | Synchronizing object | geometry_0_sphere.022
Fra:6 Mem:28.86M (Peak 72.55M) | Time:00:00.00 | Mem:0.00M, Peak:0.00M | Scene, ViewLayer | Synchronizing object | geometry_0_sphere.032
Fra:6 Mem:29.11M (Peak 72.55M) | Time:00:00.00 | Mem:0.00M, Peak:0.00M | Scene, ViewLayer | Synchronizing object | geometry_0_cylinder.006
Fra:6 Mem:29.09M (Peak 72.55M) | Time:00:00.00 | Mem:0.00M, Peak:0.00M | Scene, ViewLayer | Synchronizing object | geometry_0_sphere.015
Fra:6 Mem:29.14M (Peak 72.55M) | Time:00:00.00 | Mem:0.00M, Peak:0.00M | Scene, ViewLayer | Synchronizing object | geometry_0_sphere.023
Fra:6 Mem:29.29M (Peak 72.55M) | Time:00:00.00 | Mem:0.00M, Peak:0.00M | Scene, ViewLayer | Synchronizing object | geometry_0_sphere.017
Fra:6 Mem:29.44M (Peak 72.55M) | Time:00:00.00 | Mem:0.00M, Peak:0.00M | Scene, ViewLayer | Synchronizing object | geometry_0_sphere.020
Fra:6 Mem:29.64M (Peak 72.55M) | Time:00:00.00 | Mem:0.00M, Peak:0.00M | Scene, ViewLayer | Synchronizing object | geometry_0_cylinder.003
Fra:6 Mem:29.62M (Peak 72.55M) | Time:00:00.00 | Mem:0.00M, Peak:0.00M | Scene, ViewLayer | Synchronizing object | geometry_0_sphere.016
Fra:6 Mem:29.66M (Peak 72.55M) | Time:00:00.00 | Mem:0.00M, Peak:0.00M | Scene, ViewLayer | Synchronizing object | geometry_0_cylinder.005
Fra:6 Mem:29.81M (Peak 72.55M) | Time:00:00.00 | Mem:0.00M, Peak:0.00M | Scene, ViewLayer | Synchronizing object | geometry_0_sphere.021
Fra:6 Mem:29.98M (Peak 72.55M) | Time:00:00.00 | Mem:0.00M, Peak:0.00M | Scene, ViewLayer | Synchronizing object | geometry_0_cylinder.004
Fra:6 Mem:29.99M (Peak 72.55M) | Time:00:00.00 | Mem:0.00M, Peak:0.00M | Scene, ViewLayer | Synchronizing object | geometry_0_sphere.018
Fra:6 Mem:30.06M (Peak 72.55M) | Time:00:00.00 | Mem:0.00M, Peak:0.00M | Scene, ViewLayer | Initializing
Fra:6 Mem:27.45M (Peak 72.55M) | Time:00:00.01 | Mem:0.00M, Peak:0.00M | Scene, ViewLayer | Waiting for render to start
Fra:6 Mem:27.45M (Peak 72.55M) | Time:00:00.01 | Mem:0.00M, Peak:0.00M | Scene, ViewLayer | Loading render kernels (may take a few minutes the first time)
Fra:6 Mem:27.45M (Peak 72.55M) | Time:00:00.01 | Mem:0.00M, Peak:0.00M | Scene, ViewLayer | Updating Scene
Fra:6 Mem:27.45M (Peak 72.55M) | Time:00:00.01 | Mem:0.00M, Peak:0.00M | Scene, ViewLayer | Updating Shaders
Fra:6 Mem:27.53M (Peak 72.55M) | Time:00:00.01 | Mem:0.00M, Peak:0.00M | Scene, ViewLayer | Updating Procedurals
Fra:6 Mem:27.53M (Peak 72.55M) | Time:00:00.01 | Mem:0.00M, Peak:0.00M | Scene, ViewLayer | Updating Background
Fra:6 Mem:27.53M (Peak 72.55M) | Time:00:00.01 | Mem:0.00M, Peak:0.00M | Scene, ViewLayer | Updating Camera
Fra:6 Mem:27.53M (Peak 72.55M) | Time:00:00.01 | Mem:0.00M, Peak:0.00M | Scene, ViewLayer | Updating Meshes Flags
Fra:6 Mem:27.53M (Peak 72.55M) | Time:00:00.01 | Mem:0.00M, Peak:0.00M | Scene, ViewLayer | Updating Objects
Fra:6 Mem:27.53M (Peak 72.55M) | Time:00:00.01 | Mem:0.00M, Peak:0.00M | Scene, ViewLayer | Updating Objects | Copying Transformations to device
Fra:6 Mem:27.54M (Peak 72.55M) | Time:00:00.01 | Mem:0.01M, Peak:0.01M | Scene, ViewLayer | Updating Objects | Applying Static Transformations
Fra:6 Mem:27.54M (Peak 72.55M) | Time:00:00.01 | Mem:0.01M, Peak:0.01M | Scene, ViewLayer | Updating Particle Systems
Fra:6 Mem:27.54M (Peak 72.55M) | Time:00:00.01 | Mem:0.01M, Peak:0.01M | Scene, ViewLayer | Updating Particle Systems | Copying Particles to device
Fra:6 Mem:27.54M (Peak 72.55M) | Time:00:00.01 | Mem:0.01M, Peak:0.01M | Scene, ViewLayer | Updating Meshes
Fra:6 Mem:28.18M (Peak 72.55M) | Time:00:00.01 | Mem:0.01M, Peak:0.01M | Scene, ViewLayer | Updating Mesh | Computing attributes
Fra:6 Mem:29.16M (Peak 72.55M) | Time:00:00.01 | Mem:0.01M, Peak:0.01M | Scene, ViewLayer | Updating Mesh | Copying Attributes to device
Fra:6 Mem:29.15M (Peak 72.55M) | Time:00:00.01 | Mem:0.98M, Peak:0.98M | Scene, ViewLayer | Updating Scene BVH | Building
Fra:6 Mem:29.15M (Peak 72.55M) | Time:00:00.01 | Mem:0.98M, Peak:0.98M | Scene, ViewLayer | Updating Scene BVH | Building BVH
Fra:6 Mem:29.15M (Peak 72.55M) | Time:00:00.01 | Mem:2.27M, Peak:2.27M | Scene, ViewLayer | Updating Scene BVH | Building BVH 0%
Fra:6 Mem:29.15M (Peak 72.55M) | Time:00:00.07 | Mem:3.80M, Peak:5.09M | Scene, ViewLayer | Updating Scene BVH | Copying BVH to device
Fra:6 Mem:29.15M (Peak 72.55M) | Time:00:00.07 | Mem:3.80M, Peak:5.09M | Scene, ViewLayer | Updating Mesh | Computing normals
Fra:6 Mem:32.53M (Peak 72.55M) | Time:00:00.07 | Mem:3.80M, Peak:5.09M | Scene, ViewLayer | Updating Mesh | Copying Mesh to device
Fra:6 Mem:32.53M (Peak 72.55M) | Time:00:00.07 | Mem:7.18M, Peak:7.18M | Scene, ViewLayer | Updating Objects Flags
Fra:6 Mem:32.53M (Peak 72.55M) | Time:00:00.07 | Mem:7.18M, Peak:7.18M | Scene, ViewLayer | Updating Primitive Offsets
Fra:6 Mem:32.53M (Peak 72.55M) | Time:00:00.07 | Mem:7.18M, Peak:7.18M | Scene, ViewLayer | Updating Images
Fra:6 Mem:32.53M (Peak 72.55M) | Time:00:00.07 | Mem:7.18M, Peak:7.18M | Scene, ViewLayer | Updating Camera Volume
Fra:6 Mem:32.53M (Peak 72.55M) | Time:00:00.07 | Mem:7.18M, Peak:7.18M | Scene, ViewLayer | Updating Lookup Tables
Fra:6 Mem:32.53M (Peak 72.55M) | Time:00:00.07 | Mem:7.26M, Peak:7.26M | Scene, ViewLayer | Updating Lights
Fra:6 Mem:32.53M (Peak 72.55M) | Time:00:00.07 | Mem:7.26M, Peak:7.26M | Scene, ViewLayer | Updating Lights | Computing distribution
Fra:6 Mem:32.53M (Peak 72.55M) | Time:00:00.07 | Mem:7.26M, Peak:7.26M | Scene, ViewLayer | Updating Lights | Computing tree
Fra:6 Mem:32.53M (Peak 72.55M) | Time:00:00.07 | Mem:7.26M, Peak:7.26M | Scene, ViewLayer | Updating Integrator
Fra:6 Mem:33.53M (Peak 72.55M) | Time:00:00.07 | Mem:8.26M, Peak:8.26M | Scene, ViewLayer | Updating Film
Fra:6 Mem:33.53M (Peak 72.55M) | Time:00:00.07 | Mem:8.18M, Peak:8.26M | Scene, ViewLayer | Updating Lookup Tables
Fra:6 Mem:33.53M (Peak 72.55M) | Time:00:00.07 | Mem:8.26M, Peak:8.26M | Scene, ViewLayer | Updating Baking
Fra:6 Mem:33.53M (Peak 72.55M) | Time:00:00.07 | Mem:8.26M, Peak:8.26M | Scene, ViewLayer | Updating Device | Writing constant memory
Fra:6 Mem:33.53M (Peak 72.55M) | Time:00:00.07 | Mem:8.26M, Peak:8.26M | Scene, ViewLayer | Sample 0/32
Fra:6 Mem:52.55M (Peak 72.55M) | Time:00:00.09 | Remaining:00:00.74 | Mem:27.26M, Peak:27.26M | Scene, ViewLayer | Sample 1/32
Fra:6 Mem:60.55M (Peak 72.55M) | Time:00:03.56 | Mem:27.26M, Peak:27.26M | Scene, ViewLayer | Sample 32/32
Fra:6 Mem:60.55M (Peak 72.55M) | Time:00:03.56 | Mem:27.26M, Peak:27.26M | Scene, ViewLayer | Finished
Fra:6 Mem:30.90M (Peak 72.55M) | Time:00:03.57 | Compositing
Fra:6 Mem:30.90M (Peak 72.55M) | Time:00:03.57 | Compositing | Determining resolution
Fra:6 Mem:30.90M (Peak 72.55M) | Time:00:03.57 | Compositing | Initializing execution
Fra:6 Mem:30.90M (Peak 72.55M) | Time:00:03.57 | Compositing | De-initializing execution
Saved: '/vepfs_default/chanxueyan/lhp/lms/aDSL/temp/geometry_elephant_000_20260929/A/views/render_0006.png'
Time: 00:03.59 (Saving: 00:00.02)

Fra:7 Mem:25.52M (Peak 72.55M) | Time:00:00.00 | Mem:0.00M, Peak:0.00M | Scene, ViewLayer | Synchronizing object | geometry_0_sphere.009
Fra:7 Mem:25.52M (Peak 72.55M) | Time:00:00.00 | Mem:0.00M, Peak:0.00M | Scene, ViewLayer | Synchronizing object | geometry_0_sphere.001
Fra:7 Mem:25.97M (Peak 72.55M) | Time:00:00.00 | Mem:0.00M, Peak:0.00M | Scene, ViewLayer | Synchronizing object | geometry_0_sphere.007
Fra:7 Mem:26.06M (Peak 72.55M) | Time:00:00.00 | Mem:0.00M, Peak:0.00M | Scene, ViewLayer | Synchronizing object | geometry_0_sphere.033
Fra:7 Mem:26.31M (Peak 72.55M) | Time:00:00.00 | Mem:0.00M, Peak:0.00M | Scene, ViewLayer | Synchronizing object | geometry_0_sphere.030
Fra:7 Mem:26.52M (Peak 72.55M) | Time:00:00.00 | Mem:0.00M, Peak:0.00M | Scene, ViewLayer | Synchronizing object | geometry_0_sphere.012
Fra:7 Mem:26.58M (Peak 72.55M) | Time:00:00.00 | Mem:0.00M, Peak:0.00M | Scene, ViewLayer | Synchronizing object | geometry_0_sphere.010
Fra:7 Mem:26.68M (Peak 72.55M) | Time:00:00.00 | Mem:0.00M, Peak:0.00M | Scene, ViewLayer | Synchronizing object | geometry_0_cylinder.010
Fra:7 Mem:26.79M (Peak 72.55M) | Time:00:00.00 | Mem:0.00M, Peak:0.00M | Scene, ViewLayer | Synchronizing object | geometry_0_sphere.031
Fra:7 Mem:26.90M (Peak 72.55M) | Time:00:00.00 | Mem:0.00M, Peak:0.00M | Scene, ViewLayer | Synchronizing object | geometry_0_sphere.011
Fra:7 Mem:27.11M (Peak 72.55M) | Time:00:00.00 | Mem:0.00M, Peak:0.00M | Scene, ViewLayer | Synchronizing object | geometry_0_sphere.028
Fra:7 Mem:27.12M (Peak 72.55M) | Time:00:00.00 | Mem:0.00M, Peak:0.00M | Scene, ViewLayer | Synchronizing object | geometry_0_sphere.013
Fra:7 Mem:27.23M (Peak 72.55M) | Time:00:00.00 | Mem:0.00M, Peak:0.00M | Scene, ViewLayer | Synchronizing object | geometry_0_sphere.008
Fra:7 Mem:27.47M (Peak 72.55M) | Time:00:00.00 | Mem:0.00M, Peak:0.00M | Scene, ViewLayer | Synchronizing object | geometry_0_cylinder.009
Fra:7 Mem:27.59M (Peak 72.55M) | Time:00:00.00 | Mem:0.00M, Peak:0.00M | Scene, ViewLayer | Synchronizing object | geometry_0_sphere.029
Fra:7 Mem:27.67M (Peak 72.55M) | Time:00:00.00 | Mem:0.00M, Peak:0.00M | Scene, ViewLayer | Synchronizing object | geometry_0_sphere.034
Fra:7 Mem:27.79M (Peak 72.55M) | Time:00:00.00 | Mem:0.00M, Peak:0.00M | Scene, ViewLayer | Synchronizing object | geometry_0_sphere.005
Fra:7 Mem:27.92M (Peak 72.55M) | Time:00:00.00 | Mem:0.00M, Peak:0.00M | Scene, ViewLayer | Synchronizing object | geometry_0_sphere.026
Fra:7 Mem:28.11M (Peak 72.55M) | Time:00:00.00 | Mem:0.00M, Peak:0.00M | Scene, ViewLayer | Synchronizing object | geometry_0_cylinder.001
Fra:7 Mem:28.09M (Peak 72.55M) | Time:00:00.00 | Mem:0.00M, Peak:0.00M | Scene, ViewLayer | Synchronizing object | geometry_0_sphere.004
Fra:7 Mem:28.14M (Peak 72.55M) | Time:00:00.00 | Mem:0.00M, Peak:0.00M | Scene, ViewLayer | Synchronizing object | geometry_0_cylinder.008
Fra:7 Mem:28.29M (Peak 72.55M) | Time:00:00.00 | Mem:0.00M, Peak:0.00M | Scene, ViewLayer | Synchronizing object | geometry_0_sphere.027
Fra:7 Mem:28.39M (Peak 72.55M) | Time:00:00.00 | Mem:0.00M, Peak:0.00M | Scene, ViewLayer | Synchronizing object | geometry_0_cylinder
Fra:7 Mem:28.40M (Peak 72.55M) | Time:00:00.00 | Mem:0.00M, Peak:0.00M | Scene, ViewLayer | Synchronizing object | geometry_0_sphere.002
Fra:7 Mem:28.48M (Peak 72.55M) | Time:00:00.00 | Mem:0.00M, Peak:0.00M | Scene, ViewLayer | Synchronizing object | geometry_0_sphere.006
Fra:7 Mem:28.48M (Peak 72.55M) | Time:00:00.00 | Mem:0.00M, Peak:0.00M | Scene, ViewLayer | Synchronizing object | geometry_0_sphere.024
Fra:7 Mem:28.75M (Peak 72.55M) | Time:00:00.00 | Mem:0.00M, Peak:0.00M | Scene, ViewLayer | Synchronizing object | geometry_0_sphere.032
Fra:7 Mem:28.80M (Peak 72.55M) | Time:00:00.00 | Mem:0.00M, Peak:0.00M | Scene, ViewLayer | Synchronizing object | geometry_0_sphere.015
Fra:7 Mem:28.85M (Peak 72.55M) | Time:00:00.00 | Mem:0.00M, Peak:0.00M | Scene, ViewLayer | Synchronizing object | geometry_0_cylinder.007
Fra:7 Mem:28.95M (Peak 72.55M) | Time:00:00.00 | Mem:0.00M, Peak:0.00M | Scene, ViewLayer | Synchronizing object | geometry_0_sphere.025
Fra:7 Mem:29.08M (Peak 72.55M) | Time:00:00.00 | Mem:0.00M, Peak:0.00M | Scene, ViewLayer | Synchronizing object | geometry_0_cylinder.002
Fra:7 Mem:29.09M (Peak 72.55M) | Time:00:00.00 | Mem:0.00M, Peak:0.00M | Scene, ViewLayer | Synchronizing object | geometry_0_sphere.014
Fra:7 Mem:29.11M (Peak 72.55M) | Time:00:00.00 | Mem:0.00M, Peak:0.00M | Scene, ViewLayer | Synchronizing object | geometry_0_sphere.022
Fra:7 Mem:29.44M (Peak 72.55M) | Time:00:00.00 | Mem:0.00M, Peak:0.00M | Scene, ViewLayer | Synchronizing object | geometry_0_cylinder.003
Fra:7 Mem:29.39M (Peak 72.55M) | Time:00:00.00 | Mem:0.00M, Peak:0.00M | Scene, ViewLayer | Synchronizing object | geometry_0_sphere.016
Fra:7 Mem:29.40M (Peak 72.55M) | Time:00:00.00 | Mem:0.00M, Peak:0.00M | Scene, ViewLayer | Synchronizing object | geometry_0_sphere.019
Fra:7 Mem:29.45M (Peak 72.55M) | Time:00:00.00 | Mem:0.00M, Peak:0.00M | Scene, ViewLayer | Synchronizing object | geometry_0_sphere.023
Fra:7 Mem:29.78M (Peak 72.55M) | Time:00:00.00 | Mem:0.00M, Peak:0.00M | Scene, ViewLayer | Synchronizing object | geometry_0_cylinder.004
Fra:7 Mem:29.73M (Peak 72.55M) | Time:00:00.00 | Mem:0.00M, Peak:0.00M | Scene, ViewLayer | Synchronizing object | geometry_0_sphere.018
Fra:7 Mem:29.78M (Peak 72.55M) | Time:00:00.00 | Mem:0.00M, Peak:0.00M | Scene, ViewLayer | Synchronizing object | geometry_0_sphere.021
Fra:7 Mem:30.08M (Peak 72.55M) | Time:00:00.00 | Mem:0.00M, Peak:0.00M | Scene, ViewLayer | Synchronizing object | geometry_0_cylinder.005
Fra:7 Mem:30.06M (Peak 72.55M) | Time:00:00.00 | Mem:0.00M, Peak:0.00M | Scene, ViewLayer | Initializing
Fra:7 Mem:27.45M (Peak 72.55M) | Time:00:00.00 | Mem:0.00M, Peak:0.00M | Scene, ViewLayer | Waiting for render to start
Fra:7 Mem:27.45M (Peak 72.55M) | Time:00:00.00 | Mem:0.00M, Peak:0.00M | Scene, ViewLayer | Loading render kernels (may take a few minutes the first time)
Fra:7 Mem:27.45M (Peak 72.55M) | Time:00:00.00 | Mem:0.00M, Peak:0.00M | Scene, ViewLayer | Updating Scene
Fra:7 Mem:27.45M (Peak 72.55M) | Time:00:00.00 | Mem:0.00M, Peak:0.00M | Scene, ViewLayer | Updating Shaders
Fra:7 Mem:27.53M (Peak 72.55M) | Time:00:00.00 | Mem:0.00M, Peak:0.00M | Scene, ViewLayer | Updating Procedurals
Fra:7 Mem:27.53M (Peak 72.55M) | Time:00:00.00 | Mem:0.00M, Peak:0.00M | Scene, ViewLayer | Updating Background
Fra:7 Mem:27.53M (Peak 72.55M) | Time:00:00.00 | Mem:0.00M, Peak:0.00M | Scene, ViewLayer | Updating Camera
Fra:7 Mem:27.53M (Peak 72.55M) | Time:00:00.00 | Mem:0.00M, Peak:0.00M | Scene, ViewLayer | Updating Meshes Flags
Fra:7 Mem:27.53M (Peak 72.55M) | Time:00:00.00 | Mem:0.00M, Peak:0.00M | Scene, ViewLayer | Updating Objects
Fra:7 Mem:27.53M (Peak 72.55M) | Time:00:00.00 | Mem:0.00M, Peak:0.00M | Scene, ViewLayer | Updating Objects | Copying Transformations to device
Fra:7 Mem:27.54M (Peak 72.55M) | Time:00:00.00 | Mem:0.01M, Peak:0.01M | Scene, ViewLayer | Updating Objects | Applying Static Transformations
Fra:7 Mem:27.54M (Peak 72.55M) | Time:00:00.00 | Mem:0.01M, Peak:0.01M | Scene, ViewLayer | Updating Particle Systems
Fra:7 Mem:27.54M (Peak 72.55M) | Time:00:00.00 | Mem:0.01M, Peak:0.01M | Scene, ViewLayer | Updating Particle Systems | Copying Particles to device
Fra:7 Mem:27.54M (Peak 72.55M) | Time:00:00.00 | Mem:0.01M, Peak:0.01M | Scene, ViewLayer | Updating Meshes
Fra:7 Mem:28.18M (Peak 72.55M) | Time:00:00.00 | Mem:0.01M, Peak:0.01M | Scene, ViewLayer | Updating Mesh | Computing attributes
Fra:7 Mem:29.16M (Peak 72.55M) | Time:00:00.00 | Mem:0.01M, Peak:0.01M | Scene, ViewLayer | Updating Mesh | Copying Attributes to device
Fra:7 Mem:29.15M (Peak 72.55M) | Time:00:00.00 | Mem:0.98M, Peak:0.98M | Scene, ViewLayer | Updating Scene BVH | Building
Fra:7 Mem:29.15M (Peak 72.55M) | Time:00:00.00 | Mem:0.98M, Peak:0.98M | Scene, ViewLayer | Updating Scene BVH | Building BVH
Fra:7 Mem:29.15M (Peak 72.55M) | Time:00:00.00 | Mem:2.27M, Peak:2.27M | Scene, ViewLayer | Updating Scene BVH | Building BVH 0%
Fra:7 Mem:29.15M (Peak 72.55M) | Time:00:00.01 | Mem:3.80M, Peak:5.09M | Scene, ViewLayer | Updating Scene BVH | Copying BVH to device
Fra:7 Mem:29.15M (Peak 72.55M) | Time:00:00.01 | Mem:3.80M, Peak:5.09M | Scene, ViewLayer | Updating Mesh | Computing normals
Fra:7 Mem:32.53M (Peak 72.55M) | Time:00:00.01 | Mem:3.80M, Peak:5.09M | Scene, ViewLayer | Updating Mesh | Copying Mesh to device
Fra:7 Mem:32.53M (Peak 72.55M) | Time:00:00.01 | Mem:7.18M, Peak:7.18M | Scene, ViewLayer | Updating Objects Flags
Fra:7 Mem:32.53M (Peak 72.55M) | Time:00:00.01 | Mem:7.18M, Peak:7.18M | Scene, ViewLayer | Updating Primitive Offsets
Fra:7 Mem:32.53M (Peak 72.55M) | Time:00:00.01 | Mem:7.18M, Peak:7.18M | Scene, ViewLayer | Updating Images
Fra:7 Mem:32.53M (Peak 72.55M) | Time:00:00.01 | Mem:7.18M, Peak:7.18M | Scene, ViewLayer | Updating Camera Volume
Fra:7 Mem:32.53M (Peak 72.55M) | Time:00:00.01 | Mem:7.18M, Peak:7.18M | Scene, ViewLayer | Updating Lookup Tables
Fra:7 Mem:32.53M (Peak 72.55M) | Time:00:00.01 | Mem:7.26M, Peak:7.26M | Scene, ViewLayer | Updating Lights
Fra:7 Mem:32.53M (Peak 72.55M) | Time:00:00.01 | Mem:7.26M, Peak:7.26M | Scene, ViewLayer | Updating Lights | Computing distribution
Fra:7 Mem:32.53M (Peak 72.55M) | Time:00:00.01 | Mem:7.26M, Peak:7.26M | Scene, ViewLayer | Updating Lights | Computing tree
Fra:7 Mem:32.53M (Peak 72.55M) | Time:00:00.01 | Mem:7.26M, Peak:7.26M | Scene, ViewLayer | Updating Integrator
Fra:7 Mem:33.53M (Peak 72.55M) | Time:00:00.01 | Mem:8.26M, Peak:8.26M | Scene, ViewLayer | Updating Film
Fra:7 Mem:33.53M (Peak 72.55M) | Time:00:00.01 | Mem:8.18M, Peak:8.26M | Scene, ViewLayer | Updating Lookup Tables
Fra:7 Mem:33.53M (Peak 72.55M) | Time:00:00.01 | Mem:8.26M, Peak:8.26M | Scene, ViewLayer | Updating Baking
Fra:7 Mem:33.53M (Peak 72.55M) | Time:00:00.01 | Mem:8.26M, Peak:8.26M | Scene, ViewLayer | Updating Device | Writing constant memory
Fra:7 Mem:33.53M (Peak 72.55M) | Time:00:00.01 | Mem:8.26M, Peak:8.26M | Scene, ViewLayer | Sample 0/32
Fra:7 Mem:52.55M (Peak 72.55M) | Time:00:00.09 | Remaining:00:02.33 | Mem:27.26M, Peak:27.26M | Scene, ViewLayer | Sample 1/32
Fra:7 Mem:60.55M (Peak 72.55M) | Time:00:03.10 | Mem:27.26M, Peak:27.26M | Scene, ViewLayer | Sample 32/32
Fra:7 Mem:60.55M (Peak 72.55M) | Time:00:03.10 | Mem:27.26M, Peak:27.26M | Scene, ViewLayer | Finished
Fra:7 Mem:30.90M (Peak 72.55M) | Time:00:03.10 | Compositing
Fra:7 Mem:30.90M (Peak 72.55M) | Time:00:03.10 | Compositing | Determining resolution
Fra:7 Mem:30.90M (Peak 72.55M) | Time:00:03.10 | Compositing | Initializing execution
Fra:7 Mem:30.90M (Peak 72.55M) | Time:00:03.10 | Compositing | De-initializing execution
Saved: '/vepfs_default/chanxueyan/lhp/lms/aDSL/temp/geometry_elephant_000_20260929/A/views/render_0007.png'
Time: 00:03.12 (Saving: 00:00.02)

Fra:8 Mem:25.52M (Peak 72.55M) | Time:00:00.04 | Mem:0.00M, Peak:0.00M | Scene, ViewLayer | Synchronizing object | geometry_0_sphere.009
Fra:8 Mem:25.52M (Peak 72.55M) | Time:00:00.04 | Mem:0.00M, Peak:0.00M | Scene, ViewLayer | Synchronizing object | geometry_0_sphere.001
Fra:8 Mem:26.05M (Peak 72.55M) | Time:00:00.04 | Mem:0.00M, Peak:0.00M | Scene, ViewLayer | Synchronizing object | geometry_0_sphere.007
Fra:8 Mem:26.11M (Peak 72.55M) | Time:00:00.04 | Mem:0.00M, Peak:0.00M | Scene, ViewLayer | Synchronizing object | geometry_0_sphere.033
Fra:8 Mem:26.36M (Peak 72.55M) | Time:00:00.04 | Mem:0.00M, Peak:0.00M | Scene, ViewLayer | Synchronizing object | geometry_0_sphere.030
Fra:8 Mem:26.36M (Peak 72.55M) | Time:00:00.04 | Mem:0.00M, Peak:0.00M | Scene, ViewLayer | Synchronizing object | geometry_0_sphere.012
Fra:8 Mem:26.64M (Peak 72.55M) | Time:00:00.04 | Mem:0.00M, Peak:0.00M | Scene, ViewLayer | Synchronizing object | geometry_0_sphere.010
Fra:8 Mem:26.68M (Peak 72.55M) | Time:00:00.04 | Mem:0.00M, Peak:0.00M | Scene, ViewLayer | Synchronizing object | geometry_0_cylinder.010
Fra:8 Mem:26.87M (Peak 72.55M) | Time:00:00.04 | Mem:0.00M, Peak:0.00M | Scene, ViewLayer | Synchronizing object | geometry_0_sphere.031
Fra:8 Mem:27.04M (Peak 72.55M) | Time:00:00.04 | Mem:0.00M, Peak:0.00M | Scene, ViewLayer | Synchronizing object | geometry_0_sphere.013
Fra:8 Mem:27.24M (Peak 72.55M) | Time:00:00.04 | Mem:0.00M, Peak:0.00M | Scene, ViewLayer | Synchronizing object | geometry_0_sphere.028
Fra:8 Mem:27.42M (Peak 72.55M) | Time:00:00.04 | Mem:0.00M, Peak:0.00M | Scene, ViewLayer | Synchronizing object | geometry_0_sphere.008
Fra:8 Mem:27.36M (Peak 72.55M) | Time:00:00.04 | Mem:0.00M, Peak:0.00M | Scene, ViewLayer | Synchronizing object | geometry_0_sphere.034
Fra:8 Mem:27.56M (Peak 72.55M) | Time:00:00.04 | Mem:0.00M, Peak:0.00M | Scene, ViewLayer | Synchronizing object | geometry_0_cylinder.009
Fra:8 Mem:27.73M (Peak 72.55M) | Time:00:00.04 | Mem:0.00M, Peak:0.00M | Scene, ViewLayer | Synchronizing object | geometry_0_sphere.029
Fra:8 Mem:27.89M (Peak 72.55M) | Time:00:00.04 | Mem:0.00M, Peak:0.00M | Scene, ViewLayer | Synchronizing object | geometry_0_sphere.005
Fra:8 Mem:27.97M (Peak 72.55M) | Time:00:00.04 | Mem:0.00M, Peak:0.00M | Scene, ViewLayer | Synchronizing object | geometry_0_sphere.026
Fra:8 Mem:27.99M (Peak 72.55M) | Time:00:00.04 | Mem:0.00M, Peak:0.00M | Scene, ViewLayer | Synchronizing object | geometry_0_cylinder.001
Fra:8 Mem:28.09M (Peak 72.55M) | Time:00:00.04 | Mem:0.00M, Peak:0.00M | Scene, ViewLayer | Synchronizing object | geometry_0_sphere.004
Fra:8 Mem:28.17M (Peak 72.55M) | Time:00:00.04 | Mem:0.00M, Peak:0.00M | Scene, ViewLayer | Synchronizing object | geometry_0_sphere.003
Fra:8 Mem:28.22M (Peak 72.55M) | Time:00:00.04 | Mem:0.00M, Peak:0.00M | Scene, ViewLayer | Synchronizing object | geometry_0_cylinder.008
Fra:8 Mem:28.29M (Peak 72.55M) | Time:00:00.04 | Mem:0.00M, Peak:0.00M | Scene, ViewLayer | Synchronizing object | geometry_0_sphere.027
Fra:8 Mem:28.36M (Peak 72.55M) | Time:00:00.04 | Mem:0.00M, Peak:0.00M | Scene, ViewLayer | Synchronizing object | geometry_0_cylinder
Fra:8 Mem:28.43M (Peak 72.55M) | Time:00:00.04 | Mem:0.00M, Peak:0.00M | Scene, ViewLayer | Synchronizing object | geometry_0_sphere.002
Fra:8 Mem:28.51M (Peak 72.55M) | Time:00:00.04 | Mem:0.00M, Peak:0.00M | Scene, ViewLayer | Synchronizing object | geometry_0_sphere.006
Fra:8 Mem:28.59M (Peak 72.55M) | Time:00:00.04 | Mem:0.00M, Peak:0.00M | Scene, ViewLayer | Synchronizing object | geometry_0_sphere.024
Fra:8 Mem:28.66M (Peak 72.55M) | Time:00:00.04 | Mem:0.00M, Peak:0.00M | Scene, ViewLayer | Synchronizing object | geometry_0_sphere.032
Fra:8 Mem:28.89M (Peak 72.55M) | Time:00:00.04 | Mem:0.00M, Peak:0.00M | Scene, ViewLayer | Synchronizing object | geometry_0_cylinder.007
Fra:8 Mem:28.84M (Peak 72.55M) | Time:00:00.04 | Mem:0.00M, Peak:0.00M | Scene, ViewLayer | Synchronizing object | geometry_0_cylinder.002
Fra:8 Mem:28.85M (Peak 72.55M) | Time:00:00.04 | Mem:0.00M, Peak:0.00M | Scene, ViewLayer | Synchronizing object | geometry_0_sphere.025
Fra:8 Mem:28.90M (Peak 72.55M) | Time:00:00.04 | Mem:0.00M, Peak:0.00M | Scene, ViewLayer | Synchronizing object | geometry_0_sphere.014
Fra:8 Mem:29.23M (Peak 72.55M) | Time:00:00.04 | Mem:0.00M, Peak:0.00M | Scene, ViewLayer | Synchronizing object | geometry_0_sphere.017
Fra:8 Mem:29.22M (Peak 72.55M) | Time:00:00.04 | Mem:0.00M, Peak:0.00M | Scene, ViewLayer | Synchronizing object | geometry_0_cylinder.003
Fra:8 Mem:29.39M (Peak 72.55M) | Time:00:00.04 | Mem:0.00M, Peak:0.00M | Scene, ViewLayer | Synchronizing object | geometry_0_sphere.016
Fra:8 Mem:29.53M (Peak 72.55M) | Time:00:00.04 | Mem:0.00M, Peak:0.00M | Scene, ViewLayer | Synchronizing object | geometry_0_cylinder.006
Fra:8 Mem:29.54M (Peak 72.55M) | Time:00:00.04 | Mem:0.00M, Peak:0.00M | Scene, ViewLayer | Synchronizing object | geometry_0_sphere.019
Fra:8 Mem:29.56M (Peak 72.55M) | Time:00:00.04 | Mem:0.00M, Peak:0.00M | Scene, ViewLayer | Synchronizing object | geometry_0_cylinder.004
Fra:8 Mem:29.70M (Peak 72.55M) | Time:00:00.04 | Mem:0.00M, Peak:0.00M | Scene, ViewLayer | Synchronizing object | geometry_0_sphere.018
Fra:8 Mem:29.87M (Peak 72.55M) | Time:00:00.04 | Mem:0.00M, Peak:0.00M | Scene, ViewLayer | Synchronizing object | geometry_0_sphere.020
Fra:8 Mem:29.92M (Peak 72.55M) | Time:00:00.04 | Mem:0.00M, Peak:0.00M | Scene, ViewLayer | Synchronizing object | geometry_0_sphere.021
Fra:8 Mem:29.92M (Peak 72.55M) | Time:00:00.04 | Mem:0.00M, Peak:0.00M | Scene, ViewLayer | Synchronizing object | geometry_0_cylinder.005
Fra:8 Mem:30.06M (Peak 72.55M) | Time:00:00.04 | Mem:0.00M, Peak:0.00M | Scene, ViewLayer | Initializing
Fra:8 Mem:27.45M (Peak 72.55M) | Time:00:00.05 | Mem:0.00M, Peak:0.00M | Scene, ViewLayer | Waiting for render to start
Fra:8 Mem:27.45M (Peak 72.55M) | Time:00:00.05 | Mem:0.00M, Peak:0.00M | Scene, ViewLayer | Loading render kernels (may take a few minutes the first time)
Fra:8 Mem:27.45M (Peak 72.55M) | Time:00:00.05 | Mem:0.00M, Peak:0.00M | Scene, ViewLayer | Updating Scene
Fra:8 Mem:27.45M (Peak 72.55M) | Time:00:00.05 | Mem:0.00M, Peak:0.00M | Scene, ViewLayer | Updating Shaders
Fra:8 Mem:27.53M (Peak 72.55M) | Time:00:00.05 | Mem:0.00M, Peak:0.00M | Scene, ViewLayer | Updating Procedurals
Fra:8 Mem:27.53M (Peak 72.55M) | Time:00:00.05 | Mem:0.00M, Peak:0.00M | Scene, ViewLayer | Updating Background
Fra:8 Mem:27.53M (Peak 72.55M) | Time:00:00.05 | Mem:0.00M, Peak:0.00M | Scene, ViewLayer | Updating Camera
Fra:8 Mem:27.53M (Peak 72.55M) | Time:00:00.05 | Mem:0.00M, Peak:0.00M | Scene, ViewLayer | Updating Meshes Flags
Fra:8 Mem:27.53M (Peak 72.55M) | Time:00:00.05 | Mem:0.00M, Peak:0.00M | Scene, ViewLayer | Updating Objects
Fra:8 Mem:27.53M (Peak 72.55M) | Time:00:00.05 | Mem:0.00M, Peak:0.00M | Scene, ViewLayer | Updating Objects | Copying Transformations to device
Fra:8 Mem:27.54M (Peak 72.55M) | Time:00:00.05 | Mem:0.01M, Peak:0.01M | Scene, ViewLayer | Updating Objects | Applying Static Transformations
Fra:8 Mem:27.54M (Peak 72.55M) | Time:00:00.05 | Mem:0.01M, Peak:0.01M | Scene, ViewLayer | Updating Particle Systems
Fra:8 Mem:27.54M (Peak 72.55M) | Time:00:00.05 | Mem:0.01M, Peak:0.01M | Scene, ViewLayer | Updating Particle Systems | Copying Particles to device
Fra:8 Mem:27.54M (Peak 72.55M) | Time:00:00.05 | Mem:0.01M, Peak:0.01M | Scene, ViewLayer | Updating Meshes
Fra:8 Mem:28.18M (Peak 72.55M) | Time:00:00.05 | Mem:0.01M, Peak:0.01M | Scene, ViewLayer | Updating Mesh | Computing attributes
Fra:8 Mem:29.16M (Peak 72.55M) | Time:00:00.05 | Mem:0.01M, Peak:0.01M | Scene, ViewLayer | Updating Mesh | Copying Attributes to device
Fra:8 Mem:29.15M (Peak 72.55M) | Time:00:00.05 | Mem:0.98M, Peak:0.98M | Scene, ViewLayer | Updating Scene BVH | Building
Fra:8 Mem:29.15M (Peak 72.55M) | Time:00:00.05 | Mem:0.98M, Peak:0.98M | Scene, ViewLayer | Updating Scene BVH | Building BVH
Fra:8 Mem:29.15M (Peak 72.55M) | Time:00:00.05 | Mem:2.27M, Peak:2.27M | Scene, ViewLayer | Updating Scene BVH | Building BVH 0%
Fra:8 Mem:29.15M (Peak 72.55M) | Time:00:00.05 | Mem:3.80M, Peak:5.09M | Scene, ViewLayer | Updating Scene BVH | Copying BVH to device
Fra:8 Mem:29.15M (Peak 72.55M) | Time:00:00.05 | Mem:3.80M, Peak:5.09M | Scene, ViewLayer | Updating Mesh | Computing normals
Fra:8 Mem:32.53M (Peak 72.55M) | Time:00:00.05 | Mem:3.80M, Peak:5.09M | Scene, ViewLayer | Updating Mesh | Copying Mesh to device
Fra:8 Mem:32.53M (Peak 72.55M) | Time:00:00.05 | Mem:7.18M, Peak:7.18M | Scene, ViewLayer | Updating Objects Flags
Fra:8 Mem:32.53M (Peak 72.55M) | Time:00:00.05 | Mem:7.18M, Peak:7.18M | Scene, ViewLayer | Updating Primitive Offsets
Fra:8 Mem:32.53M (Peak 72.55M) | Time:00:00.05 | Mem:7.18M, Peak:7.18M | Scene, ViewLayer | Updating Images
Fra:8 Mem:32.53M (Peak 72.55M) | Time:00:00.05 | Mem:7.18M, Peak:7.18M | Scene, ViewLayer | Updating Camera Volume
Fra:8 Mem:32.53M (Peak 72.55M) | Time:00:00.05 | Mem:7.18M, Peak:7.18M | Scene, ViewLayer | Updating Lookup Tables
Fra:8 Mem:32.53M (Peak 72.55M) | Time:00:00.05 | Mem:7.26M, Peak:7.26M | Scene, ViewLayer | Updating Lights
Fra:8 Mem:32.53M (Peak 72.55M) | Time:00:00.05 | Mem:7.26M, Peak:7.26M | Scene, ViewLayer | Updating Lights | Computing distribution
Fra:8 Mem:32.53M (Peak 72.55M) | Time:00:00.05 | Mem:7.26M, Peak:7.26M | Scene, ViewLayer | Updating Lights | Computing tree
Fra:8 Mem:32.53M (Peak 72.55M) | Time:00:00.05 | Mem:7.26M, Peak:7.26M | Scene, ViewLayer | Updating Integrator
Fra:8 Mem:33.53M (Peak 72.55M) | Time:00:00.05 | Mem:8.26M, Peak:8.26M | Scene, ViewLayer | Updating Film
Fra:8 Mem:33.53M (Peak 72.55M) | Time:00:00.05 | Mem:8.18M, Peak:8.26M | Scene, ViewLayer | Updating Lookup Tables
Fra:8 Mem:33.53M (Peak 72.55M) | Time:00:00.05 | Mem:8.26M, Peak:8.26M | Scene, ViewLayer | Updating Baking
Fra:8 Mem:33.53M (Peak 72.55M) | Time:00:00.05 | Mem:8.26M, Peak:8.26M | Scene, ViewLayer | Updating Device | Writing constant memory
Fra:8 Mem:33.53M (Peak 72.55M) | Time:00:00.05 | Mem:8.26M, Peak:8.26M | Scene, ViewLayer | Sample 0/32
Fra:8 Mem:52.55M (Peak 72.55M) | Time:00:00.08 | Remaining:00:00.69 | Mem:27.26M, Peak:27.26M | Scene, ViewLayer | Sample 1/32
Fra:8 Mem:60.55M (Peak 72.55M) | Time:00:02.59 | Mem:27.26M, Peak:27.26M | Scene, ViewLayer | Sample 32/32
Fra:8 Mem:60.55M (Peak 72.55M) | Time:00:02.59 | Mem:27.26M, Peak:27.26M | Scene, ViewLayer | Finished
Fra:8 Mem:30.90M (Peak 72.55M) | Time:00:02.59 | Compositing
Fra:8 Mem:30.90M (Peak 72.55M) | Time:00:02.59 | Compositing | Determining resolution
Fra:8 Mem:30.90M (Peak 72.55M) | Time:00:02.59 | Compositing | Initializing execution
Fra:8 Mem:30.90M (Peak 72.55M) | Time:00:02.59 | Compositing | De-initializing execution
Saved: '/vepfs_default/chanxueyan/lhp/lms/aDSL/temp/geometry_elephant_000_20260929/A/views/render_0008.png'
Time: 00:02.66 (Saving: 00:00.06)

