Warning: Falling back to the standard locale ("C")
Fra:1 Mem:18.23M (Peak 18.23M) | Time:00:00.00 | Mem:0.00M, Peak:0.00M | Scene, ViewLayer | Synchronizing object | geometry_0_hull.002
Fra:1 Mem:18.25M (Peak 18.25M) | Time:00:00.00 | Mem:0.00M, Peak:0.00M | Scene, ViewLayer | Synchronizing object | geometry_0_cube.002
Fra:1 Mem:18.42M (Peak 18.42M) | Time:00:00.00 | Mem:0.00M, Peak:0.00M | Scene, ViewLayer | Synchronizing object | geometry_0_hull.001
Fra:1 Mem:18.54M (Peak 18.54M) | Time:00:00.00 | Mem:0.00M, Peak:0.00M | Scene, ViewLayer | Synchronizing object | geometry_0_cube.003
Fra:1 Mem:18.57M (Peak 18.57M) | Time:00:00.00 | Mem:0.00M, Peak:0.00M | Scene, ViewLayer | Synchronizing object | geometry_0_hull.003
Fra:1 Mem:18.62M (Peak 18.62M) | Time:00:00.00 | Mem:0.00M, Peak:0.00M | Scene, ViewLayer | Synchronizing object | geometry_0_sphere.001
Fra:1 Mem:18.96M (Peak 18.96M) | Time:00:00.00 | Mem:0.00M, Peak:0.00M | Scene, ViewLayer | Synchronizing object | geometry_0_sphere.002
Fra:1 Mem:19.05M (Peak 19.05M) | Time:00:00.00 | Mem:0.00M, Peak:0.00M | Scene, ViewLayer | Synchronizing object | geometry_0_hull
Fra:1 Mem:19.14M (Peak 19.14M) | Time:00:00.00 | Mem:0.00M, Peak:0.00M | Scene, ViewLayer | Synchronizing object | geometry_0_sphere.003
Fra:1 Mem:19.22M (Peak 19.22M) | Time:00:00.00 | Mem:0.00M, Peak:0.00M | Scene, ViewLayer | Synchronizing object | geometry_0_sphere.004
Fra:1 Mem:19.45M (Peak 19.45M) | Time:00:00.00 | Mem:0.00M, Peak:0.00M | Scene, ViewLayer | Synchronizing object | geometry_0_hull.004
Fra:1 Mem:19.53M (Peak 19.53M) | Time:00:00.00 | Mem:0.00M, Peak:0.00M | Scene, ViewLayer | Synchronizing object | geometry_0_sphere.005
Fra:1 Mem:19.60M (Peak 19.60M) | Time:00:00.00 | Mem:0.00M, Peak:0.00M | Scene, ViewLayer | Synchronizing object | geometry_0_sphere.006
Fra:1 Mem:19.87M (Peak 19.87M) | Time:00:00.00 | Mem:0.00M, Peak:0.00M | Scene, ViewLayer | Synchronizing object | geometry_0_sphere.007
Fra:1 Mem:19.88M (Peak 19.88M) | Time:00:00.00 | Mem:0.00M, Peak:0.00M | Scene, ViewLayer | Synchronizing object | geometry_0_cube.005
Fra:1 Mem:19.93M (Peak 19.93M) | Time:00:00.00 | Mem:0.00M, Peak:0.00M | Scene, ViewLayer | Synchronizing object | geometry_0_sphere.008
Fra:1 Mem:19.94M (Peak 19.94M) | Time:00:00.00 | Mem:0.00M, Peak:0.00M | Scene, ViewLayer | Synchronizing object | geometry_0_cube.004
Fra:1 Mem:20.04M (Peak 20.04M) | Time:00:00.00 | Mem:0.00M, Peak:0.00M | Scene, ViewLayer | Synchronizing object | geometry_0_cube
Fra:1 Mem:20.04M (Peak 20.04M) | Time:00:00.00 | Mem:0.00M, Peak:0.00M | Scene, ViewLayer | Synchronizing object | geometry_0_cube.001
Fra:1 Mem:20.11M (Peak 20.11M) | Time:00:00.00 | Mem:0.00M, Peak:0.00M | Scene, ViewLayer | Synchronizing object | geometry_0_sphere
Fra:1 Mem:20.17M (Peak 20.17M) | Time:00:00.00 | Mem:0.00M, Peak:0.00M | Scene, ViewLayer | Synchronizing object | geometry_0_sphere.009
Fra:1 Mem:20.29M (Peak 20.29M) | Time:00:00.00 | Mem:0.00M, Peak:0.00M | Scene, ViewLayer | Synchronizing object | geometry_0_sphere.010
Fra:1 Mem:20.41M (Peak 20.41M) | Time:00:00.00 | Mem:0.00M, Peak:0.00M | Scene, ViewLayer | Synchronizing object | geometry_0_sphere.014
Fra:1 Mem:20.53M (Peak 20.53M) | Time:00:00.00 | Mem:0.00M, Peak:0.00M | Scene, ViewLayer | Synchronizing object | geometry_0_sphere.011
Fra:1 Mem:20.69M (Peak 20.69M) | Time:00:00.00 | Mem:0.00M, Peak:0.00M | Scene, ViewLayer | Synchronizing object | geometry_0_sphere.012
Fra:1 Mem:20.74M (Peak 20.74M) | Time:00:00.00 | Mem:0.00M, Peak:0.00M | Scene, ViewLayer | Synchronizing object | geometry_0_sphere.013
Fra:1 Mem:20.93M (Peak 20.93M) | Time:00:00.00 | Mem:0.00M, Peak:0.00M | Scene, ViewLayer | Initializing
Fra:1 Mem:19.21M (Peak 20.93M) | Time:00:00.00 | Mem:0.00M, Peak:0.00M | Scene, ViewLayer | Waiting for render to start
Fra:1 Mem:19.21M (Peak 20.93M) | Time:00:00.00 | Mem:0.00M, Peak:0.00M | Scene, ViewLayer | Loading render kernels (may take a few minutes the first time)
Fra:1 Mem:19.21M (Peak 20.93M) | Time:00:00.00 | Mem:0.00M, Peak:0.00M | Scene, ViewLayer | Updating Scene
Fra:1 Mem:19.21M (Peak 20.93M) | Time:00:00.00 | Mem:0.00M, Peak:0.00M | Scene, ViewLayer | Updating Shaders
Fra:1 Mem:19.29M (Peak 20.93M) | Time:00:00.00 | Mem:0.00M, Peak:0.00M | Scene, ViewLayer | Updating Procedurals
Fra:1 Mem:19.29M (Peak 20.93M) | Time:00:00.00 | Mem:0.00M, Peak:0.00M | Scene, ViewLayer | Updating Background
Fra:1 Mem:19.29M (Peak 20.93M) | Time:00:00.00 | Mem:0.00M, Peak:0.00M | Scene, ViewLayer | Updating Camera
Fra:1 Mem:19.29M (Peak 20.93M) | Time:00:00.00 | Mem:0.00M, Peak:0.00M | Scene, ViewLayer | Updating Meshes Flags
Fra:1 Mem:19.29M (Peak 20.93M) | Time:00:00.00 | Mem:0.00M, Peak:0.00M | Scene, ViewLayer | Updating Objects
Fra:1 Mem:19.29M (Peak 20.93M) | Time:00:00.00 | Mem:0.00M, Peak:0.00M | Scene, ViewLayer | Updating Objects | Copying Transformations to device
Fra:1 Mem:19.30M (Peak 20.93M) | Time:00:00.00 | Mem:0.01M, Peak:0.01M | Scene, ViewLayer | Updating Objects | Applying Static Transformations
Fra:1 Mem:19.30M (Peak 20.93M) | Time:00:00.00 | Mem:0.01M, Peak:0.01M | Scene, ViewLayer | Updating Particle Systems
Fra:1 Mem:19.30M (Peak 20.93M) | Time:00:00.00 | Mem:0.01M, Peak:0.01M | Scene, ViewLayer | Updating Particle Systems | Copying Particles to device
Fra:1 Mem:19.30M (Peak 20.93M) | Time:00:00.00 | Mem:0.01M, Peak:0.01M | Scene, ViewLayer | Updating Meshes
Fra:1 Mem:19.62M (Peak 20.93M) | Time:00:00.00 | Mem:0.01M, Peak:0.01M | Scene, ViewLayer | Updating Mesh | Computing attributes
Fra:1 Mem:20.14M (Peak 20.93M) | Time:00:00.00 | Mem:0.01M, Peak:0.01M | Scene, ViewLayer | Updating Mesh | Copying Attributes to device
Fra:1 Mem:20.13M (Peak 20.93M) | Time:00:00.00 | Mem:0.52M, Peak:0.52M | Scene, ViewLayer | Updating Scene BVH | Building
Fra:1 Mem:20.13M (Peak 20.93M) | Time:00:00.00 | Mem:0.52M, Peak:0.52M | Scene, ViewLayer | Updating Scene BVH | Building BVH
Fra:1 Mem:20.13M (Peak 20.93M) | Time:00:00.00 | Mem:1.16M, Peak:1.16M | Scene, ViewLayer | Updating Scene BVH | Building BVH 0%
Fra:1 Mem:20.13M (Peak 20.93M) | Time:00:00.00 | Mem:1.93M, Peak:2.58M | Scene, ViewLayer | Updating Scene BVH | Copying BVH to device
Fra:1 Mem:20.13M (Peak 20.93M) | Time:00:00.00 | Mem:1.93M, Peak:2.58M | Scene, ViewLayer | Updating Mesh | Computing normals
Fra:1 Mem:21.89M (Peak 21.89M) | Time:00:00.01 | Mem:1.93M, Peak:2.58M | Scene, ViewLayer | Updating Mesh | Copying Mesh to device
Fra:1 Mem:21.89M (Peak 21.89M) | Time:00:00.01 | Mem:3.69M, Peak:3.69M | Scene, ViewLayer | Updating Objects Flags
Fra:1 Mem:21.89M (Peak 21.89M) | Time:00:00.01 | Mem:3.69M, Peak:3.69M | Scene, ViewLayer | Updating Primitive Offsets
Fra:1 Mem:21.89M (Peak 21.89M) | Time:00:00.01 | Mem:3.69M, Peak:3.69M | Scene, ViewLayer | Updating Images
Fra:1 Mem:21.89M (Peak 21.89M) | Time:00:00.01 | Mem:3.69M, Peak:3.69M | Scene, ViewLayer | Updating Camera Volume
Fra:1 Mem:21.89M (Peak 21.89M) | Time:00:00.01 | Mem:3.69M, Peak:3.69M | Scene, ViewLayer | Updating Lookup Tables
Fra:1 Mem:21.89M (Peak 21.89M) | Time:00:00.01 | Mem:3.77M, Peak:3.77M | Scene, ViewLayer | Updating Lights
Fra:1 Mem:21.89M (Peak 21.89M) | Time:00:00.01 | Mem:3.77M, Peak:3.77M | Scene, ViewLayer | Updating Lights | Computing distribution
Fra:1 Mem:21.89M (Peak 21.89M) | Time:00:00.01 | Mem:3.77M, Peak:3.77M | Scene, ViewLayer | Updating Lights | Computing tree
Fra:1 Mem:21.89M (Peak 21.89M) | Time:00:00.01 | Mem:3.77M, Peak:3.77M | Scene, ViewLayer | Updating Integrator
Fra:1 Mem:22.89M (Peak 22.89M) | Time:00:00.01 | Mem:4.77M, Peak:4.77M | Scene, ViewLayer | Updating Film
Fra:1 Mem:22.89M (Peak 22.89M) | Time:00:00.01 | Mem:4.69M, Peak:4.77M | Scene, ViewLayer | Updating Lookup Tables
Fra:1 Mem:22.89M (Peak 22.89M) | Time:00:00.01 | Mem:4.78M, Peak:4.78M | Scene, ViewLayer | Updating Baking
Fra:1 Mem:22.89M (Peak 22.89M) | Time:00:00.01 | Mem:4.78M, Peak:4.78M | Scene, ViewLayer | Updating Device | Writing constant memory
Fra:1 Mem:22.89M (Peak 22.89M) | Time:00:00.01 | Mem:4.78M, Peak:4.78M | Scene, ViewLayer | Sample 0/32
Fra:1 Mem:41.91M (Peak 41.91M) | Time:00:00.06 | Remaining:00:01.82 | Mem:23.78M, Peak:23.78M | Scene, ViewLayer | Sample 1/32
Fra:1 Mem:49.91M (Peak 61.91M) | Time:00:03.09 | Mem:23.78M, Peak:23.78M | Scene, ViewLayer | Sample 32/32
Fra:1 Mem:49.91M (Peak 61.91M) | Time:00:03.09 | Mem:23.78M, Peak:23.78M | Scene, ViewLayer | Finished
Fra:1 Mem:24.84M (Peak 61.91M) | Time:00:03.09 | Compositing
Fra:1 Mem:24.84M (Peak 61.91M) | Time:00:03.09 | Compositing | Determining resolution
Fra:1 Mem:24.84M (Peak 61.91M) | Time:00:03.09 | Compositing | Initializing execution
Fra:1 Mem:24.84M (Peak 61.91M) | Time:00:03.09 | Compositing | De-initializing execution
Saved: '/vepfs_default/chanxueyan/lhp/lms/aDSL/temp/geometry_expression_20260929/B/SF06/views/render_0001.png'
Time: 00:03.14 (Saving: 00:00.05)

Fra:2 Mem:18.56M (Peak 61.91M) | Time:00:00.00 | Mem:0.00M, Peak:0.00M | Scene, ViewLayer | Synchronizing object | geometry_0_hull.002
Fra:2 Mem:18.56M (Peak 61.91M) | Time:00:00.00 | Mem:0.00M, Peak:0.00M | Scene, ViewLayer | Synchronizing object | geometry_0_cube.002
Fra:2 Mem:18.73M (Peak 61.91M) | Time:00:00.00 | Mem:0.00M, Peak:0.00M | Scene, ViewLayer | Synchronizing object | geometry_0_cube.003
Fra:2 Mem:18.77M (Peak 61.91M) | Time:00:00.00 | Mem:0.00M, Peak:0.00M | Scene, ViewLayer | Synchronizing object | geometry_0_hull.001
Fra:2 Mem:18.73M (Peak 61.91M) | Time:00:00.00 | Mem:0.00M, Peak:0.00M | Scene, ViewLayer | Synchronizing object | geometry_0_sphere.001
Fra:2 Mem:19.25M (Peak 61.91M) | Time:00:00.00 | Mem:0.00M, Peak:0.00M | Scene, ViewLayer | Synchronizing object | geometry_0_sphere.002
Fra:2 Mem:19.24M (Peak 61.91M) | Time:00:00.00 | Mem:0.00M, Peak:0.00M | Scene, ViewLayer | Synchronizing object | geometry_0_sphere.003
Fra:2 Mem:19.50M (Peak 61.91M) | Time:00:00.00 | Mem:0.00M, Peak:0.00M | Scene, ViewLayer | Synchronizing object | geometry_0_sphere.004
Fra:2 Mem:19.61M (Peak 61.91M) | Time:00:00.00 | Mem:0.00M, Peak:0.00M | Scene, ViewLayer | Synchronizing object | geometry_0_sphere.005
Fra:2 Mem:19.65M (Peak 61.91M) | Time:00:00.00 | Mem:0.00M, Peak:0.00M | Scene, ViewLayer | Synchronizing object | geometry_0_hull.004
Fra:2 Mem:19.82M (Peak 61.91M) | Time:00:00.00 | Mem:0.00M, Peak:0.00M | Scene, ViewLayer | Synchronizing object | geometry_0_sphere.006
Fra:2 Mem:19.94M (Peak 61.91M) | Time:00:00.00 | Mem:0.00M, Peak:0.00M | Scene, ViewLayer | Synchronizing object | geometry_0_sphere.007
Fra:2 Mem:20.11M (Peak 61.91M) | Time:00:00.00 | Mem:0.00M, Peak:0.00M | Scene, ViewLayer | Synchronizing object | geometry_0_cube.005
Fra:2 Mem:20.11M (Peak 61.91M) | Time:00:00.00 | Mem:0.00M, Peak:0.00M | Scene, ViewLayer | Synchronizing object | geometry_0_sphere.008
Fra:2 Mem:20.15M (Peak 61.91M) | Time:00:00.00 | Mem:0.00M, Peak:0.00M | Scene, ViewLayer | Synchronizing object | geometry_0_cube.004
Fra:2 Mem:20.19M (Peak 61.91M) | Time:00:00.00 | Mem:0.00M, Peak:0.00M | Scene, ViewLayer | Synchronizing object | geometry_0_sphere.009
Fra:2 Mem:20.23M (Peak 61.91M) | Time:00:00.00 | Mem:0.00M, Peak:0.00M | Scene, ViewLayer | Synchronizing object | geometry_0_cube
Fra:2 Mem:20.29M (Peak 61.91M) | Time:00:00.00 | Mem:0.00M, Peak:0.00M | Scene, ViewLayer | Synchronizing object | geometry_0_cube.001
Fra:2 Mem:20.29M (Peak 61.91M) | Time:00:00.00 | Mem:0.00M, Peak:0.00M | Scene, ViewLayer | Synchronizing object | geometry_0_sphere.010
Fra:2 Mem:20.37M (Peak 61.91M) | Time:00:00.00 | Mem:0.00M, Peak:0.00M | Scene, ViewLayer | Synchronizing object | geometry_0_sphere
Fra:2 Mem:20.48M (Peak 61.91M) | Time:00:00.00 | Mem:0.00M, Peak:0.00M | Scene, ViewLayer | Synchronizing object | geometry_0_sphere.011
Fra:2 Mem:20.64M (Peak 61.91M) | Time:00:00.00 | Mem:0.00M, Peak:0.00M | Scene, ViewLayer | Synchronizing object | geometry_0_sphere.012
Fra:2 Mem:20.61M (Peak 61.91M) | Time:00:00.00 | Mem:0.00M, Peak:0.00M | Scene, ViewLayer | Synchronizing object | geometry_0_sphere.014
Fra:2 Mem:20.80M (Peak 61.91M) | Time:00:00.00 | Mem:0.00M, Peak:0.00M | Scene, ViewLayer | Synchronizing object | geometry_0_sphere.013
Fra:2 Mem:20.93M (Peak 61.91M) | Time:00:00.00 | Mem:0.00M, Peak:0.00M | Scene, ViewLayer | Initializing
Fra:2 Mem:19.21M (Peak 61.91M) | Time:00:00.00 | Mem:0.00M, Peak:0.00M | Scene, ViewLayer | Waiting for render to start
Fra:2 Mem:19.21M (Peak 61.91M) | Time:00:00.00 | Mem:0.00M, Peak:0.00M | Scene, ViewLayer | Loading render kernels (may take a few minutes the first time)
Fra:2 Mem:19.21M (Peak 61.91M) | Time:00:00.00 | Mem:0.00M, Peak:0.00M | Scene, ViewLayer | Updating Scene
Fra:2 Mem:19.21M (Peak 61.91M) | Time:00:00.00 | Mem:0.00M, Peak:0.00M | Scene, ViewLayer | Updating Shaders
Fra:2 Mem:19.30M (Peak 61.91M) | Time:00:00.00 | Mem:0.00M, Peak:0.00M | Scene, ViewLayer | Updating Procedurals
Fra:2 Mem:19.30M (Peak 61.91M) | Time:00:00.00 | Mem:0.00M, Peak:0.00M | Scene, ViewLayer | Updating Background
Fra:2 Mem:19.30M (Peak 61.91M) | Time:00:00.00 | Mem:0.00M, Peak:0.00M | Scene, ViewLayer | Updating Camera
Fra:2 Mem:19.30M (Peak 61.91M) | Time:00:00.00 | Mem:0.00M, Peak:0.00M | Scene, ViewLayer | Updating Meshes Flags
Fra:2 Mem:19.30M (Peak 61.91M) | Time:00:00.00 | Mem:0.00M, Peak:0.00M | Scene, ViewLayer | Updating Objects
Fra:2 Mem:19.30M (Peak 61.91M) | Time:00:00.00 | Mem:0.00M, Peak:0.00M | Scene, ViewLayer | Updating Objects | Copying Transformations to device
Fra:2 Mem:19.30M (Peak 61.91M) | Time:00:00.00 | Mem:0.01M, Peak:0.01M | Scene, ViewLayer | Updating Objects | Applying Static Transformations
Fra:2 Mem:19.30M (Peak 61.91M) | Time:00:00.00 | Mem:0.01M, Peak:0.01M | Scene, ViewLayer | Updating Particle Systems
Fra:2 Mem:19.30M (Peak 61.91M) | Time:00:00.00 | Mem:0.01M, Peak:0.01M | Scene, ViewLayer | Updating Particle Systems | Copying Particles to device
Fra:2 Mem:19.30M (Peak 61.91M) | Time:00:00.00 | Mem:0.01M, Peak:0.01M | Scene, ViewLayer | Updating Meshes
Fra:2 Mem:19.62M (Peak 61.91M) | Time:00:00.00 | Mem:0.01M, Peak:0.01M | Scene, ViewLayer | Updating Mesh | Computing attributes
Fra:2 Mem:20.14M (Peak 61.91M) | Time:00:00.00 | Mem:0.01M, Peak:0.01M | Scene, ViewLayer | Updating Mesh | Copying Attributes to device
Fra:2 Mem:20.13M (Peak 61.91M) | Time:00:00.00 | Mem:0.52M, Peak:0.52M | Scene, ViewLayer | Updating Scene BVH | Building
Fra:2 Mem:20.13M (Peak 61.91M) | Time:00:00.00 | Mem:0.52M, Peak:0.52M | Scene, ViewLayer | Updating Scene BVH | Building BVH
Fra:2 Mem:20.13M (Peak 61.91M) | Time:00:00.00 | Mem:1.16M, Peak:1.16M | Scene, ViewLayer | Updating Scene BVH | Building BVH 0%
Fra:2 Mem:20.13M (Peak 61.91M) | Time:00:00.00 | Mem:1.93M, Peak:2.58M | Scene, ViewLayer | Updating Scene BVH | Copying BVH to device
Fra:2 Mem:20.13M (Peak 61.91M) | Time:00:00.00 | Mem:1.93M, Peak:2.58M | Scene, ViewLayer | Updating Mesh | Computing normals
Fra:2 Mem:21.89M (Peak 61.91M) | Time:00:00.00 | Mem:1.93M, Peak:2.58M | Scene, ViewLayer | Updating Mesh | Copying Mesh to device
Fra:2 Mem:21.89M (Peak 61.91M) | Time:00:00.00 | Mem:3.69M, Peak:3.69M | Scene, ViewLayer | Updating Objects Flags
Fra:2 Mem:21.89M (Peak 61.91M) | Time:00:00.01 | Mem:3.69M, Peak:3.69M | Scene, ViewLayer | Updating Primitive Offsets
Fra:2 Mem:21.89M (Peak 61.91M) | Time:00:00.01 | Mem:3.69M, Peak:3.69M | Scene, ViewLayer | Updating Images
Fra:2 Mem:21.89M (Peak 61.91M) | Time:00:00.01 | Mem:3.69M, Peak:3.69M | Scene, ViewLayer | Updating Camera Volume
Fra:2 Mem:21.89M (Peak 61.91M) | Time:00:00.01 | Mem:3.69M, Peak:3.69M | Scene, ViewLayer | Updating Lookup Tables
Fra:2 Mem:21.89M (Peak 61.91M) | Time:00:00.01 | Mem:3.77M, Peak:3.77M | Scene, ViewLayer | Updating Lights
Fra:2 Mem:21.89M (Peak 61.91M) | Time:00:00.01 | Mem:3.77M, Peak:3.77M | Scene, ViewLayer | Updating Lights | Computing distribution
Fra:2 Mem:21.89M (Peak 61.91M) | Time:00:00.01 | Mem:3.77M, Peak:3.77M | Scene, ViewLayer | Updating Lights | Computing tree
Fra:2 Mem:21.89M (Peak 61.91M) | Time:00:00.01 | Mem:3.77M, Peak:3.77M | Scene, ViewLayer | Updating Integrator
Fra:2 Mem:22.89M (Peak 61.91M) | Time:00:00.01 | Mem:4.77M, Peak:4.77M | Scene, ViewLayer | Updating Film
Fra:2 Mem:22.89M (Peak 61.91M) | Time:00:00.01 | Mem:4.69M, Peak:4.77M | Scene, ViewLayer | Updating Lookup Tables
Fra:2 Mem:22.89M (Peak 61.91M) | Time:00:00.01 | Mem:4.78M, Peak:4.78M | Scene, ViewLayer | Updating Baking
Fra:2 Mem:22.89M (Peak 61.91M) | Time:00:00.01 | Mem:4.78M, Peak:4.78M | Scene, ViewLayer | Updating Device | Writing constant memory
Fra:2 Mem:22.89M (Peak 61.91M) | Time:00:00.01 | Mem:4.78M, Peak:4.78M | Scene, ViewLayer | Sample 0/32
Fra:2 Mem:41.91M (Peak 61.91M) | Time:00:00.05 | Remaining:00:01.34 | Mem:23.78M, Peak:23.78M | Scene, ViewLayer | Sample 1/32
Fra:2 Mem:49.91M (Peak 61.91M) | Time:00:02.48 | Mem:23.78M, Peak:23.78M | Scene, ViewLayer | Sample 32/32
Fra:2 Mem:49.91M (Peak 61.91M) | Time:00:02.48 | Mem:23.78M, Peak:23.78M | Scene, ViewLayer | Finished
Fra:2 Mem:24.84M (Peak 61.91M) | Time:00:02.49 | Compositing
Fra:2 Mem:24.84M (Peak 61.91M) | Time:00:02.49 | Compositing | Determining resolution
Fra:2 Mem:24.84M (Peak 61.91M) | Time:00:02.49 | Compositing | Initializing execution
Fra:2 Mem:24.84M (Peak 61.91M) | Time:00:02.49 | Compositing | De-initializing execution
Saved: '/vepfs_default/chanxueyan/lhp/lms/aDSL/temp/geometry_expression_20260929/B/SF06/views/render_0002.png'
Time: 00:02.51 (Saving: 00:00.02)

Fra:3 Mem:18.56M (Peak 61.91M) | Time:00:00.00 | Mem:0.00M, Peak:0.00M | Scene, ViewLayer | Synchronizing object | geometry_0_hull.002
Fra:3 Mem:18.56M (Peak 61.91M) | Time:00:00.00 | Mem:0.00M, Peak:0.00M | Scene, ViewLayer | Synchronizing object | geometry_0_cube.002
Fra:3 Mem:18.73M (Peak 61.91M) | Time:00:00.00 | Mem:0.00M, Peak:0.00M | Scene, ViewLayer | Synchronizing object | geometry_0_cube.003
Fra:3 Mem:18.73M (Peak 61.91M) | Time:00:00.00 | Mem:0.00M, Peak:0.00M | Scene, ViewLayer | Synchronizing object | geometry_0_hull.001
Fra:3 Mem:18.78M (Peak 61.91M) | Time:00:00.00 | Mem:0.00M, Peak:0.00M | Scene, ViewLayer | Synchronizing object | geometry_0_hull.003
Fra:3 Mem:19.25M (Peak 61.91M) | Time:00:00.00 | Mem:0.00M, Peak:0.00M | Scene, ViewLayer | Synchronizing object | geometry_0_sphere.002
Fra:3 Mem:19.28M (Peak 61.91M) | Time:00:00.00 | Mem:0.00M, Peak:0.00M | Scene, ViewLayer | Synchronizing object | geometry_0_hull
Fra:3 Mem:19.36M (Peak 61.91M) | Time:00:00.00 | Mem:0.00M, Peak:0.00M | Scene, ViewLayer | Synchronizing object | geometry_0_sphere.003
Fra:3 Mem:19.47M (Peak 61.91M) | Time:00:00.00 | Mem:0.00M, Peak:0.00M | Scene, ViewLayer | Synchronizing object | geometry_0_sphere.004
Fra:3 Mem:19.61M (Peak 61.91M) | Time:00:00.00 | Mem:0.00M, Peak:0.00M | Scene, ViewLayer | Synchronizing object | geometry_0_hull.004
Fra:3 Mem:19.70M (Peak 61.91M) | Time:00:00.00 | Mem:0.00M, Peak:0.00M | Scene, ViewLayer | Synchronizing object | geometry_0_sphere.005
Fra:3 Mem:19.83M (Peak 61.91M) | Time:00:00.00 | Mem:0.00M, Peak:0.00M | Scene, ViewLayer | Synchronizing object | geometry_0_sphere.006
Fra:3 Mem:19.97M (Peak 61.91M) | Time:00:00.00 | Mem:0.00M, Peak:0.00M | Scene, ViewLayer | Synchronizing object | geometry_0_cube.005
Fra:3 Mem:19.97M (Peak 61.91M) | Time:00:00.00 | Mem:0.00M, Peak:0.00M | Scene, ViewLayer | Synchronizing object | geometry_0_sphere.007
Fra:3 Mem:20.05M (Peak 61.91M) | Time:00:00.00 | Mem:0.00M, Peak:0.00M | Scene, ViewLayer | Synchronizing object | geometry_0_cube.004
Fra:3 Mem:20.05M (Peak 61.91M) | Time:00:00.00 | Mem:0.00M, Peak:0.00M | Scene, ViewLayer | Synchronizing object | geometry_0_sphere.008
Fra:3 Mem:20.13M (Peak 61.91M) | Time:00:00.00 | Mem:0.00M, Peak:0.00M | Scene, ViewLayer | Synchronizing object | geometry_0_cube
Fra:3 Mem:20.19M (Peak 61.91M) | Time:00:00.00 | Mem:0.00M, Peak:0.00M | Scene, ViewLayer | Synchronizing object | geometry_0_cube.001
Fra:3 Mem:20.19M (Peak 61.91M) | Time:00:00.00 | Mem:0.00M, Peak:0.00M | Scene, ViewLayer | Synchronizing object | geometry_0_sphere.009
Fra:3 Mem:20.26M (Peak 61.91M) | Time:00:00.00 | Mem:0.00M, Peak:0.00M | Scene, ViewLayer | Synchronizing object | geometry_0_sphere
Fra:3 Mem:20.31M (Peak 61.91M) | Time:00:00.00 | Mem:0.00M, Peak:0.00M | Scene, ViewLayer | Synchronizing object | geometry_0_sphere.010
Fra:3 Mem:20.54M (Peak 61.91M) | Time:00:00.00 | Mem:0.00M, Peak:0.00M | Scene, ViewLayer | Synchronizing object | geometry_0_sphere.011
Fra:3 Mem:20.58M (Peak 61.91M) | Time:00:00.00 | Mem:0.00M, Peak:0.00M | Scene, ViewLayer | Synchronizing object | geometry_0_sphere.014
Fra:3 Mem:20.69M (Peak 61.91M) | Time:00:00.00 | Mem:0.00M, Peak:0.00M | Scene, ViewLayer | Synchronizing object | geometry_0_sphere.012
Fra:3 Mem:20.86M (Peak 61.91M) | Time:00:00.00 | Mem:0.00M, Peak:0.00M | Scene, ViewLayer | Synchronizing object | geometry_0_sphere.013
Fra:3 Mem:20.93M (Peak 61.91M) | Time:00:00.00 | Mem:0.00M, Peak:0.00M | Scene, ViewLayer | Initializing
Fra:3 Mem:19.21M (Peak 61.91M) | Time:00:00.00 | Mem:0.00M, Peak:0.00M | Scene, ViewLayer | Waiting for render to start
Fra:3 Mem:19.21M (Peak 61.91M) | Time:00:00.00 | Mem:0.00M, Peak:0.00M | Scene, ViewLayer | Loading render kernels (may take a few minutes the first time)
Fra:3 Mem:19.21M (Peak 61.91M) | Time:00:00.00 | Mem:0.00M, Peak:0.00M | Scene, ViewLayer | Updating Scene
Fra:3 Mem:19.21M (Peak 61.91M) | Time:00:00.00 | Mem:0.00M, Peak:0.00M | Scene, ViewLayer | Updating Shaders
Fra:3 Mem:19.30M (Peak 61.91M) | Time:00:00.00 | Mem:0.00M, Peak:0.00M | Scene, ViewLayer | Updating Procedurals
Fra:3 Mem:19.30M (Peak 61.91M) | Time:00:00.00 | Mem:0.00M, Peak:0.00M | Scene, ViewLayer | Updating Background
Fra:3 Mem:19.30M (Peak 61.91M) | Time:00:00.00 | Mem:0.00M, Peak:0.00M | Scene, ViewLayer | Updating Camera
Fra:3 Mem:19.30M (Peak 61.91M) | Time:00:00.00 | Mem:0.00M, Peak:0.00M | Scene, ViewLayer | Updating Meshes Flags
Fra:3 Mem:19.30M (Peak 61.91M) | Time:00:00.00 | Mem:0.00M, Peak:0.00M | Scene, ViewLayer | Updating Objects
Fra:3 Mem:19.30M (Peak 61.91M) | Time:00:00.00 | Mem:0.00M, Peak:0.00M | Scene, ViewLayer | Updating Objects | Copying Transformations to device
Fra:3 Mem:19.30M (Peak 61.91M) | Time:00:00.00 | Mem:0.01M, Peak:0.01M | Scene, ViewLayer | Updating Objects | Applying Static Transformations
Fra:3 Mem:19.30M (Peak 61.91M) | Time:00:00.00 | Mem:0.01M, Peak:0.01M | Scene, ViewLayer | Updating Particle Systems
Fra:3 Mem:19.30M (Peak 61.91M) | Time:00:00.00 | Mem:0.01M, Peak:0.01M | Scene, ViewLayer | Updating Particle Systems | Copying Particles to device
Fra:3 Mem:19.30M (Peak 61.91M) | Time:00:00.00 | Mem:0.01M, Peak:0.01M | Scene, ViewLayer | Updating Meshes
Fra:3 Mem:19.62M (Peak 61.91M) | Time:00:00.00 | Mem:0.01M, Peak:0.01M | Scene, ViewLayer | Updating Mesh | Computing attributes
Fra:3 Mem:20.14M (Peak 61.91M) | Time:00:00.00 | Mem:0.01M, Peak:0.01M | Scene, ViewLayer | Updating Mesh | Copying Attributes to device
Fra:3 Mem:20.13M (Peak 61.91M) | Time:00:00.00 | Mem:0.52M, Peak:0.52M | Scene, ViewLayer | Updating Scene BVH | Building
Fra:3 Mem:20.13M (Peak 61.91M) | Time:00:00.00 | Mem:0.52M, Peak:0.52M | Scene, ViewLayer | Updating Scene BVH | Building BVH
Fra:3 Mem:20.13M (Peak 61.91M) | Time:00:00.00 | Mem:1.16M, Peak:1.16M | Scene, ViewLayer | Updating Scene BVH | Building BVH 0%
Fra:3 Mem:20.13M (Peak 61.91M) | Time:00:00.01 | Mem:1.93M, Peak:2.58M | Scene, ViewLayer | Updating Scene BVH | Copying BVH to device
Fra:3 Mem:20.13M (Peak 61.91M) | Time:00:00.01 | Mem:1.93M, Peak:2.58M | Scene, ViewLayer | Updating Mesh | Computing normals
Fra:3 Mem:21.89M (Peak 61.91M) | Time:00:00.01 | Mem:1.93M, Peak:2.58M | Scene, ViewLayer | Updating Mesh | Copying Mesh to device
Fra:3 Mem:21.89M (Peak 61.91M) | Time:00:00.01 | Mem:3.69M, Peak:3.69M | Scene, ViewLayer | Updating Objects Flags
Fra:3 Mem:21.89M (Peak 61.91M) | Time:00:00.01 | Mem:3.69M, Peak:3.69M | Scene, ViewLayer | Updating Primitive Offsets
Fra:3 Mem:21.89M (Peak 61.91M) | Time:00:00.01 | Mem:3.69M, Peak:3.69M | Scene, ViewLayer | Updating Images
Fra:3 Mem:21.89M (Peak 61.91M) | Time:00:00.01 | Mem:3.69M, Peak:3.69M | Scene, ViewLayer | Updating Camera Volume
Fra:3 Mem:21.89M (Peak 61.91M) | Time:00:00.01 | Mem:3.69M, Peak:3.69M | Scene, ViewLayer | Updating Lookup Tables
Fra:3 Mem:21.89M (Peak 61.91M) | Time:00:00.01 | Mem:3.77M, Peak:3.77M | Scene, ViewLayer | Updating Lights
Fra:3 Mem:21.89M (Peak 61.91M) | Time:00:00.01 | Mem:3.77M, Peak:3.77M | Scene, ViewLayer | Updating Lights | Computing distribution
Fra:3 Mem:21.89M (Peak 61.91M) | Time:00:00.01 | Mem:3.77M, Peak:3.77M | Scene, ViewLayer | Updating Lights | Computing tree
Fra:3 Mem:21.89M (Peak 61.91M) | Time:00:00.01 | Mem:3.77M, Peak:3.77M | Scene, ViewLayer | Updating Integrator
Fra:3 Mem:22.89M (Peak 61.91M) | Time:00:00.01 | Mem:4.77M, Peak:4.77M | Scene, ViewLayer | Updating Film
Fra:3 Mem:22.89M (Peak 61.91M) | Time:00:00.01 | Mem:4.69M, Peak:4.77M | Scene, ViewLayer | Updating Lookup Tables
Fra:3 Mem:22.89M (Peak 61.91M) | Time:00:00.01 | Mem:4.78M, Peak:4.78M | Scene, ViewLayer | Updating Baking
Fra:3 Mem:22.89M (Peak 61.91M) | Time:00:00.01 | Mem:4.78M, Peak:4.78M | Scene, ViewLayer | Updating Device | Writing constant memory
Fra:3 Mem:22.89M (Peak 61.91M) | Time:00:00.01 | Mem:4.78M, Peak:4.78M | Scene, ViewLayer | Sample 0/32
Fra:3 Mem:41.91M (Peak 61.91M) | Time:00:00.04 | Remaining:00:01.04 | Mem:23.78M, Peak:23.78M | Scene, ViewLayer | Sample 1/32
Fra:3 Mem:49.91M (Peak 61.91M) | Time:00:01.73 | Mem:23.78M, Peak:23.78M | Scene, ViewLayer | Sample 32/32
Fra:3 Mem:49.91M (Peak 61.91M) | Time:00:01.73 | Mem:23.78M, Peak:23.78M | Scene, ViewLayer | Finished
Fra:3 Mem:24.84M (Peak 61.91M) | Time:00:01.73 | Compositing
Fra:3 Mem:24.84M (Peak 61.91M) | Time:00:01.73 | Compositing | Determining resolution
Fra:3 Mem:24.84M (Peak 61.91M) | Time:00:01.73 | Compositing | Initializing execution
Fra:3 Mem:24.84M (Peak 61.91M) | Time:00:01.73 | Compositing | De-initializing execution
Saved: '/vepfs_default/chanxueyan/lhp/lms/aDSL/temp/geometry_expression_20260929/B/SF06/views/render_0003.png'
Time: 00:01.75 (Saving: 00:00.02)

Fra:4 Mem:18.56M (Peak 61.91M) | Time:00:00.00 | Mem:0.00M, Peak:0.00M | Scene, ViewLayer | Synchronizing object | geometry_0_hull.002
Fra:4 Mem:18.56M (Peak 61.91M) | Time:00:00.00 | Mem:0.00M, Peak:0.00M | Scene, ViewLayer | Synchronizing object | geometry_0_cube.002
Fra:4 Mem:18.73M (Peak 61.91M) | Time:00:00.00 | Mem:0.00M, Peak:0.00M | Scene, ViewLayer | Synchronizing object | geometry_0_cube.003
Fra:4 Mem:18.77M (Peak 61.91M) | Time:00:00.00 | Mem:0.00M, Peak:0.00M | Scene, ViewLayer | Synchronizing object | geometry_0_hull.003
Fra:4 Mem:18.88M (Peak 61.91M) | Time:00:00.00 | Mem:0.00M, Peak:0.00M | Scene, ViewLayer | Synchronizing object | geometry_0_hull.001
Fra:4 Mem:18.92M (Peak 61.91M) | Time:00:00.00 | Mem:0.00M, Peak:0.00M | Scene, ViewLayer | Synchronizing object | geometry_0_sphere.001
Fra:4 Mem:19.08M (Peak 61.91M) | Time:00:00.00 | Mem:0.00M, Peak:0.00M | Scene, ViewLayer | Synchronizing object | geometry_0_sphere.002
Fra:4 Mem:19.34M (Peak 61.91M) | Time:00:00.00 | Mem:0.00M, Peak:0.00M | Scene, ViewLayer | Synchronizing object | geometry_0_sphere.003
Fra:4 Mem:19.39M (Peak 61.91M) | Time:00:00.00 | Mem:0.00M, Peak:0.00M | Scene, ViewLayer | Synchronizing object | geometry_0_sphere.004
Fra:4 Mem:19.45M (Peak 61.91M) | Time:00:00.00 | Mem:0.00M, Peak:0.00M | Scene, ViewLayer | Synchronizing object | geometry_0_hull
Fra:4 Mem:19.60M (Peak 61.91M) | Time:00:00.00 | Mem:0.00M, Peak:0.00M | Scene, ViewLayer | Synchronizing object | geometry_0_sphere.005
Fra:4 Mem:19.61M (Peak 61.91M) | Time:00:00.00 | Mem:0.00M, Peak:0.00M | Scene, ViewLayer | Synchronizing object | geometry_0_sphere.006
Fra:4 Mem:19.79M (Peak 61.91M) | Time:00:00.00 | Mem:0.00M, Peak:0.00M | Scene, ViewLayer | Synchronizing object | geometry_0_hull.004
Fra:4 Mem:19.93M (Peak 61.91M) | Time:00:00.00 | Mem:0.00M, Peak:0.00M | Scene, ViewLayer | Synchronizing object | geometry_0_sphere.007
Fra:4 Mem:20.05M (Peak 61.91M) | Time:00:00.00 | Mem:0.00M, Peak:0.00M | Scene, ViewLayer | Synchronizing object | geometry_0_sphere.008
Fra:4 Mem:20.18M (Peak 61.91M) | Time:00:00.00 | Mem:0.00M, Peak:0.00M | Scene, ViewLayer | Synchronizing object | geometry_0_cube.005
Fra:4 Mem:20.18M (Peak 61.91M) | Time:00:00.00 | Mem:0.00M, Peak:0.00M | Scene, ViewLayer | Synchronizing object | geometry_0_sphere.009
Fra:4 Mem:20.23M (Peak 61.91M) | Time:00:00.00 | Mem:0.00M, Peak:0.00M | Scene, ViewLayer | Synchronizing object | geometry_0_cube.004
Fra:4 Mem:20.32M (Peak 61.91M) | Time:00:00.00 | Mem:0.00M, Peak:0.00M | Scene, ViewLayer | Synchronizing object | geometry_0_cube
Fra:4 Mem:20.35M (Peak 61.91M) | Time:00:00.00 | Mem:0.00M, Peak:0.00M | Scene, ViewLayer | Synchronizing object | geometry_0_cube.001
Fra:4 Mem:20.30M (Peak 61.91M) | Time:00:00.00 | Mem:0.00M, Peak:0.00M | Scene, ViewLayer | Synchronizing object | geometry_0_sphere.011
Fra:4 Mem:20.34M (Peak 61.91M) | Time:00:00.00 | Mem:0.00M, Peak:0.00M | Scene, ViewLayer | Synchronizing object | geometry_0_sphere
Fra:4 Mem:20.64M (Peak 61.91M) | Time:00:00.00 | Mem:0.00M, Peak:0.00M | Scene, ViewLayer | Synchronizing object | geometry_0_sphere.012
Fra:4 Mem:20.72M (Peak 61.91M) | Time:00:00.00 | Mem:0.00M, Peak:0.00M | Scene, ViewLayer | Synchronizing object | geometry_0_sphere.014
Fra:4 Mem:20.83M (Peak 61.91M) | Time:00:00.00 | Mem:0.00M, Peak:0.00M | Scene, ViewLayer | Synchronizing object | geometry_0_sphere.013
Fra:4 Mem:20.93M (Peak 61.91M) | Time:00:00.00 | Mem:0.00M, Peak:0.00M | Scene, ViewLayer | Initializing
Fra:4 Mem:19.21M (Peak 61.91M) | Time:00:00.00 | Mem:0.00M, Peak:0.00M | Scene, ViewLayer | Waiting for render to start
Fra:4 Mem:19.21M (Peak 61.91M) | Time:00:00.00 | Mem:0.00M, Peak:0.00M | Scene, ViewLayer | Loading render kernels (may take a few minutes the first time)
Fra:4 Mem:19.21M (Peak 61.91M) | Time:00:00.00 | Mem:0.00M, Peak:0.00M | Scene, ViewLayer | Updating Scene
Fra:4 Mem:19.21M (Peak 61.91M) | Time:00:00.00 | Mem:0.00M, Peak:0.00M | Scene, ViewLayer | Updating Shaders
Fra:4 Mem:19.30M (Peak 61.91M) | Time:00:00.00 | Mem:0.00M, Peak:0.00M | Scene, ViewLayer | Updating Procedurals
Fra:4 Mem:19.30M (Peak 61.91M) | Time:00:00.00 | Mem:0.00M, Peak:0.00M | Scene, ViewLayer | Updating Background
Fra:4 Mem:19.30M (Peak 61.91M) | Time:00:00.00 | Mem:0.00M, Peak:0.00M | Scene, ViewLayer | Updating Camera
Fra:4 Mem:19.30M (Peak 61.91M) | Time:00:00.00 | Mem:0.00M, Peak:0.00M | Scene, ViewLayer | Updating Meshes Flags
Fra:4 Mem:19.30M (Peak 61.91M) | Time:00:00.00 | Mem:0.00M, Peak:0.00M | Scene, ViewLayer | Updating Objects
Fra:4 Mem:19.30M (Peak 61.91M) | Time:00:00.00 | Mem:0.00M, Peak:0.00M | Scene, ViewLayer | Updating Objects | Copying Transformations to device
Fra:4 Mem:19.30M (Peak 61.91M) | Time:00:00.00 | Mem:0.01M, Peak:0.01M | Scene, ViewLayer | Updating Objects | Applying Static Transformations
Fra:4 Mem:19.30M (Peak 61.91M) | Time:00:00.00 | Mem:0.01M, Peak:0.01M | Scene, ViewLayer | Updating Particle Systems
Fra:4 Mem:19.30M (Peak 61.91M) | Time:00:00.00 | Mem:0.01M, Peak:0.01M | Scene, ViewLayer | Updating Particle Systems | Copying Particles to device
Fra:4 Mem:19.30M (Peak 61.91M) | Time:00:00.00 | Mem:0.01M, Peak:0.01M | Scene, ViewLayer | Updating Meshes
Fra:4 Mem:19.62M (Peak 61.91M) | Time:00:00.00 | Mem:0.01M, Peak:0.01M | Scene, ViewLayer | Updating Mesh | Computing attributes
Fra:4 Mem:20.14M (Peak 61.91M) | Time:00:00.00 | Mem:0.01M, Peak:0.01M | Scene, ViewLayer | Updating Mesh | Copying Attributes to device
Fra:4 Mem:20.13M (Peak 61.91M) | Time:00:00.00 | Mem:0.52M, Peak:0.52M | Scene, ViewLayer | Updating Scene BVH | Building
Fra:4 Mem:20.13M (Peak 61.91M) | Time:00:00.00 | Mem:0.52M, Peak:0.52M | Scene, ViewLayer | Updating Scene BVH | Building BVH
Fra:4 Mem:20.13M (Peak 61.91M) | Time:00:00.00 | Mem:1.16M, Peak:1.16M | Scene, ViewLayer | Updating Scene BVH | Building BVH 0%
Fra:4 Mem:20.13M (Peak 61.91M) | Time:00:00.01 | Mem:1.93M, Peak:2.58M | Scene, ViewLayer | Updating Scene BVH | Copying BVH to device
Fra:4 Mem:20.13M (Peak 61.91M) | Time:00:00.01 | Mem:1.93M, Peak:2.58M | Scene, ViewLayer | Updating Mesh | Computing normals
Fra:4 Mem:21.89M (Peak 61.91M) | Time:00:00.01 | Mem:1.93M, Peak:2.58M | Scene, ViewLayer | Updating Mesh | Copying Mesh to device
Fra:4 Mem:21.89M (Peak 61.91M) | Time:00:00.01 | Mem:3.69M, Peak:3.69M | Scene, ViewLayer | Updating Objects Flags
Fra:4 Mem:21.89M (Peak 61.91M) | Time:00:00.01 | Mem:3.69M, Peak:3.69M | Scene, ViewLayer | Updating Primitive Offsets
Fra:4 Mem:21.89M (Peak 61.91M) | Time:00:00.01 | Mem:3.69M, Peak:3.69M | Scene, ViewLayer | Updating Images
Fra:4 Mem:21.89M (Peak 61.91M) | Time:00:00.01 | Mem:3.69M, Peak:3.69M | Scene, ViewLayer | Updating Camera Volume
Fra:4 Mem:21.89M (Peak 61.91M) | Time:00:00.01 | Mem:3.69M, Peak:3.69M | Scene, ViewLayer | Updating Lookup Tables
Fra:4 Mem:21.89M (Peak 61.91M) | Time:00:00.01 | Mem:3.77M, Peak:3.77M | Scene, ViewLayer | Updating Lights
Fra:4 Mem:21.89M (Peak 61.91M) | Time:00:00.01 | Mem:3.77M, Peak:3.77M | Scene, ViewLayer | Updating Lights | Computing distribution
Fra:4 Mem:21.89M (Peak 61.91M) | Time:00:00.01 | Mem:3.77M, Peak:3.77M | Scene, ViewLayer | Updating Lights | Computing tree
Fra:4 Mem:21.89M (Peak 61.91M) | Time:00:00.01 | Mem:3.77M, Peak:3.77M | Scene, ViewLayer | Updating Integrator
Fra:4 Mem:22.89M (Peak 61.91M) | Time:00:00.01 | Mem:4.77M, Peak:4.77M | Scene, ViewLayer | Updating Film
Fra:4 Mem:22.89M (Peak 61.91M) | Time:00:00.01 | Mem:4.69M, Peak:4.77M | Scene, ViewLayer | Updating Lookup Tables
Fra:4 Mem:22.89M (Peak 61.91M) | Time:00:00.01 | Mem:4.78M, Peak:4.78M | Scene, ViewLayer | Updating Baking
Fra:4 Mem:22.89M (Peak 61.91M) | Time:00:00.01 | Mem:4.78M, Peak:4.78M | Scene, ViewLayer | Updating Device | Writing constant memory
Fra:4 Mem:22.89M (Peak 61.91M) | Time:00:00.01 | Mem:4.78M, Peak:4.78M | Scene, ViewLayer | Sample 0/32
Fra:4 Mem:41.91M (Peak 61.91M) | Time:00:00.04 | Remaining:00:01.01 | Mem:23.78M, Peak:23.78M | Scene, ViewLayer | Sample 1/32
Fra:4 Mem:49.91M (Peak 61.91M) | Time:00:01.79 | Mem:23.78M, Peak:23.78M | Scene, ViewLayer | Sample 32/32
Fra:4 Mem:49.91M (Peak 61.91M) | Time:00:01.79 | Mem:23.78M, Peak:23.78M | Scene, ViewLayer | Finished
Fra:4 Mem:24.84M (Peak 61.91M) | Time:00:01.79 | Compositing
Fra:4 Mem:24.84M (Peak 61.91M) | Time:00:01.79 | Compositing | Determining resolution
Fra:4 Mem:24.84M (Peak 61.91M) | Time:00:01.79 | Compositing | Initializing execution
Fra:4 Mem:24.84M (Peak 61.91M) | Time:00:01.79 | Compositing | De-initializing execution
Saved: '/vepfs_default/chanxueyan/lhp/lms/aDSL/temp/geometry_expression_20260929/B/SF06/views/render_0004.png'
Time: 00:01.82 (Saving: 00:00.02)

Fra:5 Mem:18.56M (Peak 61.91M) | Time:00:00.00 | Mem:0.00M, Peak:0.00M | Scene, ViewLayer | Synchronizing object | geometry_0_hull.002
Fra:5 Mem:18.63M (Peak 61.91M) | Time:00:00.00 | Mem:0.00M, Peak:0.00M | Scene, ViewLayer | Synchronizing object | geometry_0_cube.002
Fra:5 Mem:18.73M (Peak 61.91M) | Time:00:00.00 | Mem:0.00M, Peak:0.00M | Scene, ViewLayer | Synchronizing object | geometry_0_cube.003
Fra:5 Mem:18.73M (Peak 61.91M) | Time:00:00.00 | Mem:0.00M, Peak:0.00M | Scene, ViewLayer | Synchronizing object | geometry_0_hull.003
Fra:5 Mem:18.80M (Peak 61.91M) | Time:00:00.00 | Mem:0.00M, Peak:0.00M | Scene, ViewLayer | Synchronizing object | geometry_0_sphere.001
Fra:5 Mem:19.25M (Peak 61.91M) | Time:00:00.00 | Mem:0.00M, Peak:0.00M | Scene, ViewLayer | Synchronizing object | geometry_0_sphere.002
Fra:5 Mem:19.20M (Peak 61.91M) | Time:00:00.00 | Mem:0.00M, Peak:0.00M | Scene, ViewLayer | Synchronizing object | geometry_0_hull
Fra:5 Mem:19.32M (Peak 61.91M) | Time:00:00.00 | Mem:0.00M, Peak:0.00M | Scene, ViewLayer | Synchronizing object | geometry_0_sphere.003
Fra:5 Mem:19.50M (Peak 61.91M) | Time:00:00.00 | Mem:0.00M, Peak:0.00M | Scene, ViewLayer | Synchronizing object | geometry_0_sphere.004
Fra:5 Mem:19.61M (Peak 61.91M) | Time:00:00.00 | Mem:0.00M, Peak:0.00M | Scene, ViewLayer | Synchronizing object | geometry_0_hull.004
Fra:5 Mem:19.67M (Peak 61.91M) | Time:00:00.00 | Mem:0.00M, Peak:0.00M | Scene, ViewLayer | Synchronizing object | geometry_0_sphere.005
Fra:5 Mem:19.83M (Peak 61.91M) | Time:00:00.00 | Mem:0.00M, Peak:0.00M | Scene, ViewLayer | Synchronizing object | geometry_0_sphere.006
Fra:5 Mem:19.97M (Peak 61.91M) | Time:00:00.00 | Mem:0.00M, Peak:0.00M | Scene, ViewLayer | Synchronizing object | geometry_0_sphere.007
Fra:5 Mem:20.05M (Peak 61.91M) | Time:00:00.00 | Mem:0.00M, Peak:0.00M | Scene, ViewLayer | Synchronizing object | geometry_0_cube.005
Fra:5 Mem:20.08M (Peak 61.91M) | Time:00:00.00 | Mem:0.00M, Peak:0.00M | Scene, ViewLayer | Synchronizing object | geometry_0_sphere.008
Fra:5 Mem:20.12M (Peak 61.91M) | Time:00:00.00 | Mem:0.00M, Peak:0.00M | Scene, ViewLayer | Synchronizing object | geometry_0_cube.004
Fra:5 Mem:20.22M (Peak 61.91M) | Time:00:00.00 | Mem:0.00M, Peak:0.00M | Scene, ViewLayer | Synchronizing object | geometry_0_cube
Fra:5 Mem:20.19M (Peak 61.91M) | Time:00:00.00 | Mem:0.00M, Peak:0.00M | Scene, ViewLayer | Synchronizing object | geometry_0_sphere.009
Fra:5 Mem:20.26M (Peak 61.91M) | Time:00:00.00 | Mem:0.00M, Peak:0.00M | Scene, ViewLayer | Synchronizing object | geometry_0_cube.001
Fra:5 Mem:20.29M (Peak 61.91M) | Time:00:00.00 | Mem:0.00M, Peak:0.00M | Scene, ViewLayer | Synchronizing object | geometry_0_sphere.010
Fra:5 Mem:20.34M (Peak 61.91M) | Time:00:00.00 | Mem:0.00M, Peak:0.00M | Scene, ViewLayer | Synchronizing object | geometry_0_sphere
Fra:5 Mem:20.51M (Peak 61.91M) | Time:00:00.00 | Mem:0.00M, Peak:0.00M | Scene, ViewLayer | Synchronizing object | geometry_0_sphere.011
Fra:5 Mem:20.61M (Peak 61.91M) | Time:00:00.00 | Mem:0.00M, Peak:0.00M | Scene, ViewLayer | Synchronizing object | geometry_0_sphere.012
Fra:5 Mem:20.66M (Peak 61.91M) | Time:00:00.00 | Mem:0.00M, Peak:0.00M | Scene, ViewLayer | Synchronizing object | geometry_0_sphere.014
Fra:5 Mem:20.83M (Peak 61.91M) | Time:00:00.00 | Mem:0.00M, Peak:0.00M | Scene, ViewLayer | Synchronizing object | geometry_0_sphere.013
Fra:5 Mem:20.93M (Peak 61.91M) | Time:00:00.00 | Mem:0.00M, Peak:0.00M | Scene, ViewLayer | Initializing
Fra:5 Mem:19.21M (Peak 61.91M) | Time:00:00.00 | Mem:0.00M, Peak:0.00M | Scene, ViewLayer | Waiting for render to start
Fra:5 Mem:19.21M (Peak 61.91M) | Time:00:00.00 | Mem:0.00M, Peak:0.00M | Scene, ViewLayer | Loading render kernels (may take a few minutes the first time)
Fra:5 Mem:19.21M (Peak 61.91M) | Time:00:00.00 | Mem:0.00M, Peak:0.00M | Scene, ViewLayer | Updating Scene
Fra:5 Mem:19.21M (Peak 61.91M) | Time:00:00.00 | Mem:0.00M, Peak:0.00M | Scene, ViewLayer | Updating Shaders
Fra:5 Mem:19.30M (Peak 61.91M) | Time:00:00.00 | Mem:0.00M, Peak:0.00M | Scene, ViewLayer | Updating Procedurals
Fra:5 Mem:19.30M (Peak 61.91M) | Time:00:00.00 | Mem:0.00M, Peak:0.00M | Scene, ViewLayer | Updating Background
Fra:5 Mem:19.30M (Peak 61.91M) | Time:00:00.00 | Mem:0.00M, Peak:0.00M | Scene, ViewLayer | Updating Camera
Fra:5 Mem:19.30M (Peak 61.91M) | Time:00:00.00 | Mem:0.00M, Peak:0.00M | Scene, ViewLayer | Updating Meshes Flags
Fra:5 Mem:19.30M (Peak 61.91M) | Time:00:00.00 | Mem:0.00M, Peak:0.00M | Scene, ViewLayer | Updating Objects
Fra:5 Mem:19.30M (Peak 61.91M) | Time:00:00.00 | Mem:0.00M, Peak:0.00M | Scene, ViewLayer | Updating Objects | Copying Transformations to device
Fra:5 Mem:19.30M (Peak 61.91M) | Time:00:00.00 | Mem:0.01M, Peak:0.01M | Scene, ViewLayer | Updating Objects | Applying Static Transformations
Fra:5 Mem:19.30M (Peak 61.91M) | Time:00:00.00 | Mem:0.01M, Peak:0.01M | Scene, ViewLayer | Updating Particle Systems
Fra:5 Mem:19.30M (Peak 61.91M) | Time:00:00.00 | Mem:0.01M, Peak:0.01M | Scene, ViewLayer | Updating Particle Systems | Copying Particles to device
Fra:5 Mem:19.30M (Peak 61.91M) | Time:00:00.00 | Mem:0.01M, Peak:0.01M | Scene, ViewLayer | Updating Meshes
Fra:5 Mem:19.62M (Peak 61.91M) | Time:00:00.00 | Mem:0.01M, Peak:0.01M | Scene, ViewLayer | Updating Mesh | Computing attributes
Fra:5 Mem:20.14M (Peak 61.91M) | Time:00:00.00 | Mem:0.01M, Peak:0.01M | Scene, ViewLayer | Updating Mesh | Copying Attributes to device
Fra:5 Mem:20.13M (Peak 61.91M) | Time:00:00.00 | Mem:0.52M, Peak:0.52M | Scene, ViewLayer | Updating Scene BVH | Building
Fra:5 Mem:20.13M (Peak 61.91M) | Time:00:00.00 | Mem:0.52M, Peak:0.52M | Scene, ViewLayer | Updating Scene BVH | Building BVH
Fra:5 Mem:20.13M (Peak 61.91M) | Time:00:00.00 | Mem:1.16M, Peak:1.16M | Scene, ViewLayer | Updating Scene BVH | Building BVH 0%
Fra:5 Mem:20.13M (Peak 61.91M) | Time:00:00.01 | Mem:1.93M, Peak:2.58M | Scene, ViewLayer | Updating Scene BVH | Copying BVH to device
Fra:5 Mem:20.13M (Peak 61.91M) | Time:00:00.01 | Mem:1.93M, Peak:2.58M | Scene, ViewLayer | Updating Mesh | Computing normals
Fra:5 Mem:21.89M (Peak 61.91M) | Time:00:00.01 | Mem:1.93M, Peak:2.58M | Scene, ViewLayer | Updating Mesh | Copying Mesh to device
Fra:5 Mem:21.89M (Peak 61.91M) | Time:00:00.01 | Mem:3.69M, Peak:3.69M | Scene, ViewLayer | Updating Objects Flags
Fra:5 Mem:21.89M (Peak 61.91M) | Time:00:00.01 | Mem:3.69M, Peak:3.69M | Scene, ViewLayer | Updating Primitive Offsets
Fra:5 Mem:21.89M (Peak 61.91M) | Time:00:00.01 | Mem:3.69M, Peak:3.69M | Scene, ViewLayer | Updating Images
Fra:5 Mem:21.89M (Peak 61.91M) | Time:00:00.01 | Mem:3.69M, Peak:3.69M | Scene, ViewLayer | Updating Camera Volume
Fra:5 Mem:21.89M (Peak 61.91M) | Time:00:00.01 | Mem:3.69M, Peak:3.69M | Scene, ViewLayer | Updating Lookup Tables
Fra:5 Mem:21.89M (Peak 61.91M) | Time:00:00.01 | Mem:3.77M, Peak:3.77M | Scene, ViewLayer | Updating Lights
Fra:5 Mem:21.89M (Peak 61.91M) | Time:00:00.01 | Mem:3.77M, Peak:3.77M | Scene, ViewLayer | Updating Lights | Computing distribution
Fra:5 Mem:21.89M (Peak 61.91M) | Time:00:00.01 | Mem:3.77M, Peak:3.77M | Scene, ViewLayer | Updating Lights | Computing tree
Fra:5 Mem:21.89M (Peak 61.91M) | Time:00:00.01 | Mem:3.77M, Peak:3.77M | Scene, ViewLayer | Updating Integrator
Fra:5 Mem:22.89M (Peak 61.91M) | Time:00:00.01 | Mem:4.77M, Peak:4.77M | Scene, ViewLayer | Updating Film
Fra:5 Mem:22.89M (Peak 61.91M) | Time:00:00.01 | Mem:4.69M, Peak:4.77M | Scene, ViewLayer | Updating Lookup Tables
Fra:5 Mem:22.89M (Peak 61.91M) | Time:00:00.01 | Mem:4.78M, Peak:4.78M | Scene, ViewLayer | Updating Baking
Fra:5 Mem:22.89M (Peak 61.91M) | Time:00:00.01 | Mem:4.78M, Peak:4.78M | Scene, ViewLayer | Updating Device | Writing constant memory
Fra:5 Mem:22.89M (Peak 61.91M) | Time:00:00.01 | Mem:4.78M, Peak:4.78M | Scene, ViewLayer | Sample 0/32
Fra:5 Mem:41.91M (Peak 61.91M) | Time:00:00.04 | Remaining:00:00.92 | Mem:23.78M, Peak:23.78M | Scene, ViewLayer | Sample 1/32
Fra:5 Mem:49.91M (Peak 61.91M) | Time:00:01.67 | Mem:23.78M, Peak:23.78M | Scene, ViewLayer | Sample 32/32
Fra:5 Mem:49.91M (Peak 61.91M) | Time:00:01.67 | Mem:23.78M, Peak:23.78M | Scene, ViewLayer | Finished
Fra:5 Mem:24.84M (Peak 61.91M) | Time:00:01.67 | Compositing
Fra:5 Mem:24.84M (Peak 61.91M) | Time:00:01.67 | Compositing | Determining resolution
Fra:5 Mem:24.84M (Peak 61.91M) | Time:00:01.67 | Compositing | Initializing execution
Fra:5 Mem:24.84M (Peak 61.91M) | Time:00:01.67 | Compositing | De-initializing execution
Saved: '/vepfs_default/chanxueyan/lhp/lms/aDSL/temp/geometry_expression_20260929/B/SF06/views/render_0005.png'
Time: 00:01.69 (Saving: 00:00.02)

Fra:6 Mem:18.56M (Peak 61.91M) | Time:00:00.00 | Mem:0.00M, Peak:0.00M | Scene, ViewLayer | Synchronizing object | geometry_0_hull.002
Fra:6 Mem:18.56M (Peak 61.91M) | Time:00:00.00 | Mem:0.00M, Peak:0.00M | Scene, ViewLayer | Synchronizing object | geometry_0_cube.002
Fra:6 Mem:18.73M (Peak 61.91M) | Time:00:00.00 | Mem:0.00M, Peak:0.00M | Scene, ViewLayer | Synchronizing object | geometry_0_cube.003
Fra:6 Mem:18.77M (Peak 61.91M) | Time:00:00.00 | Mem:0.00M, Peak:0.00M | Scene, ViewLayer | Synchronizing object | geometry_0_hull.001
Fra:6 Mem:18.73M (Peak 61.91M) | Time:00:00.00 | Mem:0.00M, Peak:0.00M | Scene, ViewLayer | Synchronizing object | geometry_0_sphere.001
Fra:6 Mem:19.25M (Peak 61.91M) | Time:00:00.00 | Mem:0.00M, Peak:0.00M | Scene, ViewLayer | Synchronizing object | geometry_0_sphere.002
Fra:6 Mem:19.24M (Peak 61.91M) | Time:00:00.00 | Mem:0.00M, Peak:0.00M | Scene, ViewLayer | Synchronizing object | geometry_0_sphere.003
Fra:6 Mem:19.53M (Peak 61.91M) | Time:00:00.00 | Mem:0.00M, Peak:0.00M | Scene, ViewLayer | Synchronizing object | geometry_0_sphere.004
Fra:6 Mem:19.61M (Peak 61.91M) | Time:00:00.00 | Mem:0.00M, Peak:0.00M | Scene, ViewLayer | Synchronizing object | geometry_0_sphere.005
Fra:6 Mem:19.65M (Peak 61.91M) | Time:00:00.00 | Mem:0.00M, Peak:0.00M | Scene, ViewLayer | Synchronizing object | geometry_0_hull.004
Fra:6 Mem:19.85M (Peak 61.91M) | Time:00:00.00 | Mem:0.00M, Peak:0.00M | Scene, ViewLayer | Synchronizing object | geometry_0_sphere.006
Fra:6 Mem:19.94M (Peak 61.91M) | Time:00:00.00 | Mem:0.00M, Peak:0.00M | Scene, ViewLayer | Synchronizing object | geometry_0_sphere.007
Fra:6 Mem:20.08M (Peak 61.91M) | Time:00:00.00 | Mem:0.00M, Peak:0.00M | Scene, ViewLayer | Synchronizing object | geometry_0_cube.005
Fra:6 Mem:20.14M (Peak 61.91M) | Time:00:00.00 | Mem:0.00M, Peak:0.00M | Scene, ViewLayer | Synchronizing object | geometry_0_cube.004
Fra:6 Mem:20.08M (Peak 61.91M) | Time:00:00.00 | Mem:0.00M, Peak:0.00M | Scene, ViewLayer | Synchronizing object | geometry_0_cube
Fra:6 Mem:20.13M (Peak 61.91M) | Time:00:00.00 | Mem:0.00M, Peak:0.00M | Scene, ViewLayer | Synchronizing object | geometry_0_sphere.009
Fra:6 Mem:20.23M (Peak 61.91M) | Time:00:00.00 | Mem:0.00M, Peak:0.00M | Scene, ViewLayer | Synchronizing object | geometry_0_cube.001
Fra:6 Mem:20.33M (Peak 61.91M) | Time:00:00.00 | Mem:0.00M, Peak:0.00M | Scene, ViewLayer | Synchronizing object | geometry_0_sphere
Fra:6 Mem:20.40M (Peak 61.91M) | Time:00:00.00 | Mem:0.00M, Peak:0.00M | Scene, ViewLayer | Synchronizing object | geometry_0_sphere.010
Fra:6 Mem:20.45M (Peak 61.91M) | Time:00:00.00 | Mem:0.00M, Peak:0.00M | Scene, ViewLayer | Synchronizing object | geometry_0_sphere.011
Fra:6 Mem:20.58M (Peak 61.91M) | Time:00:00.00 | Mem:0.00M, Peak:0.00M | Scene, ViewLayer | Synchronizing object | geometry_0_sphere.014
Fra:6 Mem:20.75M (Peak 61.91M) | Time:00:00.00 | Mem:0.00M, Peak:0.00M | Scene, ViewLayer | Synchronizing object | geometry_0_sphere.012
Fra:6 Mem:20.75M (Peak 61.91M) | Time:00:00.00 | Mem:0.00M, Peak:0.00M | Scene, ViewLayer | Synchronizing object | geometry_0_sphere.013
Fra:6 Mem:20.93M (Peak 61.91M) | Time:00:00.00 | Mem:0.00M, Peak:0.00M | Scene, ViewLayer | Initializing
Fra:6 Mem:19.21M (Peak 61.91M) | Time:00:00.00 | Mem:0.00M, Peak:0.00M | Scene, ViewLayer | Waiting for render to start
Fra:6 Mem:19.21M (Peak 61.91M) | Time:00:00.00 | Mem:0.00M, Peak:0.00M | Scene, ViewLayer | Loading render kernels (may take a few minutes the first time)
Fra:6 Mem:19.21M (Peak 61.91M) | Time:00:00.00 | Mem:0.00M, Peak:0.00M | Scene, ViewLayer | Updating Scene
Fra:6 Mem:19.21M (Peak 61.91M) | Time:00:00.00 | Mem:0.00M, Peak:0.00M | Scene, ViewLayer | Updating Shaders
Fra:6 Mem:19.30M (Peak 61.91M) | Time:00:00.00 | Mem:0.00M, Peak:0.00M | Scene, ViewLayer | Updating Procedurals
Fra:6 Mem:19.30M (Peak 61.91M) | Time:00:00.00 | Mem:0.00M, Peak:0.00M | Scene, ViewLayer | Updating Background
Fra:6 Mem:19.30M (Peak 61.91M) | Time:00:00.00 | Mem:0.00M, Peak:0.00M | Scene, ViewLayer | Updating Camera
Fra:6 Mem:19.30M (Peak 61.91M) | Time:00:00.00 | Mem:0.00M, Peak:0.00M | Scene, ViewLayer | Updating Meshes Flags
Fra:6 Mem:19.30M (Peak 61.91M) | Time:00:00.00 | Mem:0.00M, Peak:0.00M | Scene, ViewLayer | Updating Objects
Fra:6 Mem:19.30M (Peak 61.91M) | Time:00:00.00 | Mem:0.00M, Peak:0.00M | Scene, ViewLayer | Updating Objects | Copying Transformations to device
Fra:6 Mem:19.30M (Peak 61.91M) | Time:00:00.00 | Mem:0.01M, Peak:0.01M | Scene, ViewLayer | Updating Objects | Applying Static Transformations
Fra:6 Mem:19.30M (Peak 61.91M) | Time:00:00.00 | Mem:0.01M, Peak:0.01M | Scene, ViewLayer | Updating Particle Systems
Fra:6 Mem:19.30M (Peak 61.91M) | Time:00:00.00 | Mem:0.01M, Peak:0.01M | Scene, ViewLayer | Updating Particle Systems | Copying Particles to device
Fra:6 Mem:19.30M (Peak 61.91M) | Time:00:00.00 | Mem:0.01M, Peak:0.01M | Scene, ViewLayer | Updating Meshes
Fra:6 Mem:19.62M (Peak 61.91M) | Time:00:00.00 | Mem:0.01M, Peak:0.01M | Scene, ViewLayer | Updating Mesh | Computing attributes
Fra:6 Mem:20.14M (Peak 61.91M) | Time:00:00.00 | Mem:0.01M, Peak:0.01M | Scene, ViewLayer | Updating Mesh | Copying Attributes to device
Fra:6 Mem:20.13M (Peak 61.91M) | Time:00:00.00 | Mem:0.52M, Peak:0.52M | Scene, ViewLayer | Updating Scene BVH | Building
Fra:6 Mem:20.13M (Peak 61.91M) | Time:00:00.00 | Mem:0.52M, Peak:0.52M | Scene, ViewLayer | Updating Scene BVH | Building BVH
Fra:6 Mem:20.13M (Peak 61.91M) | Time:00:00.00 | Mem:1.16M, Peak:1.16M | Scene, ViewLayer | Updating Scene BVH | Building BVH 0%
Fra:6 Mem:20.13M (Peak 61.91M) | Time:00:00.01 | Mem:1.93M, Peak:2.58M | Scene, ViewLayer | Updating Scene BVH | Copying BVH to device
Fra:6 Mem:20.13M (Peak 61.91M) | Time:00:00.01 | Mem:1.93M, Peak:2.58M | Scene, ViewLayer | Updating Mesh | Computing normals
Fra:6 Mem:21.89M (Peak 61.91M) | Time:00:00.01 | Mem:1.93M, Peak:2.58M | Scene, ViewLayer | Updating Mesh | Copying Mesh to device
Fra:6 Mem:21.89M (Peak 61.91M) | Time:00:00.01 | Mem:3.69M, Peak:3.69M | Scene, ViewLayer | Updating Objects Flags
Fra:6 Mem:21.89M (Peak 61.91M) | Time:00:00.01 | Mem:3.69M, Peak:3.69M | Scene, ViewLayer | Updating Primitive Offsets
Fra:6 Mem:21.89M (Peak 61.91M) | Time:00:00.01 | Mem:3.69M, Peak:3.69M | Scene, ViewLayer | Updating Images
Fra:6 Mem:21.89M (Peak 61.91M) | Time:00:00.01 | Mem:3.69M, Peak:3.69M | Scene, ViewLayer | Updating Camera Volume
Fra:6 Mem:21.89M (Peak 61.91M) | Time:00:00.01 | Mem:3.69M, Peak:3.69M | Scene, ViewLayer | Updating Lookup Tables
Fra:6 Mem:21.89M (Peak 61.91M) | Time:00:00.01 | Mem:3.77M, Peak:3.77M | Scene, ViewLayer | Updating Lights
Fra:6 Mem:21.89M (Peak 61.91M) | Time:00:00.01 | Mem:3.77M, Peak:3.77M | Scene, ViewLayer | Updating Lights | Computing distribution
Fra:6 Mem:21.89M (Peak 61.91M) | Time:00:00.01 | Mem:3.77M, Peak:3.77M | Scene, ViewLayer | Updating Lights | Computing tree
Fra:6 Mem:21.89M (Peak 61.91M) | Time:00:00.01 | Mem:3.77M, Peak:3.77M | Scene, ViewLayer | Updating Integrator
Fra:6 Mem:22.89M (Peak 61.91M) | Time:00:00.01 | Mem:4.77M, Peak:4.77M | Scene, ViewLayer | Updating Film
Fra:6 Mem:22.89M (Peak 61.91M) | Time:00:00.01 | Mem:4.69M, Peak:4.77M | Scene, ViewLayer | Updating Lookup Tables
Fra:6 Mem:22.89M (Peak 61.91M) | Time:00:00.01 | Mem:4.78M, Peak:4.78M | Scene, ViewLayer | Updating Baking
Fra:6 Mem:22.89M (Peak 61.91M) | Time:00:00.01 | Mem:4.78M, Peak:4.78M | Scene, ViewLayer | Updating Device | Writing constant memory
Fra:6 Mem:22.89M (Peak 61.91M) | Time:00:00.01 | Mem:4.78M, Peak:4.78M | Scene, ViewLayer | Sample 0/32
Fra:6 Mem:41.91M (Peak 61.91M) | Time:00:00.05 | Remaining:00:01.26 | Mem:23.78M, Peak:23.78M | Scene, ViewLayer | Sample 1/32
Fra:6 Mem:49.91M (Peak 61.91M) | Time:00:02.15 | Mem:23.78M, Peak:23.78M | Scene, ViewLayer | Sample 32/32
Fra:6 Mem:49.91M (Peak 61.91M) | Time:00:02.15 | Mem:23.78M, Peak:23.78M | Scene, ViewLayer | Finished
Fra:6 Mem:24.84M (Peak 61.91M) | Time:00:02.15 | Compositing
Fra:6 Mem:24.84M (Peak 61.91M) | Time:00:02.15 | Compositing | Determining resolution
Fra:6 Mem:24.84M (Peak 61.91M) | Time:00:02.15 | Compositing | Initializing execution
Fra:6 Mem:24.84M (Peak 61.91M) | Time:00:02.15 | Compositing | De-initializing execution
Saved: '/vepfs_default/chanxueyan/lhp/lms/aDSL/temp/geometry_expression_20260929/B/SF06/views/render_0006.png'
Time: 00:02.17 (Saving: 00:00.02)

Fra:7 Mem:18.56M (Peak 61.91M) | Time:00:00.00 | Mem:0.00M, Peak:0.00M | Scene, ViewLayer | Synchronizing object | geometry_0_hull.002
Fra:7 Mem:18.63M (Peak 61.91M) | Time:00:00.00 | Mem:0.00M, Peak:0.00M | Scene, ViewLayer | Synchronizing object | geometry_0_cube.002
Fra:7 Mem:18.77M (Peak 61.91M) | Time:00:00.00 | Mem:0.00M, Peak:0.00M | Scene, ViewLayer | Synchronizing object | geometry_0_hull.001
Fra:7 Mem:18.85M (Peak 61.91M) | Time:00:00.00 | Mem:0.00M, Peak:0.00M | Scene, ViewLayer | Synchronizing object | geometry_0_hull.003
Fra:7 Mem:19.01M (Peak 61.91M) | Time:00:00.00 | Mem:0.00M, Peak:0.00M | Scene, ViewLayer | Synchronizing object | geometry_0_sphere.001
Fra:7 Mem:19.17M (Peak 61.91M) | Time:00:00.00 | Mem:0.00M, Peak:0.00M | Scene, ViewLayer | Synchronizing object | geometry_0_hull
Fra:7 Mem:19.25M (Peak 61.91M) | Time:00:00.00 | Mem:0.00M, Peak:0.00M | Scene, ViewLayer | Synchronizing object | geometry_0_sphere.002
Fra:7 Mem:19.39M (Peak 61.91M) | Time:00:00.00 | Mem:0.00M, Peak:0.00M | Scene, ViewLayer | Synchronizing object | geometry_0_sphere.003
Fra:7 Mem:19.47M (Peak 61.91M) | Time:00:00.00 | Mem:0.00M, Peak:0.00M | Scene, ViewLayer | Synchronizing object | geometry_0_hull.004
Fra:7 Mem:19.58M (Peak 61.91M) | Time:00:00.00 | Mem:0.00M, Peak:0.00M | Scene, ViewLayer | Synchronizing object | geometry_0_sphere.004
Fra:7 Mem:19.76M (Peak 61.91M) | Time:00:00.00 | Mem:0.00M, Peak:0.00M | Scene, ViewLayer | Synchronizing object | geometry_0_cube.005
Fra:7 Mem:19.76M (Peak 61.91M) | Time:00:00.00 | Mem:0.00M, Peak:0.00M | Scene, ViewLayer | Synchronizing object | geometry_0_sphere.006
Fra:7 Mem:19.84M (Peak 61.91M) | Time:00:00.00 | Mem:0.00M, Peak:0.00M | Scene, ViewLayer | Synchronizing object | geometry_0_cube.004
Fra:7 Mem:19.97M (Peak 61.91M) | Time:00:00.00 | Mem:0.00M, Peak:0.00M | Scene, ViewLayer | Synchronizing object | geometry_0_cube
Fra:7 Mem:19.94M (Peak 61.91M) | Time:00:00.00 | Mem:0.00M, Peak:0.00M | Scene, ViewLayer | Synchronizing object | geometry_0_sphere.007
Fra:7 Mem:20.02M (Peak 61.91M) | Time:00:00.00 | Mem:0.00M, Peak:0.00M | Scene, ViewLayer | Synchronizing object | geometry_0_cube.001
Fra:7 Mem:20.11M (Peak 61.91M) | Time:00:00.00 | Mem:0.00M, Peak:0.00M | Scene, ViewLayer | Synchronizing object | geometry_0_sphere
Fra:7 Mem:20.19M (Peak 61.91M) | Time:00:00.00 | Mem:0.00M, Peak:0.00M | Scene, ViewLayer | Synchronizing object | geometry_0_sphere.008
Fra:7 Mem:20.23M (Peak 61.91M) | Time:00:00.00 | Mem:0.00M, Peak:0.00M | Scene, ViewLayer | Synchronizing object | geometry_0_sphere.009
Fra:7 Mem:20.31M (Peak 61.91M) | Time:00:00.00 | Mem:0.00M, Peak:0.00M | Scene, ViewLayer | Synchronizing object | geometry_0_sphere.014
Fra:7 Mem:20.57M (Peak 61.91M) | Time:00:00.00 | Mem:0.00M, Peak:0.00M | Scene, ViewLayer | Synchronizing object | geometry_0_sphere.010
Fra:7 Mem:20.58M (Peak 61.91M) | Time:00:00.00 | Mem:0.00M, Peak:0.00M | Scene, ViewLayer | Synchronizing object | geometry_0_sphere.011
Fra:7 Mem:20.80M (Peak 61.91M) | Time:00:00.00 | Mem:0.00M, Peak:0.00M | Scene, ViewLayer | Synchronizing object | geometry_0_sphere.012
Fra:7 Mem:20.93M (Peak 61.91M) | Time:00:00.00 | Mem:0.00M, Peak:0.00M | Scene, ViewLayer | Initializing
Fra:7 Mem:19.21M (Peak 61.91M) | Time:00:00.00 | Mem:0.00M, Peak:0.00M | Scene, ViewLayer | Waiting for render to start
Fra:7 Mem:19.21M (Peak 61.91M) | Time:00:00.00 | Mem:0.00M, Peak:0.00M | Scene, ViewLayer | Loading render kernels (may take a few minutes the first time)
Fra:7 Mem:19.21M (Peak 61.91M) | Time:00:00.00 | Mem:0.00M, Peak:0.00M | Scene, ViewLayer | Updating Scene
Fra:7 Mem:19.21M (Peak 61.91M) | Time:00:00.00 | Mem:0.00M, Peak:0.00M | Scene, ViewLayer | Updating Shaders
Fra:7 Mem:19.30M (Peak 61.91M) | Time:00:00.00 | Mem:0.00M, Peak:0.00M | Scene, ViewLayer | Updating Procedurals
Fra:7 Mem:19.30M (Peak 61.91M) | Time:00:00.00 | Mem:0.00M, Peak:0.00M | Scene, ViewLayer | Updating Background
Fra:7 Mem:19.30M (Peak 61.91M) | Time:00:00.00 | Mem:0.00M, Peak:0.00M | Scene, ViewLayer | Updating Camera
Fra:7 Mem:19.30M (Peak 61.91M) | Time:00:00.00 | Mem:0.00M, Peak:0.00M | Scene, ViewLayer | Updating Meshes Flags
Fra:7 Mem:19.30M (Peak 61.91M) | Time:00:00.00 | Mem:0.00M, Peak:0.00M | Scene, ViewLayer | Updating Objects
Fra:7 Mem:19.30M (Peak 61.91M) | Time:00:00.00 | Mem:0.00M, Peak:0.00M | Scene, ViewLayer | Updating Objects | Copying Transformations to device
Fra:7 Mem:19.30M (Peak 61.91M) | Time:00:00.00 | Mem:0.01M, Peak:0.01M | Scene, ViewLayer | Updating Objects | Applying Static Transformations
Fra:7 Mem:19.30M (Peak 61.91M) | Time:00:00.00 | Mem:0.01M, Peak:0.01M | Scene, ViewLayer | Updating Particle Systems
Fra:7 Mem:19.30M (Peak 61.91M) | Time:00:00.00 | Mem:0.01M, Peak:0.01M | Scene, ViewLayer | Updating Particle Systems | Copying Particles to device
Fra:7 Mem:19.30M (Peak 61.91M) | Time:00:00.00 | Mem:0.01M, Peak:0.01M | Scene, ViewLayer | Updating Meshes
Fra:7 Mem:19.62M (Peak 61.91M) | Time:00:00.00 | Mem:0.01M, Peak:0.01M | Scene, ViewLayer | Updating Mesh | Computing attributes
Fra:7 Mem:20.14M (Peak 61.91M) | Time:00:00.00 | Mem:0.01M, Peak:0.01M | Scene, ViewLayer | Updating Mesh | Copying Attributes to device
Fra:7 Mem:20.13M (Peak 61.91M) | Time:00:00.00 | Mem:0.52M, Peak:0.52M | Scene, ViewLayer | Updating Scene BVH | Building
Fra:7 Mem:20.13M (Peak 61.91M) | Time:00:00.00 | Mem:0.52M, Peak:0.52M | Scene, ViewLayer | Updating Scene BVH | Building BVH
Fra:7 Mem:20.13M (Peak 61.91M) | Time:00:00.00 | Mem:1.16M, Peak:1.16M | Scene, ViewLayer | Updating Scene BVH | Building BVH 0%
Fra:7 Mem:20.13M (Peak 61.91M) | Time:00:00.01 | Mem:1.93M, Peak:2.58M | Scene, ViewLayer | Updating Scene BVH | Copying BVH to device
Fra:7 Mem:20.13M (Peak 61.91M) | Time:00:00.01 | Mem:1.93M, Peak:2.58M | Scene, ViewLayer | Updating Mesh | Computing normals
Fra:7 Mem:21.89M (Peak 61.91M) | Time:00:00.01 | Mem:1.93M, Peak:2.58M | Scene, ViewLayer | Updating Mesh | Copying Mesh to device
Fra:7 Mem:21.89M (Peak 61.91M) | Time:00:00.01 | Mem:3.69M, Peak:3.69M | Scene, ViewLayer | Updating Objects Flags
Fra:7 Mem:21.89M (Peak 61.91M) | Time:00:00.01 | Mem:3.69M, Peak:3.69M | Scene, ViewLayer | Updating Primitive Offsets
Fra:7 Mem:21.89M (Peak 61.91M) | Time:00:00.01 | Mem:3.69M, Peak:3.69M | Scene, ViewLayer | Updating Images
Fra:7 Mem:21.89M (Peak 61.91M) | Time:00:00.01 | Mem:3.69M, Peak:3.69M | Scene, ViewLayer | Updating Camera Volume
Fra:7 Mem:21.89M (Peak 61.91M) | Time:00:00.01 | Mem:3.69M, Peak:3.69M | Scene, ViewLayer | Updating Lookup Tables
Fra:7 Mem:21.89M (Peak 61.91M) | Time:00:00.01 | Mem:3.77M, Peak:3.77M | Scene, ViewLayer | Updating Lights
Fra:7 Mem:21.89M (Peak 61.91M) | Time:00:00.01 | Mem:3.77M, Peak:3.77M | Scene, ViewLayer | Updating Lights | Computing distribution
Fra:7 Mem:21.89M (Peak 61.91M) | Time:00:00.01 | Mem:3.77M, Peak:3.77M | Scene, ViewLayer | Updating Lights | Computing tree
Fra:7 Mem:21.89M (Peak 61.91M) | Time:00:00.01 | Mem:3.77M, Peak:3.77M | Scene, ViewLayer | Updating Integrator
Fra:7 Mem:22.89M (Peak 61.91M) | Time:00:00.01 | Mem:4.77M, Peak:4.77M | Scene, ViewLayer | Updating Film
Fra:7 Mem:22.89M (Peak 61.91M) | Time:00:00.01 | Mem:4.69M, Peak:4.77M | Scene, ViewLayer | Updating Lookup Tables
Fra:7 Mem:22.89M (Peak 61.91M) | Time:00:00.01 | Mem:4.78M, Peak:4.78M | Scene, ViewLayer | Updating Baking
Fra:7 Mem:22.89M (Peak 61.91M) | Time:00:00.01 | Mem:4.78M, Peak:4.78M | Scene, ViewLayer | Updating Device | Writing constant memory
Fra:7 Mem:22.89M (Peak 61.91M) | Time:00:00.01 | Mem:4.78M, Peak:4.78M | Scene, ViewLayer | Sample 0/32
Fra:7 Mem:41.91M (Peak 61.91M) | Time:00:00.05 | Remaining:00:01.27 | Mem:23.78M, Peak:23.78M | Scene, ViewLayer | Sample 1/32
Fra:7 Mem:49.91M (Peak 61.91M) | Time:00:02.05 | Mem:23.78M, Peak:23.78M | Scene, ViewLayer | Sample 32/32
Fra:7 Mem:49.91M (Peak 61.91M) | Time:00:02.05 | Mem:23.78M, Peak:23.78M | Scene, ViewLayer | Finished
Fra:7 Mem:24.84M (Peak 61.91M) | Time:00:02.05 | Compositing
Fra:7 Mem:24.84M (Peak 61.91M) | Time:00:02.05 | Compositing | Determining resolution
Fra:7 Mem:24.84M (Peak 61.91M) | Time:00:02.05 | Compositing | Initializing execution
Fra:7 Mem:24.84M (Peak 61.91M) | Time:00:02.05 | Compositing | De-initializing execution
Saved: '/vepfs_default/chanxueyan/lhp/lms/aDSL/temp/geometry_expression_20260929/B/SF06/views/render_0007.png'
Time: 00:02.07 (Saving: 00:00.02)

Fra:8 Mem:18.56M (Peak 61.91M) | Time:00:00.00 | Mem:0.00M, Peak:0.00M | Scene, ViewLayer | Synchronizing object | geometry_0_hull.002
Fra:8 Mem:18.63M (Peak 61.91M) | Time:00:00.00 | Mem:0.00M, Peak:0.00M | Scene, ViewLayer | Synchronizing object | geometry_0_cube.002
Fra:8 Mem:18.73M (Peak 61.91M) | Time:00:00.00 | Mem:0.00M, Peak:0.00M | Scene, ViewLayer | Synchronizing object | geometry_0_cube.003
Fra:8 Mem:18.73M (Peak 61.91M) | Time:00:00.00 | Mem:0.00M, Peak:0.00M | Scene, ViewLayer | Synchronizing object | geometry_0_hull.001
Fra:8 Mem:18.84M (Peak 61.91M) | Time:00:00.00 | Mem:0.00M, Peak:0.00M | Scene, ViewLayer | Synchronizing object | geometry_0_sphere.001
Fra:8 Mem:19.19M (Peak 61.91M) | Time:00:00.00 | Mem:0.00M, Peak:0.00M | Scene, ViewLayer | Synchronizing object | geometry_0_sphere.002
Fra:8 Mem:19.28M (Peak 61.91M) | Time:00:00.00 | Mem:0.00M, Peak:0.00M | Scene, ViewLayer | Synchronizing object | geometry_0_sphere.003
Fra:8 Mem:19.34M (Peak 61.91M) | Time:00:00.00 | Mem:0.00M, Peak:0.00M | Scene, ViewLayer | Synchronizing object | geometry_0_hull
Fra:8 Mem:19.49M (Peak 61.91M) | Time:00:00.00 | Mem:0.00M, Peak:0.00M | Scene, ViewLayer | Synchronizing object | geometry_0_sphere.004
Fra:8 Mem:19.57M (Peak 61.91M) | Time:00:00.00 | Mem:0.00M, Peak:0.00M | Scene, ViewLayer | Synchronizing object | geometry_0_sphere.005
Fra:8 Mem:19.74M (Peak 61.91M) | Time:00:00.00 | Mem:0.00M, Peak:0.00M | Scene, ViewLayer | Synchronizing object | geometry_0_hull.004
Fra:8 Mem:19.85M (Peak 61.91M) | Time:00:00.00 | Mem:0.00M, Peak:0.00M | Scene, ViewLayer | Synchronizing object | geometry_0_sphere.006
Fra:8 Mem:19.85M (Peak 61.91M) | Time:00:00.00 | Mem:0.00M, Peak:0.00M | Scene, ViewLayer | Synchronizing object | geometry_0_sphere.007
Fra:8 Mem:20.14M (Peak 61.91M) | Time:00:00.00 | Mem:0.00M, Peak:0.00M | Scene, ViewLayer | Synchronizing object | geometry_0_cube.005
Fra:8 Mem:20.08M (Peak 61.91M) | Time:00:00.00 | Mem:0.00M, Peak:0.00M | Scene, ViewLayer | Synchronizing object | geometry_0_sphere.008
Fra:8 Mem:20.15M (Peak 61.91M) | Time:00:00.00 | Mem:0.00M, Peak:0.00M | Scene, ViewLayer | Synchronizing object | geometry_0_cube.004
Fra:8 Mem:20.26M (Peak 61.91M) | Time:00:00.00 | Mem:0.00M, Peak:0.00M | Scene, ViewLayer | Synchronizing object | geometry_0_cube
Fra:8 Mem:20.32M (Peak 61.91M) | Time:00:00.00 | Mem:0.00M, Peak:0.00M | Scene, ViewLayer | Synchronizing object | geometry_0_cube.001
Fra:8 Mem:20.33M (Peak 61.91M) | Time:00:00.00 | Mem:0.00M, Peak:0.00M | Scene, ViewLayer | Synchronizing object | geometry_0_sphere.010
Fra:8 Mem:20.34M (Peak 61.91M) | Time:00:00.00 | Mem:0.00M, Peak:0.00M | Scene, ViewLayer | Synchronizing object | geometry_0_sphere.011
Fra:8 Mem:20.67M (Peak 61.91M) | Time:00:00.00 | Mem:0.00M, Peak:0.00M | Scene, ViewLayer | Synchronizing object | geometry_0_sphere.012
Fra:8 Mem:20.61M (Peak 61.91M) | Time:00:00.00 | Mem:0.00M, Peak:0.00M | Scene, ViewLayer | Synchronizing object | geometry_0_sphere.014
Fra:8 Mem:20.93M (Peak 61.91M) | Time:00:00.00 | Mem:0.00M, Peak:0.00M | Scene, ViewLayer | Initializing
Fra:8 Mem:19.21M (Peak 61.91M) | Time:00:00.00 | Mem:0.00M, Peak:0.00M | Scene, ViewLayer | Waiting for render to start
Fra:8 Mem:19.21M (Peak 61.91M) | Time:00:00.00 | Mem:0.00M, Peak:0.00M | Scene, ViewLayer | Loading render kernels (may take a few minutes the first time)
Fra:8 Mem:19.21M (Peak 61.91M) | Time:00:00.00 | Mem:0.00M, Peak:0.00M | Scene, ViewLayer | Updating Scene
Fra:8 Mem:19.21M (Peak 61.91M) | Time:00:00.00 | Mem:0.00M, Peak:0.00M | Scene, ViewLayer | Updating Shaders
Fra:8 Mem:19.30M (Peak 61.91M) | Time:00:00.00 | Mem:0.00M, Peak:0.00M | Scene, ViewLayer | Updating Procedurals
Fra:8 Mem:19.30M (Peak 61.91M) | Time:00:00.00 | Mem:0.00M, Peak:0.00M | Scene, ViewLayer | Updating Background
Fra:8 Mem:19.30M (Peak 61.91M) | Time:00:00.00 | Mem:0.00M, Peak:0.00M | Scene, ViewLayer | Updating Camera
Fra:8 Mem:19.30M (Peak 61.91M) | Time:00:00.00 | Mem:0.00M, Peak:0.00M | Scene, ViewLayer | Updating Meshes Flags
Fra:8 Mem:19.30M (Peak 61.91M) | Time:00:00.00 | Mem:0.00M, Peak:0.00M | Scene, ViewLayer | Updating Objects
Fra:8 Mem:19.30M (Peak 61.91M) | Time:00:00.00 | Mem:0.00M, Peak:0.00M | Scene, ViewLayer | Updating Objects | Copying Transformations to device
Fra:8 Mem:19.30M (Peak 61.91M) | Time:00:00.00 | Mem:0.01M, Peak:0.01M | Scene, ViewLayer | Updating Objects | Applying Static Transformations
Fra:8 Mem:19.30M (Peak 61.91M) | Time:00:00.00 | Mem:0.01M, Peak:0.01M | Scene, ViewLayer | Updating Particle Systems
Fra:8 Mem:19.30M (Peak 61.91M) | Time:00:00.00 | Mem:0.01M, Peak:0.01M | Scene, ViewLayer | Updating Particle Systems | Copying Particles to device
Fra:8 Mem:19.30M (Peak 61.91M) | Time:00:00.00 | Mem:0.01M, Peak:0.01M | Scene, ViewLayer | Updating Meshes
Fra:8 Mem:19.62M (Peak 61.91M) | Time:00:00.00 | Mem:0.01M, Peak:0.01M | Scene, ViewLayer | Updating Mesh | Computing attributes
Fra:8 Mem:20.14M (Peak 61.91M) | Time:00:00.00 | Mem:0.01M, Peak:0.01M | Scene, ViewLayer | Updating Mesh | Copying Attributes to device
Fra:8 Mem:20.13M (Peak 61.91M) | Time:00:00.00 | Mem:0.52M, Peak:0.52M | Scene, ViewLayer | Updating Scene BVH | Building
Fra:8 Mem:20.13M (Peak 61.91M) | Time:00:00.00 | Mem:0.52M, Peak:0.52M | Scene, ViewLayer | Updating Scene BVH | Building BVH
Fra:8 Mem:20.13M (Peak 61.91M) | Time:00:00.00 | Mem:1.16M, Peak:1.16M | Scene, ViewLayer | Updating Scene BVH | Building BVH 0%
Fra:8 Mem:20.13M (Peak 61.91M) | Time:00:00.01 | Mem:1.93M, Peak:2.58M | Scene, ViewLayer | Updating Scene BVH | Copying BVH to device
Fra:8 Mem:20.13M (Peak 61.91M) | Time:00:00.01 | Mem:1.93M, Peak:2.58M | Scene, ViewLayer | Updating Mesh | Computing normals
Fra:8 Mem:21.89M (Peak 61.91M) | Time:00:00.01 | Mem:1.93M, Peak:2.58M | Scene, ViewLayer | Updating Mesh | Copying Mesh to device
Fra:8 Mem:21.89M (Peak 61.91M) | Time:00:00.01 | Mem:3.69M, Peak:3.69M | Scene, ViewLayer | Updating Objects Flags
Fra:8 Mem:21.89M (Peak 61.91M) | Time:00:00.01 | Mem:3.69M, Peak:3.69M | Scene, ViewLayer | Updating Primitive Offsets
Fra:8 Mem:21.89M (Peak 61.91M) | Time:00:00.01 | Mem:3.69M, Peak:3.69M | Scene, ViewLayer | Updating Images
Fra:8 Mem:21.89M (Peak 61.91M) | Time:00:00.01 | Mem:3.69M, Peak:3.69M | Scene, ViewLayer | Updating Camera Volume
Fra:8 Mem:21.89M (Peak 61.91M) | Time:00:00.01 | Mem:3.69M, Peak:3.69M | Scene, ViewLayer | Updating Lookup Tables
Fra:8 Mem:21.89M (Peak 61.91M) | Time:00:00.01 | Mem:3.77M, Peak:3.77M | Scene, ViewLayer | Updating Lights
Fra:8 Mem:21.89M (Peak 61.91M) | Time:00:00.01 | Mem:3.77M, Peak:3.77M | Scene, ViewLayer | Updating Lights | Computing distribution
Fra:8 Mem:21.89M (Peak 61.91M) | Time:00:00.01 | Mem:3.77M, Peak:3.77M | Scene, ViewLayer | Updating Lights | Computing tree
Fra:8 Mem:21.89M (Peak 61.91M) | Time:00:00.01 | Mem:3.77M, Peak:3.77M | Scene, ViewLayer | Updating Integrator
Fra:8 Mem:22.89M (Peak 61.91M) | Time:00:00.01 | Mem:4.77M, Peak:4.77M | Scene, ViewLayer | Updating Film
Fra:8 Mem:22.89M (Peak 61.91M) | Time:00:00.01 | Mem:4.69M, Peak:4.77M | Scene, ViewLayer | Updating Lookup Tables
Fra:8 Mem:22.89M (Peak 61.91M) | Time:00:00.01 | Mem:4.78M, Peak:4.78M | Scene, ViewLayer | Updating Baking
Fra:8 Mem:22.89M (Peak 61.91M) | Time:00:00.01 | Mem:4.78M, Peak:4.78M | Scene, ViewLayer | Updating Device | Writing constant memory
Fra:8 Mem:22.89M (Peak 61.91M) | Time:00:00.01 | Mem:4.78M, Peak:4.78M | Scene, ViewLayer | Sample 0/32
Fra:8 Mem:41.91M (Peak 61.91M) | Time:00:00.05 | Remaining:00:01.32 | Mem:23.78M, Peak:23.78M | Scene, ViewLayer | Sample 1/32
Fra:8 Mem:49.91M (Peak 61.91M) | Time:00:02.19 | Mem:23.78M, Peak:23.78M | Scene, ViewLayer | Sample 32/32
Fra:8 Mem:49.91M (Peak 61.91M) | Time:00:02.19 | Mem:23.78M, Peak:23.78M | Scene, ViewLayer | Finished
Fra:8 Mem:24.84M (Peak 61.91M) | Time:00:02.20 | Compositing
Fra:8 Mem:24.84M (Peak 61.91M) | Time:00:02.20 | Compositing | Determining resolution
Fra:8 Mem:24.84M (Peak 61.91M) | Time:00:02.20 | Compositing | Initializing execution
Fra:8 Mem:24.84M (Peak 61.91M) | Time:00:02.20 | Compositing | De-initializing execution
Saved: '/vepfs_default/chanxueyan/lhp/lms/aDSL/temp/geometry_expression_20260929/B/SF06/views/render_0008.png'
Time: 00:02.22 (Saving: 00:00.02)

Data are loaded, start creating Blender stuff
glTF import finished in 0.06s
