could not get a list of mounted file-systems
Warning: Falling back to the standard locale ("C")
Fra:1 Mem:12.52M (Peak 15.46M) | Time:00:00.00 | Mem:0.00M, Peak:0.00M | Scene, ViewLayer | Synchronizing object | elephant_000_reference
Fra:1 Mem:14.28M (Peak 15.46M) | Time:00:00.00 | Mem:0.00M, Peak:0.00M | Scene, ViewLayer | Initializing
Fra:1 Mem:14.06M (Peak 15.46M) | Time:00:00.00 | Mem:0.00M, Peak:0.00M | Scene, ViewLayer | Waiting for render to start
Fra:1 Mem:14.06M (Peak 15.46M) | Time:00:00.00 | Mem:0.00M, Peak:0.00M | Scene, ViewLayer | Loading render kernels (may take a few minutes the first time)
Fra:1 Mem:14.06M (Peak 15.46M) | Time:00:00.00 | Mem:0.00M, Peak:0.00M | Scene, ViewLayer | Updating Scene
Fra:1 Mem:14.06M (Peak 15.46M) | Time:00:00.00 | Mem:0.00M, Peak:0.00M | Scene, ViewLayer | Updating Shaders
Fra:1 Mem:14.14M (Peak 15.46M) | Time:00:00.00 | Mem:0.00M, Peak:0.00M | Scene, ViewLayer | Updating Procedurals
Fra:1 Mem:14.14M (Peak 15.46M) | Time:00:00.00 | Mem:0.00M, Peak:0.00M | Scene, ViewLayer | Updating Background
Fra:1 Mem:14.14M (Peak 15.46M) | Time:00:00.00 | Mem:0.00M, Peak:0.00M | Scene, ViewLayer | Updating Camera
Fra:1 Mem:14.14M (Peak 15.46M) | Time:00:00.00 | Mem:0.00M, Peak:0.00M | Scene, ViewLayer | Updating Meshes Flags
Fra:1 Mem:14.14M (Peak 15.46M) | Time:00:00.00 | Mem:0.00M, Peak:0.00M | Scene, ViewLayer | Updating Objects
Fra:1 Mem:14.14M (Peak 15.46M) | Time:00:00.00 | Mem:0.00M, Peak:0.00M | Scene, ViewLayer | Updating Objects | Copying Transformations to device
Fra:1 Mem:14.14M (Peak 15.46M) | Time:00:00.00 | Mem:0.00M, Peak:0.00M | Scene, ViewLayer | Updating Objects | Applying Static Transformations
Fra:1 Mem:14.14M (Peak 15.46M) | Time:00:00.00 | Mem:0.00M, Peak:0.00M | Scene, ViewLayer | Updating Particle Systems
Fra:1 Mem:14.14M (Peak 15.46M) | Time:00:00.00 | Mem:0.00M, Peak:0.00M | Scene, ViewLayer | Updating Particle Systems | Copying Particles to device
Fra:1 Mem:14.14M (Peak 15.46M) | Time:00:00.00 | Mem:0.00M, Peak:0.00M | Scene, ViewLayer | Updating Meshes
Fra:1 Mem:14.30M (Peak 15.46M) | Time:00:00.00 | Mem:0.00M, Peak:0.00M | Scene, ViewLayer | Updating Mesh | Computing attributes
Fra:1 Mem:14.66M (Peak 15.46M) | Time:00:00.00 | Mem:0.00M, Peak:0.00M | Scene, ViewLayer | Updating Mesh | Copying Attributes to device
Fra:1 Mem:14.66M (Peak 15.46M) | Time:00:00.00 | Mem:0.36M, Peak:0.36M | Scene, ViewLayer | Updating Scene BVH | Building
Fra:1 Mem:14.66M (Peak 15.46M) | Time:00:00.00 | Mem:0.36M, Peak:0.36M | Scene, ViewLayer | Updating Scene BVH | Building BVH
Fra:1 Mem:14.66M (Peak 15.46M) | Time:00:00.00 | Mem:0.68M, Peak:0.68M | Scene, ViewLayer | Updating Scene BVH | Building BVH 0%
Fra:1 Mem:14.66M (Peak 15.46M) | Time:00:00.00 | Mem:1.03M, Peak:1.35M | Scene, ViewLayer | Updating Scene BVH | Copying BVH to device
Fra:1 Mem:14.66M (Peak 15.46M) | Time:00:00.00 | Mem:1.03M, Peak:1.35M | Scene, ViewLayer | Updating Mesh | Computing normals
Fra:1 Mem:15.81M (Peak 15.81M) | Time:00:00.00 | Mem:1.03M, Peak:1.35M | Scene, ViewLayer | Updating Mesh | Copying Mesh to device
Fra:1 Mem:15.81M (Peak 15.81M) | Time:00:00.00 | Mem:2.18M, Peak:2.18M | Scene, ViewLayer | Updating Objects Flags
Fra:1 Mem:15.81M (Peak 15.81M) | Time:00:00.00 | Mem:2.18M, Peak:2.18M | Scene, ViewLayer | Updating Primitive Offsets
Fra:1 Mem:15.81M (Peak 15.81M) | Time:00:00.00 | Mem:2.18M, Peak:2.18M | Scene, ViewLayer | Updating Images
Fra:1 Mem:15.81M (Peak 15.81M) | Time:00:00.00 | Mem:2.18M, Peak:2.18M | Scene, ViewLayer | Updating Camera Volume
Fra:1 Mem:15.81M (Peak 15.81M) | Time:00:00.00 | Mem:2.18M, Peak:2.18M | Scene, ViewLayer | Updating Lookup Tables
Fra:1 Mem:15.81M (Peak 15.81M) | Time:00:00.00 | Mem:2.26M, Peak:2.26M | Scene, ViewLayer | Updating Lights
Fra:1 Mem:15.81M (Peak 15.81M) | Time:00:00.00 | Mem:2.26M, Peak:2.26M | Scene, ViewLayer | Updating Lights | Computing distribution
Fra:1 Mem:15.81M (Peak 15.81M) | Time:00:00.00 | Mem:2.26M, Peak:2.26M | Scene, ViewLayer | Updating Lights | Computing tree
Fra:1 Mem:15.81M (Peak 15.81M) | Time:00:00.00 | Mem:2.26M, Peak:2.26M | Scene, ViewLayer | Updating Integrator
Fra:1 Mem:16.81M (Peak 16.81M) | Time:00:00.00 | Mem:3.26M, Peak:3.26M | Scene, ViewLayer | Updating Film
Fra:1 Mem:16.81M (Peak 16.81M) | Time:00:00.00 | Mem:3.18M, Peak:3.26M | Scene, ViewLayer | Updating Lookup Tables
Fra:1 Mem:16.81M (Peak 16.81M) | Time:00:00.00 | Mem:3.26M, Peak:3.26M | Scene, ViewLayer | Updating Baking
Fra:1 Mem:16.81M (Peak 16.81M) | Time:00:00.00 | Mem:3.26M, Peak:3.26M | Scene, ViewLayer | Updating Device | Writing constant memory
Fra:1 Mem:16.81M (Peak 16.81M) | Time:00:00.00 | Mem:3.26M, Peak:3.26M | Scene, ViewLayer | Sample 0/32
Fra:1 Mem:35.83M (Peak 35.83M) | Time:00:00.02 | Remaining:00:00.69 | Mem:22.26M, Peak:22.26M | Scene, ViewLayer | Sample 1/32
Fra:1 Mem:43.83M (Peak 55.83M) | Time:00:01.38 | Mem:22.26M, Peak:22.26M | Scene, ViewLayer | Sample 32/32
Fra:1 Mem:43.83M (Peak 55.83M) | Time:00:01.38 | Mem:22.26M, Peak:22.26M | Scene, ViewLayer | Finished
Fra:1 Mem:20.47M (Peak 55.83M) | Time:00:01.38 | Compositing
Fra:1 Mem:20.47M (Peak 55.83M) | Time:00:01.38 | Compositing | Determining resolution
Fra:1 Mem:20.47M (Peak 55.83M) | Time:00:01.38 | Compositing | Initializing execution
Fra:1 Mem:20.47M (Peak 55.83M) | Time:00:01.38 | Compositing | De-initializing execution
Saved: '/vepfs_default/chanxueyan/lhp/lms/aDSL/temp/geometry_elephant_000_20260929/reference/views/render_0001.png'
Time: 00:01.43 (Saving: 00:00.05)

Fra:2 Mem:12.68M (Peak 55.83M) | Time:00:00.00 | Mem:0.00M, Peak:0.00M | Scene, ViewLayer | Synchronizing object | elephant_000_reference
Fra:2 Mem:14.28M (Peak 55.83M) | Time:00:00.00 | Mem:0.00M, Peak:0.00M | Scene, ViewLayer | Initializing
Fra:2 Mem:14.06M (Peak 55.83M) | Time:00:00.00 | Mem:0.00M, Peak:0.00M | Scene, ViewLayer | Waiting for render to start
Fra:2 Mem:14.06M (Peak 55.83M) | Time:00:00.00 | Mem:0.00M, Peak:0.00M | Scene, ViewLayer | Loading render kernels (may take a few minutes the first time)
Fra:2 Mem:14.06M (Peak 55.83M) | Time:00:00.00 | Mem:0.00M, Peak:0.00M | Scene, ViewLayer | Updating Scene
Fra:2 Mem:14.06M (Peak 55.83M) | Time:00:00.00 | Mem:0.00M, Peak:0.00M | Scene, ViewLayer | Updating Shaders
Fra:2 Mem:14.14M (Peak 55.83M) | Time:00:00.00 | Mem:0.00M, Peak:0.00M | Scene, ViewLayer | Updating Procedurals
Fra:2 Mem:14.14M (Peak 55.83M) | Time:00:00.00 | Mem:0.00M, Peak:0.00M | Scene, ViewLayer | Updating Background
Fra:2 Mem:14.14M (Peak 55.83M) | Time:00:00.00 | Mem:0.00M, Peak:0.00M | Scene, ViewLayer | Updating Camera
Fra:2 Mem:14.14M (Peak 55.83M) | Time:00:00.00 | Mem:0.00M, Peak:0.00M | Scene, ViewLayer | Updating Meshes Flags
Fra:2 Mem:14.14M (Peak 55.83M) | Time:00:00.00 | Mem:0.00M, Peak:0.00M | Scene, ViewLayer | Updating Objects
Fra:2 Mem:14.14M (Peak 55.83M) | Time:00:00.00 | Mem:0.00M, Peak:0.00M | Scene, ViewLayer | Updating Objects | Copying Transformations to device
Fra:2 Mem:14.14M (Peak 55.83M) | Time:00:00.00 | Mem:0.00M, Peak:0.00M | Scene, ViewLayer | Updating Objects | Applying Static Transformations
Fra:2 Mem:14.14M (Peak 55.83M) | Time:00:00.00 | Mem:0.00M, Peak:0.00M | Scene, ViewLayer | Updating Particle Systems
Fra:2 Mem:14.14M (Peak 55.83M) | Time:00:00.00 | Mem:0.00M, Peak:0.00M | Scene, ViewLayer | Updating Particle Systems | Copying Particles to device
Fra:2 Mem:14.14M (Peak 55.83M) | Time:00:00.00 | Mem:0.00M, Peak:0.00M | Scene, ViewLayer | Updating Meshes
Fra:2 Mem:14.30M (Peak 55.83M) | Time:00:00.00 | Mem:0.00M, Peak:0.00M | Scene, ViewLayer | Updating Mesh | Computing attributes
Fra:2 Mem:14.66M (Peak 55.83M) | Time:00:00.00 | Mem:0.00M, Peak:0.00M | Scene, ViewLayer | Updating Mesh | Copying Attributes to device
Fra:2 Mem:14.66M (Peak 55.83M) | Time:00:00.00 | Mem:0.36M, Peak:0.36M | Scene, ViewLayer | Updating Scene BVH | Building
Fra:2 Mem:14.66M (Peak 55.83M) | Time:00:00.00 | Mem:0.36M, Peak:0.36M | Scene, ViewLayer | Updating Scene BVH | Building BVH
Fra:2 Mem:14.66M (Peak 55.83M) | Time:00:00.00 | Mem:0.68M, Peak:0.68M | Scene, ViewLayer | Updating Scene BVH | Building BVH 0%
Fra:2 Mem:14.66M (Peak 55.83M) | Time:00:00.00 | Mem:1.03M, Peak:1.35M | Scene, ViewLayer | Updating Scene BVH | Copying BVH to device
Fra:2 Mem:14.66M (Peak 55.83M) | Time:00:00.00 | Mem:1.03M, Peak:1.35M | Scene, ViewLayer | Updating Mesh | Computing normals
Fra:2 Mem:15.81M (Peak 55.83M) | Time:00:00.00 | Mem:1.03M, Peak:1.35M | Scene, ViewLayer | Updating Mesh | Copying Mesh to device
Fra:2 Mem:15.81M (Peak 55.83M) | Time:00:00.00 | Mem:2.18M, Peak:2.18M | Scene, ViewLayer | Updating Objects Flags
Fra:2 Mem:15.81M (Peak 55.83M) | Time:00:00.00 | Mem:2.18M, Peak:2.18M | Scene, ViewLayer | Updating Primitive Offsets
Fra:2 Mem:15.81M (Peak 55.83M) | Time:00:00.00 | Mem:2.18M, Peak:2.18M | Scene, ViewLayer | Updating Images
Fra:2 Mem:15.81M (Peak 55.83M) | Time:00:00.00 | Mem:2.18M, Peak:2.18M | Scene, ViewLayer | Updating Camera Volume
Fra:2 Mem:15.81M (Peak 55.83M) | Time:00:00.00 | Mem:2.18M, Peak:2.18M | Scene, ViewLayer | Updating Lookup Tables
Fra:2 Mem:15.81M (Peak 55.83M) | Time:00:00.00 | Mem:2.26M, Peak:2.26M | Scene, ViewLayer | Updating Lights
Fra:2 Mem:15.81M (Peak 55.83M) | Time:00:00.00 | Mem:2.26M, Peak:2.26M | Scene, ViewLayer | Updating Lights | Computing distribution
Fra:2 Mem:15.81M (Peak 55.83M) | Time:00:00.00 | Mem:2.26M, Peak:2.26M | Scene, ViewLayer | Updating Lights | Computing tree
Fra:2 Mem:15.81M (Peak 55.83M) | Time:00:00.00 | Mem:2.26M, Peak:2.26M | Scene, ViewLayer | Updating Integrator
Fra:2 Mem:16.81M (Peak 55.83M) | Time:00:00.00 | Mem:3.26M, Peak:3.26M | Scene, ViewLayer | Updating Film
Fra:2 Mem:16.81M (Peak 55.83M) | Time:00:00.00 | Mem:3.18M, Peak:3.26M | Scene, ViewLayer | Updating Lookup Tables
Fra:2 Mem:16.81M (Peak 55.83M) | Time:00:00.00 | Mem:3.26M, Peak:3.26M | Scene, ViewLayer | Updating Baking
Fra:2 Mem:16.81M (Peak 55.83M) | Time:00:00.00 | Mem:3.26M, Peak:3.26M | Scene, ViewLayer | Updating Device | Writing constant memory
Fra:2 Mem:16.81M (Peak 55.83M) | Time:00:00.00 | Mem:3.26M, Peak:3.26M | Scene, ViewLayer | Sample 0/32
Fra:2 Mem:35.83M (Peak 55.83M) | Time:00:00.03 | Remaining:00:00.79 | Mem:22.26M, Peak:22.26M | Scene, ViewLayer | Sample 1/32
Fra:2 Mem:43.83M (Peak 55.83M) | Time:00:01.53 | Mem:22.26M, Peak:22.26M | Scene, ViewLayer | Sample 32/32
Fra:2 Mem:43.83M (Peak 55.83M) | Time:00:01.53 | Mem:22.26M, Peak:22.26M | Scene, ViewLayer | Finished
Fra:2 Mem:20.47M (Peak 55.83M) | Time:00:01.53 | Compositing
Fra:2 Mem:20.47M (Peak 55.83M) | Time:00:01.53 | Compositing | Determining resolution
Fra:2 Mem:20.47M (Peak 55.83M) | Time:00:01.53 | Compositing | Initializing execution
Fra:2 Mem:20.47M (Peak 55.83M) | Time:00:01.53 | Compositing | De-initializing execution
Saved: '/vepfs_default/chanxueyan/lhp/lms/aDSL/temp/geometry_elephant_000_20260929/reference/views/render_0002.png'
Time: 00:01.55 (Saving: 00:00.02)

Fra:3 Mem:12.68M (Peak 55.83M) | Time:00:00.00 | Mem:0.00M, Peak:0.00M | Scene, ViewLayer | Synchronizing object | elephant_000_reference
Fra:3 Mem:14.28M (Peak 55.83M) | Time:00:00.00 | Mem:0.00M, Peak:0.00M | Scene, ViewLayer | Initializing
Fra:3 Mem:14.06M (Peak 55.83M) | Time:00:00.00 | Mem:0.00M, Peak:0.00M | Scene, ViewLayer | Waiting for render to start
Fra:3 Mem:14.06M (Peak 55.83M) | Time:00:00.00 | Mem:0.00M, Peak:0.00M | Scene, ViewLayer | Loading render kernels (may take a few minutes the first time)
Fra:3 Mem:14.06M (Peak 55.83M) | Time:00:00.00 | Mem:0.00M, Peak:0.00M | Scene, ViewLayer | Updating Scene
Fra:3 Mem:14.06M (Peak 55.83M) | Time:00:00.00 | Mem:0.00M, Peak:0.00M | Scene, ViewLayer | Updating Shaders
Fra:3 Mem:14.14M (Peak 55.83M) | Time:00:00.00 | Mem:0.00M, Peak:0.00M | Scene, ViewLayer | Updating Procedurals
Fra:3 Mem:14.14M (Peak 55.83M) | Time:00:00.00 | Mem:0.00M, Peak:0.00M | Scene, ViewLayer | Updating Background
Fra:3 Mem:14.14M (Peak 55.83M) | Time:00:00.00 | Mem:0.00M, Peak:0.00M | Scene, ViewLayer | Updating Camera
Fra:3 Mem:14.14M (Peak 55.83M) | Time:00:00.00 | Mem:0.00M, Peak:0.00M | Scene, ViewLayer | Updating Meshes Flags
Fra:3 Mem:14.14M (Peak 55.83M) | Time:00:00.00 | Mem:0.00M, Peak:0.00M | Scene, ViewLayer | Updating Objects
Fra:3 Mem:14.14M (Peak 55.83M) | Time:00:00.00 | Mem:0.00M, Peak:0.00M | Scene, ViewLayer | Updating Objects | Copying Transformations to device
Fra:3 Mem:14.14M (Peak 55.83M) | Time:00:00.00 | Mem:0.00M, Peak:0.00M | Scene, ViewLayer | Updating Objects | Applying Static Transformations
Fra:3 Mem:14.14M (Peak 55.83M) | Time:00:00.00 | Mem:0.00M, Peak:0.00M | Scene, ViewLayer | Updating Particle Systems
Fra:3 Mem:14.14M (Peak 55.83M) | Time:00:00.00 | Mem:0.00M, Peak:0.00M | Scene, ViewLayer | Updating Particle Systems | Copying Particles to device
Fra:3 Mem:14.14M (Peak 55.83M) | Time:00:00.00 | Mem:0.00M, Peak:0.00M | Scene, ViewLayer | Updating Meshes
Fra:3 Mem:14.30M (Peak 55.83M) | Time:00:00.00 | Mem:0.00M, Peak:0.00M | Scene, ViewLayer | Updating Mesh | Computing attributes
Fra:3 Mem:14.66M (Peak 55.83M) | Time:00:00.00 | Mem:0.00M, Peak:0.00M | Scene, ViewLayer | Updating Mesh | Copying Attributes to device
Fra:3 Mem:14.66M (Peak 55.83M) | Time:00:00.00 | Mem:0.36M, Peak:0.36M | Scene, ViewLayer | Updating Scene BVH | Building
Fra:3 Mem:14.66M (Peak 55.83M) | Time:00:00.00 | Mem:0.36M, Peak:0.36M | Scene, ViewLayer | Updating Scene BVH | Building BVH
Fra:3 Mem:14.66M (Peak 55.83M) | Time:00:00.00 | Mem:0.68M, Peak:0.68M | Scene, ViewLayer | Updating Scene BVH | Building BVH 0%
Fra:3 Mem:14.66M (Peak 55.83M) | Time:00:00.00 | Mem:1.03M, Peak:1.35M | Scene, ViewLayer | Updating Scene BVH | Copying BVH to device
Fra:3 Mem:14.66M (Peak 55.83M) | Time:00:00.00 | Mem:1.03M, Peak:1.35M | Scene, ViewLayer | Updating Mesh | Computing normals
Fra:3 Mem:15.81M (Peak 55.83M) | Time:00:00.00 | Mem:1.03M, Peak:1.35M | Scene, ViewLayer | Updating Mesh | Copying Mesh to device
Fra:3 Mem:15.81M (Peak 55.83M) | Time:00:00.00 | Mem:2.18M, Peak:2.18M | Scene, ViewLayer | Updating Objects Flags
Fra:3 Mem:15.81M (Peak 55.83M) | Time:00:00.00 | Mem:2.18M, Peak:2.18M | Scene, ViewLayer | Updating Primitive Offsets
Fra:3 Mem:15.81M (Peak 55.83M) | Time:00:00.00 | Mem:2.18M, Peak:2.18M | Scene, ViewLayer | Updating Images
Fra:3 Mem:15.81M (Peak 55.83M) | Time:00:00.00 | Mem:2.18M, Peak:2.18M | Scene, ViewLayer | Updating Camera Volume
Fra:3 Mem:15.81M (Peak 55.83M) | Time:00:00.00 | Mem:2.18M, Peak:2.18M | Scene, ViewLayer | Updating Lookup Tables
Fra:3 Mem:15.81M (Peak 55.83M) | Time:00:00.00 | Mem:2.26M, Peak:2.26M | Scene, ViewLayer | Updating Lights
Fra:3 Mem:15.81M (Peak 55.83M) | Time:00:00.00 | Mem:2.26M, Peak:2.26M | Scene, ViewLayer | Updating Lights | Computing distribution
Fra:3 Mem:15.81M (Peak 55.83M) | Time:00:00.00 | Mem:2.26M, Peak:2.26M | Scene, ViewLayer | Updating Lights | Computing tree
Fra:3 Mem:15.81M (Peak 55.83M) | Time:00:00.00 | Mem:2.26M, Peak:2.26M | Scene, ViewLayer | Updating Integrator
Fra:3 Mem:16.81M (Peak 55.83M) | Time:00:00.00 | Mem:3.26M, Peak:3.26M | Scene, ViewLayer | Updating Film
Fra:3 Mem:16.81M (Peak 55.83M) | Time:00:00.00 | Mem:3.18M, Peak:3.26M | Scene, ViewLayer | Updating Lookup Tables
Fra:3 Mem:16.81M (Peak 55.83M) | Time:00:00.00 | Mem:3.26M, Peak:3.26M | Scene, ViewLayer | Updating Baking
Fra:3 Mem:16.81M (Peak 55.83M) | Time:00:00.00 | Mem:3.26M, Peak:3.26M | Scene, ViewLayer | Updating Device | Writing constant memory
Fra:3 Mem:16.81M (Peak 55.83M) | Time:00:00.00 | Mem:3.26M, Peak:3.26M | Scene, ViewLayer | Sample 0/32
Fra:3 Mem:35.83M (Peak 55.83M) | Time:00:00.03 | Remaining:00:00.81 | Mem:22.26M, Peak:22.26M | Scene, ViewLayer | Sample 1/32
Fra:3 Mem:43.83M (Peak 55.83M) | Time:00:01.49 | Mem:22.26M, Peak:22.26M | Scene, ViewLayer | Sample 32/32
Fra:3 Mem:43.83M (Peak 55.83M) | Time:00:01.49 | Mem:22.26M, Peak:22.26M | Scene, ViewLayer | Finished
Fra:3 Mem:20.47M (Peak 55.83M) | Time:00:01.49 | Compositing
Fra:3 Mem:20.47M (Peak 55.83M) | Time:00:01.49 | Compositing | Determining resolution
Fra:3 Mem:20.47M (Peak 55.83M) | Time:00:01.49 | Compositing | Initializing execution
Fra:3 Mem:20.47M (Peak 55.83M) | Time:00:01.49 | Compositing | De-initializing execution
Saved: '/vepfs_default/chanxueyan/lhp/lms/aDSL/temp/geometry_elephant_000_20260929/reference/views/render_0003.png'
Time: 00:01.51 (Saving: 00:00.02)

Fra:4 Mem:12.68M (Peak 55.83M) | Time:00:00.00 | Mem:0.00M, Peak:0.00M | Scene, ViewLayer | Synchronizing object | elephant_000_reference
Fra:4 Mem:14.28M (Peak 55.83M) | Time:00:00.00 | Mem:0.00M, Peak:0.00M | Scene, ViewLayer | Initializing
Fra:4 Mem:14.06M (Peak 55.83M) | Time:00:00.00 | Mem:0.00M, Peak:0.00M | Scene, ViewLayer | Waiting for render to start
Fra:4 Mem:14.06M (Peak 55.83M) | Time:00:00.00 | Mem:0.00M, Peak:0.00M | Scene, ViewLayer | Loading render kernels (may take a few minutes the first time)
Fra:4 Mem:14.06M (Peak 55.83M) | Time:00:00.00 | Mem:0.00M, Peak:0.00M | Scene, ViewLayer | Updating Scene
Fra:4 Mem:14.06M (Peak 55.83M) | Time:00:00.00 | Mem:0.00M, Peak:0.00M | Scene, ViewLayer | Updating Shaders
Fra:4 Mem:14.14M (Peak 55.83M) | Time:00:00.00 | Mem:0.00M, Peak:0.00M | Scene, ViewLayer | Updating Procedurals
Fra:4 Mem:14.14M (Peak 55.83M) | Time:00:00.00 | Mem:0.00M, Peak:0.00M | Scene, ViewLayer | Updating Background
Fra:4 Mem:14.14M (Peak 55.83M) | Time:00:00.00 | Mem:0.00M, Peak:0.00M | Scene, ViewLayer | Updating Camera
Fra:4 Mem:14.14M (Peak 55.83M) | Time:00:00.00 | Mem:0.00M, Peak:0.00M | Scene, ViewLayer | Updating Meshes Flags
Fra:4 Mem:14.14M (Peak 55.83M) | Time:00:00.00 | Mem:0.00M, Peak:0.00M | Scene, ViewLayer | Updating Objects
Fra:4 Mem:14.14M (Peak 55.83M) | Time:00:00.00 | Mem:0.00M, Peak:0.00M | Scene, ViewLayer | Updating Objects | Copying Transformations to device
Fra:4 Mem:14.14M (Peak 55.83M) | Time:00:00.00 | Mem:0.00M, Peak:0.00M | Scene, ViewLayer | Updating Objects | Applying Static Transformations
Fra:4 Mem:14.14M (Peak 55.83M) | Time:00:00.00 | Mem:0.00M, Peak:0.00M | Scene, ViewLayer | Updating Particle Systems
Fra:4 Mem:14.14M (Peak 55.83M) | Time:00:00.00 | Mem:0.00M, Peak:0.00M | Scene, ViewLayer | Updating Particle Systems | Copying Particles to device
Fra:4 Mem:14.14M (Peak 55.83M) | Time:00:00.00 | Mem:0.00M, Peak:0.00M | Scene, ViewLayer | Updating Meshes
Fra:4 Mem:14.30M (Peak 55.83M) | Time:00:00.00 | Mem:0.00M, Peak:0.00M | Scene, ViewLayer | Updating Mesh | Computing attributes
Fra:4 Mem:14.66M (Peak 55.83M) | Time:00:00.00 | Mem:0.00M, Peak:0.00M | Scene, ViewLayer | Updating Mesh | Copying Attributes to device
Fra:4 Mem:14.66M (Peak 55.83M) | Time:00:00.00 | Mem:0.36M, Peak:0.36M | Scene, ViewLayer | Updating Scene BVH | Building
Fra:4 Mem:14.66M (Peak 55.83M) | Time:00:00.00 | Mem:0.36M, Peak:0.36M | Scene, ViewLayer | Updating Scene BVH | Building BVH
Fra:4 Mem:14.66M (Peak 55.83M) | Time:00:00.00 | Mem:0.68M, Peak:0.68M | Scene, ViewLayer | Updating Scene BVH | Building BVH 0%
Fra:4 Mem:14.66M (Peak 55.83M) | Time:00:00.00 | Mem:1.03M, Peak:1.35M | Scene, ViewLayer | Updating Scene BVH | Copying BVH to device
Fra:4 Mem:14.66M (Peak 55.83M) | Time:00:00.00 | Mem:1.03M, Peak:1.35M | Scene, ViewLayer | Updating Mesh | Computing normals
Fra:4 Mem:15.81M (Peak 55.83M) | Time:00:00.00 | Mem:1.03M, Peak:1.35M | Scene, ViewLayer | Updating Mesh | Copying Mesh to device
Fra:4 Mem:15.81M (Peak 55.83M) | Time:00:00.00 | Mem:2.18M, Peak:2.18M | Scene, ViewLayer | Updating Objects Flags
Fra:4 Mem:15.81M (Peak 55.83M) | Time:00:00.00 | Mem:2.18M, Peak:2.18M | Scene, ViewLayer | Updating Primitive Offsets
Fra:4 Mem:15.81M (Peak 55.83M) | Time:00:00.00 | Mem:2.18M, Peak:2.18M | Scene, ViewLayer | Updating Images
Fra:4 Mem:15.81M (Peak 55.83M) | Time:00:00.00 | Mem:2.18M, Peak:2.18M | Scene, ViewLayer | Updating Camera Volume
Fra:4 Mem:15.81M (Peak 55.83M) | Time:00:00.00 | Mem:2.18M, Peak:2.18M | Scene, ViewLayer | Updating Lookup Tables
Fra:4 Mem:15.81M (Peak 55.83M) | Time:00:00.00 | Mem:2.26M, Peak:2.26M | Scene, ViewLayer | Updating Lights
Fra:4 Mem:15.81M (Peak 55.83M) | Time:00:00.00 | Mem:2.26M, Peak:2.26M | Scene, ViewLayer | Updating Lights | Computing distribution
Fra:4 Mem:15.81M (Peak 55.83M) | Time:00:00.00 | Mem:2.26M, Peak:2.26M | Scene, ViewLayer | Updating Lights | Computing tree
Fra:4 Mem:15.81M (Peak 55.83M) | Time:00:00.00 | Mem:2.26M, Peak:2.26M | Scene, ViewLayer | Updating Integrator
Fra:4 Mem:16.81M (Peak 55.83M) | Time:00:00.00 | Mem:3.26M, Peak:3.26M | Scene, ViewLayer | Updating Film
Fra:4 Mem:16.81M (Peak 55.83M) | Time:00:00.00 | Mem:3.18M, Peak:3.26M | Scene, ViewLayer | Updating Lookup Tables
Fra:4 Mem:16.81M (Peak 55.83M) | Time:00:00.00 | Mem:3.26M, Peak:3.26M | Scene, ViewLayer | Updating Baking
Fra:4 Mem:16.81M (Peak 55.83M) | Time:00:00.00 | Mem:3.26M, Peak:3.26M | Scene, ViewLayer | Updating Device | Writing constant memory
Fra:4 Mem:16.81M (Peak 55.83M) | Time:00:00.00 | Mem:3.26M, Peak:3.26M | Scene, ViewLayer | Sample 0/32
Fra:4 Mem:35.83M (Peak 55.83M) | Time:00:00.03 | Remaining:00:00.70 | Mem:22.26M, Peak:22.26M | Scene, ViewLayer | Sample 1/32
Fra:4 Mem:43.83M (Peak 55.83M) | Time:00:01.38 | Mem:22.26M, Peak:22.26M | Scene, ViewLayer | Sample 32/32
Fra:4 Mem:43.83M (Peak 55.83M) | Time:00:01.38 | Mem:22.26M, Peak:22.26M | Scene, ViewLayer | Finished
Fra:4 Mem:20.47M (Peak 55.83M) | Time:00:01.38 | Compositing
Fra:4 Mem:20.47M (Peak 55.83M) | Time:00:01.38 | Compositing | Determining resolution
Fra:4 Mem:20.47M (Peak 55.83M) | Time:00:01.38 | Compositing | Initializing execution
Fra:4 Mem:20.47M (Peak 55.83M) | Time:00:01.38 | Compositing | De-initializing execution
Saved: '/vepfs_default/chanxueyan/lhp/lms/aDSL/temp/geometry_elephant_000_20260929/reference/views/render_0004.png'
Time: 00:01.40 (Saving: 00:00.02)

Fra:5 Mem:12.68M (Peak 55.83M) | Time:00:00.00 | Mem:0.00M, Peak:0.00M | Scene, ViewLayer | Synchronizing object | elephant_000_reference
Fra:5 Mem:14.28M (Peak 55.83M) | Time:00:00.00 | Mem:0.00M, Peak:0.00M | Scene, ViewLayer | Initializing
Fra:5 Mem:14.06M (Peak 55.83M) | Time:00:00.00 | Mem:0.00M, Peak:0.00M | Scene, ViewLayer | Waiting for render to start
Fra:5 Mem:14.06M (Peak 55.83M) | Time:00:00.00 | Mem:0.00M, Peak:0.00M | Scene, ViewLayer | Loading render kernels (may take a few minutes the first time)
Fra:5 Mem:14.06M (Peak 55.83M) | Time:00:00.00 | Mem:0.00M, Peak:0.00M | Scene, ViewLayer | Updating Scene
Fra:5 Mem:14.06M (Peak 55.83M) | Time:00:00.00 | Mem:0.00M, Peak:0.00M | Scene, ViewLayer | Updating Shaders
Fra:5 Mem:14.14M (Peak 55.83M) | Time:00:00.00 | Mem:0.00M, Peak:0.00M | Scene, ViewLayer | Updating Procedurals
Fra:5 Mem:14.14M (Peak 55.83M) | Time:00:00.00 | Mem:0.00M, Peak:0.00M | Scene, ViewLayer | Updating Background
Fra:5 Mem:14.14M (Peak 55.83M) | Time:00:00.00 | Mem:0.00M, Peak:0.00M | Scene, ViewLayer | Updating Camera
Fra:5 Mem:14.14M (Peak 55.83M) | Time:00:00.00 | Mem:0.00M, Peak:0.00M | Scene, ViewLayer | Updating Meshes Flags
Fra:5 Mem:14.14M (Peak 55.83M) | Time:00:00.00 | Mem:0.00M, Peak:0.00M | Scene, ViewLayer | Updating Objects
Fra:5 Mem:14.14M (Peak 55.83M) | Time:00:00.00 | Mem:0.00M, Peak:0.00M | Scene, ViewLayer | Updating Objects | Copying Transformations to device
Fra:5 Mem:14.14M (Peak 55.83M) | Time:00:00.00 | Mem:0.00M, Peak:0.00M | Scene, ViewLayer | Updating Objects | Applying Static Transformations
Fra:5 Mem:14.14M (Peak 55.83M) | Time:00:00.00 | Mem:0.00M, Peak:0.00M | Scene, ViewLayer | Updating Particle Systems
Fra:5 Mem:14.14M (Peak 55.83M) | Time:00:00.00 | Mem:0.00M, Peak:0.00M | Scene, ViewLayer | Updating Particle Systems | Copying Particles to device
Fra:5 Mem:14.14M (Peak 55.83M) | Time:00:00.00 | Mem:0.00M, Peak:0.00M | Scene, ViewLayer | Updating Meshes
Fra:5 Mem:14.30M (Peak 55.83M) | Time:00:00.00 | Mem:0.00M, Peak:0.00M | Scene, ViewLayer | Updating Mesh | Computing attributes
Fra:5 Mem:14.66M (Peak 55.83M) | Time:00:00.00 | Mem:0.00M, Peak:0.00M | Scene, ViewLayer | Updating Mesh | Copying Attributes to device
Fra:5 Mem:14.66M (Peak 55.83M) | Time:00:00.00 | Mem:0.36M, Peak:0.36M | Scene, ViewLayer | Updating Scene BVH | Building
Fra:5 Mem:14.66M (Peak 55.83M) | Time:00:00.00 | Mem:0.36M, Peak:0.36M | Scene, ViewLayer | Updating Scene BVH | Building BVH
Fra:5 Mem:14.66M (Peak 55.83M) | Time:00:00.00 | Mem:0.68M, Peak:0.68M | Scene, ViewLayer | Updating Scene BVH | Building BVH 0%
Fra:5 Mem:14.66M (Peak 55.83M) | Time:00:00.00 | Mem:1.03M, Peak:1.35M | Scene, ViewLayer | Updating Scene BVH | Copying BVH to device
Fra:5 Mem:14.66M (Peak 55.83M) | Time:00:00.00 | Mem:1.03M, Peak:1.35M | Scene, ViewLayer | Updating Mesh | Computing normals
Fra:5 Mem:15.81M (Peak 55.83M) | Time:00:00.00 | Mem:1.03M, Peak:1.35M | Scene, ViewLayer | Updating Mesh | Copying Mesh to device
Fra:5 Mem:15.81M (Peak 55.83M) | Time:00:00.00 | Mem:2.18M, Peak:2.18M | Scene, ViewLayer | Updating Objects Flags
Fra:5 Mem:15.81M (Peak 55.83M) | Time:00:00.00 | Mem:2.18M, Peak:2.18M | Scene, ViewLayer | Updating Primitive Offsets
Fra:5 Mem:15.81M (Peak 55.83M) | Time:00:00.00 | Mem:2.18M, Peak:2.18M | Scene, ViewLayer | Updating Images
Fra:5 Mem:15.81M (Peak 55.83M) | Time:00:00.00 | Mem:2.18M, Peak:2.18M | Scene, ViewLayer | Updating Camera Volume
Fra:5 Mem:15.81M (Peak 55.83M) | Time:00:00.00 | Mem:2.18M, Peak:2.18M | Scene, ViewLayer | Updating Lookup Tables
Fra:5 Mem:15.81M (Peak 55.83M) | Time:00:00.00 | Mem:2.26M, Peak:2.26M | Scene, ViewLayer | Updating Lights
Fra:5 Mem:15.81M (Peak 55.83M) | Time:00:00.00 | Mem:2.26M, Peak:2.26M | Scene, ViewLayer | Updating Lights | Computing distribution
Fra:5 Mem:15.81M (Peak 55.83M) | Time:00:00.00 | Mem:2.26M, Peak:2.26M | Scene, ViewLayer | Updating Lights | Computing tree
Fra:5 Mem:15.81M (Peak 55.83M) | Time:00:00.00 | Mem:2.26M, Peak:2.26M | Scene, ViewLayer | Updating Integrator
Fra:5 Mem:16.81M (Peak 55.83M) | Time:00:00.00 | Mem:3.26M, Peak:3.26M | Scene, ViewLayer | Updating Film
Fra:5 Mem:16.81M (Peak 55.83M) | Time:00:00.00 | Mem:3.18M, Peak:3.26M | Scene, ViewLayer | Updating Lookup Tables
Fra:5 Mem:16.81M (Peak 55.83M) | Time:00:00.00 | Mem:3.26M, Peak:3.26M | Scene, ViewLayer | Updating Baking
Fra:5 Mem:16.81M (Peak 55.83M) | Time:00:00.00 | Mem:3.26M, Peak:3.26M | Scene, ViewLayer | Updating Device | Writing constant memory
Fra:5 Mem:16.81M (Peak 55.83M) | Time:00:00.00 | Mem:3.26M, Peak:3.26M | Scene, ViewLayer | Sample 0/32
Fra:5 Mem:35.83M (Peak 55.83M) | Time:00:00.03 | Remaining:00:00.73 | Mem:22.26M, Peak:22.26M | Scene, ViewLayer | Sample 1/32
Fra:5 Mem:43.83M (Peak 55.83M) | Time:00:01.40 | Mem:22.26M, Peak:22.26M | Scene, ViewLayer | Sample 32/32
Fra:5 Mem:43.83M (Peak 55.83M) | Time:00:01.40 | Mem:22.26M, Peak:22.26M | Scene, ViewLayer | Finished
Fra:5 Mem:20.47M (Peak 55.83M) | Time:00:01.40 | Compositing
Fra:5 Mem:20.47M (Peak 55.83M) | Time:00:01.40 | Compositing | Determining resolution
Fra:5 Mem:20.47M (Peak 55.83M) | Time:00:01.40 | Compositing | Initializing execution
Fra:5 Mem:20.47M (Peak 55.83M) | Time:00:01.40 | Compositing | De-initializing execution
Saved: '/vepfs_default/chanxueyan/lhp/lms/aDSL/temp/geometry_elephant_000_20260929/reference/views/render_0005.png'
Time: 00:01.43 (Saving: 00:00.02)

Fra:6 Mem:12.68M (Peak 55.83M) | Time:00:00.00 | Mem:0.00M, Peak:0.00M | Scene, ViewLayer | Synchronizing object | elephant_000_reference
Fra:6 Mem:14.28M (Peak 55.83M) | Time:00:00.00 | Mem:0.00M, Peak:0.00M | Scene, ViewLayer | Initializing
Fra:6 Mem:14.06M (Peak 55.83M) | Time:00:00.00 | Mem:0.00M, Peak:0.00M | Scene, ViewLayer | Waiting for render to start
Fra:6 Mem:14.06M (Peak 55.83M) | Time:00:00.00 | Mem:0.00M, Peak:0.00M | Scene, ViewLayer | Loading render kernels (may take a few minutes the first time)
Fra:6 Mem:14.06M (Peak 55.83M) | Time:00:00.00 | Mem:0.00M, Peak:0.00M | Scene, ViewLayer | Updating Scene
Fra:6 Mem:14.06M (Peak 55.83M) | Time:00:00.00 | Mem:0.00M, Peak:0.00M | Scene, ViewLayer | Updating Shaders
Fra:6 Mem:14.14M (Peak 55.83M) | Time:00:00.00 | Mem:0.00M, Peak:0.00M | Scene, ViewLayer | Updating Procedurals
Fra:6 Mem:14.14M (Peak 55.83M) | Time:00:00.00 | Mem:0.00M, Peak:0.00M | Scene, ViewLayer | Updating Background
Fra:6 Mem:14.14M (Peak 55.83M) | Time:00:00.00 | Mem:0.00M, Peak:0.00M | Scene, ViewLayer | Updating Camera
Fra:6 Mem:14.14M (Peak 55.83M) | Time:00:00.00 | Mem:0.00M, Peak:0.00M | Scene, ViewLayer | Updating Meshes Flags
Fra:6 Mem:14.14M (Peak 55.83M) | Time:00:00.00 | Mem:0.00M, Peak:0.00M | Scene, ViewLayer | Updating Objects
Fra:6 Mem:14.14M (Peak 55.83M) | Time:00:00.00 | Mem:0.00M, Peak:0.00M | Scene, ViewLayer | Updating Objects | Copying Transformations to device
Fra:6 Mem:14.14M (Peak 55.83M) | Time:00:00.00 | Mem:0.00M, Peak:0.00M | Scene, ViewLayer | Updating Objects | Applying Static Transformations
Fra:6 Mem:14.14M (Peak 55.83M) | Time:00:00.00 | Mem:0.00M, Peak:0.00M | Scene, ViewLayer | Updating Particle Systems
Fra:6 Mem:14.14M (Peak 55.83M) | Time:00:00.00 | Mem:0.00M, Peak:0.00M | Scene, ViewLayer | Updating Particle Systems | Copying Particles to device
Fra:6 Mem:14.14M (Peak 55.83M) | Time:00:00.00 | Mem:0.00M, Peak:0.00M | Scene, ViewLayer | Updating Meshes
Fra:6 Mem:14.30M (Peak 55.83M) | Time:00:00.00 | Mem:0.00M, Peak:0.00M | Scene, ViewLayer | Updating Mesh | Computing attributes
Fra:6 Mem:14.66M (Peak 55.83M) | Time:00:00.00 | Mem:0.00M, Peak:0.00M | Scene, ViewLayer | Updating Mesh | Copying Attributes to device
Fra:6 Mem:14.66M (Peak 55.83M) | Time:00:00.00 | Mem:0.36M, Peak:0.36M | Scene, ViewLayer | Updating Scene BVH | Building
Fra:6 Mem:14.66M (Peak 55.83M) | Time:00:00.00 | Mem:0.36M, Peak:0.36M | Scene, ViewLayer | Updating Scene BVH | Building BVH
Fra:6 Mem:14.66M (Peak 55.83M) | Time:00:00.00 | Mem:0.68M, Peak:0.68M | Scene, ViewLayer | Updating Scene BVH | Building BVH 0%
Fra:6 Mem:14.66M (Peak 55.83M) | Time:00:00.00 | Mem:1.03M, Peak:1.35M | Scene, ViewLayer | Updating Scene BVH | Copying BVH to device
Fra:6 Mem:14.66M (Peak 55.83M) | Time:00:00.00 | Mem:1.03M, Peak:1.35M | Scene, ViewLayer | Updating Mesh | Computing normals
Fra:6 Mem:15.81M (Peak 55.83M) | Time:00:00.00 | Mem:1.03M, Peak:1.35M | Scene, ViewLayer | Updating Mesh | Copying Mesh to device
Fra:6 Mem:15.81M (Peak 55.83M) | Time:00:00.00 | Mem:2.18M, Peak:2.18M | Scene, ViewLayer | Updating Objects Flags
Fra:6 Mem:15.81M (Peak 55.83M) | Time:00:00.00 | Mem:2.18M, Peak:2.18M | Scene, ViewLayer | Updating Primitive Offsets
Fra:6 Mem:15.81M (Peak 55.83M) | Time:00:00.00 | Mem:2.18M, Peak:2.18M | Scene, ViewLayer | Updating Images
Fra:6 Mem:15.81M (Peak 55.83M) | Time:00:00.00 | Mem:2.18M, Peak:2.18M | Scene, ViewLayer | Updating Camera Volume
Fra:6 Mem:15.81M (Peak 55.83M) | Time:00:00.00 | Mem:2.18M, Peak:2.18M | Scene, ViewLayer | Updating Lookup Tables
Fra:6 Mem:15.81M (Peak 55.83M) | Time:00:00.00 | Mem:2.26M, Peak:2.26M | Scene, ViewLayer | Updating Lights
Fra:6 Mem:15.81M (Peak 55.83M) | Time:00:00.00 | Mem:2.26M, Peak:2.26M | Scene, ViewLayer | Updating Lights | Computing distribution
Fra:6 Mem:15.81M (Peak 55.83M) | Time:00:00.00 | Mem:2.26M, Peak:2.26M | Scene, ViewLayer | Updating Lights | Computing tree
Fra:6 Mem:15.81M (Peak 55.83M) | Time:00:00.00 | Mem:2.26M, Peak:2.26M | Scene, ViewLayer | Updating Integrator
Fra:6 Mem:16.81M (Peak 55.83M) | Time:00:00.00 | Mem:3.26M, Peak:3.26M | Scene, ViewLayer | Updating Film
Fra:6 Mem:16.81M (Peak 55.83M) | Time:00:00.00 | Mem:3.18M, Peak:3.26M | Scene, ViewLayer | Updating Lookup Tables
Fra:6 Mem:16.81M (Peak 55.83M) | Time:00:00.00 | Mem:3.26M, Peak:3.26M | Scene, ViewLayer | Updating Baking
Fra:6 Mem:16.81M (Peak 55.83M) | Time:00:00.00 | Mem:3.26M, Peak:3.26M | Scene, ViewLayer | Updating Device | Writing constant memory
Fra:6 Mem:16.81M (Peak 55.83M) | Time:00:00.00 | Mem:3.26M, Peak:3.26M | Scene, ViewLayer | Sample 0/32
Fra:6 Mem:35.83M (Peak 55.83M) | Time:00:00.03 | Remaining:00:00.75 | Mem:22.26M, Peak:22.26M | Scene, ViewLayer | Sample 1/32
Fra:6 Mem:43.83M (Peak 55.83M) | Time:00:01.60 | Mem:22.26M, Peak:22.26M | Scene, ViewLayer | Sample 32/32
Fra:6 Mem:43.83M (Peak 55.83M) | Time:00:01.60 | Mem:22.26M, Peak:22.26M | Scene, ViewLayer | Finished
Fra:6 Mem:20.47M (Peak 55.83M) | Time:00:01.60 | Compositing
Fra:6 Mem:20.47M (Peak 55.83M) | Time:00:01.60 | Compositing | Determining resolution
Fra:6 Mem:20.47M (Peak 55.83M) | Time:00:01.60 | Compositing | Initializing execution
Fra:6 Mem:20.47M (Peak 55.83M) | Time:00:01.60 | Compositing | De-initializing execution
Saved: '/vepfs_default/chanxueyan/lhp/lms/aDSL/temp/geometry_elephant_000_20260929/reference/views/render_0006.png'
Time: 00:01.63 (Saving: 00:00.02)

Fra:7 Mem:12.68M (Peak 55.83M) | Time:00:00.00 | Mem:0.00M, Peak:0.00M | Scene, ViewLayer | Synchronizing object | elephant_000_reference
Fra:7 Mem:14.28M (Peak 55.83M) | Time:00:00.00 | Mem:0.00M, Peak:0.00M | Scene, ViewLayer | Initializing
Fra:7 Mem:14.06M (Peak 55.83M) | Time:00:00.00 | Mem:0.00M, Peak:0.00M | Scene, ViewLayer | Waiting for render to start
Fra:7 Mem:14.06M (Peak 55.83M) | Time:00:00.00 | Mem:0.00M, Peak:0.00M | Scene, ViewLayer | Loading render kernels (may take a few minutes the first time)
Fra:7 Mem:14.06M (Peak 55.83M) | Time:00:00.00 | Mem:0.00M, Peak:0.00M | Scene, ViewLayer | Updating Scene
Fra:7 Mem:14.06M (Peak 55.83M) | Time:00:00.00 | Mem:0.00M, Peak:0.00M | Scene, ViewLayer | Updating Shaders
Fra:7 Mem:14.14M (Peak 55.83M) | Time:00:00.00 | Mem:0.00M, Peak:0.00M | Scene, ViewLayer | Updating Procedurals
Fra:7 Mem:14.14M (Peak 55.83M) | Time:00:00.00 | Mem:0.00M, Peak:0.00M | Scene, ViewLayer | Updating Background
Fra:7 Mem:14.14M (Peak 55.83M) | Time:00:00.00 | Mem:0.00M, Peak:0.00M | Scene, ViewLayer | Updating Camera
Fra:7 Mem:14.14M (Peak 55.83M) | Time:00:00.00 | Mem:0.00M, Peak:0.00M | Scene, ViewLayer | Updating Meshes Flags
Fra:7 Mem:14.14M (Peak 55.83M) | Time:00:00.00 | Mem:0.00M, Peak:0.00M | Scene, ViewLayer | Updating Objects
Fra:7 Mem:14.14M (Peak 55.83M) | Time:00:00.00 | Mem:0.00M, Peak:0.00M | Scene, ViewLayer | Updating Objects | Copying Transformations to device
Fra:7 Mem:14.14M (Peak 55.83M) | Time:00:00.00 | Mem:0.00M, Peak:0.00M | Scene, ViewLayer | Updating Objects | Applying Static Transformations
Fra:7 Mem:14.14M (Peak 55.83M) | Time:00:00.00 | Mem:0.00M, Peak:0.00M | Scene, ViewLayer | Updating Particle Systems
Fra:7 Mem:14.14M (Peak 55.83M) | Time:00:00.00 | Mem:0.00M, Peak:0.00M | Scene, ViewLayer | Updating Particle Systems | Copying Particles to device
Fra:7 Mem:14.14M (Peak 55.83M) | Time:00:00.00 | Mem:0.00M, Peak:0.00M | Scene, ViewLayer | Updating Meshes
Fra:7 Mem:14.30M (Peak 55.83M) | Time:00:00.00 | Mem:0.00M, Peak:0.00M | Scene, ViewLayer | Updating Mesh | Computing attributes
Fra:7 Mem:14.66M (Peak 55.83M) | Time:00:00.00 | Mem:0.00M, Peak:0.00M | Scene, ViewLayer | Updating Mesh | Copying Attributes to device
Fra:7 Mem:14.66M (Peak 55.83M) | Time:00:00.00 | Mem:0.36M, Peak:0.36M | Scene, ViewLayer | Updating Scene BVH | Building
Fra:7 Mem:14.66M (Peak 55.83M) | Time:00:00.00 | Mem:0.36M, Peak:0.36M | Scene, ViewLayer | Updating Scene BVH | Building BVH
Fra:7 Mem:14.66M (Peak 55.83M) | Time:00:00.00 | Mem:0.68M, Peak:0.68M | Scene, ViewLayer | Updating Scene BVH | Building BVH 0%
Fra:7 Mem:14.66M (Peak 55.83M) | Time:00:00.00 | Mem:1.03M, Peak:1.35M | Scene, ViewLayer | Updating Scene BVH | Copying BVH to device
Fra:7 Mem:14.66M (Peak 55.83M) | Time:00:00.00 | Mem:1.03M, Peak:1.35M | Scene, ViewLayer | Updating Mesh | Computing normals
Fra:7 Mem:15.81M (Peak 55.83M) | Time:00:00.00 | Mem:1.03M, Peak:1.35M | Scene, ViewLayer | Updating Mesh | Copying Mesh to device
Fra:7 Mem:15.81M (Peak 55.83M) | Time:00:00.00 | Mem:2.18M, Peak:2.18M | Scene, ViewLayer | Updating Objects Flags
Fra:7 Mem:15.81M (Peak 55.83M) | Time:00:00.00 | Mem:2.18M, Peak:2.18M | Scene, ViewLayer | Updating Primitive Offsets
Fra:7 Mem:15.81M (Peak 55.83M) | Time:00:00.00 | Mem:2.18M, Peak:2.18M | Scene, ViewLayer | Updating Images
Fra:7 Mem:15.81M (Peak 55.83M) | Time:00:00.00 | Mem:2.18M, Peak:2.18M | Scene, ViewLayer | Updating Camera Volume
Fra:7 Mem:15.81M (Peak 55.83M) | Time:00:00.00 | Mem:2.18M, Peak:2.18M | Scene, ViewLayer | Updating Lookup Tables
Fra:7 Mem:15.81M (Peak 55.83M) | Time:00:00.00 | Mem:2.26M, Peak:2.26M | Scene, ViewLayer | Updating Lights
Fra:7 Mem:15.81M (Peak 55.83M) | Time:00:00.00 | Mem:2.26M, Peak:2.26M | Scene, ViewLayer | Updating Lights | Computing distribution
Fra:7 Mem:15.81M (Peak 55.83M) | Time:00:00.00 | Mem:2.26M, Peak:2.26M | Scene, ViewLayer | Updating Lights | Computing tree
Fra:7 Mem:15.81M (Peak 55.83M) | Time:00:00.00 | Mem:2.26M, Peak:2.26M | Scene, ViewLayer | Updating Integrator
Fra:7 Mem:16.81M (Peak 55.83M) | Time:00:00.00 | Mem:3.26M, Peak:3.26M | Scene, ViewLayer | Updating Film
Fra:7 Mem:16.81M (Peak 55.83M) | Time:00:00.00 | Mem:3.18M, Peak:3.26M | Scene, ViewLayer | Updating Lookup Tables
Fra:7 Mem:16.81M (Peak 55.83M) | Time:00:00.00 | Mem:3.26M, Peak:3.26M | Scene, ViewLayer | Updating Baking
Fra:7 Mem:16.81M (Peak 55.83M) | Time:00:00.00 | Mem:3.26M, Peak:3.26M | Scene, ViewLayer | Updating Device | Writing constant memory
Fra:7 Mem:16.81M (Peak 55.83M) | Time:00:00.00 | Mem:3.26M, Peak:3.26M | Scene, ViewLayer | Sample 0/32
Fra:7 Mem:35.83M (Peak 55.83M) | Time:00:00.02 | Remaining:00:00.70 | Mem:22.26M, Peak:22.26M | Scene, ViewLayer | Sample 1/32
Fra:7 Mem:43.83M (Peak 55.83M) | Time:00:01.81 | Mem:22.26M, Peak:22.26M | Scene, ViewLayer | Sample 32/32
Fra:7 Mem:43.83M (Peak 55.83M) | Time:00:01.81 | Mem:22.26M, Peak:22.26M | Scene, ViewLayer | Finished
Fra:7 Mem:20.47M (Peak 55.83M) | Time:00:01.88 | Compositing
Fra:7 Mem:20.47M (Peak 55.83M) | Time:00:01.88 | Compositing | Determining resolution
Fra:7 Mem:20.47M (Peak 55.83M) | Time:00:01.88 | Compositing | Initializing execution
Fra:7 Mem:20.47M (Peak 55.83M) | Time:00:01.88 | Compositing | De-initializing execution
Saved: '/vepfs_default/chanxueyan/lhp/lms/aDSL/temp/geometry_elephant_000_20260929/reference/views/render_0007.png'
Time: 00:01.91 (Saving: 00:00.02)

Fra:8 Mem:12.68M (Peak 55.83M) | Time:00:00.00 | Mem:0.00M, Peak:0.00M | Scene, ViewLayer | Synchronizing object | elephant_000_reference
Fra:8 Mem:14.28M (Peak 55.83M) | Time:00:00.07 | Mem:0.00M, Peak:0.00M | Scene, ViewLayer | Initializing
Fra:8 Mem:14.06M (Peak 55.83M) | Time:00:00.07 | Mem:0.00M, Peak:0.00M | Scene, ViewLayer | Waiting for render to start
Fra:8 Mem:14.06M (Peak 55.83M) | Time:00:00.07 | Mem:0.00M, Peak:0.00M | Scene, ViewLayer | Loading render kernels (may take a few minutes the first time)
Fra:8 Mem:14.06M (Peak 55.83M) | Time:00:00.07 | Mem:0.00M, Peak:0.00M | Scene, ViewLayer | Updating Scene
Fra:8 Mem:14.06M (Peak 55.83M) | Time:00:00.07 | Mem:0.00M, Peak:0.00M | Scene, ViewLayer | Updating Shaders
Fra:8 Mem:14.14M (Peak 55.83M) | Time:00:00.07 | Mem:0.00M, Peak:0.00M | Scene, ViewLayer | Updating Procedurals
Fra:8 Mem:14.14M (Peak 55.83M) | Time:00:00.07 | Mem:0.00M, Peak:0.00M | Scene, ViewLayer | Updating Background
Fra:8 Mem:14.14M (Peak 55.83M) | Time:00:00.07 | Mem:0.00M, Peak:0.00M | Scene, ViewLayer | Updating Camera
Fra:8 Mem:14.14M (Peak 55.83M) | Time:00:00.07 | Mem:0.00M, Peak:0.00M | Scene, ViewLayer | Updating Meshes Flags
Fra:8 Mem:14.14M (Peak 55.83M) | Time:00:00.07 | Mem:0.00M, Peak:0.00M | Scene, ViewLayer | Updating Objects
Fra:8 Mem:14.14M (Peak 55.83M) | Time:00:00.07 | Mem:0.00M, Peak:0.00M | Scene, ViewLayer | Updating Objects | Copying Transformations to device
Fra:8 Mem:14.14M (Peak 55.83M) | Time:00:00.07 | Mem:0.00M, Peak:0.00M | Scene, ViewLayer | Updating Objects | Applying Static Transformations
Fra:8 Mem:14.14M (Peak 55.83M) | Time:00:00.07 | Mem:0.00M, Peak:0.00M | Scene, ViewLayer | Updating Particle Systems
Fra:8 Mem:14.14M (Peak 55.83M) | Time:00:00.07 | Mem:0.00M, Peak:0.00M | Scene, ViewLayer | Updating Particle Systems | Copying Particles to device
Fra:8 Mem:14.14M (Peak 55.83M) | Time:00:00.07 | Mem:0.00M, Peak:0.00M | Scene, ViewLayer | Updating Meshes
Fra:8 Mem:14.30M (Peak 55.83M) | Time:00:00.07 | Mem:0.00M, Peak:0.00M | Scene, ViewLayer | Updating Mesh | Computing attributes
Fra:8 Mem:14.66M (Peak 55.83M) | Time:00:00.07 | Mem:0.00M, Peak:0.00M | Scene, ViewLayer | Updating Mesh | Copying Attributes to device
Fra:8 Mem:14.66M (Peak 55.83M) | Time:00:00.07 | Mem:0.36M, Peak:0.36M | Scene, ViewLayer | Updating Scene BVH | Building
Fra:8 Mem:14.66M (Peak 55.83M) | Time:00:00.07 | Mem:0.36M, Peak:0.36M | Scene, ViewLayer | Updating Scene BVH | Building BVH
Fra:8 Mem:14.66M (Peak 55.83M) | Time:00:00.07 | Mem:0.68M, Peak:0.68M | Scene, ViewLayer | Updating Scene BVH | Building BVH 0%
Fra:8 Mem:14.66M (Peak 55.83M) | Time:00:00.07 | Mem:1.03M, Peak:1.35M | Scene, ViewLayer | Updating Scene BVH | Copying BVH to device
Fra:8 Mem:14.66M (Peak 55.83M) | Time:00:00.07 | Mem:1.03M, Peak:1.35M | Scene, ViewLayer | Updating Mesh | Computing normals
Fra:8 Mem:15.81M (Peak 55.83M) | Time:00:00.07 | Mem:1.03M, Peak:1.35M | Scene, ViewLayer | Updating Mesh | Copying Mesh to device
Fra:8 Mem:15.81M (Peak 55.83M) | Time:00:00.07 | Mem:2.18M, Peak:2.18M | Scene, ViewLayer | Updating Objects Flags
Fra:8 Mem:15.81M (Peak 55.83M) | Time:00:00.07 | Mem:2.18M, Peak:2.18M | Scene, ViewLayer | Updating Primitive Offsets
Fra:8 Mem:15.81M (Peak 55.83M) | Time:00:00.07 | Mem:2.18M, Peak:2.18M | Scene, ViewLayer | Updating Images
Fra:8 Mem:15.81M (Peak 55.83M) | Time:00:00.07 | Mem:2.18M, Peak:2.18M | Scene, ViewLayer | Updating Camera Volume
Fra:8 Mem:15.81M (Peak 55.83M) | Time:00:00.07 | Mem:2.18M, Peak:2.18M | Scene, ViewLayer | Updating Lookup Tables
Fra:8 Mem:15.81M (Peak 55.83M) | Time:00:00.07 | Mem:2.26M, Peak:2.26M | Scene, ViewLayer | Updating Lights
Fra:8 Mem:15.81M (Peak 55.83M) | Time:00:00.07 | Mem:2.26M, Peak:2.26M | Scene, ViewLayer | Updating Lights | Computing distribution
Fra:8 Mem:15.81M (Peak 55.83M) | Time:00:00.07 | Mem:2.26M, Peak:2.26M | Scene, ViewLayer | Updating Lights | Computing tree
Fra:8 Mem:15.81M (Peak 55.83M) | Time:00:00.07 | Mem:2.26M, Peak:2.26M | Scene, ViewLayer | Updating Integrator
Fra:8 Mem:16.81M (Peak 55.83M) | Time:00:00.07 | Mem:3.26M, Peak:3.26M | Scene, ViewLayer | Updating Film
Fra:8 Mem:16.81M (Peak 55.83M) | Time:00:00.07 | Mem:3.18M, Peak:3.26M | Scene, ViewLayer | Updating Lookup Tables
Fra:8 Mem:16.81M (Peak 55.83M) | Time:00:00.07 | Mem:3.26M, Peak:3.26M | Scene, ViewLayer | Updating Baking
Fra:8 Mem:16.81M (Peak 55.83M) | Time:00:00.07 | Mem:3.26M, Peak:3.26M | Scene, ViewLayer | Updating Device | Writing constant memory
Fra:8 Mem:16.81M (Peak 55.83M) | Time:00:00.07 | Mem:3.26M, Peak:3.26M | Scene, ViewLayer | Sample 0/32
Fra:8 Mem:35.83M (Peak 55.83M) | Time:00:00.17 | Remaining:00:03.06 | Mem:22.26M, Peak:22.26M | Scene, ViewLayer | Sample 1/32
Fra:8 Mem:43.83M (Peak 55.83M) | Time:00:05.08 | Mem:22.26M, Peak:22.26M | Scene, ViewLayer | Sample 32/32
Fra:8 Mem:43.83M (Peak 55.83M) | Time:00:05.08 | Mem:22.26M, Peak:22.26M | Scene, ViewLayer | Finished
Fra:8 Mem:20.47M (Peak 55.83M) | Time:00:05.08 | Compositing
Fra:8 Mem:20.47M (Peak 55.83M) | Time:00:05.08 | Compositing | Determining resolution
Fra:8 Mem:20.47M (Peak 55.83M) | Time:00:05.08 | Compositing | Initializing execution
Fra:8 Mem:20.47M (Peak 55.83M) | Time:00:05.08 | Compositing | De-initializing execution
Saved: '/vepfs_default/chanxueyan/lhp/lms/aDSL/temp/geometry_elephant_000_20260929/reference/views/render_0008.png'
Time: 00:05.17 (Saving: 00:00.09)

Data are loaded, start creating Blender stuff
glTF import finished in 0.03s
