08:43:33 | ERROR: Draco mesh compression is not available because library could not be found at /vepfs_default/chanxueyan/lhp/lms/aDSL/temp/geometry_expression_20260929/A/SF21/4.0/python/lib/python3.10/site-packages/libextern_draco.so
08:43:33 | INFO: Starting glTF 2.0 export
08:43:33 | INFO: Extracting primitive: central_lower_stem_cylinder_mesh
08:43:33 | INFO: Primitives created: 1
08:43:33 | INFO: Extracting primitive: central_upper_stem_cylinder_mesh
08:43:33 | INFO: Primitives created: 1
08:43:33 | INFO: Extracting primitive: segment_10_cylinder_mesh
08:43:33 | INFO: Primitives created: 1
08:43:33 | INFO: Extracting primitive: segment_11_cylinder_mesh
08:43:33 | INFO: Primitives created: 1
08:43:33 | INFO: Extracting primitive: segment_12_cylinder_mesh
08:43:33 | INFO: Primitives created: 1
08:43:33 | INFO: Extracting primitive: segment_1_cylinder_mesh
08:43:33 | INFO: Primitives created: 1
08:43:33 | INFO: Extracting primitive: segment_2_cylinder_mesh
08:43:33 | INFO: Primitives created: 1
08:43:33 | INFO: Extracting primitive: segment_3_cylinder_mesh
08:43:33 | INFO: Primitives created: 1
08:43:33 | INFO: Extracting primitive: segment_4_cylinder_mesh
08:43:33 | INFO: Primitives created: 1
08:43:33 | INFO: Extracting primitive: segment_5_cylinder_mesh
08:43:33 | INFO: Primitives created: 1
08:43:33 | INFO: Extracting primitive: segment_6_cylinder_mesh
08:43:33 | INFO: Primitives created: 1
08:43:33 | INFO: Extracting primitive: segment_7_cylinder_mesh
08:43:33 | INFO: Primitives created: 1
08:43:33 | INFO: Extracting primitive: segment_8_cylinder_mesh
08:43:33 | INFO: Primitives created: 1
08:43:33 | INFO: Extracting primitive: segment_9_cylinder_mesh
08:43:33 | INFO: Primitives created: 1
08:43:33 | INFO: Extracting primitive: segment_10_cylinder_mesh.001
08:43:33 | INFO: Primitives created: 1
08:43:33 | INFO: Extracting primitive: segment_11_cylinder_mesh.001
08:43:33 | INFO: Primitives created: 1
08:43:33 | INFO: Extracting primitive: segment_12_cylinder_mesh.001
08:43:33 | INFO: Primitives created: 1
08:43:33 | INFO: Extracting primitive: segment_1_cylinder_mesh.001
08:43:33 | INFO: Primitives created: 1
08:43:33 | INFO: Extracting primitive: segment_2_cylinder_mesh.001
08:43:33 | INFO: Primitives created: 1
08:43:33 | INFO: Extracting primitive: segment_3_cylinder_mesh.001
08:43:33 | INFO: Primitives created: 1
08:43:33 | INFO: Extracting primitive: segment_4_cylinder_mesh.001
08:43:33 | INFO: Primitives created: 1
08:43:33 | INFO: Extracting primitive: segment_5_cylinder_mesh.001
08:43:33 | INFO: Primitives created: 1
08:43:33 | INFO: Extracting primitive: segment_6_cylinder_mesh.001
08:43:33 | INFO: Primitives created: 1
08:43:33 | INFO: Extracting primitive: segment_7_cylinder_mesh.001
08:43:33 | INFO: Primitives created: 1
08:43:33 | INFO: Extracting primitive: segment_8_cylinder_mesh.001
08:43:33 | INFO: Primitives created: 1
08:43:33 | INFO: Extracting primitive: segment_9_cylinder_mesh.001
08:43:33 | INFO: Primitives created: 1
08:43:33 | INFO: Extracting primitive: lower_twist_collar_cylinder_mesh
08:43:33 | INFO: Primitives created: 1
08:43:33 | INFO: Extracting primitive: upper_twist_collar_cylinder_mesh
08:43:33 | INFO: Primitives created: 1
08:43:33 | INFO: Extracting primitive: lamp_socket_cylinder_mesh
08:43:33 | INFO: Primitives created: 1
08:43:33 | INFO: Extracting primitive: bottom_trim_cylinder_mesh
08:43:33 | INFO: Primitives created: 1
08:43:33 | INFO: Extracting primitive: base_cylinder_mesh.001
08:43:33 | INFO: Primitives created: 1
08:43:33 | INFO: Extracting primitive: base_cylinder_mesh.010
08:43:33 | INFO: Primitives created: 1
08:43:33 | INFO: Extracting primitive: base_cylinder_mesh.011
08:43:33 | INFO: Primitives created: 1
08:43:33 | INFO: Extracting primitive: base_cylinder_mesh
08:43:33 | INFO: Primitives created: 1
08:43:33 | INFO: Extracting primitive: base_cylinder_mesh.002
08:43:33 | INFO: Primitives created: 1
08:43:33 | INFO: Extracting primitive: base_cylinder_mesh.003
08:43:33 | INFO: Primitives created: 1
08:43:33 | INFO: Extracting primitive: base_cylinder_mesh.004
08:43:33 | INFO: Primitives created: 1
08:43:33 | INFO: Extracting primitive: base_cylinder_mesh.005
08:43:33 | INFO: Primitives created: 1
08:43:33 | INFO: Extracting primitive: base_cylinder_mesh.006
08:43:33 | INFO: Primitives created: 1
08:43:33 | INFO: Extracting primitive: base_cylinder_mesh.007
08:43:33 | INFO: Primitives created: 1
08:43:33 | INFO: Extracting primitive: base_cylinder_mesh.008
08:43:33 | INFO: Primitives created: 1
08:43:33 | INFO: Extracting primitive: base_cylinder_mesh.009
08:43:33 | INFO: Primitives created: 1
08:43:33 | INFO: Extracting primitive: part_0_cylinder_mesh.001
08:43:33 | INFO: Primitives created: 1
08:43:33 | INFO: Extracting primitive: part_1_cylinder_mesh.001
08:43:33 | INFO: Primitives created: 1
08:43:33 | INFO: Extracting primitive: part_2_cylinder_mesh.001
08:43:33 | INFO: Primitives created: 1
08:43:33 | INFO: Extracting primitive: part_3_cylinder_mesh
08:43:33 | INFO: Primitives created: 1
08:43:33 | INFO: Extracting primitive: part_4_cylinder_mesh
08:43:33 | INFO: Primitives created: 1
08:43:33 | INFO: Extracting primitive: part_5_cylinder_mesh
08:43:33 | INFO: Primitives created: 1
08:43:33 | INFO: Extracting primitive: part_6_cylinder_mesh
08:43:33 | INFO: Primitives created: 1
08:43:33 | INFO: Extracting primitive: part_7_cylinder_mesh
08:43:33 | INFO: Primitives created: 1
08:43:33 | INFO: Extracting primitive: part_8_cylinder_mesh
08:43:33 | INFO: Primitives created: 1
08:43:33 | INFO: Extracting primitive: part_9_cylinder_mesh
08:43:33 | INFO: Primitives created: 1
08:43:33 | INFO: Extracting primitive: part_10_cylinder_mesh
08:43:33 | INFO: Primitives created: 1
08:43:33 | INFO: Extracting primitive: part_11_cylinder_mesh
08:43:33 | INFO: Primitives created: 1
08:43:33 | INFO: Extracting primitive: part_12_cylinder_mesh
08:43:33 | INFO: Primitives created: 1
08:43:33 | INFO: Extracting primitive: part_13_cylinder_mesh
08:43:33 | INFO: Primitives created: 1
08:43:33 | INFO: Extracting primitive: part_14_cylinder_mesh
08:43:33 | INFO: Primitives created: 1
08:43:33 | INFO: Extracting primitive: part_15_cylinder_mesh
08:43:33 | INFO: Primitives created: 1
08:43:33 | INFO: Extracting primitive: part_16_cylinder_mesh
08:43:33 | INFO: Primitives created: 1
08:43:33 | INFO: Extracting primitive: part_17_cylinder_mesh
08:43:33 | INFO: Primitives created: 1
08:43:33 | INFO: Extracting primitive: part_18_cylinder_mesh
08:43:33 | INFO: Primitives created: 1
08:43:33 | INFO: Extracting primitive: part_19_cylinder_mesh
08:43:33 | INFO: Primitives created: 1
08:43:33 | INFO: Extracting primitive: part_20_cylinder_mesh
08:43:33 | INFO: Primitives created: 1
08:43:33 | INFO: Extracting primitive: part_21_cylinder_mesh
08:43:33 | INFO: Primitives created: 1
08:43:33 | INFO: Extracting primitive: part_22_cylinder_mesh
08:43:33 | INFO: Primitives created: 1
08:43:33 | INFO: Extracting primitive: part_23_cylinder_mesh
08:43:33 | INFO: Primitives created: 1
08:43:33 | INFO: Extracting primitive: part_0_cylinder_mesh.002
08:43:33 | INFO: Primitives created: 1
08:43:33 | INFO: Extracting primitive: part_1_cylinder_mesh.002
08:43:33 | INFO: Primitives created: 1
08:43:33 | INFO: Extracting primitive: part_2_cylinder_mesh.002
08:43:33 | INFO: Primitives created: 1
08:43:33 | INFO: Extracting primitive: part_3_cylinder_mesh.001
08:43:33 | INFO: Primitives created: 1
08:43:33 | INFO: Extracting primitive: part_4_cylinder_mesh.001
08:43:33 | INFO: Primitives created: 1
08:43:33 | INFO: Extracting primitive: part_5_cylinder_mesh.001
08:43:33 | INFO: Primitives created: 1
08:43:33 | INFO: Extracting primitive: part_6_cylinder_mesh.001
08:43:33 | INFO: Primitives created: 1
08:43:33 | INFO: Extracting primitive: part_7_cylinder_mesh.001
08:43:33 | INFO: Primitives created: 1
08:43:33 | INFO: Extracting primitive: part_8_cylinder_mesh.001
08:43:33 | INFO: Primitives created: 1
08:43:33 | INFO: Extracting primitive: part_9_cylinder_mesh.001
08:43:33 | INFO: Primitives created: 1
08:43:33 | INFO: Extracting primitive: part_10_cylinder_mesh.001
08:43:33 | INFO: Primitives created: 1
08:43:33 | INFO: Extracting primitive: part_11_cylinder_mesh.001
08:43:33 | INFO: Primitives created: 1
08:43:33 | INFO: Extracting primitive: part_12_cylinder_mesh.001
08:43:33 | INFO: Primitives created: 1
08:43:33 | INFO: Extracting primitive: part_13_cylinder_mesh.001
08:43:33 | INFO: Primitives created: 1
08:43:33 | INFO: Extracting primitive: part_14_cylinder_mesh.001
08:43:33 | INFO: Primitives created: 1
08:43:33 | INFO: Extracting primitive: part_15_cylinder_mesh.001
08:43:33 | INFO: Primitives created: 1
08:43:33 | INFO: Extracting primitive: part_16_cylinder_mesh.001
08:43:33 | INFO: Primitives created: 1
08:43:33 | INFO: Extracting primitive: part_17_cylinder_mesh.001
08:43:33 | INFO: Primitives created: 1
08:43:33 | INFO: Extracting primitive: part_18_cylinder_mesh.001
08:43:33 | INFO: Primitives created: 1
08:43:33 | INFO: Extracting primitive: part_19_cylinder_mesh.001
08:43:33 | INFO: Primitives created: 1
08:43:33 | INFO: Extracting primitive: part_20_cylinder_mesh.001
08:43:33 | INFO: Primitives created: 1
08:43:33 | INFO: Extracting primitive: part_21_cylinder_mesh.001
08:43:33 | INFO: Primitives created: 1
08:43:33 | INFO: Extracting primitive: part_22_cylinder_mesh.001
08:43:33 | INFO: Primitives created: 1
08:43:33 | INFO: Extracting primitive: part_23_cylinder_mesh.001
08:43:33 | INFO: Primitives created: 1
08:43:33 | INFO: Extracting primitive: top_trim_cylinder_mesh
08:43:33 | INFO: Primitives created: 1
08:43:33 | INFO: Extracting primitive: socket_cap_cylinder_mesh
08:43:33 | INFO: Primitives created: 1
08:43:33 | INFO: Extracting primitive: curved_segment_2_cylinder_mesh.001
08:43:33 | INFO: Primitives created: 1
08:43:33 | INFO: Extracting primitive: curved_segment_3_cylinder_mesh.001
08:43:33 | INFO: Primitives created: 1
08:43:33 | INFO: Extracting primitive: curved_segment_4_cylinder_mesh.001
08:43:33 | INFO: Primitives created: 1
08:43:33 | INFO: Extracting primitive: curved_segment_1_cylinder_mesh.001
08:43:33 | INFO: Primitives created: 1
08:43:33 | INFO: Extracting primitive: curved_segment_2_cylinder_mesh.002
08:43:33 | INFO: Primitives created: 1
08:43:33 | INFO: Extracting primitive: curved_segment_3_cylinder_mesh.002
08:43:33 | INFO: Primitives created: 1
08:43:33 | INFO: Extracting primitive: curved_segment_4_cylinder_mesh.002
08:43:33 | INFO: Primitives created: 1
08:43:33 | INFO: Extracting primitive: curved_segment_1_cylinder_mesh.002
08:43:33 | INFO: Primitives created: 1
08:43:33 | INFO: Extracting primitive: curved_segment_2_cylinder_mesh
08:43:33 | INFO: Primitives created: 1
08:43:33 | INFO: Extracting primitive: curved_segment_3_cylinder_mesh
08:43:33 | INFO: Primitives created: 1
08:43:33 | INFO: Extracting primitive: curved_segment_4_cylinder_mesh
08:43:33 | INFO: Primitives created: 1
08:43:33 | INFO: Extracting primitive: curved_segment_1_cylinder_mesh
08:43:33 | INFO: Primitives created: 1
08:43:33 | INFO: Extracting primitive: part_0_cylinder_mesh
08:43:33 | INFO: Primitives created: 1
08:43:33 | INFO: Extracting primitive: part_1_cylinder_mesh
08:43:33 | INFO: Primitives created: 1
08:43:33 | INFO: Extracting primitive: part_2_cylinder_mesh
08:43:33 | INFO: Primitives created: 1
08:43:33 | INFO: Extracting primitive: hub_collar_cylinder_mesh
08:43:33 | INFO: Primitives created: 1
08:43:33 | INFO: Extracting primitive: tripod_hub_sphere_mesh
08:43:33 | INFO: Primitives created: 1
08:43:33 | INFO: Finished glTF 2.0 export in 0.21149873733520508 s

Warning: Falling back to the standard locale ("C")
