11:27:55 | ERROR: Draco mesh compression is not available because library could not be found at /vepfs_default/chanxueyan/lhp/lms/aDSL/temp/geometry_elephant_000_20260929/B/4.0/python/lib/python3.10/site-packages/libextern_draco.so
11:27:55 | INFO: Starting glTF 2.0 export
11:27:55 | INFO: Extracting primitive: constructive_mesh
11:27:55 | INFO: Primitives created: 1
11:27:55 | INFO: Extracting primitive: constructive_mesh.002
11:27:55 | INFO: Primitives created: 1
11:27:55 | INFO: Extracting primitive: far_eye_sphere_mesh
11:27:55 | INFO: Primitives created: 1
11:27:55 | INFO: Extracting primitive: boolean_recomputed
11:27:55 | INFO: Primitives created: 1
11:27:55 | INFO: Extracting primitive: boolean_recomputed.003
11:27:55 | INFO: Primitives created: 1
11:27:55 | INFO: Extracting primitive: constructive_mesh.001
11:27:55 | INFO: Primitives created: 1
11:27:55 | INFO: Extracting primitive: constructive_mesh.003
11:27:55 | INFO: Primitives created: 1
11:27:55 | INFO: Extracting primitive: near_eye_sphere_mesh
11:27:55 | INFO: Primitives created: 1
11:27:55 | INFO: Extracting primitive: boolean_recomputed.002
11:27:55 | INFO: Primitives created: 1
11:27:55 | INFO: Extracting primitive: boolean_recomputed.004
11:27:55 | INFO: Primitives created: 1
11:27:55 | INFO: Extracting primitive: boolean_recomputed.001
11:27:55 | INFO: Primitives created: 2
11:27:55 | INFO: Finished glTF 2.0 export in 0.10750198364257812 s

