08:46:37 | ERROR: Draco mesh compression is not available because library could not be found at /vepfs_default/chanxueyan/lhp/lms/aDSL/temp/geometry_expression_20260929/A/T02-bookshelf/4.0/python/lib/python3.10/site-packages/libextern_draco.so
08:46:37 | INFO: Starting glTF 2.0 export
08:46:37 | INFO: Extracting primitive: book_body_cube_mesh.001
08:46:37 | INFO: Primitives created: 1
08:46:37 | INFO: Extracting primitive: spine_band_cube_mesh
08:46:37 | INFO: Primitives created: 1
08:46:37 | INFO: Extracting primitive: book_body_cube_mesh.002
08:46:37 | INFO: Primitives created: 1
08:46:37 | INFO: Extracting primitive: spine_band_cube_mesh.001
08:46:37 | INFO: Primitives created: 1
08:46:37 | INFO: Extracting primitive: book_body_cube_mesh.003
08:46:37 | INFO: Primitives created: 1
08:46:37 | INFO: Extracting primitive: spine_band_cube_mesh.002
08:46:37 | INFO: Primitives created: 1
08:46:37 | INFO: Extracting primitive: book_body_cube_mesh.004
08:46:37 | INFO: Primitives created: 1
08:46:37 | INFO: Extracting primitive: spine_band_cube_mesh.003
08:46:37 | INFO: Primitives created: 1
08:46:37 | INFO: Extracting primitive: body_cube_mesh.002
08:46:37 | INFO: Primitives created: 1
08:46:37 | INFO: Extracting primitive: lid_cube_mesh.001
08:46:37 | INFO: Primitives created: 1
08:46:37 | INFO: Extracting primitive: label_panel_cube_mesh.001
08:46:37 | INFO: Primitives created: 1
08:46:37 | INFO: Extracting primitive: body_cube_mesh.001
08:46:37 | INFO: Primitives created: 1
08:46:37 | INFO: Extracting primitive: lid_cube_mesh
08:46:37 | INFO: Primitives created: 1
08:46:37 | INFO: Extracting primitive: label_panel_cube_mesh
08:46:37 | INFO: Primitives created: 1
08:46:37 | INFO: Extracting primitive: foot_1_cube_mesh
08:46:37 | INFO: Primitives created: 1
08:46:37 | INFO: Extracting primitive: foot_2_cube_mesh
08:46:37 | INFO: Primitives created: 1
08:46:37 | INFO: Extracting primitive: foot_3_cube_mesh
08:46:37 | INFO: Primitives created: 1
08:46:37 | INFO: Extracting primitive: foot_4_cube_mesh
08:46:37 | INFO: Primitives created: 1
08:46:37 | INFO: Extracting primitive: front_leg_cube_mesh
08:46:37 | INFO: Primitives created: 1
08:46:37 | INFO: Extracting primitive: lower_shelf_bearer_2_cube_mesh
08:46:37 | INFO: Primitives created: 1
08:46:37 | INFO: Extracting primitive: lower_shelf_bearer_3_cube_mesh
08:46:37 | INFO: Primitives created: 1
08:46:37 | INFO: Extracting primitive: lower_shelf_bearer_1_cube_mesh
08:46:37 | INFO: Primitives created: 1
08:46:37 | INFO: Extracting primitive: rear_upright_cube_mesh
08:46:37 | INFO: Primitives created: 1
08:46:37 | INFO: Extracting primitive: top_knee_brace_cube_mesh
08:46:37 | INFO: Primitives created: 1
08:46:37 | INFO: Extracting primitive: top_support_bracket_cube_mesh
08:46:37 | INFO: Primitives created: 1
08:46:37 | INFO: Extracting primitive: diagonal_stabilizer_cube_mesh
08:46:37 | INFO: Primitives created: 1
08:46:37 | INFO: Extracting primitive: rear_rail_1_cube_mesh
08:46:37 | INFO: Primitives created: 1
08:46:37 | INFO: Extracting primitive: rear_rail_2_cube_mesh
08:46:37 | INFO: Primitives created: 1
08:46:37 | INFO: Extracting primitive: rear_rail_3_cube_mesh
08:46:37 | INFO: Primitives created: 1
08:46:37 | INFO: Extracting primitive: front_leg_cube_mesh.001
08:46:37 | INFO: Primitives created: 1
08:46:37 | INFO: Extracting primitive: lower_shelf_bearer_2_cube_mesh.001
08:46:37 | INFO: Primitives created: 1
08:46:37 | INFO: Extracting primitive: lower_shelf_bearer_3_cube_mesh.001
08:46:37 | INFO: Primitives created: 1
08:46:37 | INFO: Extracting primitive: lower_shelf_bearer_1_cube_mesh.001
08:46:37 | INFO: Primitives created: 1
08:46:37 | INFO: Extracting primitive: rear_upright_cube_mesh.001
08:46:37 | INFO: Primitives created: 1
08:46:37 | INFO: Extracting primitive: top_knee_brace_cube_mesh.001
08:46:37 | INFO: Primitives created: 1
08:46:37 | INFO: Extracting primitive: top_support_bracket_cube_mesh.001
08:46:37 | INFO: Primitives created: 1
08:46:37 | INFO: Extracting primitive: part_0_cube_mesh
08:46:37 | INFO: Primitives created: 1
08:46:37 | INFO: Extracting primitive: part_1_cube_mesh
08:46:37 | INFO: Primitives created: 1
08:46:37 | INFO: Extracting primitive: part_2_cube_mesh
08:46:37 | INFO: Primitives created: 1
08:46:37 | INFO: Extracting primitive: book_body_cube_mesh.006
08:46:37 | INFO: Primitives created: 1
08:46:37 | INFO: Extracting primitive: spine_band_cube_mesh.005
08:46:37 | INFO: Primitives created: 1
08:46:37 | INFO: Extracting primitive: book_body_cube_mesh.007
08:46:37 | INFO: Primitives created: 1
08:46:37 | INFO: Extracting primitive: spine_band_cube_mesh.006
08:46:37 | INFO: Primitives created: 1
08:46:37 | INFO: Extracting primitive: book_body_cube_mesh.008
08:46:37 | INFO: Primitives created: 1
08:46:37 | INFO: Extracting primitive: spine_band_cube_mesh.007
08:46:37 | INFO: Primitives created: 1
08:46:37 | INFO: Extracting primitive: book_body_cube_mesh.009
08:46:37 | INFO: Primitives created: 1
08:46:37 | INFO: Extracting primitive: spine_band_cube_mesh.008
08:46:37 | INFO: Primitives created: 1
08:46:37 | INFO: Extracting primitive: book_body_cube_mesh.005
08:46:37 | INFO: Primitives created: 1
08:46:37 | INFO: Extracting primitive: spine_band_cube_mesh.004
08:46:37 | INFO: Primitives created: 1
08:46:37 | INFO: Extracting primitive: op_0_cube_mesh
08:46:37 | INFO: Primitives created: 1
08:46:37 | INFO: Extracting primitive: op_0_cube_mesh.001
08:46:37 | INFO: Primitives created: 1
08:46:37 | INFO: Extracting primitive: op_0_cube_mesh.002
08:46:37 | INFO: Primitives created: 1
08:46:37 | INFO: Extracting primitive: op_0_cube_mesh.003
08:46:37 | INFO: Primitives created: 1
08:46:37 | INFO: Extracting primitive: book_body_cube_mesh.010
08:46:37 | INFO: Primitives created: 1
08:46:37 | INFO: Extracting primitive: spine_band_cube_mesh.009
08:46:37 | INFO: Primitives created: 1
08:46:37 | INFO: Extracting primitive: book_body_cube_mesh.011
08:46:37 | INFO: Primitives created: 1
08:46:37 | INFO: Extracting primitive: spine_band_cube_mesh.010
08:46:37 | INFO: Primitives created: 1
08:46:37 | INFO: Extracting primitive: book_body_cube_mesh.012
08:46:37 | INFO: Primitives created: 1
08:46:37 | INFO: Extracting primitive: spine_band_cube_mesh.011
08:46:37 | INFO: Primitives created: 1
08:46:37 | INFO: Extracting primitive: book_body_cube_mesh.013
08:46:37 | INFO: Primitives created: 1
08:46:37 | INFO: Extracting primitive: spine_band_cube_mesh.012
08:46:37 | INFO: Primitives created: 1
08:46:37 | INFO: Extracting primitive: book_body_cube_mesh.014
08:46:37 | INFO: Primitives created: 1
08:46:37 | INFO: Extracting primitive: spine_band_cube_mesh.013
08:46:37 | INFO: Primitives created: 1
08:46:37 | INFO: Extracting primitive: body_cube_mesh.003
08:46:37 | INFO: Primitives created: 1
08:46:37 | INFO: Extracting primitive: lid_cube_mesh.002
08:46:37 | INFO: Primitives created: 1
08:46:37 | INFO: Extracting primitive: label_panel_cube_mesh.002
08:46:37 | INFO: Primitives created: 1
08:46:37 | INFO: Extracting primitive: body_cube_mesh
08:46:37 | INFO: Primitives created: 1
08:46:37 | INFO: Extracting primitive: lid_cube_mesh.003
08:46:37 | INFO: Primitives created: 1
08:46:37 | INFO: Extracting primitive: label_panel_cube_mesh.003
08:46:37 | INFO: Primitives created: 1
08:46:37 | INFO: Extracting primitive: book_body_cube_mesh.015
08:46:37 | INFO: Primitives created: 1
08:46:37 | INFO: Extracting primitive: spine_band_cube_mesh.014
08:46:37 | INFO: Primitives created: 1
08:46:37 | INFO: Extracting primitive: book_body_cube_mesh
08:46:37 | INFO: Primitives created: 1
08:46:37 | INFO: Extracting primitive: spine_band_cube_mesh.015
08:46:37 | INFO: Primitives created: 1
08:46:37 | INFO: Finished glTF 2.0 export in 0.11790776252746582 s

Warning: Falling back to the standard locale ("C")
