Warning: Falling back to the standard locale ("C")
Error: Array length mismatch (got 6813, expected more)
08:40:43 | ERROR: Draco mesh compression is not available because library could not be found at /vepfs_default/chanxueyan/lhp/lms/aDSL/temp/geometry_expression_20260929/A/SF06/4.0/python/lib/python3.10/site-packages/libextern_draco.so
08:40:43 | INFO: Starting glTF 2.0 export
08:40:43 | INFO: Extracting primitive: back_wall_cube_mesh
08:40:43 | INFO: Primitives created: 1
08:40:43 | INFO: Extracting primitive: ground_cube_mesh
08:40:43 | INFO: Primitives created: 1
08:40:43 | INFO: Extracting primitive: op_0_sphere_mesh
08:40:43 | INFO: Primitives created: 1
08:40:43 | INFO: Extracting primitive: leg_cube_mesh
08:40:43 | INFO: Primitives created: 1
08:40:43 | INFO: Extracting primitive: part_1_sphere_mesh
08:40:43 | INFO: Primitives created: 1
08:40:43 | INFO: Extracting primitive: part_2_sphere_mesh
08:40:43 | INFO: Primitives created: 1
08:40:43 | INFO: Extracting primitive: part_3_sphere_mesh
08:40:43 | INFO: Primitives created: 1
08:40:43 | INFO: Extracting primitive: part_4_sphere_mesh
08:40:43 | INFO: Primitives created: 1
08:40:43 | INFO: Extracting primitive: part_5_sphere_mesh
08:40:43 | INFO: Primitives created: 1
08:40:43 | INFO: Extracting primitive: part_6_sphere_mesh
08:40:43 | INFO: Primitives created: 1
08:40:43 | INFO: Extracting primitive: part_7_sphere_mesh
08:40:43 | INFO: Primitives created: 1
08:40:43 | INFO: Extracting primitive: part_8_sphere_mesh
08:40:43 | INFO: Primitives created: 1
08:40:43 | INFO: Extracting primitive: part_9_sphere_mesh
08:40:43 | INFO: Primitives created: 1
08:40:43 | INFO: Extracting primitive: part_10_sphere_mesh
08:40:43 | INFO: Primitives created: 1
08:40:43 | INFO: Extracting primitive: part_11_sphere_mesh
08:40:43 | INFO: Primitives created: 1
08:40:43 | INFO: Extracting primitive: part_12_sphere_mesh
08:40:43 | INFO: Primitives created: 1
08:40:43 | INFO: Extracting primitive: part_13_sphere_mesh
08:40:43 | INFO: Primitives created: 1
08:40:43 | INFO: Extracting primitive: part_14_sphere_mesh
08:40:43 | INFO: Primitives created: 1
08:40:43 | INFO: Extracting primitive: part_0_sphere_mesh
08:40:43 | INFO: Primitives created: 1
08:40:43 | INFO: Extracting primitive: leg_cube_mesh.001
08:40:43 | INFO: Primitives created: 1
08:40:43 | WARNING: Mesh op_0_cylinder_mesh is not valid, and may be exported wrongly
08:40:43 | INFO: Extracting primitive: op_0_cylinder_mesh
08:40:43 | INFO: Primitives created: 0
08:40:43 | WARNING: Mesh 'op_0_cylinder_mesh' has no primitives and will be omitted.
08:40:43 | INFO: Extracting primitive: leg_cube_mesh.002
08:40:43 | INFO: Primitives created: 1
08:40:43 | INFO: Extracting primitive: leg_cube_mesh.003
08:40:43 | INFO: Primitives created: 1
08:40:43 | INFO: Extracting primitive: op_0_cylinder_mesh.001
08:40:43 | INFO: Primitives created: 1
08:40:43 | INFO: Extracting primitive: part_1_cube_mesh
08:40:43 | INFO: Primitives created: 1
08:40:43 | INFO: Extracting primitive: part_2_cylinder_mesh
08:40:43 | INFO: Primitives created: 1
08:40:43 | INFO: Extracting primitive: part_3_cylinder_mesh
08:40:43 | INFO: Primitives created: 1
08:40:43 | INFO: Extracting primitive: part_4_cylinder_mesh
08:40:43 | INFO: Primitives created: 1
08:40:43 | INFO: Extracting primitive: part_5_cylinder_mesh
08:40:43 | INFO: Primitives created: 1
08:40:43 | INFO: Extracting primitive: part_0_cube_mesh
08:40:43 | INFO: Primitives created: 1
08:40:43 | INFO: Extracting primitive: op_0_sphere_mesh.001
08:40:43 | INFO: Primitives created: 1
08:40:43 | INFO: Finished glTF 2.0 export in 0.09924817085266113 s

