Warning: Falling back to the standard locale ("C")
Fra:1 Mem:19.40M (Peak 19.40M) | Time:00:00.00 | Mem:0.00M, Peak:0.00M | Scene, ViewLayer | Synchronizing object | geometry_0_cube.001
Fra:1 Mem:19.41M (Peak 19.41M) | Time:00:00.00 | Mem:0.00M, Peak:0.00M | Scene, ViewLayer | Synchronizing object | geometry_0_cube
Fra:1 Mem:19.41M (Peak 19.41M) | Time:00:00.00 | Mem:0.00M, Peak:0.00M | Scene, ViewLayer | Synchronizing object | geometry_0_sphere.002
Fra:1 Mem:19.45M (Peak 19.45M) | Time:00:00.00 | Mem:0.00M, Peak:0.00M | Scene, ViewLayer | Synchronizing object | geometry_0_sphere.001
Fra:1 Mem:19.75M (Peak 19.75M) | Time:00:00.00 | Mem:0.00M, Peak:0.00M | Scene, ViewLayer | Synchronizing object | geometry_0_cube.004
Fra:1 Mem:19.75M (Peak 19.75M) | Time:00:00.00 | Mem:0.00M, Peak:0.00M | Scene, ViewLayer | Synchronizing object | geometry_0_sphere.004
Fra:1 Mem:20.31M (Peak 20.31M) | Time:00:00.00 | Mem:0.00M, Peak:0.00M | Scene, ViewLayer | Synchronizing object | geometry_0_sphere.005
Fra:1 Mem:20.51M (Peak 20.51M) | Time:00:00.00 | Mem:0.00M, Peak:0.00M | Scene, ViewLayer | Synchronizing object | geometry_0_sphere.006
Fra:1 Mem:20.49M (Peak 20.51M) | Time:00:00.00 | Mem:0.00M, Peak:0.00M | Scene, ViewLayer | Synchronizing object | geometry_0_sphere.007
Fra:1 Mem:20.90M (Peak 20.90M) | Time:00:00.00 | Mem:0.00M, Peak:0.00M | Scene, ViewLayer | Synchronizing object | geometry_0_sphere.008
Fra:1 Mem:20.91M (Peak 20.91M) | Time:00:00.00 | Mem:0.00M, Peak:0.00M | Scene, ViewLayer | Synchronizing object | geometry_0_sphere.009
Fra:1 Mem:21.14M (Peak 21.14M) | Time:00:00.00 | Mem:0.00M, Peak:0.00M | Scene, ViewLayer | Synchronizing object | geometry_0_sphere.010
Fra:1 Mem:21.19M (Peak 21.19M) | Time:00:00.00 | Mem:0.00M, Peak:0.00M | Scene, ViewLayer | Synchronizing object | geometry_0_sphere.011
Fra:1 Mem:21.55M (Peak 21.55M) | Time:00:00.00 | Mem:0.00M, Peak:0.00M | Scene, ViewLayer | Synchronizing object | geometry_0_sphere.012
Fra:1 Mem:21.61M (Peak 21.61M) | Time:00:00.00 | Mem:0.00M, Peak:0.00M | Scene, ViewLayer | Synchronizing object | geometry_0_sphere.013
Fra:1 Mem:21.55M (Peak 21.61M) | Time:00:00.00 | Mem:0.00M, Peak:0.00M | Scene, ViewLayer | Synchronizing object | geometry_0_cube.002
Fra:1 Mem:21.58M (Peak 21.61M) | Time:00:00.00 | Mem:0.00M, Peak:0.00M | Scene, ViewLayer | Synchronizing object | geometry_0_cylinder.003
Fra:1 Mem:21.66M (Peak 21.66M) | Time:00:00.00 | Mem:0.00M, Peak:0.00M | Scene, ViewLayer | Synchronizing object | geometry_0_cylinder.002
Fra:1 Mem:21.67M (Peak 21.67M) | Time:00:00.00 | Mem:0.00M, Peak:0.00M | Scene, ViewLayer | Synchronizing object | geometry_0_cylinder.001
Fra:1 Mem:21.68M (Peak 21.68M) | Time:00:00.00 | Mem:0.00M, Peak:0.00M | Scene, ViewLayer | Synchronizing object | geometry_0_sphere.014
Fra:1 Mem:21.67M (Peak 21.68M) | Time:00:00.00 | Mem:0.00M, Peak:0.00M | Scene, ViewLayer | Synchronizing object | geometry_0_cylinder
Fra:1 Mem:21.72M (Peak 21.72M) | Time:00:00.00 | Mem:0.00M, Peak:0.00M | Scene, ViewLayer | Synchronizing object | geometry_0_sphere.015
Fra:1 Mem:21.76M (Peak 21.76M) | Time:00:00.00 | Mem:0.00M, Peak:0.00M | Scene, ViewLayer | Synchronizing object | geometry_0_cube.003
Fra:1 Mem:21.87M (Peak 21.87M) | Time:00:00.00 | Mem:0.00M, Peak:0.00M | Scene, ViewLayer | Synchronizing object | geometry_0_cylinder.005
Fra:1 Mem:22.13M (Peak 22.13M) | Time:00:00.00 | Mem:0.00M, Peak:0.00M | Scene, ViewLayer | Synchronizing object | geometry_0_sphere.016
Fra:1 Mem:22.26M (Peak 22.26M) | Time:00:00.00 | Mem:0.00M, Peak:0.00M | Scene, ViewLayer | Synchronizing object | geometry_0_sphere
Fra:1 Mem:22.48M (Peak 22.48M) | Time:00:00.00 | Mem:0.00M, Peak:0.00M | Scene, ViewLayer | Synchronizing object | geometry_0_sphere.003
Fra:1 Mem:22.51M (Peak 22.51M) | Time:00:00.00 | Mem:0.00M, Peak:0.00M | Scene, ViewLayer | Synchronizing object | geometry_0_cube.007
Fra:1 Mem:22.54M (Peak 22.54M) | Time:00:00.00 | Mem:0.00M, Peak:0.00M | Scene, ViewLayer | Synchronizing object | geometry_0_cube.005
Fra:1 Mem:22.54M (Peak 22.54M) | Time:00:00.00 | Mem:0.00M, Peak:0.00M | Scene, ViewLayer | Synchronizing object | geometry_0_cube.006
Fra:1 Mem:22.54M (Peak 22.54M) | Time:00:00.00 | Mem:0.00M, Peak:0.00M | Scene, ViewLayer | Initializing
Fra:1 Mem:20.74M (Peak 22.54M) | Time:00:00.00 | Mem:0.00M, Peak:0.00M | Scene, ViewLayer | Waiting for render to start
Fra:1 Mem:20.74M (Peak 22.54M) | Time:00:00.00 | Mem:0.00M, Peak:0.00M | Scene, ViewLayer | Loading render kernels (may take a few minutes the first time)
Fra:1 Mem:20.74M (Peak 22.54M) | Time:00:00.00 | Mem:0.00M, Peak:0.00M | Scene, ViewLayer | Updating Scene
Fra:1 Mem:20.74M (Peak 22.54M) | Time:00:00.00 | Mem:0.00M, Peak:0.00M | Scene, ViewLayer | Updating Shaders
Fra:1 Mem:20.82M (Peak 22.54M) | Time:00:00.00 | Mem:0.00M, Peak:0.00M | Scene, ViewLayer | Updating Procedurals
Fra:1 Mem:20.82M (Peak 22.54M) | Time:00:00.00 | Mem:0.00M, Peak:0.00M | Scene, ViewLayer | Updating Background
Fra:1 Mem:20.82M (Peak 22.54M) | Time:00:00.00 | Mem:0.00M, Peak:0.00M | Scene, ViewLayer | Updating Camera
Fra:1 Mem:20.82M (Peak 22.54M) | Time:00:00.00 | Mem:0.00M, Peak:0.00M | Scene, ViewLayer | Updating Meshes Flags
Fra:1 Mem:20.82M (Peak 22.54M) | Time:00:00.00 | Mem:0.00M, Peak:0.00M | Scene, ViewLayer | Updating Objects
Fra:1 Mem:20.82M (Peak 22.54M) | Time:00:00.00 | Mem:0.00M, Peak:0.00M | Scene, ViewLayer | Updating Objects | Copying Transformations to device
Fra:1 Mem:20.83M (Peak 22.54M) | Time:00:00.00 | Mem:0.01M, Peak:0.01M | Scene, ViewLayer | Updating Objects | Applying Static Transformations
Fra:1 Mem:20.83M (Peak 22.54M) | Time:00:00.00 | Mem:0.01M, Peak:0.01M | Scene, ViewLayer | Updating Particle Systems
Fra:1 Mem:20.83M (Peak 22.54M) | Time:00:00.00 | Mem:0.01M, Peak:0.01M | Scene, ViewLayer | Updating Particle Systems | Copying Particles to device
Fra:1 Mem:20.83M (Peak 22.54M) | Time:00:00.00 | Mem:0.01M, Peak:0.01M | Scene, ViewLayer | Updating Meshes
Fra:1 Mem:21.21M (Peak 22.54M) | Time:00:00.00 | Mem:0.01M, Peak:0.01M | Scene, ViewLayer | Updating Mesh | Computing attributes
Fra:1 Mem:21.81M (Peak 22.54M) | Time:00:00.00 | Mem:0.01M, Peak:0.01M | Scene, ViewLayer | Updating Mesh | Copying Attributes to device
Fra:1 Mem:21.80M (Peak 22.54M) | Time:00:00.00 | Mem:0.60M, Peak:0.60M | Scene, ViewLayer | Updating Scene BVH | Building
Fra:1 Mem:21.80M (Peak 22.54M) | Time:00:00.00 | Mem:0.60M, Peak:0.60M | Scene, ViewLayer | Updating Scene BVH | Building BVH
Fra:1 Mem:21.80M (Peak 22.54M) | Time:00:00.00 | Mem:1.37M, Peak:1.37M | Scene, ViewLayer | Updating Scene BVH | Building BVH 0%
Fra:1 Mem:21.80M (Peak 22.54M) | Time:00:00.01 | Mem:2.29M, Peak:3.07M | Scene, ViewLayer | Updating Scene BVH | Copying BVH to device
Fra:1 Mem:21.80M (Peak 22.54M) | Time:00:00.01 | Mem:2.29M, Peak:3.07M | Scene, ViewLayer | Updating Mesh | Computing normals
Fra:1 Mem:23.84M (Peak 23.84M) | Time:00:00.01 | Mem:2.29M, Peak:3.07M | Scene, ViewLayer | Updating Mesh | Copying Mesh to device
Fra:1 Mem:23.84M (Peak 23.84M) | Time:00:00.01 | Mem:4.34M, Peak:4.34M | Scene, ViewLayer | Updating Objects Flags
Fra:1 Mem:23.84M (Peak 23.84M) | Time:00:00.01 | Mem:4.34M, Peak:4.34M | Scene, ViewLayer | Updating Primitive Offsets
Fra:1 Mem:23.84M (Peak 23.84M) | Time:00:00.01 | Mem:4.34M, Peak:4.34M | Scene, ViewLayer | Updating Images
Fra:1 Mem:23.84M (Peak 23.84M) | Time:00:00.01 | Mem:4.34M, Peak:4.34M | Scene, ViewLayer | Updating Camera Volume
Fra:1 Mem:23.84M (Peak 23.84M) | Time:00:00.01 | Mem:4.34M, Peak:4.34M | Scene, ViewLayer | Updating Lookup Tables
Fra:1 Mem:23.84M (Peak 23.84M) | Time:00:00.01 | Mem:4.42M, Peak:4.42M | Scene, ViewLayer | Updating Lights
Fra:1 Mem:23.85M (Peak 23.85M) | Time:00:00.01 | Mem:4.42M, Peak:4.42M | Scene, ViewLayer | Updating Lights | Computing distribution
Fra:1 Mem:23.85M (Peak 23.85M) | Time:00:00.01 | Mem:4.42M, Peak:4.42M | Scene, ViewLayer | Updating Lights | Computing tree
Fra:1 Mem:23.85M (Peak 23.85M) | Time:00:00.01 | Mem:4.42M, Peak:4.42M | Scene, ViewLayer | Updating Integrator
Fra:1 Mem:24.85M (Peak 24.85M) | Time:00:00.01 | Mem:5.42M, Peak:5.42M | Scene, ViewLayer | Updating Film
Fra:1 Mem:24.85M (Peak 24.85M) | Time:00:00.01 | Mem:5.34M, Peak:5.42M | Scene, ViewLayer | Updating Lookup Tables
Fra:1 Mem:24.85M (Peak 24.85M) | Time:00:00.01 | Mem:5.42M, Peak:5.42M | Scene, ViewLayer | Updating Baking
Fra:1 Mem:24.85M (Peak 24.85M) | Time:00:00.01 | Mem:5.42M, Peak:5.42M | Scene, ViewLayer | Updating Device | Writing constant memory
Fra:1 Mem:24.85M (Peak 24.85M) | Time:00:00.01 | Mem:5.42M, Peak:5.42M | Scene, ViewLayer | Sample 0/32
Fra:1 Mem:43.87M (Peak 43.87M) | Time:00:00.05 | Remaining:00:01.45 | Mem:24.42M, Peak:24.42M | Scene, ViewLayer | Sample 1/32
Fra:1 Mem:51.87M (Peak 63.87M) | Time:00:02.43 | Mem:24.42M, Peak:24.42M | Scene, ViewLayer | Sample 32/32
Fra:1 Mem:51.87M (Peak 63.87M) | Time:00:02.43 | Mem:24.42M, Peak:24.42M | Scene, ViewLayer | Finished
Fra:1 Mem:25.99M (Peak 63.87M) | Time:00:02.43 | Compositing
Fra:1 Mem:25.99M (Peak 63.87M) | Time:00:02.43 | Compositing | Determining resolution
Fra:1 Mem:25.99M (Peak 63.87M) | Time:00:02.43 | Compositing | Initializing execution
Fra:1 Mem:25.99M (Peak 63.87M) | Time:00:02.43 | Compositing | De-initializing execution
Saved: '/vepfs_default/chanxueyan/lhp/lms/aDSL/temp/geometry_expression_20260929/A/SF06/views/render_0001.png'
Time: 00:02.49 (Saving: 00:00.05)

Fra:2 Mem:19.79M (Peak 63.87M) | Time:00:00.00 | Mem:0.00M, Peak:0.00M | Scene, ViewLayer | Synchronizing object | geometry_0_cube.001
Fra:2 Mem:19.79M (Peak 63.87M) | Time:00:00.00 | Mem:0.00M, Peak:0.00M | Scene, ViewLayer | Synchronizing object | geometry_0_cube
Fra:2 Mem:19.80M (Peak 63.87M) | Time:00:00.00 | Mem:0.00M, Peak:0.00M | Scene, ViewLayer | Synchronizing object | geometry_0_sphere.002
Fra:2 Mem:20.04M (Peak 63.87M) | Time:00:00.00 | Mem:0.00M, Peak:0.00M | Scene, ViewLayer | Synchronizing object | geometry_0_cube.004
Fra:2 Mem:20.14M (Peak 63.87M) | Time:00:00.00 | Mem:0.00M, Peak:0.00M | Scene, ViewLayer | Synchronizing object | geometry_0_sphere.004
Fra:2 Mem:20.22M (Peak 63.87M) | Time:00:00.00 | Mem:0.00M, Peak:0.00M | Scene, ViewLayer | Synchronizing object | geometry_0_sphere.001
Fra:2 Mem:20.72M (Peak 63.87M) | Time:00:00.00 | Mem:0.00M, Peak:0.00M | Scene, ViewLayer | Synchronizing object | geometry_0_sphere.005
Fra:2 Mem:20.73M (Peak 63.87M) | Time:00:00.00 | Mem:0.00M, Peak:0.00M | Scene, ViewLayer | Synchronizing object | geometry_0_sphere.006
Fra:2 Mem:20.99M (Peak 63.87M) | Time:00:00.00 | Mem:0.00M, Peak:0.00M | Scene, ViewLayer | Synchronizing object | geometry_0_sphere.007
Fra:2 Mem:21.09M (Peak 63.87M) | Time:00:00.00 | Mem:0.00M, Peak:0.00M | Scene, ViewLayer | Synchronizing object | geometry_0_sphere.008
Fra:2 Mem:21.35M (Peak 63.87M) | Time:00:00.00 | Mem:0.00M, Peak:0.00M | Scene, ViewLayer | Synchronizing object | geometry_0_sphere.009
Fra:2 Mem:21.46M (Peak 63.87M) | Time:00:00.00 | Mem:0.00M, Peak:0.00M | Scene, ViewLayer | Synchronizing object | geometry_0_sphere.010
Fra:2 Mem:21.56M (Peak 63.87M) | Time:00:00.00 | Mem:0.00M, Peak:0.00M | Scene, ViewLayer | Synchronizing object | geometry_0_sphere.011
Fra:2 Mem:21.52M (Peak 63.87M) | Time:00:00.00 | Mem:0.00M, Peak:0.00M | Scene, ViewLayer | Synchronizing object | geometry_0_cube.002
Fra:2 Mem:21.52M (Peak 63.87M) | Time:00:00.00 | Mem:0.00M, Peak:0.00M | Scene, ViewLayer | Synchronizing object | geometry_0_sphere.012
Fra:2 Mem:21.63M (Peak 63.87M) | Time:00:00.00 | Mem:0.00M, Peak:0.00M | Scene, ViewLayer | Synchronizing object | geometry_0_cylinder.003
Fra:2 Mem:21.64M (Peak 63.87M) | Time:00:00.00 | Mem:0.00M, Peak:0.00M | Scene, ViewLayer | Synchronizing object | geometry_0_sphere.013
Fra:2 Mem:21.71M (Peak 63.87M) | Time:00:00.00 | Mem:0.00M, Peak:0.00M | Scene, ViewLayer | Synchronizing object | geometry_0_cylinder.002
Fra:2 Mem:21.76M (Peak 63.87M) | Time:00:00.00 | Mem:0.00M, Peak:0.00M | Scene, ViewLayer | Synchronizing object | geometry_0_sphere.014
Fra:2 Mem:21.80M (Peak 63.87M) | Time:00:00.00 | Mem:0.00M, Peak:0.00M | Scene, ViewLayer | Synchronizing object | geometry_0_cylinder.001
Fra:2 Mem:21.90M (Peak 63.87M) | Time:00:00.00 | Mem:0.00M, Peak:0.00M | Scene, ViewLayer | Synchronizing object | geometry_0_cylinder
Fra:2 Mem:21.88M (Peak 63.87M) | Time:00:00.00 | Mem:0.00M, Peak:0.00M | Scene, ViewLayer | Synchronizing object | geometry_0_sphere.015
Fra:2 Mem:21.96M (Peak 63.87M) | Time:00:00.00 | Mem:0.00M, Peak:0.00M | Scene, ViewLayer | Synchronizing object | geometry_0_cube.003
Fra:2 Mem:21.96M (Peak 63.87M) | Time:00:00.00 | Mem:0.00M, Peak:0.00M | Scene, ViewLayer | Synchronizing object | geometry_0_sphere.016
Fra:2 Mem:22.04M (Peak 63.87M) | Time:00:00.00 | Mem:0.00M, Peak:0.00M | Scene, ViewLayer | Synchronizing object | geometry_0_cylinder.005
Fra:2 Mem:22.30M (Peak 63.87M) | Time:00:00.00 | Mem:0.00M, Peak:0.00M | Scene, ViewLayer | Synchronizing object | geometry_0_sphere
Fra:2 Mem:22.41M (Peak 63.87M) | Time:00:00.00 | Mem:0.00M, Peak:0.00M | Scene, ViewLayer | Synchronizing object | geometry_0_sphere.003
Fra:2 Mem:22.64M (Peak 63.87M) | Time:00:00.00 | Mem:0.00M, Peak:0.00M | Scene, ViewLayer | Synchronizing object | geometry_0_cube.005
Fra:2 Mem:22.57M (Peak 63.87M) | Time:00:00.00 | Mem:0.00M, Peak:0.00M | Scene, ViewLayer | Synchronizing object | geometry_0_cube.007
Fra:2 Mem:22.55M (Peak 63.87M) | Time:00:00.00 | Mem:0.00M, Peak:0.00M | Scene, ViewLayer | Synchronizing object | geometry_0_cube.006
Fra:2 Mem:22.55M (Peak 63.87M) | Time:00:00.00 | Mem:0.00M, Peak:0.00M | Scene, ViewLayer | Initializing
Fra:2 Mem:20.74M (Peak 63.87M) | Time:00:00.00 | Mem:0.00M, Peak:0.00M | Scene, ViewLayer | Waiting for render to start
Fra:2 Mem:20.74M (Peak 63.87M) | Time:00:00.00 | Mem:0.00M, Peak:0.00M | Scene, ViewLayer | Loading render kernels (may take a few minutes the first time)
Fra:2 Mem:20.74M (Peak 63.87M) | Time:00:00.00 | Mem:0.00M, Peak:0.00M | Scene, ViewLayer | Updating Scene
Fra:2 Mem:20.74M (Peak 63.87M) | Time:00:00.00 | Mem:0.00M, Peak:0.00M | Scene, ViewLayer | Updating Shaders
Fra:2 Mem:20.82M (Peak 63.87M) | Time:00:00.00 | Mem:0.00M, Peak:0.00M | Scene, ViewLayer | Updating Procedurals
Fra:2 Mem:20.82M (Peak 63.87M) | Time:00:00.00 | Mem:0.00M, Peak:0.00M | Scene, ViewLayer | Updating Background
Fra:2 Mem:20.82M (Peak 63.87M) | Time:00:00.00 | Mem:0.00M, Peak:0.00M | Scene, ViewLayer | Updating Camera
Fra:2 Mem:20.82M (Peak 63.87M) | Time:00:00.00 | Mem:0.00M, Peak:0.00M | Scene, ViewLayer | Updating Meshes Flags
Fra:2 Mem:20.82M (Peak 63.87M) | Time:00:00.00 | Mem:0.00M, Peak:0.00M | Scene, ViewLayer | Updating Objects
Fra:2 Mem:20.82M (Peak 63.87M) | Time:00:00.00 | Mem:0.00M, Peak:0.00M | Scene, ViewLayer | Updating Objects | Copying Transformations to device
Fra:2 Mem:20.83M (Peak 63.87M) | Time:00:00.00 | Mem:0.01M, Peak:0.01M | Scene, ViewLayer | Updating Objects | Applying Static Transformations
Fra:2 Mem:20.83M (Peak 63.87M) | Time:00:00.00 | Mem:0.01M, Peak:0.01M | Scene, ViewLayer | Updating Particle Systems
Fra:2 Mem:20.83M (Peak 63.87M) | Time:00:00.00 | Mem:0.01M, Peak:0.01M | Scene, ViewLayer | Updating Particle Systems | Copying Particles to device
Fra:2 Mem:20.83M (Peak 63.87M) | Time:00:00.00 | Mem:0.01M, Peak:0.01M | Scene, ViewLayer | Updating Meshes
Fra:2 Mem:21.22M (Peak 63.87M) | Time:00:00.00 | Mem:0.01M, Peak:0.01M | Scene, ViewLayer | Updating Mesh | Computing attributes
Fra:2 Mem:21.81M (Peak 63.87M) | Time:00:00.00 | Mem:0.01M, Peak:0.01M | Scene, ViewLayer | Updating Mesh | Copying Attributes to device
Fra:2 Mem:21.80M (Peak 63.87M) | Time:00:00.00 | Mem:0.60M, Peak:0.60M | Scene, ViewLayer | Updating Scene BVH | Building
Fra:2 Mem:21.80M (Peak 63.87M) | Time:00:00.00 | Mem:0.60M, Peak:0.60M | Scene, ViewLayer | Updating Scene BVH | Building BVH
Fra:2 Mem:21.80M (Peak 63.87M) | Time:00:00.00 | Mem:1.37M, Peak:1.37M | Scene, ViewLayer | Updating Scene BVH | Building BVH 0%
Fra:2 Mem:21.80M (Peak 63.87M) | Time:00:00.00 | Mem:2.29M, Peak:3.07M | Scene, ViewLayer | Updating Scene BVH | Copying BVH to device
Fra:2 Mem:21.80M (Peak 63.87M) | Time:00:00.00 | Mem:2.29M, Peak:3.07M | Scene, ViewLayer | Updating Mesh | Computing normals
Fra:2 Mem:23.85M (Peak 63.87M) | Time:00:00.01 | Mem:2.29M, Peak:3.07M | Scene, ViewLayer | Updating Mesh | Copying Mesh to device
Fra:2 Mem:23.85M (Peak 63.87M) | Time:00:00.01 | Mem:4.34M, Peak:4.34M | Scene, ViewLayer | Updating Objects Flags
Fra:2 Mem:23.85M (Peak 63.87M) | Time:00:00.01 | Mem:4.34M, Peak:4.34M | Scene, ViewLayer | Updating Primitive Offsets
Fra:2 Mem:23.85M (Peak 63.87M) | Time:00:00.01 | Mem:4.34M, Peak:4.34M | Scene, ViewLayer | Updating Images
Fra:2 Mem:23.85M (Peak 63.87M) | Time:00:00.01 | Mem:4.34M, Peak:4.34M | Scene, ViewLayer | Updating Camera Volume
Fra:2 Mem:23.85M (Peak 63.87M) | Time:00:00.01 | Mem:4.34M, Peak:4.34M | Scene, ViewLayer | Updating Lookup Tables
Fra:2 Mem:23.85M (Peak 63.87M) | Time:00:00.01 | Mem:4.42M, Peak:4.42M | Scene, ViewLayer | Updating Lights
Fra:2 Mem:23.85M (Peak 63.87M) | Time:00:00.01 | Mem:4.42M, Peak:4.42M | Scene, ViewLayer | Updating Lights | Computing distribution
Fra:2 Mem:23.85M (Peak 63.87M) | Time:00:00.01 | Mem:4.42M, Peak:4.42M | Scene, ViewLayer | Updating Lights | Computing tree
Fra:2 Mem:23.85M (Peak 63.87M) | Time:00:00.01 | Mem:4.42M, Peak:4.42M | Scene, ViewLayer | Updating Integrator
Fra:2 Mem:24.85M (Peak 63.87M) | Time:00:00.01 | Mem:5.42M, Peak:5.42M | Scene, ViewLayer | Updating Film
Fra:2 Mem:24.85M (Peak 63.87M) | Time:00:00.01 | Mem:5.34M, Peak:5.42M | Scene, ViewLayer | Updating Lookup Tables
Fra:2 Mem:24.85M (Peak 63.87M) | Time:00:00.01 | Mem:5.42M, Peak:5.42M | Scene, ViewLayer | Updating Baking
Fra:2 Mem:24.85M (Peak 63.87M) | Time:00:00.01 | Mem:5.42M, Peak:5.42M | Scene, ViewLayer | Updating Device | Writing constant memory
Fra:2 Mem:24.85M (Peak 63.87M) | Time:00:00.01 | Mem:5.42M, Peak:5.42M | Scene, ViewLayer | Sample 0/32
Fra:2 Mem:43.87M (Peak 63.87M) | Time:00:00.05 | Remaining:00:01.44 | Mem:24.42M, Peak:24.42M | Scene, ViewLayer | Sample 1/32
Fra:2 Mem:51.87M (Peak 63.87M) | Time:00:02.38 | Mem:24.42M, Peak:24.42M | Scene, ViewLayer | Sample 32/32
Fra:2 Mem:51.87M (Peak 63.87M) | Time:00:02.38 | Mem:24.42M, Peak:24.42M | Scene, ViewLayer | Finished
Fra:2 Mem:25.99M (Peak 63.87M) | Time:00:02.38 | Compositing
Fra:2 Mem:25.99M (Peak 63.87M) | Time:00:02.38 | Compositing | Determining resolution
Fra:2 Mem:25.99M (Peak 63.87M) | Time:00:02.38 | Compositing | Initializing execution
Fra:2 Mem:25.99M (Peak 63.87M) | Time:00:02.38 | Compositing | De-initializing execution
Saved: '/vepfs_default/chanxueyan/lhp/lms/aDSL/temp/geometry_expression_20260929/A/SF06/views/render_0002.png'
Time: 00:02.41 (Saving: 00:00.02)

Fra:3 Mem:19.79M (Peak 63.87M) | Time:00:00.00 | Mem:0.00M, Peak:0.00M | Scene, ViewLayer | Synchronizing object | geometry_0_cube.001
Fra:3 Mem:19.79M (Peak 63.87M) | Time:00:00.00 | Mem:0.00M, Peak:0.00M | Scene, ViewLayer | Synchronizing object | geometry_0_cube
Fra:3 Mem:19.80M (Peak 63.87M) | Time:00:00.00 | Mem:0.00M, Peak:0.00M | Scene, ViewLayer | Synchronizing object | geometry_0_sphere.002
Fra:3 Mem:20.04M (Peak 63.87M) | Time:00:00.00 | Mem:0.00M, Peak:0.00M | Scene, ViewLayer | Synchronizing object | geometry_0_cube.004
Fra:3 Mem:20.14M (Peak 63.87M) | Time:00:00.00 | Mem:0.00M, Peak:0.00M | Scene, ViewLayer | Synchronizing object | geometry_0_sphere.004
Fra:3 Mem:20.28M (Peak 63.87M) | Time:00:00.00 | Mem:0.00M, Peak:0.00M | Scene, ViewLayer | Synchronizing object | geometry_0_sphere.001
Fra:3 Mem:20.57M (Peak 63.87M) | Time:00:00.00 | Mem:0.00M, Peak:0.00M | Scene, ViewLayer | Synchronizing object | geometry_0_sphere.005
Fra:3 Mem:20.76M (Peak 63.87M) | Time:00:00.00 | Mem:0.00M, Peak:0.00M | Scene, ViewLayer | Synchronizing object | geometry_0_sphere.006
Fra:3 Mem:20.81M (Peak 63.87M) | Time:00:00.00 | Mem:0.00M, Peak:0.00M | Scene, ViewLayer | Synchronizing object | geometry_0_sphere.007
Fra:3 Mem:21.13M (Peak 63.87M) | Time:00:00.00 | Mem:0.00M, Peak:0.00M | Scene, ViewLayer | Synchronizing object | geometry_0_sphere.008
Fra:3 Mem:21.38M (Peak 63.87M) | Time:00:00.00 | Mem:0.00M, Peak:0.00M | Scene, ViewLayer | Synchronizing object | geometry_0_sphere.009
Fra:3 Mem:21.43M (Peak 63.87M) | Time:00:00.00 | Mem:0.00M, Peak:0.00M | Scene, ViewLayer | Synchronizing object | geometry_0_sphere.010
Fra:3 Mem:21.59M (Peak 63.87M) | Time:00:00.00 | Mem:0.00M, Peak:0.00M | Scene, ViewLayer | Synchronizing object | geometry_0_sphere.011
Fra:3 Mem:21.64M (Peak 63.87M) | Time:00:00.00 | Mem:0.00M, Peak:0.00M | Scene, ViewLayer | Synchronizing object | geometry_0_sphere.012
Fra:3 Mem:21.66M (Peak 63.87M) | Time:00:00.00 | Mem:0.00M, Peak:0.00M | Scene, ViewLayer | Synchronizing object | geometry_0_cube.002
Fra:3 Mem:21.66M (Peak 63.87M) | Time:00:00.00 | Mem:0.00M, Peak:0.00M | Scene, ViewLayer | Synchronizing object | geometry_0_sphere.013
Fra:3 Mem:21.63M (Peak 63.87M) | Time:00:00.00 | Mem:0.00M, Peak:0.00M | Scene, ViewLayer | Synchronizing object | geometry_0_sphere.014
Fra:3 Mem:21.82M (Peak 63.87M) | Time:00:00.00 | Mem:0.00M, Peak:0.00M | Scene, ViewLayer | Synchronizing object | geometry_0_cylinder.002
Fra:3 Mem:21.92M (Peak 63.87M) | Time:00:00.00 | Mem:0.00M, Peak:0.00M | Scene, ViewLayer | Synchronizing object | geometry_0_cylinder.001
Fra:3 Mem:21.90M (Peak 63.87M) | Time:00:00.00 | Mem:0.00M, Peak:0.00M | Scene, ViewLayer | Synchronizing object | geometry_0_sphere.015
Fra:3 Mem:21.95M (Peak 63.87M) | Time:00:00.00 | Mem:0.00M, Peak:0.00M | Scene, ViewLayer | Synchronizing object | geometry_0_sphere.016
Fra:3 Mem:22.04M (Peak 63.87M) | Time:00:00.00 | Mem:0.00M, Peak:0.00M | Scene, ViewLayer | Synchronizing object | geometry_0_cube.003
Fra:3 Mem:22.10M (Peak 63.87M) | Time:00:00.00 | Mem:0.00M, Peak:0.00M | Scene, ViewLayer | Synchronizing object | geometry_0_cylinder.005
Fra:3 Mem:22.30M (Peak 63.87M) | Time:00:00.00 | Mem:0.00M, Peak:0.00M | Scene, ViewLayer | Synchronizing object | geometry_0_sphere
Fra:3 Mem:22.34M (Peak 63.87M) | Time:00:00.00 | Mem:0.00M, Peak:0.00M | Scene, ViewLayer | Synchronizing object | geometry_0_sphere.003
Fra:3 Mem:22.64M (Peak 63.87M) | Time:00:00.00 | Mem:0.00M, Peak:0.00M | Scene, ViewLayer | Synchronizing object | geometry_0_cube.005
Fra:3 Mem:22.61M (Peak 63.87M) | Time:00:00.00 | Mem:0.00M, Peak:0.00M | Scene, ViewLayer | Synchronizing object | geometry_0_cube.006
Fra:3 Mem:22.55M (Peak 63.87M) | Time:00:00.00 | Mem:0.00M, Peak:0.00M | Scene, ViewLayer | Synchronizing object | geometry_0_cube.007
Fra:3 Mem:22.55M (Peak 63.87M) | Time:00:00.00 | Mem:0.00M, Peak:0.00M | Scene, ViewLayer | Initializing
Fra:3 Mem:20.74M (Peak 63.87M) | Time:00:00.00 | Mem:0.00M, Peak:0.00M | Scene, ViewLayer | Waiting for render to start
Fra:3 Mem:20.74M (Peak 63.87M) | Time:00:00.00 | Mem:0.00M, Peak:0.00M | Scene, ViewLayer | Loading render kernels (may take a few minutes the first time)
Fra:3 Mem:20.74M (Peak 63.87M) | Time:00:00.00 | Mem:0.00M, Peak:0.00M | Scene, ViewLayer | Updating Scene
Fra:3 Mem:20.74M (Peak 63.87M) | Time:00:00.00 | Mem:0.00M, Peak:0.00M | Scene, ViewLayer | Updating Shaders
Fra:3 Mem:20.82M (Peak 63.87M) | Time:00:00.00 | Mem:0.00M, Peak:0.00M | Scene, ViewLayer | Updating Procedurals
Fra:3 Mem:20.82M (Peak 63.87M) | Time:00:00.00 | Mem:0.00M, Peak:0.00M | Scene, ViewLayer | Updating Background
Fra:3 Mem:20.82M (Peak 63.87M) | Time:00:00.00 | Mem:0.00M, Peak:0.00M | Scene, ViewLayer | Updating Camera
Fra:3 Mem:20.82M (Peak 63.87M) | Time:00:00.00 | Mem:0.00M, Peak:0.00M | Scene, ViewLayer | Updating Meshes Flags
Fra:3 Mem:20.82M (Peak 63.87M) | Time:00:00.00 | Mem:0.00M, Peak:0.00M | Scene, ViewLayer | Updating Objects
Fra:3 Mem:20.82M (Peak 63.87M) | Time:00:00.00 | Mem:0.00M, Peak:0.00M | Scene, ViewLayer | Updating Objects | Copying Transformations to device
Fra:3 Mem:20.83M (Peak 63.87M) | Time:00:00.00 | Mem:0.01M, Peak:0.01M | Scene, ViewLayer | Updating Objects | Applying Static Transformations
Fra:3 Mem:20.83M (Peak 63.87M) | Time:00:00.00 | Mem:0.01M, Peak:0.01M | Scene, ViewLayer | Updating Particle Systems
Fra:3 Mem:20.83M (Peak 63.87M) | Time:00:00.00 | Mem:0.01M, Peak:0.01M | Scene, ViewLayer | Updating Particle Systems | Copying Particles to device
Fra:3 Mem:20.83M (Peak 63.87M) | Time:00:00.00 | Mem:0.01M, Peak:0.01M | Scene, ViewLayer | Updating Meshes
Fra:3 Mem:21.22M (Peak 63.87M) | Time:00:00.00 | Mem:0.01M, Peak:0.01M | Scene, ViewLayer | Updating Mesh | Computing attributes
Fra:3 Mem:21.81M (Peak 63.87M) | Time:00:00.00 | Mem:0.01M, Peak:0.01M | Scene, ViewLayer | Updating Mesh | Copying Attributes to device
Fra:3 Mem:21.80M (Peak 63.87M) | Time:00:00.00 | Mem:0.60M, Peak:0.60M | Scene, ViewLayer | Updating Scene BVH | Building
Fra:3 Mem:21.80M (Peak 63.87M) | Time:00:00.00 | Mem:0.60M, Peak:0.60M | Scene, ViewLayer | Updating Scene BVH | Building BVH
Fra:3 Mem:21.80M (Peak 63.87M) | Time:00:00.00 | Mem:1.37M, Peak:1.37M | Scene, ViewLayer | Updating Scene BVH | Building BVH 0%
Fra:3 Mem:21.80M (Peak 63.87M) | Time:00:00.01 | Mem:2.29M, Peak:3.07M | Scene, ViewLayer | Updating Scene BVH | Copying BVH to device
Fra:3 Mem:21.80M (Peak 63.87M) | Time:00:00.01 | Mem:2.29M, Peak:3.07M | Scene, ViewLayer | Updating Mesh | Computing normals
Fra:3 Mem:23.85M (Peak 63.87M) | Time:00:00.01 | Mem:2.29M, Peak:3.07M | Scene, ViewLayer | Updating Mesh | Copying Mesh to device
Fra:3 Mem:23.85M (Peak 63.87M) | Time:00:00.01 | Mem:4.34M, Peak:4.34M | Scene, ViewLayer | Updating Objects Flags
Fra:3 Mem:23.85M (Peak 63.87M) | Time:00:00.01 | Mem:4.34M, Peak:4.34M | Scene, ViewLayer | Updating Primitive Offsets
Fra:3 Mem:23.85M (Peak 63.87M) | Time:00:00.01 | Mem:4.34M, Peak:4.34M | Scene, ViewLayer | Updating Images
Fra:3 Mem:23.85M (Peak 63.87M) | Time:00:00.01 | Mem:4.34M, Peak:4.34M | Scene, ViewLayer | Updating Camera Volume
Fra:3 Mem:23.85M (Peak 63.87M) | Time:00:00.01 | Mem:4.34M, Peak:4.34M | Scene, ViewLayer | Updating Lookup Tables
Fra:3 Mem:23.85M (Peak 63.87M) | Time:00:00.01 | Mem:4.42M, Peak:4.42M | Scene, ViewLayer | Updating Lights
Fra:3 Mem:23.85M (Peak 63.87M) | Time:00:00.01 | Mem:4.42M, Peak:4.42M | Scene, ViewLayer | Updating Lights | Computing distribution
Fra:3 Mem:23.85M (Peak 63.87M) | Time:00:00.01 | Mem:4.42M, Peak:4.42M | Scene, ViewLayer | Updating Lights | Computing tree
Fra:3 Mem:23.85M (Peak 63.87M) | Time:00:00.01 | Mem:4.42M, Peak:4.42M | Scene, ViewLayer | Updating Integrator
Fra:3 Mem:24.85M (Peak 63.87M) | Time:00:00.01 | Mem:5.42M, Peak:5.42M | Scene, ViewLayer | Updating Film
Fra:3 Mem:24.85M (Peak 63.87M) | Time:00:00.01 | Mem:5.34M, Peak:5.42M | Scene, ViewLayer | Updating Lookup Tables
Fra:3 Mem:24.85M (Peak 63.87M) | Time:00:00.01 | Mem:5.42M, Peak:5.42M | Scene, ViewLayer | Updating Baking
Fra:3 Mem:24.85M (Peak 63.87M) | Time:00:00.01 | Mem:5.42M, Peak:5.42M | Scene, ViewLayer | Updating Device | Writing constant memory
Fra:3 Mem:24.85M (Peak 63.87M) | Time:00:00.01 | Mem:5.42M, Peak:5.42M | Scene, ViewLayer | Sample 0/32
Fra:3 Mem:43.87M (Peak 63.87M) | Time:00:00.04 | Remaining:00:01.12 | Mem:24.42M, Peak:24.42M | Scene, ViewLayer | Sample 1/32
Fra:3 Mem:51.87M (Peak 63.87M) | Time:00:01.95 | Mem:24.42M, Peak:24.42M | Scene, ViewLayer | Sample 32/32
Fra:3 Mem:51.87M (Peak 63.87M) | Time:00:01.95 | Mem:24.42M, Peak:24.42M | Scene, ViewLayer | Finished
Fra:3 Mem:25.99M (Peak 63.87M) | Time:00:01.95 | Compositing
Fra:3 Mem:25.99M (Peak 63.87M) | Time:00:01.95 | Compositing | Determining resolution
Fra:3 Mem:25.99M (Peak 63.87M) | Time:00:01.95 | Compositing | Initializing execution
Fra:3 Mem:25.99M (Peak 63.87M) | Time:00:01.95 | Compositing | De-initializing execution
Saved: '/vepfs_default/chanxueyan/lhp/lms/aDSL/temp/geometry_expression_20260929/A/SF06/views/render_0003.png'
Time: 00:01.98 (Saving: 00:00.02)

Fra:4 Mem:19.79M (Peak 63.87M) | Time:00:00.00 | Mem:0.00M, Peak:0.00M | Scene, ViewLayer | Synchronizing object | geometry_0_cube.001
Fra:4 Mem:19.79M (Peak 63.87M) | Time:00:00.00 | Mem:0.00M, Peak:0.00M | Scene, ViewLayer | Synchronizing object | geometry_0_cube
Fra:4 Mem:19.79M (Peak 63.87M) | Time:00:00.00 | Mem:0.00M, Peak:0.00M | Scene, ViewLayer | Synchronizing object | geometry_0_sphere.002
Fra:4 Mem:20.04M (Peak 63.87M) | Time:00:00.00 | Mem:0.00M, Peak:0.00M | Scene, ViewLayer | Synchronizing object | geometry_0_cube.004
Fra:4 Mem:20.14M (Peak 63.87M) | Time:00:00.00 | Mem:0.00M, Peak:0.00M | Scene, ViewLayer | Synchronizing object | geometry_0_sphere.004
Fra:4 Mem:20.25M (Peak 63.87M) | Time:00:00.00 | Mem:0.00M, Peak:0.00M | Scene, ViewLayer | Synchronizing object | geometry_0_sphere.001
Fra:4 Mem:20.35M (Peak 63.87M) | Time:00:00.00 | Mem:0.00M, Peak:0.00M | Scene, ViewLayer | Synchronizing object | geometry_0_sphere.005
Fra:4 Mem:20.83M (Peak 63.87M) | Time:00:00.00 | Mem:0.00M, Peak:0.00M | Scene, ViewLayer | Synchronizing object | geometry_0_sphere.006
Fra:4 Mem:20.96M (Peak 63.87M) | Time:00:00.00 | Mem:0.00M, Peak:0.00M | Scene, ViewLayer | Synchronizing object | geometry_0_sphere.007
Fra:4 Mem:21.09M (Peak 63.87M) | Time:00:00.00 | Mem:0.00M, Peak:0.00M | Scene, ViewLayer | Synchronizing object | geometry_0_sphere.008
Fra:4 Mem:21.32M (Peak 63.87M) | Time:00:00.00 | Mem:0.00M, Peak:0.00M | Scene, ViewLayer | Synchronizing object | geometry_0_sphere.009
Fra:4 Mem:21.46M (Peak 63.87M) | Time:00:00.00 | Mem:0.00M, Peak:0.00M | Scene, ViewLayer | Synchronizing object | geometry_0_sphere.010
Fra:4 Mem:21.44M (Peak 63.87M) | Time:00:00.00 | Mem:0.00M, Peak:0.00M | Scene, ViewLayer | Synchronizing object | geometry_0_cube.002
Fra:4 Mem:21.45M (Peak 63.87M) | Time:00:00.00 | Mem:0.00M, Peak:0.00M | Scene, ViewLayer | Synchronizing object | geometry_0_sphere.011
Fra:4 Mem:21.46M (Peak 63.87M) | Time:00:00.00 | Mem:0.00M, Peak:0.00M | Scene, ViewLayer | Synchronizing object | geometry_0_cylinder.003
Fra:4 Mem:21.50M (Peak 63.87M) | Time:00:00.00 | Mem:0.00M, Peak:0.00M | Scene, ViewLayer | Synchronizing object | geometry_0_sphere.012
Fra:4 Mem:21.58M (Peak 63.87M) | Time:00:00.00 | Mem:0.00M, Peak:0.00M | Scene, ViewLayer | Synchronizing object | geometry_0_cylinder.002
Fra:4 Mem:21.65M (Peak 63.87M) | Time:00:00.00 | Mem:0.00M, Peak:0.00M | Scene, ViewLayer | Synchronizing object | geometry_0_cylinder.001
Fra:4 Mem:21.72M (Peak 63.87M) | Time:00:00.00 | Mem:0.00M, Peak:0.00M | Scene, ViewLayer | Synchronizing object | geometry_0_cylinder
Fra:4 Mem:21.67M (Peak 63.87M) | Time:00:00.00 | Mem:0.00M, Peak:0.00M | Scene, ViewLayer | Synchronizing object | geometry_0_cube.003
Fra:4 Mem:21.75M (Peak 63.87M) | Time:00:00.00 | Mem:0.00M, Peak:0.00M | Scene, ViewLayer | Synchronizing object | geometry_0_sphere.014
Fra:4 Mem:21.78M (Peak 63.87M) | Time:00:00.00 | Mem:0.00M, Peak:0.00M | Scene, ViewLayer | Synchronizing object | geometry_0_cylinder.005
Fra:4 Mem:22.05M (Peak 63.87M) | Time:00:00.00 | Mem:0.00M, Peak:0.00M | Scene, ViewLayer | Synchronizing object | geometry_0_sphere.015
Fra:4 Mem:22.32M (Peak 63.87M) | Time:00:00.00 | Mem:0.00M, Peak:0.00M | Scene, ViewLayer | Synchronizing object | geometry_0_sphere.016
Fra:4 Mem:22.33M (Peak 63.87M) | Time:00:00.00 | Mem:0.00M, Peak:0.00M | Scene, ViewLayer | Synchronizing object | geometry_0_sphere
Fra:4 Mem:22.35M (Peak 63.87M) | Time:00:00.00 | Mem:0.00M, Peak:0.00M | Scene, ViewLayer | Synchronizing object | geometry_0_cube.007
Fra:4 Mem:22.44M (Peak 63.87M) | Time:00:00.00 | Mem:0.00M, Peak:0.00M | Scene, ViewLayer | Synchronizing object | geometry_0_cube.006
Fra:4 Mem:22.47M (Peak 63.87M) | Time:00:00.00 | Mem:0.00M, Peak:0.00M | Scene, ViewLayer | Synchronizing object | geometry_0_cube.005
Fra:4 Mem:22.50M (Peak 63.87M) | Time:00:00.00 | Mem:0.00M, Peak:0.00M | Scene, ViewLayer | Synchronizing object | geometry_0_sphere.003
Fra:4 Mem:22.55M (Peak 63.87M) | Time:00:00.00 | Mem:0.00M, Peak:0.00M | Scene, ViewLayer | Initializing
Fra:4 Mem:20.74M (Peak 63.87M) | Time:00:00.00 | Mem:0.00M, Peak:0.00M | Scene, ViewLayer | Waiting for render to start
Fra:4 Mem:20.74M (Peak 63.87M) | Time:00:00.00 | Mem:0.00M, Peak:0.00M | Scene, ViewLayer | Loading render kernels (may take a few minutes the first time)
Fra:4 Mem:20.74M (Peak 63.87M) | Time:00:00.00 | Mem:0.00M, Peak:0.00M | Scene, ViewLayer | Updating Scene
Fra:4 Mem:20.74M (Peak 63.87M) | Time:00:00.00 | Mem:0.00M, Peak:0.00M | Scene, ViewLayer | Updating Shaders
Fra:4 Mem:20.82M (Peak 63.87M) | Time:00:00.00 | Mem:0.00M, Peak:0.00M | Scene, ViewLayer | Updating Procedurals
Fra:4 Mem:20.82M (Peak 63.87M) | Time:00:00.00 | Mem:0.00M, Peak:0.00M | Scene, ViewLayer | Updating Background
Fra:4 Mem:20.82M (Peak 63.87M) | Time:00:00.00 | Mem:0.00M, Peak:0.00M | Scene, ViewLayer | Updating Camera
Fra:4 Mem:20.82M (Peak 63.87M) | Time:00:00.00 | Mem:0.00M, Peak:0.00M | Scene, ViewLayer | Updating Meshes Flags
Fra:4 Mem:20.82M (Peak 63.87M) | Time:00:00.00 | Mem:0.00M, Peak:0.00M | Scene, ViewLayer | Updating Objects
Fra:4 Mem:20.82M (Peak 63.87M) | Time:00:00.00 | Mem:0.00M, Peak:0.00M | Scene, ViewLayer | Updating Objects | Copying Transformations to device
Fra:4 Mem:20.83M (Peak 63.87M) | Time:00:00.00 | Mem:0.01M, Peak:0.01M | Scene, ViewLayer | Updating Objects | Applying Static Transformations
Fra:4 Mem:20.83M (Peak 63.87M) | Time:00:00.00 | Mem:0.01M, Peak:0.01M | Scene, ViewLayer | Updating Particle Systems
Fra:4 Mem:20.83M (Peak 63.87M) | Time:00:00.00 | Mem:0.01M, Peak:0.01M | Scene, ViewLayer | Updating Particle Systems | Copying Particles to device
Fra:4 Mem:20.83M (Peak 63.87M) | Time:00:00.00 | Mem:0.01M, Peak:0.01M | Scene, ViewLayer | Updating Meshes
Fra:4 Mem:21.22M (Peak 63.87M) | Time:00:00.00 | Mem:0.01M, Peak:0.01M | Scene, ViewLayer | Updating Mesh | Computing attributes
Fra:4 Mem:21.81M (Peak 63.87M) | Time:00:00.00 | Mem:0.01M, Peak:0.01M | Scene, ViewLayer | Updating Mesh | Copying Attributes to device
Fra:4 Mem:21.80M (Peak 63.87M) | Time:00:00.00 | Mem:0.60M, Peak:0.60M | Scene, ViewLayer | Updating Scene BVH | Building
Fra:4 Mem:21.80M (Peak 63.87M) | Time:00:00.00 | Mem:0.60M, Peak:0.60M | Scene, ViewLayer | Updating Scene BVH | Building BVH
Fra:4 Mem:21.80M (Peak 63.87M) | Time:00:00.00 | Mem:1.37M, Peak:1.37M | Scene, ViewLayer | Updating Scene BVH | Building BVH 0%
Fra:4 Mem:21.80M (Peak 63.87M) | Time:00:00.01 | Mem:2.29M, Peak:3.07M | Scene, ViewLayer | Updating Scene BVH | Copying BVH to device
Fra:4 Mem:21.80M (Peak 63.87M) | Time:00:00.01 | Mem:2.29M, Peak:3.07M | Scene, ViewLayer | Updating Mesh | Computing normals
Fra:4 Mem:23.85M (Peak 63.87M) | Time:00:00.01 | Mem:2.29M, Peak:3.07M | Scene, ViewLayer | Updating Mesh | Copying Mesh to device
Fra:4 Mem:23.85M (Peak 63.87M) | Time:00:00.01 | Mem:4.34M, Peak:4.34M | Scene, ViewLayer | Updating Objects Flags
Fra:4 Mem:23.85M (Peak 63.87M) | Time:00:00.01 | Mem:4.34M, Peak:4.34M | Scene, ViewLayer | Updating Primitive Offsets
Fra:4 Mem:23.85M (Peak 63.87M) | Time:00:00.01 | Mem:4.34M, Peak:4.34M | Scene, ViewLayer | Updating Images
Fra:4 Mem:23.85M (Peak 63.87M) | Time:00:00.01 | Mem:4.34M, Peak:4.34M | Scene, ViewLayer | Updating Camera Volume
Fra:4 Mem:23.85M (Peak 63.87M) | Time:00:00.01 | Mem:4.34M, Peak:4.34M | Scene, ViewLayer | Updating Lookup Tables
Fra:4 Mem:23.85M (Peak 63.87M) | Time:00:00.01 | Mem:4.42M, Peak:4.42M | Scene, ViewLayer | Updating Lights
Fra:4 Mem:23.85M (Peak 63.87M) | Time:00:00.01 | Mem:4.42M, Peak:4.42M | Scene, ViewLayer | Updating Lights | Computing distribution
Fra:4 Mem:23.85M (Peak 63.87M) | Time:00:00.01 | Mem:4.42M, Peak:4.42M | Scene, ViewLayer | Updating Lights | Computing tree
Fra:4 Mem:23.85M (Peak 63.87M) | Time:00:00.01 | Mem:4.42M, Peak:4.42M | Scene, ViewLayer | Updating Integrator
Fra:4 Mem:24.85M (Peak 63.87M) | Time:00:00.01 | Mem:5.42M, Peak:5.42M | Scene, ViewLayer | Updating Film
Fra:4 Mem:24.85M (Peak 63.87M) | Time:00:00.01 | Mem:5.34M, Peak:5.42M | Scene, ViewLayer | Updating Lookup Tables
Fra:4 Mem:24.85M (Peak 63.87M) | Time:00:00.01 | Mem:5.42M, Peak:5.42M | Scene, ViewLayer | Updating Baking
Fra:4 Mem:24.85M (Peak 63.87M) | Time:00:00.01 | Mem:5.42M, Peak:5.42M | Scene, ViewLayer | Updating Device | Writing constant memory
Fra:4 Mem:24.85M (Peak 63.87M) | Time:00:00.01 | Mem:5.42M, Peak:5.42M | Scene, ViewLayer | Sample 0/32
Fra:4 Mem:43.87M (Peak 63.87M) | Time:00:00.05 | Remaining:00:01.18 | Mem:24.42M, Peak:24.42M | Scene, ViewLayer | Sample 1/32
Fra:4 Mem:51.87M (Peak 63.87M) | Time:00:02.09 | Mem:24.42M, Peak:24.42M | Scene, ViewLayer | Sample 32/32
Fra:4 Mem:51.87M (Peak 63.87M) | Time:00:02.09 | Mem:24.42M, Peak:24.42M | Scene, ViewLayer | Finished
Fra:4 Mem:25.99M (Peak 63.87M) | Time:00:02.09 | Compositing
Fra:4 Mem:25.99M (Peak 63.87M) | Time:00:02.09 | Compositing | Determining resolution
Fra:4 Mem:25.99M (Peak 63.87M) | Time:00:02.09 | Compositing | Initializing execution
Fra:4 Mem:25.99M (Peak 63.87M) | Time:00:02.09 | Compositing | De-initializing execution
Saved: '/vepfs_default/chanxueyan/lhp/lms/aDSL/temp/geometry_expression_20260929/A/SF06/views/render_0004.png'
Time: 00:02.12 (Saving: 00:00.02)

Fra:5 Mem:19.79M (Peak 63.87M) | Time:00:00.00 | Mem:0.00M, Peak:0.00M | Scene, ViewLayer | Synchronizing object | geometry_0_cube.001
Fra:5 Mem:19.79M (Peak 63.87M) | Time:00:00.00 | Mem:0.00M, Peak:0.00M | Scene, ViewLayer | Synchronizing object | geometry_0_cube
Fra:5 Mem:19.80M (Peak 63.87M) | Time:00:00.00 | Mem:0.00M, Peak:0.00M | Scene, ViewLayer | Synchronizing object | geometry_0_sphere.002
Fra:5 Mem:20.04M (Peak 63.87M) | Time:00:00.00 | Mem:0.00M, Peak:0.00M | Scene, ViewLayer | Synchronizing object | geometry_0_cube.004
Fra:5 Mem:20.14M (Peak 63.87M) | Time:00:00.00 | Mem:0.00M, Peak:0.00M | Scene, ViewLayer | Synchronizing object | geometry_0_sphere.004
Fra:5 Mem:20.22M (Peak 63.87M) | Time:00:00.00 | Mem:0.00M, Peak:0.00M | Scene, ViewLayer | Synchronizing object | geometry_0_sphere.001
Fra:5 Mem:20.72M (Peak 63.87M) | Time:00:00.00 | Mem:0.00M, Peak:0.00M | Scene, ViewLayer | Synchronizing object | geometry_0_sphere.005
Fra:5 Mem:20.76M (Peak 63.87M) | Time:00:00.00 | Mem:0.00M, Peak:0.00M | Scene, ViewLayer | Synchronizing object | geometry_0_sphere.006
Fra:5 Mem:20.96M (Peak 63.87M) | Time:00:00.00 | Mem:0.00M, Peak:0.00M | Scene, ViewLayer | Synchronizing object | geometry_0_sphere.007
Fra:5 Mem:21.13M (Peak 63.87M) | Time:00:00.00 | Mem:0.00M, Peak:0.00M | Scene, ViewLayer | Synchronizing object | geometry_0_sphere.008
Fra:5 Mem:21.32M (Peak 63.87M) | Time:00:00.00 | Mem:0.00M, Peak:0.00M | Scene, ViewLayer | Synchronizing object | geometry_0_sphere.009
Fra:5 Mem:21.49M (Peak 63.87M) | Time:00:00.00 | Mem:0.00M, Peak:0.00M | Scene, ViewLayer | Synchronizing object | geometry_0_sphere.010
Fra:5 Mem:21.53M (Peak 63.87M) | Time:00:00.00 | Mem:0.00M, Peak:0.00M | Scene, ViewLayer | Synchronizing object | geometry_0_sphere.011
Fra:5 Mem:21.55M (Peak 63.87M) | Time:00:00.00 | Mem:0.00M, Peak:0.00M | Scene, ViewLayer | Synchronizing object | geometry_0_cube.002
Fra:5 Mem:21.55M (Peak 63.87M) | Time:00:00.00 | Mem:0.00M, Peak:0.00M | Scene, ViewLayer | Synchronizing object | geometry_0_sphere.012
Fra:5 Mem:21.55M (Peak 63.87M) | Time:00:00.00 | Mem:0.00M, Peak:0.00M | Scene, ViewLayer | Synchronizing object | geometry_0_sphere.013
Fra:5 Mem:21.71M (Peak 63.87M) | Time:00:00.00 | Mem:0.00M, Peak:0.00M | Scene, ViewLayer | Synchronizing object | geometry_0_cylinder.002
Fra:5 Mem:21.82M (Peak 63.87M) | Time:00:00.00 | Mem:0.00M, Peak:0.00M | Scene, ViewLayer | Synchronizing object | geometry_0_cylinder.001
Fra:5 Mem:21.79M (Peak 63.87M) | Time:00:00.00 | Mem:0.00M, Peak:0.00M | Scene, ViewLayer | Synchronizing object | geometry_0_sphere.014
Fra:5 Mem:21.81M (Peak 63.87M) | Time:00:00.00 | Mem:0.00M, Peak:0.00M | Scene, ViewLayer | Synchronizing object | geometry_0_cylinder
Fra:5 Mem:21.85M (Peak 63.87M) | Time:00:00.00 | Mem:0.00M, Peak:0.00M | Scene, ViewLayer | Synchronizing object | geometry_0_sphere.015
Fra:5 Mem:21.93M (Peak 63.87M) | Time:00:00.00 | Mem:0.00M, Peak:0.00M | Scene, ViewLayer | Synchronizing object | geometry_0_cube.003
Fra:5 Mem:21.99M (Peak 63.87M) | Time:00:00.00 | Mem:0.00M, Peak:0.00M | Scene, ViewLayer | Synchronizing object | geometry_0_cylinder.005
Fra:5 Mem:22.09M (Peak 63.87M) | Time:00:00.00 | Mem:0.00M, Peak:0.00M | Scene, ViewLayer | Synchronizing object | geometry_0_sphere.016
Fra:5 Mem:22.33M (Peak 63.87M) | Time:00:00.00 | Mem:0.00M, Peak:0.00M | Scene, ViewLayer | Synchronizing object | geometry_0_sphere
Fra:5 Mem:22.50M (Peak 63.87M) | Time:00:00.00 | Mem:0.00M, Peak:0.00M | Scene, ViewLayer | Synchronizing object | geometry_0_sphere.003
Fra:5 Mem:22.61M (Peak 63.87M) | Time:00:00.00 | Mem:0.00M, Peak:0.00M | Scene, ViewLayer | Synchronizing object | geometry_0_cube.005
Fra:5 Mem:22.54M (Peak 63.87M) | Time:00:00.00 | Mem:0.00M, Peak:0.00M | Scene, ViewLayer | Synchronizing object | geometry_0_cube.007
Fra:5 Mem:22.58M (Peak 63.87M) | Time:00:00.00 | Mem:0.00M, Peak:0.00M | Scene, ViewLayer | Synchronizing object | geometry_0_cube.006
Fra:5 Mem:22.55M (Peak 63.87M) | Time:00:00.00 | Mem:0.00M, Peak:0.00M | Scene, ViewLayer | Initializing
Fra:5 Mem:20.74M (Peak 63.87M) | Time:00:00.00 | Mem:0.00M, Peak:0.00M | Scene, ViewLayer | Waiting for render to start
Fra:5 Mem:20.74M (Peak 63.87M) | Time:00:00.00 | Mem:0.00M, Peak:0.00M | Scene, ViewLayer | Loading render kernels (may take a few minutes the first time)
Fra:5 Mem:20.74M (Peak 63.87M) | Time:00:00.00 | Mem:0.00M, Peak:0.00M | Scene, ViewLayer | Updating Scene
Fra:5 Mem:20.74M (Peak 63.87M) | Time:00:00.00 | Mem:0.00M, Peak:0.00M | Scene, ViewLayer | Updating Shaders
Fra:5 Mem:20.82M (Peak 63.87M) | Time:00:00.00 | Mem:0.00M, Peak:0.00M | Scene, ViewLayer | Updating Procedurals
Fra:5 Mem:20.82M (Peak 63.87M) | Time:00:00.00 | Mem:0.00M, Peak:0.00M | Scene, ViewLayer | Updating Background
Fra:5 Mem:20.82M (Peak 63.87M) | Time:00:00.00 | Mem:0.00M, Peak:0.00M | Scene, ViewLayer | Updating Camera
Fra:5 Mem:20.82M (Peak 63.87M) | Time:00:00.00 | Mem:0.00M, Peak:0.00M | Scene, ViewLayer | Updating Meshes Flags
Fra:5 Mem:20.82M (Peak 63.87M) | Time:00:00.00 | Mem:0.00M, Peak:0.00M | Scene, ViewLayer | Updating Objects
Fra:5 Mem:20.82M (Peak 63.87M) | Time:00:00.00 | Mem:0.00M, Peak:0.00M | Scene, ViewLayer | Updating Objects | Copying Transformations to device
Fra:5 Mem:20.83M (Peak 63.87M) | Time:00:00.00 | Mem:0.01M, Peak:0.01M | Scene, ViewLayer | Updating Objects | Applying Static Transformations
Fra:5 Mem:20.83M (Peak 63.87M) | Time:00:00.00 | Mem:0.01M, Peak:0.01M | Scene, ViewLayer | Updating Particle Systems
Fra:5 Mem:20.83M (Peak 63.87M) | Time:00:00.00 | Mem:0.01M, Peak:0.01M | Scene, ViewLayer | Updating Particle Systems | Copying Particles to device
Fra:5 Mem:20.83M (Peak 63.87M) | Time:00:00.00 | Mem:0.01M, Peak:0.01M | Scene, ViewLayer | Updating Meshes
Fra:5 Mem:21.22M (Peak 63.87M) | Time:00:00.00 | Mem:0.01M, Peak:0.01M | Scene, ViewLayer | Updating Mesh | Computing attributes
Fra:5 Mem:21.81M (Peak 63.87M) | Time:00:00.00 | Mem:0.01M, Peak:0.01M | Scene, ViewLayer | Updating Mesh | Copying Attributes to device
Fra:5 Mem:21.80M (Peak 63.87M) | Time:00:00.00 | Mem:0.60M, Peak:0.60M | Scene, ViewLayer | Updating Scene BVH | Building
Fra:5 Mem:21.80M (Peak 63.87M) | Time:00:00.00 | Mem:0.60M, Peak:0.60M | Scene, ViewLayer | Updating Scene BVH | Building BVH
Fra:5 Mem:21.80M (Peak 63.87M) | Time:00:00.00 | Mem:1.37M, Peak:1.37M | Scene, ViewLayer | Updating Scene BVH | Building BVH 0%
Fra:5 Mem:21.80M (Peak 63.87M) | Time:00:00.01 | Mem:2.29M, Peak:3.07M | Scene, ViewLayer | Updating Scene BVH | Copying BVH to device
Fra:5 Mem:21.80M (Peak 63.87M) | Time:00:00.01 | Mem:2.29M, Peak:3.07M | Scene, ViewLayer | Updating Mesh | Computing normals
Fra:5 Mem:23.85M (Peak 63.87M) | Time:00:00.01 | Mem:2.29M, Peak:3.07M | Scene, ViewLayer | Updating Mesh | Copying Mesh to device
Fra:5 Mem:23.85M (Peak 63.87M) | Time:00:00.01 | Mem:4.34M, Peak:4.34M | Scene, ViewLayer | Updating Objects Flags
Fra:5 Mem:23.85M (Peak 63.87M) | Time:00:00.01 | Mem:4.34M, Peak:4.34M | Scene, ViewLayer | Updating Primitive Offsets
Fra:5 Mem:23.85M (Peak 63.87M) | Time:00:00.01 | Mem:4.34M, Peak:4.34M | Scene, ViewLayer | Updating Images
Fra:5 Mem:23.85M (Peak 63.87M) | Time:00:00.01 | Mem:4.34M, Peak:4.34M | Scene, ViewLayer | Updating Camera Volume
Fra:5 Mem:23.85M (Peak 63.87M) | Time:00:00.01 | Mem:4.34M, Peak:4.34M | Scene, ViewLayer | Updating Lookup Tables
Fra:5 Mem:23.85M (Peak 63.87M) | Time:00:00.01 | Mem:4.42M, Peak:4.42M | Scene, ViewLayer | Updating Lights
Fra:5 Mem:23.85M (Peak 63.87M) | Time:00:00.01 | Mem:4.42M, Peak:4.42M | Scene, ViewLayer | Updating Lights | Computing distribution
Fra:5 Mem:23.85M (Peak 63.87M) | Time:00:00.01 | Mem:4.42M, Peak:4.42M | Scene, ViewLayer | Updating Lights | Computing tree
Fra:5 Mem:23.85M (Peak 63.87M) | Time:00:00.01 | Mem:4.42M, Peak:4.42M | Scene, ViewLayer | Updating Integrator
Fra:5 Mem:24.85M (Peak 63.87M) | Time:00:00.01 | Mem:5.42M, Peak:5.42M | Scene, ViewLayer | Updating Film
Fra:5 Mem:24.85M (Peak 63.87M) | Time:00:00.01 | Mem:5.34M, Peak:5.42M | Scene, ViewLayer | Updating Lookup Tables
Fra:5 Mem:24.85M (Peak 63.87M) | Time:00:00.01 | Mem:5.42M, Peak:5.42M | Scene, ViewLayer | Updating Baking
Fra:5 Mem:24.85M (Peak 63.87M) | Time:00:00.01 | Mem:5.42M, Peak:5.42M | Scene, ViewLayer | Updating Device | Writing constant memory
Fra:5 Mem:24.85M (Peak 63.87M) | Time:00:00.01 | Mem:5.42M, Peak:5.42M | Scene, ViewLayer | Sample 0/32
Fra:5 Mem:43.87M (Peak 63.87M) | Time:00:00.04 | Remaining:00:01.08 | Mem:24.42M, Peak:24.42M | Scene, ViewLayer | Sample 1/32
Fra:5 Mem:51.87M (Peak 63.87M) | Time:00:01.90 | Mem:24.42M, Peak:24.42M | Scene, ViewLayer | Sample 32/32
Fra:5 Mem:51.87M (Peak 63.87M) | Time:00:01.90 | Mem:24.42M, Peak:24.42M | Scene, ViewLayer | Finished
Fra:5 Mem:25.99M (Peak 63.87M) | Time:00:01.90 | Compositing
Fra:5 Mem:25.99M (Peak 63.87M) | Time:00:01.90 | Compositing | Determining resolution
Fra:5 Mem:25.99M (Peak 63.87M) | Time:00:01.90 | Compositing | Initializing execution
Fra:5 Mem:25.99M (Peak 63.87M) | Time:00:01.90 | Compositing | De-initializing execution
Saved: '/vepfs_default/chanxueyan/lhp/lms/aDSL/temp/geometry_expression_20260929/A/SF06/views/render_0005.png'
Time: 00:01.92 (Saving: 00:00.02)

Fra:6 Mem:19.79M (Peak 63.87M) | Time:00:00.00 | Mem:0.00M, Peak:0.00M | Scene, ViewLayer | Synchronizing object | geometry_0_cube.001
Fra:6 Mem:19.79M (Peak 63.87M) | Time:00:00.00 | Mem:0.00M, Peak:0.00M | Scene, ViewLayer | Synchronizing object | geometry_0_cube
Fra:6 Mem:19.79M (Peak 63.87M) | Time:00:00.00 | Mem:0.00M, Peak:0.00M | Scene, ViewLayer | Synchronizing object | geometry_0_sphere.002
Fra:6 Mem:20.04M (Peak 63.87M) | Time:00:00.00 | Mem:0.00M, Peak:0.00M | Scene, ViewLayer | Synchronizing object | geometry_0_cube.004
Fra:6 Mem:20.04M (Peak 63.87M) | Time:00:00.00 | Mem:0.00M, Peak:0.00M | Scene, ViewLayer | Synchronizing object | geometry_0_sphere.004
Fra:6 Mem:20.35M (Peak 63.87M) | Time:00:00.00 | Mem:0.00M, Peak:0.00M | Scene, ViewLayer | Synchronizing object | geometry_0_sphere.001
Fra:6 Mem:20.57M (Peak 63.87M) | Time:00:00.00 | Mem:0.00M, Peak:0.00M | Scene, ViewLayer | Synchronizing object | geometry_0_sphere.005
Fra:6 Mem:20.73M (Peak 63.87M) | Time:00:00.00 | Mem:0.00M, Peak:0.00M | Scene, ViewLayer | Synchronizing object | geometry_0_sphere.006
Fra:6 Mem:20.84M (Peak 63.87M) | Time:00:00.00 | Mem:0.00M, Peak:0.00M | Scene, ViewLayer | Synchronizing object | geometry_0_sphere.007
Fra:6 Mem:21.09M (Peak 63.87M) | Time:00:00.00 | Mem:0.00M, Peak:0.00M | Scene, ViewLayer | Synchronizing object | geometry_0_sphere.008
Fra:6 Mem:21.20M (Peak 63.87M) | Time:00:00.00 | Mem:0.00M, Peak:0.00M | Scene, ViewLayer | Synchronizing object | geometry_0_sphere.009
Fra:6 Mem:21.46M (Peak 63.87M) | Time:00:00.00 | Mem:0.00M, Peak:0.00M | Scene, ViewLayer | Synchronizing object | geometry_0_sphere.010
Fra:6 Mem:21.56M (Peak 63.87M) | Time:00:00.00 | Mem:0.00M, Peak:0.00M | Scene, ViewLayer | Synchronizing object | geometry_0_sphere.011
Fra:6 Mem:21.67M (Peak 63.87M) | Time:00:00.00 | Mem:0.00M, Peak:0.00M | Scene, ViewLayer | Synchronizing object | geometry_0_sphere.012
Fra:6 Mem:21.63M (Peak 63.87M) | Time:00:00.00 | Mem:0.00M, Peak:0.00M | Scene, ViewLayer | Synchronizing object | geometry_0_cube.002
Fra:6 Mem:21.63M (Peak 63.87M) | Time:00:00.00 | Mem:0.00M, Peak:0.00M | Scene, ViewLayer | Synchronizing object | geometry_0_sphere.013
Fra:6 Mem:21.73M (Peak 63.87M) | Time:00:00.00 | Mem:0.00M, Peak:0.00M | Scene, ViewLayer | Synchronizing object | geometry_0_cylinder.003
Fra:6 Mem:21.75M (Peak 63.87M) | Time:00:00.00 | Mem:0.00M, Peak:0.00M | Scene, ViewLayer | Synchronizing object | geometry_0_sphere.014
Fra:6 Mem:21.79M (Peak 63.87M) | Time:00:00.00 | Mem:0.00M, Peak:0.00M | Scene, ViewLayer | Synchronizing object | geometry_0_cylinder.002
Fra:6 Mem:21.89M (Peak 63.87M) | Time:00:00.00 | Mem:0.00M, Peak:0.00M | Scene, ViewLayer | Synchronizing object | geometry_0_cylinder.001
Fra:6 Mem:21.87M (Peak 63.87M) | Time:00:00.00 | Mem:0.00M, Peak:0.00M | Scene, ViewLayer | Synchronizing object | geometry_0_sphere.015
Fra:6 Mem:21.95M (Peak 63.87M) | Time:00:00.00 | Mem:0.00M, Peak:0.00M | Scene, ViewLayer | Synchronizing object | geometry_0_cylinder
Fra:6 Mem:21.96M (Peak 63.87M) | Time:00:00.00 | Mem:0.00M, Peak:0.00M | Scene, ViewLayer | Synchronizing object | geometry_0_sphere.016
Fra:6 Mem:22.04M (Peak 63.87M) | Time:00:00.00 | Mem:0.00M, Peak:0.00M | Scene, ViewLayer | Synchronizing object | geometry_0_cube.003
Fra:6 Mem:22.07M (Peak 63.87M) | Time:00:00.00 | Mem:0.00M, Peak:0.00M | Scene, ViewLayer | Synchronizing object | geometry_0_cylinder.005
Fra:6 Mem:22.30M (Peak 63.87M) | Time:00:00.00 | Mem:0.00M, Peak:0.00M | Scene, ViewLayer | Synchronizing object | geometry_0_sphere
Fra:6 Mem:22.34M (Peak 63.87M) | Time:00:00.00 | Mem:0.00M, Peak:0.00M | Scene, ViewLayer | Synchronizing object | geometry_0_sphere.003
Fra:6 Mem:22.64M (Peak 63.87M) | Time:00:00.00 | Mem:0.00M, Peak:0.00M | Scene, ViewLayer | Synchronizing object | geometry_0_cube.005
Fra:6 Mem:22.64M (Peak 63.87M) | Time:00:00.00 | Mem:0.00M, Peak:0.00M | Scene, ViewLayer | Synchronizing object | geometry_0_cube.006
Fra:6 Mem:22.61M (Peak 63.87M) | Time:00:00.00 | Mem:0.00M, Peak:0.00M | Scene, ViewLayer | Synchronizing object | geometry_0_cube.007
Fra:6 Mem:22.55M (Peak 63.87M) | Time:00:00.00 | Mem:0.00M, Peak:0.00M | Scene, ViewLayer | Initializing
Fra:6 Mem:20.74M (Peak 63.87M) | Time:00:00.00 | Mem:0.00M, Peak:0.00M | Scene, ViewLayer | Waiting for render to start
Fra:6 Mem:20.74M (Peak 63.87M) | Time:00:00.00 | Mem:0.00M, Peak:0.00M | Scene, ViewLayer | Loading render kernels (may take a few minutes the first time)
Fra:6 Mem:20.74M (Peak 63.87M) | Time:00:00.00 | Mem:0.00M, Peak:0.00M | Scene, ViewLayer | Updating Scene
Fra:6 Mem:20.74M (Peak 63.87M) | Time:00:00.00 | Mem:0.00M, Peak:0.00M | Scene, ViewLayer | Updating Shaders
Fra:6 Mem:20.82M (Peak 63.87M) | Time:00:00.00 | Mem:0.00M, Peak:0.00M | Scene, ViewLayer | Updating Procedurals
Fra:6 Mem:20.82M (Peak 63.87M) | Time:00:00.00 | Mem:0.00M, Peak:0.00M | Scene, ViewLayer | Updating Background
Fra:6 Mem:20.82M (Peak 63.87M) | Time:00:00.00 | Mem:0.00M, Peak:0.00M | Scene, ViewLayer | Updating Camera
Fra:6 Mem:20.82M (Peak 63.87M) | Time:00:00.00 | Mem:0.00M, Peak:0.00M | Scene, ViewLayer | Updating Meshes Flags
Fra:6 Mem:20.82M (Peak 63.87M) | Time:00:00.00 | Mem:0.00M, Peak:0.00M | Scene, ViewLayer | Updating Objects
Fra:6 Mem:20.82M (Peak 63.87M) | Time:00:00.00 | Mem:0.00M, Peak:0.00M | Scene, ViewLayer | Updating Objects | Copying Transformations to device
Fra:6 Mem:20.83M (Peak 63.87M) | Time:00:00.00 | Mem:0.01M, Peak:0.01M | Scene, ViewLayer | Updating Objects | Applying Static Transformations
Fra:6 Mem:20.83M (Peak 63.87M) | Time:00:00.00 | Mem:0.01M, Peak:0.01M | Scene, ViewLayer | Updating Particle Systems
Fra:6 Mem:20.83M (Peak 63.87M) | Time:00:00.00 | Mem:0.01M, Peak:0.01M | Scene, ViewLayer | Updating Particle Systems | Copying Particles to device
Fra:6 Mem:20.83M (Peak 63.87M) | Time:00:00.00 | Mem:0.01M, Peak:0.01M | Scene, ViewLayer | Updating Meshes
Fra:6 Mem:21.22M (Peak 63.87M) | Time:00:00.00 | Mem:0.01M, Peak:0.01M | Scene, ViewLayer | Updating Mesh | Computing attributes
Fra:6 Mem:21.81M (Peak 63.87M) | Time:00:00.00 | Mem:0.01M, Peak:0.01M | Scene, ViewLayer | Updating Mesh | Copying Attributes to device
Fra:6 Mem:21.80M (Peak 63.87M) | Time:00:00.00 | Mem:0.60M, Peak:0.60M | Scene, ViewLayer | Updating Scene BVH | Building
Fra:6 Mem:21.80M (Peak 63.87M) | Time:00:00.00 | Mem:0.60M, Peak:0.60M | Scene, ViewLayer | Updating Scene BVH | Building BVH
Fra:6 Mem:21.80M (Peak 63.87M) | Time:00:00.00 | Mem:1.37M, Peak:1.37M | Scene, ViewLayer | Updating Scene BVH | Building BVH 0%
Fra:6 Mem:21.80M (Peak 63.87M) | Time:00:00.01 | Mem:2.29M, Peak:3.07M | Scene, ViewLayer | Updating Scene BVH | Copying BVH to device
Fra:6 Mem:21.80M (Peak 63.87M) | Time:00:00.01 | Mem:2.29M, Peak:3.07M | Scene, ViewLayer | Updating Mesh | Computing normals
Fra:6 Mem:23.85M (Peak 63.87M) | Time:00:00.01 | Mem:2.29M, Peak:3.07M | Scene, ViewLayer | Updating Mesh | Copying Mesh to device
Fra:6 Mem:23.85M (Peak 63.87M) | Time:00:00.01 | Mem:4.34M, Peak:4.34M | Scene, ViewLayer | Updating Objects Flags
Fra:6 Mem:23.85M (Peak 63.87M) | Time:00:00.01 | Mem:4.34M, Peak:4.34M | Scene, ViewLayer | Updating Primitive Offsets
Fra:6 Mem:23.85M (Peak 63.87M) | Time:00:00.01 | Mem:4.34M, Peak:4.34M | Scene, ViewLayer | Updating Images
Fra:6 Mem:23.85M (Peak 63.87M) | Time:00:00.01 | Mem:4.34M, Peak:4.34M | Scene, ViewLayer | Updating Camera Volume
Fra:6 Mem:23.85M (Peak 63.87M) | Time:00:00.01 | Mem:4.34M, Peak:4.34M | Scene, ViewLayer | Updating Lookup Tables
Fra:6 Mem:23.85M (Peak 63.87M) | Time:00:00.01 | Mem:4.42M, Peak:4.42M | Scene, ViewLayer | Updating Lights
Fra:6 Mem:23.85M (Peak 63.87M) | Time:00:00.01 | Mem:4.42M, Peak:4.42M | Scene, ViewLayer | Updating Lights | Computing distribution
Fra:6 Mem:23.85M (Peak 63.87M) | Time:00:00.01 | Mem:4.42M, Peak:4.42M | Scene, ViewLayer | Updating Lights | Computing tree
Fra:6 Mem:23.85M (Peak 63.87M) | Time:00:00.01 | Mem:4.42M, Peak:4.42M | Scene, ViewLayer | Updating Integrator
Fra:6 Mem:24.85M (Peak 63.87M) | Time:00:00.01 | Mem:5.42M, Peak:5.42M | Scene, ViewLayer | Updating Film
Fra:6 Mem:24.85M (Peak 63.87M) | Time:00:00.01 | Mem:5.34M, Peak:5.42M | Scene, ViewLayer | Updating Lookup Tables
Fra:6 Mem:24.85M (Peak 63.87M) | Time:00:00.01 | Mem:5.42M, Peak:5.42M | Scene, ViewLayer | Updating Baking
Fra:6 Mem:24.85M (Peak 63.87M) | Time:00:00.01 | Mem:5.42M, Peak:5.42M | Scene, ViewLayer | Updating Device | Writing constant memory
Fra:6 Mem:24.85M (Peak 63.87M) | Time:00:00.01 | Mem:5.42M, Peak:5.42M | Scene, ViewLayer | Sample 0/32
Fra:6 Mem:43.87M (Peak 63.87M) | Time:00:00.05 | Remaining:00:01.41 | Mem:24.42M, Peak:24.42M | Scene, ViewLayer | Sample 1/32
Fra:6 Mem:51.87M (Peak 63.87M) | Time:00:02.46 | Mem:24.42M, Peak:24.42M | Scene, ViewLayer | Sample 32/32
Fra:6 Mem:51.87M (Peak 63.87M) | Time:00:02.46 | Mem:24.42M, Peak:24.42M | Scene, ViewLayer | Finished
Fra:6 Mem:25.99M (Peak 63.87M) | Time:00:02.46 | Compositing
Fra:6 Mem:25.99M (Peak 63.87M) | Time:00:02.46 | Compositing | Determining resolution
Fra:6 Mem:25.99M (Peak 63.87M) | Time:00:02.46 | Compositing | Initializing execution
Fra:6 Mem:25.99M (Peak 63.87M) | Time:00:02.46 | Compositing | De-initializing execution
Saved: '/vepfs_default/chanxueyan/lhp/lms/aDSL/temp/geometry_expression_20260929/A/SF06/views/render_0006.png'
Time: 00:02.49 (Saving: 00:00.02)

Fra:7 Mem:19.79M (Peak 63.87M) | Time:00:00.00 | Mem:0.00M, Peak:0.00M | Scene, ViewLayer | Synchronizing object | geometry_0_cube.001
Fra:7 Mem:19.79M (Peak 63.87M) | Time:00:00.00 | Mem:0.00M, Peak:0.00M | Scene, ViewLayer | Synchronizing object | geometry_0_cube
Fra:7 Mem:19.80M (Peak 63.87M) | Time:00:00.00 | Mem:0.00M, Peak:0.00M | Scene, ViewLayer | Synchronizing object | geometry_0_sphere.002
Fra:7 Mem:19.94M (Peak 63.87M) | Time:00:00.00 | Mem:0.00M, Peak:0.00M | Scene, ViewLayer | Synchronizing object | geometry_0_cube.004
Fra:7 Mem:20.04M (Peak 63.87M) | Time:00:00.00 | Mem:0.00M, Peak:0.00M | Scene, ViewLayer | Synchronizing object | geometry_0_sphere.004
Fra:7 Mem:20.25M (Peak 63.87M) | Time:00:00.00 | Mem:0.00M, Peak:0.00M | Scene, ViewLayer | Synchronizing object | geometry_0_sphere.005
Fra:7 Mem:20.39M (Peak 63.87M) | Time:00:00.00 | Mem:0.00M, Peak:0.00M | Scene, ViewLayer | Synchronizing object | geometry_0_sphere.001
Fra:7 Mem:20.58M (Peak 63.87M) | Time:00:00.00 | Mem:0.00M, Peak:0.00M | Scene, ViewLayer | Synchronizing object | geometry_0_sphere.006
Fra:7 Mem:20.94M (Peak 63.87M) | Time:00:00.00 | Mem:0.00M, Peak:0.00M | Scene, ViewLayer | Synchronizing object | geometry_0_sphere.007
Fra:7 Mem:21.09M (Peak 63.87M) | Time:00:00.00 | Mem:0.00M, Peak:0.00M | Scene, ViewLayer | Synchronizing object | geometry_0_sphere.008
Fra:7 Mem:21.17M (Peak 63.87M) | Time:00:00.00 | Mem:0.00M, Peak:0.00M | Scene, ViewLayer | Synchronizing object | geometry_0_sphere.009
Fra:7 Mem:21.31M (Peak 63.87M) | Time:00:00.00 | Mem:0.00M, Peak:0.00M | Scene, ViewLayer | Synchronizing object | geometry_0_sphere.010
Fra:7 Mem:21.56M (Peak 63.87M) | Time:00:00.00 | Mem:0.00M, Peak:0.00M | Scene, ViewLayer | Synchronizing object | geometry_0_sphere.011
Fra:7 Mem:21.61M (Peak 63.87M) | Time:00:00.00 | Mem:0.00M, Peak:0.00M | Scene, ViewLayer | Synchronizing object | geometry_0_sphere.012
Fra:7 Mem:21.81M (Peak 63.87M) | Time:00:00.00 | Mem:0.00M, Peak:0.00M | Scene, ViewLayer | Synchronizing object | geometry_0_sphere.013
Fra:7 Mem:21.88M (Peak 63.87M) | Time:00:00.00 | Mem:0.00M, Peak:0.00M | Scene, ViewLayer | Synchronizing object | geometry_0_sphere.014
Fra:7 Mem:21.96M (Peak 63.87M) | Time:00:00.00 | Mem:0.00M, Peak:0.00M | Scene, ViewLayer | Synchronizing object | geometry_0_sphere.015
Fra:7 Mem:21.95M (Peak 63.87M) | Time:00:00.00 | Mem:0.00M, Peak:0.00M | Scene, ViewLayer | Synchronizing object | geometry_0_cube.002
Fra:7 Mem:21.98M (Peak 63.87M) | Time:00:00.00 | Mem:0.00M, Peak:0.00M | Scene, ViewLayer | Synchronizing object | geometry_0_sphere.016
Fra:7 Mem:22.05M (Peak 63.87M) | Time:00:00.00 | Mem:0.00M, Peak:0.00M | Scene, ViewLayer | Synchronizing object | geometry_0_cylinder.003
Fra:7 Mem:22.06M (Peak 63.87M) | Time:00:00.00 | Mem:0.00M, Peak:0.00M | Scene, ViewLayer | Synchronizing object | geometry_0_sphere
Fra:7 Mem:22.14M (Peak 63.87M) | Time:00:00.00 | Mem:0.00M, Peak:0.00M | Scene, ViewLayer | Synchronizing object | geometry_0_cylinder.002
Fra:7 Mem:22.15M (Peak 63.87M) | Time:00:00.00 | Mem:0.00M, Peak:0.00M | Scene, ViewLayer | Synchronizing object | geometry_0_sphere.003
Fra:7 Mem:22.23M (Peak 63.87M) | Time:00:00.00 | Mem:0.00M, Peak:0.00M | Scene, ViewLayer | Synchronizing object | geometry_0_cylinder.001
Fra:7 Mem:22.30M (Peak 63.87M) | Time:00:00.00 | Mem:0.00M, Peak:0.00M | Scene, ViewLayer | Synchronizing object | geometry_0_cylinder
Fra:7 Mem:22.34M (Peak 63.87M) | Time:00:00.00 | Mem:0.00M, Peak:0.00M | Scene, ViewLayer | Synchronizing object | geometry_0_cube.003
Fra:7 Mem:22.31M (Peak 63.87M) | Time:00:00.00 | Mem:0.00M, Peak:0.00M | Scene, ViewLayer | Synchronizing object | geometry_0_cube.005
Fra:7 Mem:22.31M (Peak 63.87M) | Time:00:00.00 | Mem:0.00M, Peak:0.00M | Scene, ViewLayer | Synchronizing object | geometry_0_cylinder.005
Fra:7 Mem:22.31M (Peak 63.87M) | Time:00:00.00 | Mem:0.00M, Peak:0.00M | Scene, ViewLayer | Synchronizing object | geometry_0_cube.007
Fra:7 Mem:22.55M (Peak 63.87M) | Time:00:00.00 | Mem:0.00M, Peak:0.00M | Scene, ViewLayer | Initializing
Fra:7 Mem:20.74M (Peak 63.87M) | Time:00:00.00 | Mem:0.00M, Peak:0.00M | Scene, ViewLayer | Waiting for render to start
Fra:7 Mem:20.74M (Peak 63.87M) | Time:00:00.00 | Mem:0.00M, Peak:0.00M | Scene, ViewLayer | Loading render kernels (may take a few minutes the first time)
Fra:7 Mem:20.74M (Peak 63.87M) | Time:00:00.00 | Mem:0.00M, Peak:0.00M | Scene, ViewLayer | Updating Scene
Fra:7 Mem:20.74M (Peak 63.87M) | Time:00:00.00 | Mem:0.00M, Peak:0.00M | Scene, ViewLayer | Updating Shaders
Fra:7 Mem:20.82M (Peak 63.87M) | Time:00:00.00 | Mem:0.00M, Peak:0.00M | Scene, ViewLayer | Updating Procedurals
Fra:7 Mem:20.82M (Peak 63.87M) | Time:00:00.00 | Mem:0.00M, Peak:0.00M | Scene, ViewLayer | Updating Background
Fra:7 Mem:20.82M (Peak 63.87M) | Time:00:00.00 | Mem:0.00M, Peak:0.00M | Scene, ViewLayer | Updating Camera
Fra:7 Mem:20.82M (Peak 63.87M) | Time:00:00.00 | Mem:0.00M, Peak:0.00M | Scene, ViewLayer | Updating Meshes Flags
Fra:7 Mem:20.82M (Peak 63.87M) | Time:00:00.00 | Mem:0.00M, Peak:0.00M | Scene, ViewLayer | Updating Objects
Fra:7 Mem:20.82M (Peak 63.87M) | Time:00:00.00 | Mem:0.00M, Peak:0.00M | Scene, ViewLayer | Updating Objects | Copying Transformations to device
Fra:7 Mem:20.83M (Peak 63.87M) | Time:00:00.00 | Mem:0.01M, Peak:0.01M | Scene, ViewLayer | Updating Objects | Applying Static Transformations
Fra:7 Mem:20.83M (Peak 63.87M) | Time:00:00.00 | Mem:0.01M, Peak:0.01M | Scene, ViewLayer | Updating Particle Systems
Fra:7 Mem:20.83M (Peak 63.87M) | Time:00:00.00 | Mem:0.01M, Peak:0.01M | Scene, ViewLayer | Updating Particle Systems | Copying Particles to device
Fra:7 Mem:20.83M (Peak 63.87M) | Time:00:00.00 | Mem:0.01M, Peak:0.01M | Scene, ViewLayer | Updating Meshes
Fra:7 Mem:21.22M (Peak 63.87M) | Time:00:00.00 | Mem:0.01M, Peak:0.01M | Scene, ViewLayer | Updating Mesh | Computing attributes
Fra:7 Mem:21.81M (Peak 63.87M) | Time:00:00.00 | Mem:0.01M, Peak:0.01M | Scene, ViewLayer | Updating Mesh | Copying Attributes to device
Fra:7 Mem:21.80M (Peak 63.87M) | Time:00:00.00 | Mem:0.60M, Peak:0.60M | Scene, ViewLayer | Updating Scene BVH | Building
Fra:7 Mem:21.80M (Peak 63.87M) | Time:00:00.00 | Mem:0.60M, Peak:0.60M | Scene, ViewLayer | Updating Scene BVH | Building BVH
Fra:7 Mem:21.80M (Peak 63.87M) | Time:00:00.00 | Mem:1.37M, Peak:1.37M | Scene, ViewLayer | Updating Scene BVH | Building BVH 0%
Fra:7 Mem:21.80M (Peak 63.87M) | Time:00:00.01 | Mem:2.29M, Peak:3.07M | Scene, ViewLayer | Updating Scene BVH | Copying BVH to device
Fra:7 Mem:21.80M (Peak 63.87M) | Time:00:00.01 | Mem:2.29M, Peak:3.07M | Scene, ViewLayer | Updating Mesh | Computing normals
Fra:7 Mem:23.85M (Peak 63.87M) | Time:00:00.01 | Mem:2.29M, Peak:3.07M | Scene, ViewLayer | Updating Mesh | Copying Mesh to device
Fra:7 Mem:23.85M (Peak 63.87M) | Time:00:00.01 | Mem:4.34M, Peak:4.34M | Scene, ViewLayer | Updating Objects Flags
Fra:7 Mem:23.85M (Peak 63.87M) | Time:00:00.01 | Mem:4.34M, Peak:4.34M | Scene, ViewLayer | Updating Primitive Offsets
Fra:7 Mem:23.85M (Peak 63.87M) | Time:00:00.01 | Mem:4.34M, Peak:4.34M | Scene, ViewLayer | Updating Images
Fra:7 Mem:23.85M (Peak 63.87M) | Time:00:00.01 | Mem:4.34M, Peak:4.34M | Scene, ViewLayer | Updating Camera Volume
Fra:7 Mem:23.85M (Peak 63.87M) | Time:00:00.01 | Mem:4.34M, Peak:4.34M | Scene, ViewLayer | Updating Lookup Tables
Fra:7 Mem:23.85M (Peak 63.87M) | Time:00:00.01 | Mem:4.42M, Peak:4.42M | Scene, ViewLayer | Updating Lights
Fra:7 Mem:23.85M (Peak 63.87M) | Time:00:00.01 | Mem:4.42M, Peak:4.42M | Scene, ViewLayer | Updating Lights | Computing distribution
Fra:7 Mem:23.85M (Peak 63.87M) | Time:00:00.01 | Mem:4.42M, Peak:4.42M | Scene, ViewLayer | Updating Lights | Computing tree
Fra:7 Mem:23.85M (Peak 63.87M) | Time:00:00.01 | Mem:4.42M, Peak:4.42M | Scene, ViewLayer | Updating Integrator
Fra:7 Mem:24.85M (Peak 63.87M) | Time:00:00.01 | Mem:5.42M, Peak:5.42M | Scene, ViewLayer | Updating Film
Fra:7 Mem:24.85M (Peak 63.87M) | Time:00:00.01 | Mem:5.34M, Peak:5.42M | Scene, ViewLayer | Updating Lookup Tables
Fra:7 Mem:24.85M (Peak 63.87M) | Time:00:00.01 | Mem:5.42M, Peak:5.42M | Scene, ViewLayer | Updating Baking
Fra:7 Mem:24.85M (Peak 63.87M) | Time:00:00.01 | Mem:5.42M, Peak:5.42M | Scene, ViewLayer | Updating Device | Writing constant memory
Fra:7 Mem:24.85M (Peak 63.87M) | Time:00:00.01 | Mem:5.42M, Peak:5.42M | Scene, ViewLayer | Sample 0/32
Fra:7 Mem:43.87M (Peak 63.87M) | Time:00:00.05 | Remaining:00:01.26 | Mem:24.42M, Peak:24.42M | Scene, ViewLayer | Sample 1/32
Fra:7 Mem:51.87M (Peak 63.87M) | Time:00:02.60 | Mem:24.42M, Peak:24.42M | Scene, ViewLayer | Sample 32/32
Fra:7 Mem:51.87M (Peak 63.87M) | Time:00:02.60 | Mem:24.42M, Peak:24.42M | Scene, ViewLayer | Finished
Fra:7 Mem:25.99M (Peak 63.87M) | Time:00:02.60 | Compositing
Fra:7 Mem:25.99M (Peak 63.87M) | Time:00:02.60 | Compositing | Determining resolution
Fra:7 Mem:25.99M (Peak 63.87M) | Time:00:02.60 | Compositing | Initializing execution
Fra:7 Mem:25.99M (Peak 63.87M) | Time:00:02.60 | Compositing | De-initializing execution
Saved: '/vepfs_default/chanxueyan/lhp/lms/aDSL/temp/geometry_expression_20260929/A/SF06/views/render_0007.png'
Time: 00:02.63 (Saving: 00:00.02)

Fra:8 Mem:19.79M (Peak 63.87M) | Time:00:00.00 | Mem:0.00M, Peak:0.00M | Scene, ViewLayer | Synchronizing object | geometry_0_cube.001
Fra:8 Mem:19.79M (Peak 63.87M) | Time:00:00.00 | Mem:0.00M, Peak:0.00M | Scene, ViewLayer | Synchronizing object | geometry_0_cube
Fra:8 Mem:19.80M (Peak 63.87M) | Time:00:00.00 | Mem:0.00M, Peak:0.00M | Scene, ViewLayer | Synchronizing object | geometry_0_sphere.002
Fra:8 Mem:19.94M (Peak 63.87M) | Time:00:00.00 | Mem:0.00M, Peak:0.00M | Scene, ViewLayer | Synchronizing object | geometry_0_cube.004
Fra:8 Mem:20.04M (Peak 63.87M) | Time:00:00.00 | Mem:0.00M, Peak:0.00M | Scene, ViewLayer | Synchronizing object | geometry_0_sphere.004
Fra:8 Mem:20.25M (Peak 63.87M) | Time:00:00.00 | Mem:0.00M, Peak:0.00M | Scene, ViewLayer | Synchronizing object | geometry_0_sphere.005
Fra:8 Mem:20.42M (Peak 63.87M) | Time:00:00.00 | Mem:0.00M, Peak:0.00M | Scene, ViewLayer | Synchronizing object | geometry_0_sphere.001
Fra:8 Mem:20.83M (Peak 63.87M) | Time:00:00.00 | Mem:0.00M, Peak:0.00M | Scene, ViewLayer | Synchronizing object | geometry_0_sphere.006
Fra:8 Mem:20.81M (Peak 63.87M) | Time:00:00.00 | Mem:0.00M, Peak:0.00M | Scene, ViewLayer | Synchronizing object | geometry_0_sphere.007
Fra:8 Mem:21.13M (Peak 63.87M) | Time:00:00.00 | Mem:0.00M, Peak:0.00M | Scene, ViewLayer | Synchronizing object | geometry_0_sphere.008
Fra:8 Mem:21.17M (Peak 63.87M) | Time:00:00.00 | Mem:0.00M, Peak:0.00M | Scene, ViewLayer | Synchronizing object | geometry_0_sphere.009
Fra:8 Mem:21.49M (Peak 63.87M) | Time:00:00.00 | Mem:0.00M, Peak:0.00M | Scene, ViewLayer | Synchronizing object | geometry_0_sphere.010
Fra:8 Mem:21.53M (Peak 63.87M) | Time:00:00.00 | Mem:0.00M, Peak:0.00M | Scene, ViewLayer | Synchronizing object | geometry_0_sphere.011
Fra:8 Mem:21.70M (Peak 63.87M) | Time:00:00.00 | Mem:0.00M, Peak:0.00M | Scene, ViewLayer | Synchronizing object | geometry_0_sphere.012
Fra:8 Mem:21.75M (Peak 63.87M) | Time:00:00.00 | Mem:0.00M, Peak:0.00M | Scene, ViewLayer | Synchronizing object | geometry_0_sphere.013
Fra:8 Mem:21.70M (Peak 63.87M) | Time:00:00.00 | Mem:0.00M, Peak:0.00M | Scene, ViewLayer | Synchronizing object | geometry_0_cube.002
Fra:8 Mem:21.76M (Peak 63.87M) | Time:00:00.00 | Mem:0.00M, Peak:0.00M | Scene, ViewLayer | Synchronizing object | geometry_0_cylinder.003
Fra:8 Mem:21.78M (Peak 63.87M) | Time:00:00.00 | Mem:0.00M, Peak:0.00M | Scene, ViewLayer | Synchronizing object | geometry_0_sphere.014
Fra:8 Mem:21.82M (Peak 63.87M) | Time:00:00.00 | Mem:0.00M, Peak:0.00M | Scene, ViewLayer | Synchronizing object | geometry_0_cylinder.002
Fra:8 Mem:21.83M (Peak 63.87M) | Time:00:00.00 | Mem:0.00M, Peak:0.00M | Scene, ViewLayer | Synchronizing object | geometry_0_sphere.015
Fra:8 Mem:21.91M (Peak 63.87M) | Time:00:00.00 | Mem:0.00M, Peak:0.00M | Scene, ViewLayer | Synchronizing object | geometry_0_cylinder.001
Fra:8 Mem:22.01M (Peak 63.87M) | Time:00:00.00 | Mem:0.00M, Peak:0.00M | Scene, ViewLayer | Synchronizing object | geometry_0_cylinder
Fra:8 Mem:21.99M (Peak 63.87M) | Time:00:00.00 | Mem:0.00M, Peak:0.00M | Scene, ViewLayer | Synchronizing object | geometry_0_sphere.016
Fra:8 Mem:22.07M (Peak 63.87M) | Time:00:00.00 | Mem:0.00M, Peak:0.00M | Scene, ViewLayer | Synchronizing object | geometry_0_cube.003
Fra:8 Mem:22.10M (Peak 63.87M) | Time:00:00.00 | Mem:0.00M, Peak:0.00M | Scene, ViewLayer | Synchronizing object | geometry_0_cylinder.005
Fra:8 Mem:22.17M (Peak 63.87M) | Time:00:00.00 | Mem:0.00M, Peak:0.00M | Scene, ViewLayer | Synchronizing object | geometry_0_sphere
Fra:8 Mem:22.44M (Peak 63.87M) | Time:00:00.00 | Mem:0.00M, Peak:0.00M | Scene, ViewLayer | Synchronizing object | geometry_0_sphere.003
Fra:8 Mem:22.58M (Peak 63.87M) | Time:00:00.00 | Mem:0.00M, Peak:0.00M | Scene, ViewLayer | Synchronizing object | geometry_0_cube.005
Fra:8 Mem:22.61M (Peak 63.87M) | Time:00:00.00 | Mem:0.00M, Peak:0.00M | Scene, ViewLayer | Synchronizing object | geometry_0_cube.006
Fra:8 Mem:22.64M (Peak 63.87M) | Time:00:00.00 | Mem:0.00M, Peak:0.00M | Scene, ViewLayer | Synchronizing object | geometry_0_cube.007
Fra:8 Mem:22.55M (Peak 63.87M) | Time:00:00.00 | Mem:0.00M, Peak:0.00M | Scene, ViewLayer | Initializing
Fra:8 Mem:20.74M (Peak 63.87M) | Time:00:00.00 | Mem:0.00M, Peak:0.00M | Scene, ViewLayer | Waiting for render to start
Fra:8 Mem:20.74M (Peak 63.87M) | Time:00:00.00 | Mem:0.00M, Peak:0.00M | Scene, ViewLayer | Loading render kernels (may take a few minutes the first time)
Fra:8 Mem:20.74M (Peak 63.87M) | Time:00:00.00 | Mem:0.00M, Peak:0.00M | Scene, ViewLayer | Updating Scene
Fra:8 Mem:20.74M (Peak 63.87M) | Time:00:00.00 | Mem:0.00M, Peak:0.00M | Scene, ViewLayer | Updating Shaders
Fra:8 Mem:20.82M (Peak 63.87M) | Time:00:00.00 | Mem:0.00M, Peak:0.00M | Scene, ViewLayer | Updating Procedurals
Fra:8 Mem:20.82M (Peak 63.87M) | Time:00:00.00 | Mem:0.00M, Peak:0.00M | Scene, ViewLayer | Updating Background
Fra:8 Mem:20.82M (Peak 63.87M) | Time:00:00.00 | Mem:0.00M, Peak:0.00M | Scene, ViewLayer | Updating Camera
Fra:8 Mem:20.82M (Peak 63.87M) | Time:00:00.00 | Mem:0.00M, Peak:0.00M | Scene, ViewLayer | Updating Meshes Flags
Fra:8 Mem:20.82M (Peak 63.87M) | Time:00:00.00 | Mem:0.00M, Peak:0.00M | Scene, ViewLayer | Updating Objects
Fra:8 Mem:20.82M (Peak 63.87M) | Time:00:00.00 | Mem:0.00M, Peak:0.00M | Scene, ViewLayer | Updating Objects | Copying Transformations to device
Fra:8 Mem:20.83M (Peak 63.87M) | Time:00:00.00 | Mem:0.01M, Peak:0.01M | Scene, ViewLayer | Updating Objects | Applying Static Transformations
Fra:8 Mem:20.83M (Peak 63.87M) | Time:00:00.00 | Mem:0.01M, Peak:0.01M | Scene, ViewLayer | Updating Particle Systems
Fra:8 Mem:20.83M (Peak 63.87M) | Time:00:00.00 | Mem:0.01M, Peak:0.01M | Scene, ViewLayer | Updating Particle Systems | Copying Particles to device
Fra:8 Mem:20.83M (Peak 63.87M) | Time:00:00.00 | Mem:0.01M, Peak:0.01M | Scene, ViewLayer | Updating Meshes
Fra:8 Mem:21.22M (Peak 63.87M) | Time:00:00.00 | Mem:0.01M, Peak:0.01M | Scene, ViewLayer | Updating Mesh | Computing attributes
Fra:8 Mem:21.81M (Peak 63.87M) | Time:00:00.00 | Mem:0.01M, Peak:0.01M | Scene, ViewLayer | Updating Mesh | Copying Attributes to device
Fra:8 Mem:21.80M (Peak 63.87M) | Time:00:00.00 | Mem:0.60M, Peak:0.60M | Scene, ViewLayer | Updating Scene BVH | Building
Fra:8 Mem:21.80M (Peak 63.87M) | Time:00:00.00 | Mem:0.60M, Peak:0.60M | Scene, ViewLayer | Updating Scene BVH | Building BVH
Fra:8 Mem:21.80M (Peak 63.87M) | Time:00:00.00 | Mem:1.37M, Peak:1.37M | Scene, ViewLayer | Updating Scene BVH | Building BVH 0%
Fra:8 Mem:21.80M (Peak 63.87M) | Time:00:00.01 | Mem:2.29M, Peak:3.07M | Scene, ViewLayer | Updating Scene BVH | Copying BVH to device
Fra:8 Mem:21.80M (Peak 63.87M) | Time:00:00.01 | Mem:2.29M, Peak:3.07M | Scene, ViewLayer | Updating Mesh | Computing normals
Fra:8 Mem:23.85M (Peak 63.87M) | Time:00:00.01 | Mem:2.29M, Peak:3.07M | Scene, ViewLayer | Updating Mesh | Copying Mesh to device
Fra:8 Mem:23.85M (Peak 63.87M) | Time:00:00.01 | Mem:4.34M, Peak:4.34M | Scene, ViewLayer | Updating Objects Flags
Fra:8 Mem:23.85M (Peak 63.87M) | Time:00:00.01 | Mem:4.34M, Peak:4.34M | Scene, ViewLayer | Updating Primitive Offsets
Fra:8 Mem:23.85M (Peak 63.87M) | Time:00:00.01 | Mem:4.34M, Peak:4.34M | Scene, ViewLayer | Updating Images
Fra:8 Mem:23.85M (Peak 63.87M) | Time:00:00.01 | Mem:4.34M, Peak:4.34M | Scene, ViewLayer | Updating Camera Volume
Fra:8 Mem:23.85M (Peak 63.87M) | Time:00:00.01 | Mem:4.34M, Peak:4.34M | Scene, ViewLayer | Updating Lookup Tables
Fra:8 Mem:23.85M (Peak 63.87M) | Time:00:00.01 | Mem:4.42M, Peak:4.42M | Scene, ViewLayer | Updating Lights
Fra:8 Mem:23.85M (Peak 63.87M) | Time:00:00.01 | Mem:4.42M, Peak:4.42M | Scene, ViewLayer | Updating Lights | Computing distribution
Fra:8 Mem:23.85M (Peak 63.87M) | Time:00:00.01 | Mem:4.42M, Peak:4.42M | Scene, ViewLayer | Updating Lights | Computing tree
Fra:8 Mem:23.85M (Peak 63.87M) | Time:00:00.01 | Mem:4.42M, Peak:4.42M | Scene, ViewLayer | Updating Integrator
Fra:8 Mem:24.85M (Peak 63.87M) | Time:00:00.01 | Mem:5.42M, Peak:5.42M | Scene, ViewLayer | Updating Film
Fra:8 Mem:24.85M (Peak 63.87M) | Time:00:00.01 | Mem:5.34M, Peak:5.42M | Scene, ViewLayer | Updating Lookup Tables
Fra:8 Mem:24.85M (Peak 63.87M) | Time:00:00.01 | Mem:5.42M, Peak:5.42M | Scene, ViewLayer | Updating Baking
Fra:8 Mem:24.85M (Peak 63.87M) | Time:00:00.01 | Mem:5.42M, Peak:5.42M | Scene, ViewLayer | Updating Device | Writing constant memory
Fra:8 Mem:24.85M (Peak 63.87M) | Time:00:00.01 | Mem:5.42M, Peak:5.42M | Scene, ViewLayer | Sample 0/32
Fra:8 Mem:43.87M (Peak 63.87M) | Time:00:00.07 | Remaining:00:02.04 | Mem:24.42M, Peak:24.42M | Scene, ViewLayer | Sample 1/32
Fra:8 Mem:51.87M (Peak 63.87M) | Time:00:03.33 | Mem:24.42M, Peak:24.42M | Scene, ViewLayer | Sample 32/32
Fra:8 Mem:51.87M (Peak 63.87M) | Time:00:03.33 | Mem:24.42M, Peak:24.42M | Scene, ViewLayer | Finished
Fra:8 Mem:25.99M (Peak 63.87M) | Time:00:03.33 | Compositing
Fra:8 Mem:25.99M (Peak 63.87M) | Time:00:03.33 | Compositing | Determining resolution
Fra:8 Mem:25.99M (Peak 63.87M) | Time:00:03.33 | Compositing | Initializing execution
Fra:8 Mem:25.99M (Peak 63.87M) | Time:00:03.33 | Compositing | De-initializing execution
Saved: '/vepfs_default/chanxueyan/lhp/lms/aDSL/temp/geometry_expression_20260929/A/SF06/views/render_0008.png'
Time: 00:03.37 (Saving: 00:00.03)

Data are loaded, start creating Blender stuff
glTF import finished in 0.07s
