09:38:36 | ERROR: Draco mesh compression is not available because library could not be found at /vepfs_default/chanxueyan/lhp/lms/aDSL/temp/geometry_elephant_000_20260929/B/4.0/python/lib/python3.10/site-packages/libextern_draco.so
09:38:36 | INFO: Starting glTF 2.0 export
09:38:36 | INFO: Extracting primitive: constructive_mesh
09:38:36 | INFO: Primitives created: 1
09:38:36 | INFO: Extracting primitive: constructive_mesh.002
09:38:36 | INFO: Primitives created: 1
09:38:36 | INFO: Extracting primitive: far_eye_sphere_mesh
09:38:36 | INFO: Primitives created: 1
09:38:36 | INFO: Extracting primitive: constructive_mesh.013
09:38:36 | INFO: Primitives created: 1
09:38:36 | INFO: Extracting primitive: constructive_mesh.023
09:38:36 | INFO: Primitives created: 1
09:38:36 | INFO: Extracting primitive: constructive_mesh.001
09:38:36 | INFO: Primitives created: 1
09:38:36 | INFO: Extracting primitive: constructive_mesh.003
09:38:36 | INFO: Primitives created: 1
09:38:36 | INFO: Extracting primitive: near_eye_sphere_mesh
09:38:36 | INFO: Primitives created: 1
09:38:36 | INFO: Extracting primitive: constructive_mesh.018
09:38:36 | INFO: Primitives created: 1
09:38:36 | INFO: Extracting primitive: constructive_mesh.028
09:38:36 | INFO: Primitives created: 1
09:38:36 | WARNING: Mesh constructive_mesh.004 is not valid, and may be exported wrongly
09:38:36 | INFO: Extracting primitive: constructive_mesh.004
Error: Array length mismatch (got 19491, expected more)
09:38:36 | INFO: Primitives created: 0
09:38:36 | WARNING: Mesh 'constructive_mesh.004' has no primitives and will be omitted.
09:38:36 | INFO: Finished glTF 2.0 export in 0.037981271743774414 s

