08:43:27 | ERROR: Draco mesh compression is not available because library could not be found at /vepfs_default/chanxueyan/lhp/lms/aDSL/temp/geometry_expression_20260929/B/SF21/4.0/python/lib/python3.10/site-packages/libextern_draco.so
08:43:27 | INFO: Starting glTF 2.0 export
08:43:27 | INFO: Extracting primitive: constructive_mesh
08:43:27 | INFO: Primitives created: 1
08:43:27 | INFO: Extracting primitive: upper_collar_cylinder_mesh
08:43:27 | INFO: Primitives created: 1
08:43:27 | INFO: Extracting primitive: constructive_mesh.003
08:43:27 | INFO: Primitives created: 1
08:43:27 | INFO: Extracting primitive: constructive_mesh.002
08:43:27 | INFO: Primitives created: 1
08:43:27 | INFO: Extracting primitive: constructive_mesh.004
08:43:27 | INFO: Primitives created: 1
08:43:27 | INFO: Extracting primitive: lower_transition_collar_cylinder_mesh
08:43:27 | INFO: Primitives created: 1
08:43:27 | INFO: Extracting primitive: segment_1_cylinder_mesh.003
08:43:27 | INFO: Primitives created: 1
08:43:27 | INFO: Extracting primitive: segment_2_cylinder_mesh.003
08:43:27 | INFO: Primitives created: 1
08:43:27 | INFO: Extracting primitive: segment_3_cylinder_mesh.003
08:43:27 | INFO: Primitives created: 1
08:43:27 | INFO: Extracting primitive: segment_4_cylinder_mesh.003
08:43:27 | INFO: Primitives created: 1
08:43:27 | INFO: Extracting primitive: segment_5_cylinder_mesh.003
08:43:27 | INFO: Primitives created: 1
08:43:27 | INFO: Extracting primitive: segment_6_cylinder_mesh.003
08:43:27 | INFO: Primitives created: 1
08:43:27 | INFO: Extracting primitive: segment_7_cylinder_mesh
08:43:27 | INFO: Primitives created: 1
08:43:27 | INFO: Extracting primitive: segment_8_cylinder_mesh
08:43:27 | INFO: Primitives created: 1
08:43:27 | INFO: Extracting primitive: segment_9_cylinder_mesh
08:43:27 | INFO: Primitives created: 1
08:43:27 | INFO: Extracting primitive: segment_10_cylinder_mesh
08:43:27 | INFO: Primitives created: 1
08:43:27 | INFO: Extracting primitive: segment_11_cylinder_mesh
08:43:27 | INFO: Primitives created: 1
08:43:27 | INFO: Extracting primitive: segment_12_cylinder_mesh
08:43:27 | INFO: Primitives created: 1
08:43:27 | INFO: Extracting primitive: segment_13_cylinder_mesh
08:43:27 | INFO: Primitives created: 1
08:43:27 | INFO: Extracting primitive: segment_14_cylinder_mesh
08:43:27 | INFO: Primitives created: 1
08:43:27 | INFO: Extracting primitive: segment_15_cylinder_mesh
08:43:27 | INFO: Primitives created: 1
08:43:27 | INFO: Extracting primitive: segment_16_cylinder_mesh
08:43:27 | INFO: Primitives created: 1
08:43:27 | INFO: Extracting primitive: segment_17_cylinder_mesh
08:43:27 | INFO: Primitives created: 1
08:43:27 | INFO: Extracting primitive: segment_18_cylinder_mesh
08:43:27 | INFO: Primitives created: 1
08:43:27 | INFO: Extracting primitive: segment_19_cylinder_mesh
08:43:27 | INFO: Primitives created: 1
08:43:27 | INFO: Extracting primitive: segment_20_cylinder_mesh
08:43:27 | INFO: Primitives created: 1
08:43:27 | INFO: Extracting primitive: segment_21_cylinder_mesh
08:43:27 | INFO: Primitives created: 1
08:43:27 | INFO: Extracting primitive: segment_22_cylinder_mesh
08:43:27 | INFO: Primitives created: 1
08:43:27 | INFO: Extracting primitive: segment_23_cylinder_mesh
08:43:27 | INFO: Primitives created: 1
08:43:27 | INFO: Extracting primitive: segment_24_cylinder_mesh
08:43:27 | INFO: Primitives created: 1
08:43:27 | INFO: Extracting primitive: segment_25_cylinder_mesh
08:43:27 | INFO: Primitives created: 1
08:43:27 | INFO: Extracting primitive: segment_26_cylinder_mesh
08:43:27 | INFO: Primitives created: 1
08:43:27 | INFO: Extracting primitive: segment_27_cylinder_mesh
08:43:27 | INFO: Primitives created: 1
08:43:27 | INFO: Extracting primitive: segment_28_cylinder_mesh
08:43:27 | INFO: Primitives created: 1
08:43:27 | INFO: Extracting primitive: segment_29_cylinder_mesh
08:43:27 | INFO: Primitives created: 1
08:43:27 | INFO: Extracting primitive: segment_30_cylinder_mesh
08:43:27 | INFO: Primitives created: 1
08:43:27 | INFO: Extracting primitive: segment_31_cylinder_mesh
08:43:27 | INFO: Primitives created: 1
08:43:27 | INFO: Extracting primitive: segment_32_cylinder_mesh
08:43:27 | INFO: Primitives created: 1
08:43:27 | INFO: Extracting primitive: segment_33_cylinder_mesh
08:43:27 | INFO: Primitives created: 1
08:43:27 | INFO: Extracting primitive: segment_34_cylinder_mesh
08:43:27 | INFO: Primitives created: 1
08:43:27 | INFO: Extracting primitive: joint_1_sphere_mesh.004
08:43:27 | INFO: Primitives created: 1
08:43:27 | INFO: Extracting primitive: joint_2_sphere_mesh.004
08:43:27 | INFO: Primitives created: 1
08:43:27 | INFO: Extracting primitive: joint_3_sphere_mesh.004
08:43:27 | INFO: Primitives created: 1
08:43:27 | INFO: Extracting primitive: joint_4_sphere_mesh.004
08:43:27 | INFO: Primitives created: 1
08:43:27 | INFO: Extracting primitive: joint_5_sphere_mesh.004
08:43:27 | INFO: Primitives created: 1
08:43:27 | INFO: Extracting primitive: joint_6_sphere_mesh.001
08:43:27 | INFO: Primitives created: 1
08:43:27 | INFO: Extracting primitive: joint_7_sphere_mesh.001
08:43:27 | INFO: Primitives created: 1
08:43:27 | INFO: Extracting primitive: joint_8_sphere_mesh.001
08:43:27 | INFO: Primitives created: 1
08:43:27 | INFO: Extracting primitive: joint_9_sphere_mesh.001
08:43:27 | INFO: Primitives created: 1
08:43:27 | INFO: Extracting primitive: joint_10_sphere_mesh.001
08:43:27 | INFO: Primitives created: 1
08:43:27 | INFO: Extracting primitive: joint_11_sphere_mesh.001
08:43:27 | INFO: Primitives created: 1
08:43:27 | INFO: Extracting primitive: joint_12_sphere_mesh.001
08:43:27 | INFO: Primitives created: 1
08:43:27 | INFO: Extracting primitive: joint_13_sphere_mesh.001
08:43:27 | INFO: Primitives created: 1
08:43:27 | INFO: Extracting primitive: joint_14_sphere_mesh.001
08:43:27 | INFO: Primitives created: 1
08:43:27 | INFO: Extracting primitive: joint_15_sphere_mesh.001
08:43:27 | INFO: Primitives created: 1
08:43:27 | INFO: Extracting primitive: joint_16_sphere_mesh.001
08:43:27 | INFO: Primitives created: 1
08:43:27 | INFO: Extracting primitive: joint_17_sphere_mesh.001
08:43:27 | INFO: Primitives created: 1
08:43:27 | INFO: Extracting primitive: joint_18_sphere_mesh.001
08:43:27 | INFO: Primitives created: 1
08:43:27 | INFO: Extracting primitive: joint_19_sphere_mesh.001
08:43:27 | INFO: Primitives created: 1
08:43:27 | INFO: Extracting primitive: joint_20_sphere_mesh.001
08:43:27 | INFO: Primitives created: 1
08:43:27 | INFO: Extracting primitive: joint_21_sphere_mesh.001
08:43:27 | INFO: Primitives created: 1
08:43:27 | INFO: Extracting primitive: joint_22_sphere_mesh.001
08:43:27 | INFO: Primitives created: 1
08:43:27 | INFO: Extracting primitive: joint_23_sphere_mesh.001
08:43:27 | INFO: Primitives created: 1
08:43:27 | INFO: Extracting primitive: joint_24_sphere_mesh.001
08:43:27 | INFO: Primitives created: 1
08:43:27 | INFO: Extracting primitive: joint_25_sphere_mesh.001
08:43:27 | INFO: Primitives created: 1
08:43:27 | INFO: Extracting primitive: joint_26_sphere_mesh.001
08:43:27 | INFO: Primitives created: 1
08:43:27 | INFO: Extracting primitive: joint_27_sphere_mesh.001
08:43:27 | INFO: Primitives created: 1
08:43:27 | INFO: Extracting primitive: joint_28_sphere_mesh.001
08:43:27 | INFO: Primitives created: 1
08:43:27 | INFO: Extracting primitive: joint_29_sphere_mesh.001
08:43:27 | INFO: Primitives created: 1
08:43:27 | INFO: Extracting primitive: joint_30_sphere_mesh.001
08:43:27 | INFO: Primitives created: 1
08:43:27 | INFO: Extracting primitive: joint_31_sphere_mesh.001
08:43:27 | INFO: Primitives created: 1
08:43:27 | INFO: Extracting primitive: joint_32_sphere_mesh.001
08:43:27 | INFO: Primitives created: 1
08:43:27 | INFO: Extracting primitive: joint_33_sphere_mesh.001
08:43:27 | INFO: Primitives created: 1
08:43:27 | INFO: Extracting primitive: segment_1_cylinder_mesh.004
08:43:27 | INFO: Primitives created: 1
08:43:27 | INFO: Extracting primitive: segment_2_cylinder_mesh.004
08:43:27 | INFO: Primitives created: 1
08:43:27 | INFO: Extracting primitive: segment_3_cylinder_mesh.004
08:43:27 | INFO: Primitives created: 1
08:43:27 | INFO: Extracting primitive: segment_4_cylinder_mesh.004
08:43:27 | INFO: Primitives created: 1
08:43:27 | INFO: Extracting primitive: segment_5_cylinder_mesh.004
08:43:27 | INFO: Primitives created: 1
08:43:27 | INFO: Extracting primitive: segment_6_cylinder_mesh.004
08:43:27 | INFO: Primitives created: 1
08:43:27 | INFO: Extracting primitive: segment_7_cylinder_mesh.001
08:43:27 | INFO: Primitives created: 1
08:43:27 | INFO: Extracting primitive: segment_8_cylinder_mesh.001
08:43:27 | INFO: Primitives created: 1
08:43:27 | INFO: Extracting primitive: segment_9_cylinder_mesh.001
08:43:27 | INFO: Primitives created: 1
08:43:27 | INFO: Extracting primitive: segment_10_cylinder_mesh.001
08:43:27 | INFO: Primitives created: 1
08:43:27 | INFO: Extracting primitive: segment_11_cylinder_mesh.001
08:43:27 | INFO: Primitives created: 1
08:43:27 | INFO: Extracting primitive: segment_12_cylinder_mesh.001
08:43:27 | INFO: Primitives created: 1
08:43:27 | INFO: Extracting primitive: segment_13_cylinder_mesh.001
08:43:27 | INFO: Primitives created: 1
08:43:27 | INFO: Extracting primitive: segment_14_cylinder_mesh.001
08:43:27 | INFO: Primitives created: 1
08:43:27 | INFO: Extracting primitive: segment_15_cylinder_mesh.001
08:43:27 | INFO: Primitives created: 1
08:43:27 | INFO: Extracting primitive: segment_16_cylinder_mesh.001
08:43:27 | INFO: Primitives created: 1
08:43:27 | INFO: Extracting primitive: segment_17_cylinder_mesh.001
08:43:27 | INFO: Primitives created: 1
08:43:27 | INFO: Extracting primitive: segment_18_cylinder_mesh.001
08:43:27 | INFO: Primitives created: 1
08:43:27 | INFO: Extracting primitive: segment_19_cylinder_mesh.001
08:43:27 | INFO: Primitives created: 1
08:43:27 | INFO: Extracting primitive: segment_20_cylinder_mesh.001
08:43:27 | INFO: Primitives created: 1
08:43:27 | INFO: Extracting primitive: segment_21_cylinder_mesh.001
08:43:27 | INFO: Primitives created: 1
08:43:27 | INFO: Extracting primitive: segment_22_cylinder_mesh.001
08:43:27 | INFO: Primitives created: 1
08:43:27 | INFO: Extracting primitive: segment_23_cylinder_mesh.001
08:43:27 | INFO: Primitives created: 1
08:43:27 | INFO: Extracting primitive: segment_24_cylinder_mesh.001
08:43:27 | INFO: Primitives created: 1
08:43:27 | INFO: Extracting primitive: segment_25_cylinder_mesh.001
08:43:27 | INFO: Primitives created: 1
08:43:27 | INFO: Extracting primitive: segment_26_cylinder_mesh.001
08:43:27 | INFO: Primitives created: 1
08:43:27 | INFO: Extracting primitive: segment_27_cylinder_mesh.001
08:43:27 | INFO: Primitives created: 1
08:43:27 | INFO: Extracting primitive: segment_28_cylinder_mesh.001
08:43:27 | INFO: Primitives created: 1
08:43:27 | INFO: Extracting primitive: segment_29_cylinder_mesh.001
08:43:27 | INFO: Primitives created: 1
08:43:27 | INFO: Extracting primitive: segment_30_cylinder_mesh.001
08:43:27 | INFO: Primitives created: 1
08:43:27 | INFO: Extracting primitive: segment_31_cylinder_mesh.001
08:43:27 | INFO: Primitives created: 1
08:43:27 | INFO: Extracting primitive: segment_32_cylinder_mesh.001
08:43:27 | INFO: Primitives created: 1
08:43:27 | INFO: Extracting primitive: segment_33_cylinder_mesh.001
08:43:27 | INFO: Primitives created: 1
08:43:27 | INFO: Extracting primitive: segment_34_cylinder_mesh.001
08:43:27 | INFO: Primitives created: 1
08:43:27 | INFO: Extracting primitive: joint_1_sphere_mesh
08:43:27 | INFO: Primitives created: 1
08:43:27 | INFO: Extracting primitive: joint_2_sphere_mesh
08:43:27 | INFO: Primitives created: 1
08:43:27 | INFO: Extracting primitive: joint_3_sphere_mesh
08:43:27 | INFO: Primitives created: 1
08:43:27 | INFO: Extracting primitive: joint_4_sphere_mesh
08:43:27 | INFO: Primitives created: 1
08:43:27 | INFO: Extracting primitive: joint_5_sphere_mesh
08:43:27 | INFO: Primitives created: 1
08:43:27 | INFO: Extracting primitive: joint_6_sphere_mesh
08:43:27 | INFO: Primitives created: 1
08:43:27 | INFO: Extracting primitive: joint_7_sphere_mesh
08:43:27 | INFO: Primitives created: 1
08:43:27 | INFO: Extracting primitive: joint_8_sphere_mesh
08:43:27 | INFO: Primitives created: 1
08:43:27 | INFO: Extracting primitive: joint_9_sphere_mesh
08:43:27 | INFO: Primitives created: 1
08:43:27 | INFO: Extracting primitive: joint_10_sphere_mesh
08:43:27 | INFO: Primitives created: 1
08:43:27 | INFO: Extracting primitive: joint_11_sphere_mesh
08:43:27 | INFO: Primitives created: 1
08:43:27 | INFO: Extracting primitive: joint_12_sphere_mesh
08:43:27 | INFO: Primitives created: 1
08:43:27 | INFO: Extracting primitive: joint_13_sphere_mesh
08:43:27 | INFO: Primitives created: 1
08:43:27 | INFO: Extracting primitive: joint_14_sphere_mesh
08:43:27 | INFO: Primitives created: 1
08:43:27 | INFO: Extracting primitive: joint_15_sphere_mesh
08:43:27 | INFO: Primitives created: 1
08:43:27 | INFO: Extracting primitive: joint_16_sphere_mesh
08:43:27 | INFO: Primitives created: 1
08:43:27 | INFO: Extracting primitive: joint_17_sphere_mesh
08:43:27 | INFO: Primitives created: 1
08:43:27 | INFO: Extracting primitive: joint_18_sphere_mesh
08:43:27 | INFO: Primitives created: 1
08:43:27 | INFO: Extracting primitive: joint_19_sphere_mesh
08:43:27 | INFO: Primitives created: 1
08:43:27 | INFO: Extracting primitive: joint_20_sphere_mesh
08:43:27 | INFO: Primitives created: 1
08:43:27 | INFO: Extracting primitive: joint_21_sphere_mesh
08:43:27 | INFO: Primitives created: 1
08:43:27 | INFO: Extracting primitive: joint_22_sphere_mesh
08:43:27 | INFO: Primitives created: 1
08:43:27 | INFO: Extracting primitive: joint_23_sphere_mesh
08:43:27 | INFO: Primitives created: 1
08:43:27 | INFO: Extracting primitive: joint_24_sphere_mesh
08:43:27 | INFO: Primitives created: 1
08:43:27 | INFO: Extracting primitive: joint_25_sphere_mesh
08:43:27 | INFO: Primitives created: 1
08:43:27 | INFO: Extracting primitive: joint_26_sphere_mesh
08:43:27 | INFO: Primitives created: 1
08:43:27 | INFO: Extracting primitive: joint_27_sphere_mesh
08:43:27 | INFO: Primitives created: 1
08:43:27 | INFO: Extracting primitive: joint_28_sphere_mesh
08:43:27 | INFO: Primitives created: 1
08:43:27 | INFO: Extracting primitive: joint_29_sphere_mesh
08:43:27 | INFO: Primitives created: 1
08:43:27 | INFO: Extracting primitive: joint_30_sphere_mesh
08:43:27 | INFO: Primitives created: 1
08:43:27 | INFO: Extracting primitive: joint_31_sphere_mesh
08:43:27 | INFO: Primitives created: 1
08:43:27 | INFO: Extracting primitive: joint_32_sphere_mesh
08:43:27 | INFO: Primitives created: 1
08:43:27 | INFO: Extracting primitive: joint_33_sphere_mesh
08:43:27 | INFO: Primitives created: 1
08:43:27 | INFO: Extracting primitive: upper_transition_collar_cylinder_mesh
08:43:27 | INFO: Primitives created: 1
08:43:27 | INFO: Extracting primitive: lower_stand_shaft_cylinder_mesh
08:43:27 | INFO: Primitives created: 1
08:43:27 | INFO: Extracting primitive: upper_stand_shaft_cylinder_mesh
08:43:27 | INFO: Primitives created: 1
08:43:27 | INFO: Extracting primitive: constructive_mesh.001
08:43:27 | INFO: Primitives created: 1
08:43:27 | INFO: Extracting primitive: socket_cylinder_mesh
08:43:27 | INFO: Primitives created: 1
08:43:27 | INFO: Extracting primitive: socket_neck_cylinder_mesh
08:43:27 | INFO: Primitives created: 1
08:43:27 | INFO: Extracting primitive: support_spoke_2_cylinder_mesh
08:43:27 | INFO: Primitives created: 1
08:43:27 | INFO: Extracting primitive: support_spoke_3_cylinder_mesh
08:43:27 | INFO: Primitives created: 1
08:43:27 | INFO: Extracting primitive: support_spoke_1_cylinder_mesh
08:43:27 | INFO: Primitives created: 1
08:43:27 | INFO: Extracting primitive: segment_1_cylinder_mesh.001
08:43:27 | INFO: Primitives created: 1
08:43:27 | INFO: Extracting primitive: segment_2_cylinder_mesh.001
08:43:27 | INFO: Primitives created: 1
08:43:27 | INFO: Extracting primitive: segment_3_cylinder_mesh.001
08:43:27 | INFO: Primitives created: 1
08:43:27 | INFO: Extracting primitive: segment_4_cylinder_mesh.001
08:43:27 | INFO: Primitives created: 1
08:43:27 | INFO: Extracting primitive: segment_5_cylinder_mesh.001
08:43:27 | INFO: Primitives created: 1
08:43:27 | INFO: Extracting primitive: segment_6_cylinder_mesh.001
08:43:27 | INFO: Primitives created: 1
08:43:27 | INFO: Extracting primitive: joint_1_sphere_mesh.002
08:43:27 | INFO: Primitives created: 1
08:43:27 | INFO: Extracting primitive: joint_2_sphere_mesh.002
08:43:27 | INFO: Primitives created: 1
08:43:27 | INFO: Extracting primitive: joint_3_sphere_mesh.002
08:43:27 | INFO: Primitives created: 1
08:43:27 | INFO: Extracting primitive: joint_4_sphere_mesh.002
08:43:27 | INFO: Primitives created: 1
08:43:27 | INFO: Extracting primitive: joint_5_sphere_mesh.002
08:43:27 | INFO: Primitives created: 1
08:43:27 | INFO: Extracting primitive: rounded_foot_sphere_mesh.002
08:43:27 | INFO: Primitives created: 1
08:43:27 | INFO: Extracting primitive: segment_1_cylinder_mesh.002
08:43:27 | INFO: Primitives created: 1
08:43:27 | INFO: Extracting primitive: segment_2_cylinder_mesh.002
08:43:27 | INFO: Primitives created: 1
08:43:27 | INFO: Extracting primitive: segment_3_cylinder_mesh.002
08:43:27 | INFO: Primitives created: 1
08:43:27 | INFO: Extracting primitive: segment_4_cylinder_mesh.002
08:43:27 | INFO: Primitives created: 1
08:43:27 | INFO: Extracting primitive: segment_5_cylinder_mesh.002
08:43:27 | INFO: Primitives created: 1
08:43:27 | INFO: Extracting primitive: segment_6_cylinder_mesh.002
08:43:27 | INFO: Primitives created: 1
08:43:27 | INFO: Extracting primitive: joint_1_sphere_mesh.003
08:43:27 | INFO: Primitives created: 1
08:43:27 | INFO: Extracting primitive: joint_2_sphere_mesh.003
08:43:27 | INFO: Primitives created: 1
08:43:27 | INFO: Extracting primitive: joint_3_sphere_mesh.003
08:43:27 | INFO: Primitives created: 1
08:43:27 | INFO: Extracting primitive: joint_4_sphere_mesh.003
08:43:27 | INFO: Primitives created: 1
08:43:27 | INFO: Extracting primitive: joint_5_sphere_mesh.003
08:43:27 | INFO: Primitives created: 1
08:43:27 | INFO: Extracting primitive: rounded_foot_sphere_mesh
08:43:27 | INFO: Primitives created: 1
08:43:27 | INFO: Extracting primitive: segment_1_cylinder_mesh
08:43:27 | INFO: Primitives created: 1
08:43:27 | INFO: Extracting primitive: segment_2_cylinder_mesh
08:43:27 | INFO: Primitives created: 1
08:43:27 | INFO: Extracting primitive: segment_3_cylinder_mesh
08:43:27 | INFO: Primitives created: 1
08:43:27 | INFO: Extracting primitive: segment_4_cylinder_mesh
08:43:27 | INFO: Primitives created: 1
08:43:27 | INFO: Extracting primitive: segment_5_cylinder_mesh
08:43:27 | INFO: Primitives created: 1
08:43:27 | INFO: Extracting primitive: segment_6_cylinder_mesh
08:43:27 | INFO: Primitives created: 1
08:43:27 | INFO: Extracting primitive: joint_1_sphere_mesh.001
08:43:27 | INFO: Primitives created: 1
08:43:27 | INFO: Extracting primitive: joint_2_sphere_mesh.001
08:43:27 | INFO: Primitives created: 1
08:43:27 | INFO: Extracting primitive: joint_3_sphere_mesh.001
08:43:27 | INFO: Primitives created: 1
08:43:27 | INFO: Extracting primitive: joint_4_sphere_mesh.001
08:43:27 | INFO: Primitives created: 1
08:43:27 | INFO: Extracting primitive: joint_5_sphere_mesh.001
08:43:27 | INFO: Primitives created: 1
08:43:27 | INFO: Extracting primitive: rounded_foot_sphere_mesh.001
08:43:27 | INFO: Primitives created: 1
08:43:27 | INFO: Finished glTF 2.0 export in 0.3729887008666992 s

Warning: Falling back to the standard locale ("C")
