08:46:20 | ERROR: Draco mesh compression is not available because library could not be found at /vepfs_default/chanxueyan/lhp/lms/aDSL/temp/geometry_expression_20260929/B/T02-bookshelf/4.0/python/lib/python3.10/site-packages/libextern_draco.so
08:46:20 | INFO: Starting glTF 2.0 export
08:46:20 | INFO: Extracting primitive: book_volume_cube_mesh.001
08:46:20 | INFO: Primitives created: 1
08:46:20 | INFO: Extracting primitive: spine_band_cube_mesh
08:46:20 | INFO: Primitives created: 1
08:46:20 | INFO: Extracting primitive: book_volume_cube_mesh.002
08:46:20 | INFO: Primitives created: 1
08:46:20 | INFO: Extracting primitive: spine_band_cube_mesh.001
08:46:20 | INFO: Primitives created: 1
08:46:20 | INFO: Extracting primitive: book_volume_cube_mesh.003
08:46:20 | INFO: Primitives created: 1
08:46:20 | INFO: Extracting primitive: spine_band_cube_mesh.002
08:46:20 | INFO: Primitives created: 1
08:46:20 | INFO: Extracting primitive: body_cube_mesh.001
08:46:20 | INFO: Primitives created: 1
08:46:20 | INFO: Extracting primitive: lid_cube_mesh
08:46:20 | INFO: Primitives created: 1
08:46:20 | INFO: Extracting primitive: book_volume_cube_mesh.004
08:46:20 | INFO: Primitives created: 1
08:46:20 | INFO: Extracting primitive: spine_band_cube_mesh.003
08:46:20 | INFO: Primitives created: 1
08:46:20 | INFO: Extracting primitive: book_volume_cube_mesh.005
08:46:20 | INFO: Primitives created: 1
08:46:20 | INFO: Extracting primitive: spine_band_cube_mesh.004
08:46:20 | INFO: Primitives created: 1
08:46:20 | INFO: Extracting primitive: book_volume_cube_mesh.006
08:46:20 | INFO: Primitives created: 1
08:46:20 | INFO: Extracting primitive: spine_band_cube_mesh.005
08:46:20 | INFO: Primitives created: 1
08:46:20 | INFO: Extracting primitive: book_volume_cube_mesh.007
08:46:20 | INFO: Primitives created: 1
08:46:20 | INFO: Extracting primitive: spine_band_cube_mesh.006
08:46:20 | INFO: Primitives created: 1
08:46:20 | INFO: Extracting primitive: book_volume_cube_mesh.008
08:46:20 | INFO: Primitives created: 1
08:46:20 | INFO: Extracting primitive: spine_band_cube_mesh.007
08:46:20 | INFO: Primitives created: 1
08:46:20 | INFO: Extracting primitive: body_cube_mesh
08:46:20 | INFO: Primitives created: 1
08:46:20 | INFO: Extracting primitive: lid_cube_mesh.001
08:46:20 | INFO: Primitives created: 1
08:46:20 | INFO: Extracting primitive: book_volume_cube_mesh
08:46:20 | INFO: Primitives created: 1
08:46:20 | INFO: Extracting primitive: spine_band_cube_mesh.009
08:46:20 | INFO: Primitives created: 1
08:46:20 | INFO: Extracting primitive: book_volume_cube_mesh.009
08:46:20 | INFO: Primitives created: 1
08:46:20 | INFO: Extracting primitive: spine_band_cube_mesh.008
08:46:20 | INFO: Primitives created: 1
08:46:20 | INFO: Extracting primitive: floor_foot_cube_mesh
08:46:20 | INFO: Primitives created: 1
08:46:20 | INFO: Extracting primitive: lower_front_post_cube_mesh
08:46:20 | INFO: Primitives created: 1
08:46:20 | INFO: Extracting primitive: lower_rear_post_cube_mesh
08:46:20 | INFO: Primitives created: 1
08:46:20 | INFO: Extracting primitive: constructive_mesh
08:46:20 | INFO: Primitives created: 1
08:46:20 | INFO: Extracting primitive: constructive_mesh.001
08:46:20 | INFO: Primitives created: 1
08:46:20 | INFO: Extracting primitive: constructive_mesh.004
08:46:20 | INFO: Primitives created: 1
08:46:20 | INFO: Extracting primitive: constructive_mesh.005
08:46:20 | INFO: Primitives created: 1
08:46:20 | INFO: Extracting primitive: constructive_mesh.006
08:46:20 | INFO: Primitives created: 1
08:46:20 | INFO: Extracting primitive: floor_foot_cube_mesh.001
08:46:20 | INFO: Primitives created: 1
08:46:20 | INFO: Extracting primitive: lower_front_post_cube_mesh.001
08:46:20 | INFO: Primitives created: 1
08:46:20 | INFO: Extracting primitive: lower_rear_post_cube_mesh.001
08:46:20 | INFO: Primitives created: 1
08:46:20 | INFO: Extracting primitive: constructive_mesh.002
08:46:20 | INFO: Primitives created: 1
08:46:20 | INFO: Extracting primitive: constructive_mesh.003
08:46:20 | INFO: Primitives created: 1
08:46:20 | INFO: Extracting primitive: constructive_mesh.007
08:46:20 | INFO: Primitives created: 1
08:46:20 | INFO: Finished glTF 2.0 export in 0.04082751274108887 s

Warning: Falling back to the standard locale ("C")
