09:19:24 | ERROR: Draco mesh compression is not available because library could not be found at /vepfs_default/chanxueyan/lhp/lms/aDSL/temp/geometry_sf06_no_fea_20260929/generate/original/4.0/python/lib/python3.10/site-packages/libextern_draco.so
09:19:24 | INFO: Starting glTF 2.0 export
09:19:24 | INFO: Extracting primitive: op_0_cube_mesh
09:19:24 | INFO: Primitives created: 1
09:19:24 | INFO: Finished glTF 2.0 export in 0.003594636917114258 s

09:19:24 | ERROR: Draco mesh compression is not available because library could not be found at /vepfs_default/chanxueyan/lhp/lms/aDSL/temp/geometry_sf06_no_fea_20260929/generate/original/4.0/python/lib/python3.10/site-packages/libextern_draco.so
09:19:24 | INFO: Starting glTF 2.0 export
09:19:24 | INFO: Extracting primitive: op_0_cube_mesh
09:19:24 | INFO: Primitives created: 1
09:19:24 | INFO: Finished glTF 2.0 export in 0.003437519073486328 s

09:19:24 | ERROR: Draco mesh compression is not available because library could not be found at /vepfs_default/chanxueyan/lhp/lms/aDSL/temp/geometry_sf06_no_fea_20260929/generate/original/4.0/python/lib/python3.10/site-packages/libextern_draco.so
09:19:24 | INFO: Starting glTF 2.0 export
09:19:24 | INFO: Extracting primitive: op_0_cube_mesh
09:19:24 | INFO: Primitives created: 1
09:19:24 | INFO: Finished glTF 2.0 export in 0.0035810470581054688 s

09:19:24 | ERROR: Draco mesh compression is not available because library could not be found at /vepfs_default/chanxueyan/lhp/lms/aDSL/temp/geometry_sf06_no_fea_20260929/generate/original/4.0/python/lib/python3.10/site-packages/libextern_draco.so
09:19:24 | INFO: Starting glTF 2.0 export
09:19:24 | INFO: Extracting primitive: op_0_cube_mesh
09:19:24 | INFO: Primitives created: 1
09:19:24 | INFO: Finished glTF 2.0 export in 0.0038716793060302734 s

09:19:26 | ERROR: Draco mesh compression is not available because library could not be found at /vepfs_default/chanxueyan/lhp/lms/aDSL/temp/geometry_sf06_no_fea_20260929/generate/original/4.0/python/lib/python3.10/site-packages/libextern_draco.so
09:19:26 | INFO: Starting glTF 2.0 export
09:19:26 | INFO: Extracting primitive: constructive_mesh.009
09:19:26 | INFO: Primitives created: 1
09:19:26 | INFO: Extracting primitive: constructive_mesh.007
09:19:26 | INFO: Primitives created: 1
09:19:26 | INFO: Extracting primitive: constructive_mesh.011
09:19:26 | INFO: Primitives created: 1
09:19:26 | INFO: Extracting primitive: nailhead_01_sphere_mesh
09:19:26 | INFO: Primitives created: 1
09:19:26 | INFO: Extracting primitive: nailhead_02_sphere_mesh
09:19:26 | INFO: Primitives created: 1
09:19:26 | INFO: Extracting primitive: nailhead_03_sphere_mesh
09:19:26 | INFO: Primitives created: 1
09:19:26 | INFO: Extracting primitive: nailhead_04_sphere_mesh
09:19:26 | INFO: Primitives created: 1
09:19:26 | INFO: Extracting primitive: nailhead_05_sphere_mesh
09:19:26 | INFO: Primitives created: 1
09:19:26 | INFO: Extracting primitive: nailhead_06_sphere_mesh
09:19:26 | INFO: Primitives created: 1
09:19:26 | INFO: Extracting primitive: nailhead_07_sphere_mesh
09:19:26 | INFO: Primitives created: 1
09:19:26 | INFO: Extracting primitive: nailhead_08_sphere_mesh
09:19:26 | INFO: Primitives created: 1
09:19:26 | INFO: Extracting primitive: nailhead_09_sphere_mesh
09:19:26 | INFO: Primitives created: 1
09:19:26 | INFO: Extracting primitive: nailhead_10_sphere_mesh
09:19:26 | INFO: Primitives created: 1
09:19:26 | INFO: Extracting primitive: nailhead_11_sphere_mesh
09:19:26 | INFO: Primitives created: 1
09:19:26 | INFO: Extracting primitive: nailhead_12_sphere_mesh
09:19:26 | INFO: Primitives created: 1
09:19:26 | INFO: Extracting primitive: nailhead_13_sphere_mesh
09:19:26 | INFO: Primitives created: 1
09:19:26 | INFO: Extracting primitive: constructive_mesh.012
09:19:26 | INFO: Primitives created: 1
09:19:26 | INFO: Extracting primitive: constructive_mesh.008
09:19:26 | INFO: Primitives created: 1
09:19:26 | INFO: Extracting primitive: constructive_mesh
09:19:26 | INFO: Primitives created: 1
09:19:26 | INFO: Extracting primitive: constructive_mesh.013
09:19:26 | INFO: Primitives created: 1
09:19:26 | INFO: Finished glTF 2.0 export in 0.09294748306274414 s

09:19:26 | ERROR: Draco mesh compression is not available because library could not be found at /vepfs_default/chanxueyan/lhp/lms/aDSL/temp/geometry_sf06_no_fea_20260929/generate/original/4.0/python/lib/python3.10/site-packages/libextern_draco.so
09:19:26 | INFO: Starting glTF 2.0 export
09:19:26 | INFO: Extracting primitive: op_0_cube_mesh
09:19:26 | INFO: Primitives created: 1
09:19:26 | INFO: Finished glTF 2.0 export in 0.0041773319244384766 s

09:19:26 | ERROR: Draco mesh compression is not available because library could not be found at /vepfs_default/chanxueyan/lhp/lms/aDSL/temp/geometry_sf06_no_fea_20260929/generate/original/4.0/python/lib/python3.10/site-packages/libextern_draco.so
09:19:26 | INFO: Starting glTF 2.0 export
09:19:26 | INFO: Extracting primitive: op_0_cube_mesh
09:19:26 | INFO: Primitives created: 1
09:19:26 | INFO: Finished glTF 2.0 export in 0.002852916717529297 s

09:19:26 | ERROR: Draco mesh compression is not available because library could not be found at /vepfs_default/chanxueyan/lhp/lms/aDSL/temp/geometry_sf06_no_fea_20260929/generate/original/4.0/python/lib/python3.10/site-packages/libextern_draco.so
09:19:26 | INFO: Starting glTF 2.0 export
09:19:26 | INFO: Extracting primitive: op_0_cube_mesh
09:19:26 | INFO: Primitives created: 1
09:19:26 | INFO: Finished glTF 2.0 export in 0.002758502960205078 s

09:19:26 | ERROR: Draco mesh compression is not available because library could not be found at /vepfs_default/chanxueyan/lhp/lms/aDSL/temp/geometry_sf06_no_fea_20260929/generate/original/4.0/python/lib/python3.10/site-packages/libextern_draco.so
09:19:26 | INFO: Starting glTF 2.0 export
09:19:26 | INFO: Extracting primitive: op_0_cube_mesh
09:19:26 | INFO: Primitives created: 1
09:19:26 | INFO: Finished glTF 2.0 export in 0.002892017364501953 s

09:19:27 | ERROR: Draco mesh compression is not available because library could not be found at /vepfs_default/chanxueyan/lhp/lms/aDSL/temp/geometry_sf06_no_fea_20260929/generate/original/4.0/python/lib/python3.10/site-packages/libextern_draco.so
09:19:27 | INFO: Starting glTF 2.0 export
09:19:27 | INFO: Extracting primitive: leg_front_left
09:19:27 | INFO: Primitives created: 1
09:19:27 | INFO: Finished glTF 2.0 export in 0.0025475025177001953 s

09:19:27 | ERROR: Draco mesh compression is not available because library could not be found at /vepfs_default/chanxueyan/lhp/lms/aDSL/temp/geometry_sf06_no_fea_20260929/generate/original/4.0/python/lib/python3.10/site-packages/libextern_draco.so
09:19:27 | INFO: Starting glTF 2.0 export
09:19:27 | INFO: Extracting primitive: leg_front_right
09:19:27 | INFO: Primitives created: 1
09:19:27 | INFO: Finished glTF 2.0 export in 0.0026078224182128906 s

09:19:27 | ERROR: Draco mesh compression is not available because library could not be found at /vepfs_default/chanxueyan/lhp/lms/aDSL/temp/geometry_sf06_no_fea_20260929/generate/original/4.0/python/lib/python3.10/site-packages/libextern_draco.so
09:19:27 | INFO: Starting glTF 2.0 export
09:19:27 | INFO: Extracting primitive: leg_rear_left
09:19:27 | INFO: Primitives created: 1
09:19:27 | INFO: Finished glTF 2.0 export in 0.002680540084838867 s

09:19:27 | ERROR: Draco mesh compression is not available because library could not be found at /vepfs_default/chanxueyan/lhp/lms/aDSL/temp/geometry_sf06_no_fea_20260929/generate/original/4.0/python/lib/python3.10/site-packages/libextern_draco.so
09:19:27 | INFO: Starting glTF 2.0 export
09:19:27 | INFO: Extracting primitive: leg_rear_right
09:19:27 | INFO: Primitives created: 1
09:19:27 | INFO: Finished glTF 2.0 export in 0.002660512924194336 s

