09:25:13 | ERROR: Draco mesh compression is not available because library could not be found at /vepfs_default/chanxueyan/lhp/lms/aDSL/temp/geometry_sf06_no_fea_20260929/generate/rounds/round_02/candidates/01_repair_export_solids_and_tab_tips_01/4.0/python/lib/python3.10/site-packages/libextern_draco.so
09:25:13 | INFO: Starting glTF 2.0 export
09:25:13 | INFO: Extracting primitive: op_0_cube_mesh
09:25:13 | INFO: Primitives created: 1
09:25:13 | INFO: Finished glTF 2.0 export in 0.002915620803833008 s

09:25:13 | ERROR: Draco mesh compression is not available because library could not be found at /vepfs_default/chanxueyan/lhp/lms/aDSL/temp/geometry_sf06_no_fea_20260929/generate/rounds/round_02/candidates/01_repair_export_solids_and_tab_tips_01/4.0/python/lib/python3.10/site-packages/libextern_draco.so
09:25:13 | INFO: Starting glTF 2.0 export
09:25:13 | INFO: Extracting primitive: op_0_cube_mesh
09:25:13 | INFO: Primitives created: 1
09:25:13 | INFO: Finished glTF 2.0 export in 0.002771139144897461 s

09:25:13 | ERROR: Draco mesh compression is not available because library could not be found at /vepfs_default/chanxueyan/lhp/lms/aDSL/temp/geometry_sf06_no_fea_20260929/generate/rounds/round_02/candidates/01_repair_export_solids_and_tab_tips_01/4.0/python/lib/python3.10/site-packages/libextern_draco.so
09:25:13 | INFO: Starting glTF 2.0 export
09:25:13 | INFO: Extracting primitive: op_0_cube_mesh
09:25:13 | INFO: Primitives created: 1
09:25:13 | INFO: Finished glTF 2.0 export in 0.0027818679809570312 s

09:25:13 | ERROR: Draco mesh compression is not available because library could not be found at /vepfs_default/chanxueyan/lhp/lms/aDSL/temp/geometry_sf06_no_fea_20260929/generate/rounds/round_02/candidates/01_repair_export_solids_and_tab_tips_01/4.0/python/lib/python3.10/site-packages/libextern_draco.so
09:25:13 | INFO: Starting glTF 2.0 export
09:25:13 | INFO: Extracting primitive: op_0_cube_mesh
09:25:13 | INFO: Primitives created: 1
09:25:13 | INFO: Finished glTF 2.0 export in 0.002821207046508789 s

09:25:15 | ERROR: Draco mesh compression is not available because library could not be found at /vepfs_default/chanxueyan/lhp/lms/aDSL/temp/geometry_sf06_no_fea_20260929/generate/rounds/round_02/candidates/01_repair_export_solids_and_tab_tips_01/4.0/python/lib/python3.10/site-packages/libextern_draco.so
09:25:15 | INFO: Starting glTF 2.0 export
09:25:15 | INFO: Extracting primitive: constructive_mesh.008
09:25:15 | INFO: Primitives created: 1
09:25:15 | INFO: Extracting primitive: constructive_mesh.006
09:25:15 | INFO: Primitives created: 1
09:25:15 | INFO: Extracting primitive: constructive_mesh.010
09:25:15 | INFO: Primitives created: 1
09:25:15 | INFO: Extracting primitive: nailhead_01_sphere_mesh
09:25:15 | INFO: Primitives created: 1
09:25:15 | INFO: Extracting primitive: nailhead_02_sphere_mesh
09:25:15 | INFO: Primitives created: 1
09:25:15 | INFO: Extracting primitive: nailhead_03_sphere_mesh
09:25:15 | INFO: Primitives created: 1
09:25:15 | INFO: Extracting primitive: nailhead_04_sphere_mesh
09:25:15 | INFO: Primitives created: 1
09:25:15 | INFO: Extracting primitive: nailhead_05_sphere_mesh
09:25:15 | INFO: Primitives created: 1
09:25:15 | INFO: Extracting primitive: nailhead_06_sphere_mesh
09:25:15 | INFO: Primitives created: 1
09:25:15 | INFO: Extracting primitive: nailhead_07_sphere_mesh
09:25:15 | INFO: Primitives created: 1
09:25:15 | INFO: Extracting primitive: nailhead_08_sphere_mesh
09:25:15 | INFO: Primitives created: 1
09:25:15 | INFO: Extracting primitive: nailhead_09_sphere_mesh
09:25:15 | INFO: Primitives created: 1
09:25:15 | INFO: Extracting primitive: nailhead_10_sphere_mesh
09:25:15 | INFO: Primitives created: 1
09:25:15 | INFO: Extracting primitive: nailhead_11_sphere_mesh
09:25:15 | INFO: Primitives created: 1
09:25:15 | INFO: Extracting primitive: nailhead_12_sphere_mesh
09:25:15 | INFO: Primitives created: 1
09:25:15 | INFO: Extracting primitive: nailhead_13_sphere_mesh
09:25:15 | INFO: Primitives created: 1
09:25:15 | INFO: Extracting primitive: constructive_mesh.011
09:25:15 | INFO: Primitives created: 1
09:25:15 | INFO: Extracting primitive: constructive_mesh.007
09:25:15 | INFO: Primitives created: 1
09:25:15 | INFO: Extracting primitive: constructive_mesh
09:25:15 | INFO: Primitives created: 1
09:25:15 | INFO: Extracting primitive: constructive_mesh.012
09:25:15 | INFO: Primitives created: 1
09:25:15 | INFO: Finished glTF 2.0 export in 0.09328007698059082 s

09:25:15 | ERROR: Draco mesh compression is not available because library could not be found at /vepfs_default/chanxueyan/lhp/lms/aDSL/temp/geometry_sf06_no_fea_20260929/generate/rounds/round_02/candidates/01_repair_export_solids_and_tab_tips_01/4.0/python/lib/python3.10/site-packages/libextern_draco.so
09:25:15 | INFO: Starting glTF 2.0 export
09:25:15 | INFO: Extracting primitive: op_0_cube_mesh
09:25:15 | INFO: Primitives created: 1
09:25:15 | INFO: Finished glTF 2.0 export in 0.003087759017944336 s

09:25:15 | ERROR: Draco mesh compression is not available because library could not be found at /vepfs_default/chanxueyan/lhp/lms/aDSL/temp/geometry_sf06_no_fea_20260929/generate/rounds/round_02/candidates/01_repair_export_solids_and_tab_tips_01/4.0/python/lib/python3.10/site-packages/libextern_draco.so
09:25:15 | INFO: Starting glTF 2.0 export
09:25:15 | INFO: Extracting primitive: op_0_cube_mesh
09:25:15 | INFO: Primitives created: 1
09:25:15 | INFO: Finished glTF 2.0 export in 0.002808809280395508 s

09:25:15 | ERROR: Draco mesh compression is not available because library could not be found at /vepfs_default/chanxueyan/lhp/lms/aDSL/temp/geometry_sf06_no_fea_20260929/generate/rounds/round_02/candidates/01_repair_export_solids_and_tab_tips_01/4.0/python/lib/python3.10/site-packages/libextern_draco.so
09:25:15 | INFO: Starting glTF 2.0 export
09:25:15 | INFO: Extracting primitive: op_0_cube_mesh
09:25:15 | INFO: Primitives created: 1
09:25:15 | INFO: Finished glTF 2.0 export in 0.0028035640716552734 s

09:25:15 | ERROR: Draco mesh compression is not available because library could not be found at /vepfs_default/chanxueyan/lhp/lms/aDSL/temp/geometry_sf06_no_fea_20260929/generate/rounds/round_02/candidates/01_repair_export_solids_and_tab_tips_01/4.0/python/lib/python3.10/site-packages/libextern_draco.so
09:25:15 | INFO: Starting glTF 2.0 export
09:25:15 | INFO: Extracting primitive: op_0_cube_mesh
09:25:15 | INFO: Primitives created: 1
09:25:15 | INFO: Finished glTF 2.0 export in 0.0029234886169433594 s

09:25:15 | ERROR: Draco mesh compression is not available because library could not be found at /vepfs_default/chanxueyan/lhp/lms/aDSL/temp/geometry_sf06_no_fea_20260929/generate/rounds/round_02/candidates/01_repair_export_solids_and_tab_tips_01/4.0/python/lib/python3.10/site-packages/libextern_draco.so
09:25:15 | INFO: Starting glTF 2.0 export
09:25:15 | INFO: Extracting primitive: leg_front_left
09:25:15 | INFO: Primitives created: 1
09:25:15 | INFO: Finished glTF 2.0 export in 0.002665281295776367 s

09:25:15 | ERROR: Draco mesh compression is not available because library could not be found at /vepfs_default/chanxueyan/lhp/lms/aDSL/temp/geometry_sf06_no_fea_20260929/generate/rounds/round_02/candidates/01_repair_export_solids_and_tab_tips_01/4.0/python/lib/python3.10/site-packages/libextern_draco.so
09:25:15 | INFO: Starting glTF 2.0 export
09:25:15 | INFO: Extracting primitive: leg_front_right
09:25:15 | INFO: Primitives created: 1
09:25:15 | INFO: Finished glTF 2.0 export in 0.002526521682739258 s

09:25:15 | ERROR: Draco mesh compression is not available because library could not be found at /vepfs_default/chanxueyan/lhp/lms/aDSL/temp/geometry_sf06_no_fea_20260929/generate/rounds/round_02/candidates/01_repair_export_solids_and_tab_tips_01/4.0/python/lib/python3.10/site-packages/libextern_draco.so
09:25:15 | INFO: Starting glTF 2.0 export
09:25:15 | INFO: Extracting primitive: leg_rear_left
09:25:15 | INFO: Primitives created: 1
09:25:15 | INFO: Finished glTF 2.0 export in 0.0025987625122070312 s

09:25:15 | ERROR: Draco mesh compression is not available because library could not be found at /vepfs_default/chanxueyan/lhp/lms/aDSL/temp/geometry_sf06_no_fea_20260929/generate/rounds/round_02/candidates/01_repair_export_solids_and_tab_tips_01/4.0/python/lib/python3.10/site-packages/libextern_draco.so
09:25:15 | INFO: Starting glTF 2.0 export
09:25:15 | INFO: Extracting primitive: leg_rear_right
09:25:15 | INFO: Primitives created: 1
09:25:15 | INFO: Finished glTF 2.0 export in 0.002645730972290039 s

