Data are loaded, start creating Blender stuff
glTF import finished in 0.00s
Fra:1 Mem:10.27M (Peak 10.27M) | Time:00:00.00 | Mem:0.00M, Peak:0.00M | Scene, ViewLayer | Synchronizing object | leg_front_left/leg_front_left_mesh
Fra:1 Mem:10.27M (Peak 10.27M) | Time:00:00.00 | Mem:0.00M, Peak:0.00M | Scene, ViewLayer | Synchronizing object | leg_front_right/leg_front_right_mesh
Fra:1 Mem:10.28M (Peak 10.28M) | Time:00:00.00 | Mem:0.00M, Peak:0.00M | Scene, ViewLayer | Synchronizing object | leg_rear_right/leg_rear_right_mesh
Fra:1 Mem:10.28M (Peak 10.28M) | Time:00:00.00 | Mem:0.00M, Peak:0.00M | Scene, ViewLayer | Synchronizing object | leg_rear_left/leg_rear_left_mesh
Fra:1 Mem:10.29M (Peak 10.29M) | Time:00:00.00 | Mem:0.00M, Peak:0.00M | Scene, ViewLayer | Initializing
Fra:1 Mem:9.98M (Peak 10.29M) | Time:00:00.00 | Mem:0.00M, Peak:0.00M | Scene, ViewLayer | Waiting for render to start
Fra:1 Mem:9.98M (Peak 10.29M) | Time:00:00.00 | Mem:0.00M, Peak:0.00M | Scene, ViewLayer | Loading render kernels (may take a few minutes the first time)
Fra:1 Mem:9.98M (Peak 10.29M) | Time:00:00.00 | Mem:0.00M, Peak:0.00M | Scene, ViewLayer | Updating Scene
Fra:1 Mem:9.98M (Peak 10.29M) | Time:00:00.00 | Mem:0.00M, Peak:0.00M | Scene, ViewLayer | Updating Shaders
Fra:1 Mem:10.06M (Peak 10.29M) | Time:00:00.00 | Mem:0.00M, Peak:0.00M | Scene, ViewLayer | Updating Procedurals
Fra:1 Mem:10.06M (Peak 10.29M) | Time:00:00.00 | Mem:0.00M, Peak:0.00M | Scene, ViewLayer | Updating Background
Fra:1 Mem:10.06M (Peak 10.29M) | Time:00:00.00 | Mem:0.00M, Peak:0.00M | Scene, ViewLayer | Updating Camera
Fra:1 Mem:10.06M (Peak 10.29M) | Time:00:00.00 | Mem:0.00M, Peak:0.00M | Scene, ViewLayer | Updating Meshes Flags
Fra:1 Mem:10.06M (Peak 10.29M) | Time:00:00.00 | Mem:0.00M, Peak:0.00M | Scene, ViewLayer | Updating Objects
Fra:1 Mem:10.06M (Peak 10.29M) | Time:00:00.00 | Mem:0.00M, Peak:0.00M | Scene, ViewLayer | Updating Objects | Copying Transformations to device
Fra:1 Mem:10.06M (Peak 10.29M) | Time:00:00.00 | Mem:0.00M, Peak:0.00M | Scene, ViewLayer | Updating Objects | Applying Static Transformations
Fra:1 Mem:10.06M (Peak 10.29M) | Time:00:00.00 | Mem:0.00M, Peak:0.00M | Scene, ViewLayer | Updating Particle Systems
Fra:1 Mem:10.06M (Peak 10.29M) | Time:00:00.00 | Mem:0.00M, Peak:0.00M | Scene, ViewLayer | Updating Particle Systems | Copying Particles to device
Fra:1 Mem:10.06M (Peak 10.29M) | Time:00:00.00 | Mem:0.00M, Peak:0.00M | Scene, ViewLayer | Updating Meshes
Fra:1 Mem:10.06M (Peak 10.29M) | Time:00:00.00 | Mem:0.00M, Peak:0.00M | Scene, ViewLayer | Updating Mesh | Computing attributes
Fra:1 Mem:10.07M (Peak 10.29M) | Time:00:00.00 | Mem:0.00M, Peak:0.00M | Scene, ViewLayer | Updating Mesh | Copying Attributes to device
Fra:1 Mem:10.07M (Peak 10.29M) | Time:00:00.00 | Mem:0.01M, Peak:0.01M | Scene, ViewLayer | Updating Scene BVH | Building
Fra:1 Mem:10.07M (Peak 10.29M) | Time:00:00.00 | Mem:0.01M, Peak:0.01M | Scene, ViewLayer | Updating Scene BVH | Building BVH
Fra:1 Mem:10.07M (Peak 10.29M) | Time:00:00.00 | Mem:0.01M, Peak:0.01M | Scene, ViewLayer | Updating Scene BVH | Building BVH 0%
Fra:1 Mem:10.07M (Peak 10.29M) | Time:00:00.00 | Mem:0.02M, Peak:0.03M | Scene, ViewLayer | Updating Scene BVH | Copying BVH to device
Fra:1 Mem:10.07M (Peak 10.29M) | Time:00:00.00 | Mem:0.02M, Peak:0.03M | Scene, ViewLayer | Updating Mesh | Computing normals
Fra:1 Mem:10.08M (Peak 10.29M) | Time:00:00.00 | Mem:0.02M, Peak:0.03M | Scene, ViewLayer | Updating Mesh | Copying Mesh to device
Fra:1 Mem:10.08M (Peak 10.29M) | Time:00:00.00 | Mem:0.04M, Peak:0.04M | Scene, ViewLayer | Updating Objects Flags
Fra:1 Mem:10.08M (Peak 10.29M) | Time:00:00.00 | Mem:0.04M, Peak:0.04M | Scene, ViewLayer | Updating Primitive Offsets
Fra:1 Mem:10.08M (Peak 10.29M) | Time:00:00.00 | Mem:0.04M, Peak:0.04M | Scene, ViewLayer | Updating Images
Fra:1 Mem:10.08M (Peak 10.29M) | Time:00:00.00 | Mem:0.04M, Peak:0.04M | Scene, ViewLayer | Updating Camera Volume
Fra:1 Mem:10.08M (Peak 10.29M) | Time:00:00.00 | Mem:0.04M, Peak:0.04M | Scene, ViewLayer | Updating Lookup Tables
Fra:1 Mem:10.08M (Peak 10.29M) | Time:00:00.00 | Mem:0.12M, Peak:0.12M | Scene, ViewLayer | Updating Lights
Fra:1 Mem:10.08M (Peak 10.29M) | Time:00:00.00 | Mem:0.12M, Peak:0.12M | Scene, ViewLayer | Updating Lights | Computing distribution
Fra:1 Mem:10.08M (Peak 10.29M) | Time:00:00.00 | Mem:0.12M, Peak:0.12M | Scene, ViewLayer | Updating Lights | Computing tree
Fra:1 Mem:10.08M (Peak 10.29M) | Time:00:00.00 | Mem:0.12M, Peak:0.12M | Scene, ViewLayer | Updating Integrator
Fra:1 Mem:11.08M (Peak 11.08M) | Time:00:00.00 | Mem:1.12M, Peak:1.12M | Scene, ViewLayer | Updating Film
Fra:1 Mem:11.09M (Peak 11.09M) | Time:00:00.00 | Mem:1.04M, Peak:1.12M | Scene, ViewLayer | Updating Lookup Tables
Fra:1 Mem:11.09M (Peak 11.09M) | Time:00:00.00 | Mem:1.12M, Peak:1.12M | Scene, ViewLayer | Updating Baking
Fra:1 Mem:11.09M (Peak 11.09M) | Time:00:00.00 | Mem:1.12M, Peak:1.12M | Scene, ViewLayer | Updating Device | Writing constant memory
Fra:1 Mem:11.09M (Peak 11.09M) | Time:00:00.00 | Mem:1.12M, Peak:1.12M | Scene, ViewLayer | Sample 0/32
Fra:1 Mem:30.10M (Peak 30.10M) | Time:00:00.02 | Remaining:00:00.78 | Mem:20.12M, Peak:20.12M | Scene, ViewLayer | Sample 1/32
Fra:1 Mem:38.10M (Peak 50.11M) | Time:00:01.36 | Mem:20.12M, Peak:20.12M | Scene, ViewLayer | Sample 32/32
Fra:1 Mem:38.10M (Peak 50.11M) | Time:00:01.36 | Mem:20.12M, Peak:20.12M | Scene, ViewLayer | Finished
Fra:1 Mem:17.96M (Peak 50.11M) | Time:00:01.37 | Compositing
Fra:1 Mem:17.96M (Peak 50.11M) | Time:00:01.37 | Compositing | Determining resolution
Fra:1 Mem:17.96M (Peak 50.11M) | Time:00:01.37 | Compositing | Initializing execution
Fra:1 Mem:17.96M (Peak 50.11M) | Time:00:01.37 | Compositing | De-initializing execution
Saved: '/vepfs_default/chanxueyan/lhp/lms/aDSL/temp/geometry_sf06_no_fea_20260929/generate/rounds/round_02/candidates/01_repair_export_solids_and_tab_tips_01/asset/render/render_0001.png'
Time: 00:01.42 (Saving: 00:00.05)

Fra:2 Mem:10.28M (Peak 50.11M) | Time:00:00.00 | Mem:0.00M, Peak:0.00M | Scene, ViewLayer | Synchronizing object | leg_front_left/leg_front_left_mesh
Fra:2 Mem:10.28M (Peak 50.11M) | Time:00:00.00 | Mem:0.00M, Peak:0.00M | Scene, ViewLayer | Synchronizing object | leg_rear_right/leg_rear_right_mesh
Fra:2 Mem:10.29M (Peak 50.11M) | Time:00:00.00 | Mem:0.00M, Peak:0.00M | Scene, ViewLayer | Synchronizing object | leg_rear_left/leg_rear_left_mesh
Fra:2 Mem:10.29M (Peak 50.11M) | Time:00:00.00 | Mem:0.00M, Peak:0.00M | Scene, ViewLayer | Initializing
Fra:2 Mem:9.98M (Peak 50.11M) | Time:00:00.00 | Mem:0.00M, Peak:0.00M | Scene, ViewLayer | Waiting for render to start
Fra:2 Mem:9.98M (Peak 50.11M) | Time:00:00.00 | Mem:0.00M, Peak:0.00M | Scene, ViewLayer | Loading render kernels (may take a few minutes the first time)
Fra:2 Mem:9.98M (Peak 50.11M) | Time:00:00.00 | Mem:0.00M, Peak:0.00M | Scene, ViewLayer | Updating Scene
Fra:2 Mem:9.98M (Peak 50.11M) | Time:00:00.00 | Mem:0.00M, Peak:0.00M | Scene, ViewLayer | Updating Shaders
Fra:2 Mem:10.06M (Peak 50.11M) | Time:00:00.00 | Mem:0.00M, Peak:0.00M | Scene, ViewLayer | Updating Procedurals
Fra:2 Mem:10.06M (Peak 50.11M) | Time:00:00.00 | Mem:0.00M, Peak:0.00M | Scene, ViewLayer | Updating Background
Fra:2 Mem:10.06M (Peak 50.11M) | Time:00:00.00 | Mem:0.00M, Peak:0.00M | Scene, ViewLayer | Updating Camera
Fra:2 Mem:10.06M (Peak 50.11M) | Time:00:00.00 | Mem:0.00M, Peak:0.00M | Scene, ViewLayer | Updating Meshes Flags
Fra:2 Mem:10.06M (Peak 50.11M) | Time:00:00.00 | Mem:0.00M, Peak:0.00M | Scene, ViewLayer | Updating Objects
Fra:2 Mem:10.06M (Peak 50.11M) | Time:00:00.00 | Mem:0.00M, Peak:0.00M | Scene, ViewLayer | Updating Objects | Copying Transformations to device
Fra:2 Mem:10.06M (Peak 50.11M) | Time:00:00.00 | Mem:0.00M, Peak:0.00M | Scene, ViewLayer | Updating Objects | Applying Static Transformations
Fra:2 Mem:10.06M (Peak 50.11M) | Time:00:00.00 | Mem:0.00M, Peak:0.00M | Scene, ViewLayer | Updating Particle Systems
Fra:2 Mem:10.06M (Peak 50.11M) | Time:00:00.00 | Mem:0.00M, Peak:0.00M | Scene, ViewLayer | Updating Particle Systems | Copying Particles to device
Fra:2 Mem:10.06M (Peak 50.11M) | Time:00:00.00 | Mem:0.00M, Peak:0.00M | Scene, ViewLayer | Updating Meshes
Fra:2 Mem:10.07M (Peak 50.11M) | Time:00:00.00 | Mem:0.00M, Peak:0.00M | Scene, ViewLayer | Updating Mesh | Computing attributes
Fra:2 Mem:10.07M (Peak 50.11M) | Time:00:00.00 | Mem:0.00M, Peak:0.00M | Scene, ViewLayer | Updating Mesh | Copying Attributes to device
Fra:2 Mem:10.07M (Peak 50.11M) | Time:00:00.00 | Mem:0.01M, Peak:0.01M | Scene, ViewLayer | Updating Scene BVH | Building
Fra:2 Mem:10.07M (Peak 50.11M) | Time:00:00.00 | Mem:0.01M, Peak:0.01M | Scene, ViewLayer | Updating Scene BVH | Building BVH
Fra:2 Mem:10.07M (Peak 50.11M) | Time:00:00.00 | Mem:0.01M, Peak:0.01M | Scene, ViewLayer | Updating Scene BVH | Building BVH 0%
Fra:2 Mem:10.07M (Peak 50.11M) | Time:00:00.00 | Mem:0.02M, Peak:0.03M | Scene, ViewLayer | Updating Scene BVH | Copying BVH to device
Fra:2 Mem:10.07M (Peak 50.11M) | Time:00:00.00 | Mem:0.02M, Peak:0.03M | Scene, ViewLayer | Updating Mesh | Computing normals
Fra:2 Mem:10.08M (Peak 50.11M) | Time:00:00.00 | Mem:0.02M, Peak:0.03M | Scene, ViewLayer | Updating Mesh | Copying Mesh to device
Fra:2 Mem:10.08M (Peak 50.11M) | Time:00:00.00 | Mem:0.04M, Peak:0.04M | Scene, ViewLayer | Updating Objects Flags
Fra:2 Mem:10.08M (Peak 50.11M) | Time:00:00.00 | Mem:0.04M, Peak:0.04M | Scene, ViewLayer | Updating Primitive Offsets
Fra:2 Mem:10.08M (Peak 50.11M) | Time:00:00.00 | Mem:0.04M, Peak:0.04M | Scene, ViewLayer | Updating Images
Fra:2 Mem:10.08M (Peak 50.11M) | Time:00:00.00 | Mem:0.04M, Peak:0.04M | Scene, ViewLayer | Updating Camera Volume
Fra:2 Mem:10.08M (Peak 50.11M) | Time:00:00.00 | Mem:0.04M, Peak:0.04M | Scene, ViewLayer | Updating Lookup Tables
Fra:2 Mem:10.08M (Peak 50.11M) | Time:00:00.00 | Mem:0.12M, Peak:0.12M | Scene, ViewLayer | Updating Lights
Fra:2 Mem:10.08M (Peak 50.11M) | Time:00:00.00 | Mem:0.12M, Peak:0.12M | Scene, ViewLayer | Updating Lights | Computing distribution
Fra:2 Mem:10.08M (Peak 50.11M) | Time:00:00.00 | Mem:0.12M, Peak:0.12M | Scene, ViewLayer | Updating Lights | Computing tree
Fra:2 Mem:10.08M (Peak 50.11M) | Time:00:00.00 | Mem:0.12M, Peak:0.12M | Scene, ViewLayer | Updating Integrator
Fra:2 Mem:11.08M (Peak 50.11M) | Time:00:00.00 | Mem:1.12M, Peak:1.12M | Scene, ViewLayer | Updating Film
Fra:2 Mem:11.09M (Peak 50.11M) | Time:00:00.00 | Mem:1.04M, Peak:1.12M | Scene, ViewLayer | Updating Lookup Tables
Fra:2 Mem:11.09M (Peak 50.11M) | Time:00:00.00 | Mem:1.12M, Peak:1.12M | Scene, ViewLayer | Updating Baking
Fra:2 Mem:11.09M (Peak 50.11M) | Time:00:00.00 | Mem:1.12M, Peak:1.12M | Scene, ViewLayer | Updating Device | Writing constant memory
Fra:2 Mem:11.09M (Peak 50.11M) | Time:00:00.00 | Mem:1.12M, Peak:1.12M | Scene, ViewLayer | Sample 0/32
Fra:2 Mem:30.10M (Peak 50.11M) | Time:00:00.02 | Remaining:00:00.78 | Mem:20.12M, Peak:20.12M | Scene, ViewLayer | Sample 1/32
Fra:2 Mem:38.11M (Peak 50.11M) | Time:00:01.42 | Mem:20.12M, Peak:20.12M | Scene, ViewLayer | Sample 32/32
Fra:2 Mem:38.11M (Peak 50.11M) | Time:00:01.42 | Mem:20.12M, Peak:20.12M | Scene, ViewLayer | Finished
Fra:2 Mem:17.96M (Peak 50.11M) | Time:00:01.42 | Compositing
Fra:2 Mem:17.96M (Peak 50.11M) | Time:00:01.42 | Compositing | Determining resolution
Fra:2 Mem:17.96M (Peak 50.11M) | Time:00:01.42 | Compositing | Initializing execution
Fra:2 Mem:17.96M (Peak 50.11M) | Time:00:01.42 | Compositing | De-initializing execution
Saved: '/vepfs_default/chanxueyan/lhp/lms/aDSL/temp/geometry_sf06_no_fea_20260929/generate/rounds/round_02/candidates/01_repair_export_solids_and_tab_tips_01/asset/render/render_0002.png'
Time: 00:01.45 (Saving: 00:00.02)

Fra:3 Mem:10.27M (Peak 50.11M) | Time:00:00.00 | Mem:0.00M, Peak:0.00M | Scene, ViewLayer | Synchronizing object | leg_front_left/leg_front_left_mesh
Fra:3 Mem:10.28M (Peak 50.11M) | Time:00:00.00 | Mem:0.00M, Peak:0.00M | Scene, ViewLayer | Synchronizing object | leg_front_right/leg_front_right_mesh
Fra:3 Mem:10.28M (Peak 50.11M) | Time:00:00.00 | Mem:0.00M, Peak:0.00M | Scene, ViewLayer | Synchronizing object | leg_rear_left/leg_rear_left_mesh
Fra:3 Mem:10.29M (Peak 50.11M) | Time:00:00.00 | Mem:0.00M, Peak:0.00M | Scene, ViewLayer | Initializing
Fra:3 Mem:9.98M (Peak 50.11M) | Time:00:00.00 | Mem:0.00M, Peak:0.00M | Scene, ViewLayer | Waiting for render to start
Fra:3 Mem:9.98M (Peak 50.11M) | Time:00:00.00 | Mem:0.00M, Peak:0.00M | Scene, ViewLayer | Loading render kernels (may take a few minutes the first time)
Fra:3 Mem:9.98M (Peak 50.11M) | Time:00:00.00 | Mem:0.00M, Peak:0.00M | Scene, ViewLayer | Updating Scene
Fra:3 Mem:9.98M (Peak 50.11M) | Time:00:00.00 | Mem:0.00M, Peak:0.00M | Scene, ViewLayer | Updating Shaders
Fra:3 Mem:10.06M (Peak 50.11M) | Time:00:00.00 | Mem:0.00M, Peak:0.00M | Scene, ViewLayer | Updating Procedurals
Fra:3 Mem:10.06M (Peak 50.11M) | Time:00:00.00 | Mem:0.00M, Peak:0.00M | Scene, ViewLayer | Updating Background
Fra:3 Mem:10.06M (Peak 50.11M) | Time:00:00.00 | Mem:0.00M, Peak:0.00M | Scene, ViewLayer | Updating Camera
Fra:3 Mem:10.06M (Peak 50.11M) | Time:00:00.00 | Mem:0.00M, Peak:0.00M | Scene, ViewLayer | Updating Meshes Flags
Fra:3 Mem:10.06M (Peak 50.11M) | Time:00:00.00 | Mem:0.00M, Peak:0.00M | Scene, ViewLayer | Updating Objects
Fra:3 Mem:10.06M (Peak 50.11M) | Time:00:00.00 | Mem:0.00M, Peak:0.00M | Scene, ViewLayer | Updating Objects | Copying Transformations to device
Fra:3 Mem:10.06M (Peak 50.11M) | Time:00:00.00 | Mem:0.00M, Peak:0.00M | Scene, ViewLayer | Updating Objects | Applying Static Transformations
Fra:3 Mem:10.06M (Peak 50.11M) | Time:00:00.00 | Mem:0.00M, Peak:0.00M | Scene, ViewLayer | Updating Particle Systems
Fra:3 Mem:10.06M (Peak 50.11M) | Time:00:00.00 | Mem:0.00M, Peak:0.00M | Scene, ViewLayer | Updating Particle Systems | Copying Particles to device
Fra:3 Mem:10.06M (Peak 50.11M) | Time:00:00.00 | Mem:0.00M, Peak:0.00M | Scene, ViewLayer | Updating Meshes
Fra:3 Mem:10.07M (Peak 50.11M) | Time:00:00.00 | Mem:0.00M, Peak:0.00M | Scene, ViewLayer | Updating Mesh | Computing attributes
Fra:3 Mem:10.07M (Peak 50.11M) | Time:00:00.00 | Mem:0.00M, Peak:0.00M | Scene, ViewLayer | Updating Mesh | Copying Attributes to device
Fra:3 Mem:10.07M (Peak 50.11M) | Time:00:00.00 | Mem:0.01M, Peak:0.01M | Scene, ViewLayer | Updating Scene BVH | Building
Fra:3 Mem:10.07M (Peak 50.11M) | Time:00:00.00 | Mem:0.01M, Peak:0.01M | Scene, ViewLayer | Updating Scene BVH | Building BVH
Fra:3 Mem:10.07M (Peak 50.11M) | Time:00:00.00 | Mem:0.01M, Peak:0.01M | Scene, ViewLayer | Updating Scene BVH | Building BVH 0%
Fra:3 Mem:10.07M (Peak 50.11M) | Time:00:00.00 | Mem:0.02M, Peak:0.03M | Scene, ViewLayer | Updating Scene BVH | Copying BVH to device
Fra:3 Mem:10.07M (Peak 50.11M) | Time:00:00.00 | Mem:0.02M, Peak:0.03M | Scene, ViewLayer | Updating Mesh | Computing normals
Fra:3 Mem:10.08M (Peak 50.11M) | Time:00:00.00 | Mem:0.02M, Peak:0.03M | Scene, ViewLayer | Updating Mesh | Copying Mesh to device
Fra:3 Mem:10.08M (Peak 50.11M) | Time:00:00.00 | Mem:0.04M, Peak:0.04M | Scene, ViewLayer | Updating Objects Flags
Fra:3 Mem:10.08M (Peak 50.11M) | Time:00:00.00 | Mem:0.04M, Peak:0.04M | Scene, ViewLayer | Updating Primitive Offsets
Fra:3 Mem:10.08M (Peak 50.11M) | Time:00:00.00 | Mem:0.04M, Peak:0.04M | Scene, ViewLayer | Updating Images
Fra:3 Mem:10.08M (Peak 50.11M) | Time:00:00.00 | Mem:0.04M, Peak:0.04M | Scene, ViewLayer | Updating Camera Volume
Fra:3 Mem:10.08M (Peak 50.11M) | Time:00:00.00 | Mem:0.04M, Peak:0.04M | Scene, ViewLayer | Updating Lookup Tables
Fra:3 Mem:10.08M (Peak 50.11M) | Time:00:00.00 | Mem:0.12M, Peak:0.12M | Scene, ViewLayer | Updating Lights
Fra:3 Mem:10.08M (Peak 50.11M) | Time:00:00.00 | Mem:0.12M, Peak:0.12M | Scene, ViewLayer | Updating Lights | Computing distribution
Fra:3 Mem:10.08M (Peak 50.11M) | Time:00:00.00 | Mem:0.12M, Peak:0.12M | Scene, ViewLayer | Updating Lights | Computing tree
Fra:3 Mem:10.08M (Peak 50.11M) | Time:00:00.00 | Mem:0.12M, Peak:0.12M | Scene, ViewLayer | Updating Integrator
Fra:3 Mem:11.08M (Peak 50.11M) | Time:00:00.00 | Mem:1.12M, Peak:1.12M | Scene, ViewLayer | Updating Film
Fra:3 Mem:11.09M (Peak 50.11M) | Time:00:00.00 | Mem:1.04M, Peak:1.12M | Scene, ViewLayer | Updating Lookup Tables
Fra:3 Mem:11.09M (Peak 50.11M) | Time:00:00.00 | Mem:1.12M, Peak:1.12M | Scene, ViewLayer | Updating Baking
Fra:3 Mem:11.09M (Peak 50.11M) | Time:00:00.00 | Mem:1.12M, Peak:1.12M | Scene, ViewLayer | Updating Device | Writing constant memory
Fra:3 Mem:11.09M (Peak 50.11M) | Time:00:00.00 | Mem:1.12M, Peak:1.12M | Scene, ViewLayer | Sample 0/32
Fra:3 Mem:30.10M (Peak 50.11M) | Time:00:00.03 | Remaining:00:00.81 | Mem:20.12M, Peak:20.12M | Scene, ViewLayer | Sample 1/32
Fra:3 Mem:38.11M (Peak 50.11M) | Time:00:01.37 | Mem:20.12M, Peak:20.12M | Scene, ViewLayer | Sample 32/32
Fra:3 Mem:38.11M (Peak 50.11M) | Time:00:01.37 | Mem:20.12M, Peak:20.12M | Scene, ViewLayer | Finished
Fra:3 Mem:17.96M (Peak 50.11M) | Time:00:01.37 | Compositing
Fra:3 Mem:17.96M (Peak 50.11M) | Time:00:01.37 | Compositing | Determining resolution
Fra:3 Mem:17.96M (Peak 50.11M) | Time:00:01.38 | Compositing | Initializing execution
Fra:3 Mem:17.96M (Peak 50.11M) | Time:00:01.38 | Compositing | De-initializing execution
Saved: '/vepfs_default/chanxueyan/lhp/lms/aDSL/temp/geometry_sf06_no_fea_20260929/generate/rounds/round_02/candidates/01_repair_export_solids_and_tab_tips_01/asset/render/render_0003.png'
Time: 00:01.40 (Saving: 00:00.02)

Fra:4 Mem:10.28M (Peak 50.11M) | Time:00:00.00 | Mem:0.00M, Peak:0.00M | Scene, ViewLayer | Synchronizing object | leg_front_left/leg_front_left_mesh
Fra:4 Mem:10.28M (Peak 50.11M) | Time:00:00.00 | Mem:0.00M, Peak:0.00M | Scene, ViewLayer | Synchronizing object | leg_rear_right/leg_rear_right_mesh
Fra:4 Mem:10.29M (Peak 50.11M) | Time:00:00.00 | Mem:0.00M, Peak:0.00M | Scene, ViewLayer | Synchronizing object | leg_rear_left/leg_rear_left_mesh
Fra:4 Mem:10.29M (Peak 50.11M) | Time:00:00.00 | Mem:0.00M, Peak:0.00M | Scene, ViewLayer | Initializing
Fra:4 Mem:9.98M (Peak 50.11M) | Time:00:00.00 | Mem:0.00M, Peak:0.00M | Scene, ViewLayer | Waiting for render to start
Fra:4 Mem:9.98M (Peak 50.11M) | Time:00:00.00 | Mem:0.00M, Peak:0.00M | Scene, ViewLayer | Loading render kernels (may take a few minutes the first time)
Fra:4 Mem:9.98M (Peak 50.11M) | Time:00:00.00 | Mem:0.00M, Peak:0.00M | Scene, ViewLayer | Updating Scene
Fra:4 Mem:9.98M (Peak 50.11M) | Time:00:00.00 | Mem:0.00M, Peak:0.00M | Scene, ViewLayer | Updating Shaders
Fra:4 Mem:10.06M (Peak 50.11M) | Time:00:00.00 | Mem:0.00M, Peak:0.00M | Scene, ViewLayer | Updating Procedurals
Fra:4 Mem:10.06M (Peak 50.11M) | Time:00:00.00 | Mem:0.00M, Peak:0.00M | Scene, ViewLayer | Updating Background
Fra:4 Mem:10.06M (Peak 50.11M) | Time:00:00.00 | Mem:0.00M, Peak:0.00M | Scene, ViewLayer | Updating Camera
Fra:4 Mem:10.06M (Peak 50.11M) | Time:00:00.00 | Mem:0.00M, Peak:0.00M | Scene, ViewLayer | Updating Meshes Flags
Fra:4 Mem:10.06M (Peak 50.11M) | Time:00:00.00 | Mem:0.00M, Peak:0.00M | Scene, ViewLayer | Updating Objects
Fra:4 Mem:10.06M (Peak 50.11M) | Time:00:00.00 | Mem:0.00M, Peak:0.00M | Scene, ViewLayer | Updating Objects | Copying Transformations to device
Fra:4 Mem:10.06M (Peak 50.11M) | Time:00:00.00 | Mem:0.00M, Peak:0.00M | Scene, ViewLayer | Updating Objects | Applying Static Transformations
Fra:4 Mem:10.06M (Peak 50.11M) | Time:00:00.00 | Mem:0.00M, Peak:0.00M | Scene, ViewLayer | Updating Particle Systems
Fra:4 Mem:10.06M (Peak 50.11M) | Time:00:00.00 | Mem:0.00M, Peak:0.00M | Scene, ViewLayer | Updating Particle Systems | Copying Particles to device
Fra:4 Mem:10.06M (Peak 50.11M) | Time:00:00.00 | Mem:0.00M, Peak:0.00M | Scene, ViewLayer | Updating Meshes
Fra:4 Mem:10.07M (Peak 50.11M) | Time:00:00.00 | Mem:0.00M, Peak:0.00M | Scene, ViewLayer | Updating Mesh | Computing attributes
Fra:4 Mem:10.07M (Peak 50.11M) | Time:00:00.00 | Mem:0.00M, Peak:0.00M | Scene, ViewLayer | Updating Mesh | Copying Attributes to device
Fra:4 Mem:10.07M (Peak 50.11M) | Time:00:00.00 | Mem:0.01M, Peak:0.01M | Scene, ViewLayer | Updating Scene BVH | Building
Fra:4 Mem:10.07M (Peak 50.11M) | Time:00:00.00 | Mem:0.01M, Peak:0.01M | Scene, ViewLayer | Updating Scene BVH | Building BVH
Fra:4 Mem:10.07M (Peak 50.11M) | Time:00:00.00 | Mem:0.01M, Peak:0.01M | Scene, ViewLayer | Updating Scene BVH | Building BVH 0%
Fra:4 Mem:10.07M (Peak 50.11M) | Time:00:00.00 | Mem:0.02M, Peak:0.03M | Scene, ViewLayer | Updating Scene BVH | Copying BVH to device
Fra:4 Mem:10.07M (Peak 50.11M) | Time:00:00.00 | Mem:0.02M, Peak:0.03M | Scene, ViewLayer | Updating Mesh | Computing normals
Fra:4 Mem:10.08M (Peak 50.11M) | Time:00:00.00 | Mem:0.02M, Peak:0.03M | Scene, ViewLayer | Updating Mesh | Copying Mesh to device
Fra:4 Mem:10.08M (Peak 50.11M) | Time:00:00.00 | Mem:0.04M, Peak:0.04M | Scene, ViewLayer | Updating Objects Flags
Fra:4 Mem:10.08M (Peak 50.11M) | Time:00:00.00 | Mem:0.04M, Peak:0.04M | Scene, ViewLayer | Updating Primitive Offsets
Fra:4 Mem:10.08M (Peak 50.11M) | Time:00:00.00 | Mem:0.04M, Peak:0.04M | Scene, ViewLayer | Updating Images
Fra:4 Mem:10.08M (Peak 50.11M) | Time:00:00.00 | Mem:0.04M, Peak:0.04M | Scene, ViewLayer | Updating Camera Volume
Fra:4 Mem:10.08M (Peak 50.11M) | Time:00:00.00 | Mem:0.04M, Peak:0.04M | Scene, ViewLayer | Updating Lookup Tables
Fra:4 Mem:10.08M (Peak 50.11M) | Time:00:00.00 | Mem:0.12M, Peak:0.12M | Scene, ViewLayer | Updating Lights
Fra:4 Mem:10.08M (Peak 50.11M) | Time:00:00.00 | Mem:0.12M, Peak:0.12M | Scene, ViewLayer | Updating Lights | Computing distribution
Fra:4 Mem:10.08M (Peak 50.11M) | Time:00:00.00 | Mem:0.12M, Peak:0.12M | Scene, ViewLayer | Updating Lights | Computing tree
Fra:4 Mem:10.08M (Peak 50.11M) | Time:00:00.00 | Mem:0.12M, Peak:0.12M | Scene, ViewLayer | Updating Integrator
Fra:4 Mem:11.08M (Peak 50.11M) | Time:00:00.00 | Mem:1.12M, Peak:1.12M | Scene, ViewLayer | Updating Film
Fra:4 Mem:11.09M (Peak 50.11M) | Time:00:00.00 | Mem:1.04M, Peak:1.12M | Scene, ViewLayer | Updating Lookup Tables
Fra:4 Mem:11.09M (Peak 50.11M) | Time:00:00.00 | Mem:1.12M, Peak:1.12M | Scene, ViewLayer | Updating Baking
Fra:4 Mem:11.09M (Peak 50.11M) | Time:00:00.00 | Mem:1.12M, Peak:1.12M | Scene, ViewLayer | Updating Device | Writing constant memory
Fra:4 Mem:11.09M (Peak 50.11M) | Time:00:00.00 | Mem:1.12M, Peak:1.12M | Scene, ViewLayer | Sample 0/32
Fra:4 Mem:30.10M (Peak 50.11M) | Time:00:00.02 | Remaining:00:00.76 | Mem:20.12M, Peak:20.12M | Scene, ViewLayer | Sample 1/32
Fra:4 Mem:38.11M (Peak 50.11M) | Time:00:01.31 | Mem:20.12M, Peak:20.12M | Scene, ViewLayer | Sample 32/32
Fra:4 Mem:38.11M (Peak 50.11M) | Time:00:01.31 | Mem:20.12M, Peak:20.12M | Scene, ViewLayer | Finished
Fra:4 Mem:17.96M (Peak 50.11M) | Time:00:01.31 | Compositing
Fra:4 Mem:17.96M (Peak 50.11M) | Time:00:01.31 | Compositing | Determining resolution
Fra:4 Mem:17.96M (Peak 50.11M) | Time:00:01.31 | Compositing | Initializing execution
Fra:4 Mem:17.96M (Peak 50.11M) | Time:00:01.31 | Compositing | De-initializing execution
Saved: '/vepfs_default/chanxueyan/lhp/lms/aDSL/temp/geometry_sf06_no_fea_20260929/generate/rounds/round_02/candidates/01_repair_export_solids_and_tab_tips_01/asset/render/render_0004.png'
Time: 00:01.34 (Saving: 00:00.02)

Fra:5 Mem:10.27M (Peak 50.11M) | Time:00:00.00 | Mem:0.00M, Peak:0.00M | Scene, ViewLayer | Synchronizing object | leg_front_left/leg_front_left_mesh
Fra:5 Mem:10.28M (Peak 50.11M) | Time:00:00.00 | Mem:0.00M, Peak:0.00M | Scene, ViewLayer | Synchronizing object | leg_rear_right/leg_rear_right_mesh
Fra:5 Mem:10.29M (Peak 50.11M) | Time:00:00.00 | Mem:0.00M, Peak:0.00M | Scene, ViewLayer | Synchronizing object | leg_rear_left/leg_rear_left_mesh
Fra:5 Mem:10.29M (Peak 50.11M) | Time:00:00.00 | Mem:0.00M, Peak:0.00M | Scene, ViewLayer | Initializing
Fra:5 Mem:9.98M (Peak 50.11M) | Time:00:00.00 | Mem:0.00M, Peak:0.00M | Scene, ViewLayer | Waiting for render to start
Fra:5 Mem:9.98M (Peak 50.11M) | Time:00:00.00 | Mem:0.00M, Peak:0.00M | Scene, ViewLayer | Loading render kernels (may take a few minutes the first time)
Fra:5 Mem:9.98M (Peak 50.11M) | Time:00:00.00 | Mem:0.00M, Peak:0.00M | Scene, ViewLayer | Updating Scene
Fra:5 Mem:9.98M (Peak 50.11M) | Time:00:00.00 | Mem:0.00M, Peak:0.00M | Scene, ViewLayer | Updating Shaders
Fra:5 Mem:10.06M (Peak 50.11M) | Time:00:00.00 | Mem:0.00M, Peak:0.00M | Scene, ViewLayer | Updating Procedurals
Fra:5 Mem:10.06M (Peak 50.11M) | Time:00:00.00 | Mem:0.00M, Peak:0.00M | Scene, ViewLayer | Updating Background
Fra:5 Mem:10.06M (Peak 50.11M) | Time:00:00.00 | Mem:0.00M, Peak:0.00M | Scene, ViewLayer | Updating Camera
Fra:5 Mem:10.06M (Peak 50.11M) | Time:00:00.00 | Mem:0.00M, Peak:0.00M | Scene, ViewLayer | Updating Meshes Flags
Fra:5 Mem:10.06M (Peak 50.11M) | Time:00:00.00 | Mem:0.00M, Peak:0.00M | Scene, ViewLayer | Updating Objects
Fra:5 Mem:10.06M (Peak 50.11M) | Time:00:00.00 | Mem:0.00M, Peak:0.00M | Scene, ViewLayer | Updating Objects | Copying Transformations to device
Fra:5 Mem:10.06M (Peak 50.11M) | Time:00:00.00 | Mem:0.00M, Peak:0.00M | Scene, ViewLayer | Updating Objects | Applying Static Transformations
Fra:5 Mem:10.06M (Peak 50.11M) | Time:00:00.00 | Mem:0.00M, Peak:0.00M | Scene, ViewLayer | Updating Particle Systems
Fra:5 Mem:10.06M (Peak 50.11M) | Time:00:00.00 | Mem:0.00M, Peak:0.00M | Scene, ViewLayer | Updating Particle Systems | Copying Particles to device
Fra:5 Mem:10.06M (Peak 50.11M) | Time:00:00.00 | Mem:0.00M, Peak:0.00M | Scene, ViewLayer | Updating Meshes
Fra:5 Mem:10.07M (Peak 50.11M) | Time:00:00.00 | Mem:0.00M, Peak:0.00M | Scene, ViewLayer | Updating Mesh | Computing attributes
Fra:5 Mem:10.07M (Peak 50.11M) | Time:00:00.00 | Mem:0.00M, Peak:0.00M | Scene, ViewLayer | Updating Mesh | Copying Attributes to device
Fra:5 Mem:10.07M (Peak 50.11M) | Time:00:00.00 | Mem:0.01M, Peak:0.01M | Scene, ViewLayer | Updating Scene BVH | Building
Fra:5 Mem:10.07M (Peak 50.11M) | Time:00:00.00 | Mem:0.01M, Peak:0.01M | Scene, ViewLayer | Updating Scene BVH | Building BVH
Fra:5 Mem:10.07M (Peak 50.11M) | Time:00:00.00 | Mem:0.01M, Peak:0.01M | Scene, ViewLayer | Updating Scene BVH | Building BVH 0%
Fra:5 Mem:10.07M (Peak 50.11M) | Time:00:00.00 | Mem:0.02M, Peak:0.03M | Scene, ViewLayer | Updating Scene BVH | Copying BVH to device
Fra:5 Mem:10.07M (Peak 50.11M) | Time:00:00.00 | Mem:0.02M, Peak:0.03M | Scene, ViewLayer | Updating Mesh | Computing normals
Fra:5 Mem:10.08M (Peak 50.11M) | Time:00:00.00 | Mem:0.02M, Peak:0.03M | Scene, ViewLayer | Updating Mesh | Copying Mesh to device
Fra:5 Mem:10.08M (Peak 50.11M) | Time:00:00.00 | Mem:0.04M, Peak:0.04M | Scene, ViewLayer | Updating Objects Flags
Fra:5 Mem:10.08M (Peak 50.11M) | Time:00:00.00 | Mem:0.04M, Peak:0.04M | Scene, ViewLayer | Updating Primitive Offsets
Fra:5 Mem:10.08M (Peak 50.11M) | Time:00:00.00 | Mem:0.04M, Peak:0.04M | Scene, ViewLayer | Updating Images
Fra:5 Mem:10.08M (Peak 50.11M) | Time:00:00.00 | Mem:0.04M, Peak:0.04M | Scene, ViewLayer | Updating Camera Volume
Fra:5 Mem:10.08M (Peak 50.11M) | Time:00:00.00 | Mem:0.04M, Peak:0.04M | Scene, ViewLayer | Updating Lookup Tables
Fra:5 Mem:10.08M (Peak 50.11M) | Time:00:00.00 | Mem:0.12M, Peak:0.12M | Scene, ViewLayer | Updating Lights
Fra:5 Mem:10.08M (Peak 50.11M) | Time:00:00.00 | Mem:0.12M, Peak:0.12M | Scene, ViewLayer | Updating Lights | Computing distribution
Fra:5 Mem:10.08M (Peak 50.11M) | Time:00:00.00 | Mem:0.12M, Peak:0.12M | Scene, ViewLayer | Updating Lights | Computing tree
Fra:5 Mem:10.08M (Peak 50.11M) | Time:00:00.00 | Mem:0.12M, Peak:0.12M | Scene, ViewLayer | Updating Integrator
Fra:5 Mem:11.08M (Peak 50.11M) | Time:00:00.00 | Mem:1.12M, Peak:1.12M | Scene, ViewLayer | Updating Film
Fra:5 Mem:11.09M (Peak 50.11M) | Time:00:00.00 | Mem:1.04M, Peak:1.12M | Scene, ViewLayer | Updating Lookup Tables
Fra:5 Mem:11.09M (Peak 50.11M) | Time:00:00.00 | Mem:1.12M, Peak:1.12M | Scene, ViewLayer | Updating Baking
Fra:5 Mem:11.09M (Peak 50.11M) | Time:00:00.00 | Mem:1.12M, Peak:1.12M | Scene, ViewLayer | Updating Device | Writing constant memory
Fra:5 Mem:11.09M (Peak 50.11M) | Time:00:00.00 | Mem:1.12M, Peak:1.12M | Scene, ViewLayer | Sample 0/32
Fra:5 Mem:30.10M (Peak 50.11M) | Time:00:00.02 | Remaining:00:00.75 | Mem:20.12M, Peak:20.12M | Scene, ViewLayer | Sample 1/32
Fra:5 Mem:38.11M (Peak 50.11M) | Time:00:01.34 | Mem:20.12M, Peak:20.12M | Scene, ViewLayer | Sample 32/32
Fra:5 Mem:38.11M (Peak 50.11M) | Time:00:01.34 | Mem:20.12M, Peak:20.12M | Scene, ViewLayer | Finished
Fra:5 Mem:17.96M (Peak 50.11M) | Time:00:01.34 | Compositing
Fra:5 Mem:17.96M (Peak 50.11M) | Time:00:01.34 | Compositing | Determining resolution
Fra:5 Mem:17.96M (Peak 50.11M) | Time:00:01.34 | Compositing | Initializing execution
Fra:5 Mem:17.96M (Peak 50.11M) | Time:00:01.34 | Compositing | De-initializing execution
Saved: '/vepfs_default/chanxueyan/lhp/lms/aDSL/temp/geometry_sf06_no_fea_20260929/generate/rounds/round_02/candidates/01_repair_export_solids_and_tab_tips_01/asset/render/render_0005.png'
Time: 00:01.36 (Saving: 00:00.02)

Fra:6 Mem:10.27M (Peak 50.11M) | Time:00:00.00 | Mem:0.00M, Peak:0.00M | Scene, ViewLayer | Synchronizing object | leg_front_left/leg_front_left_mesh
Fra:6 Mem:10.28M (Peak 50.11M) | Time:00:00.00 | Mem:0.00M, Peak:0.00M | Scene, ViewLayer | Synchronizing object | leg_rear_right/leg_rear_right_mesh
Fra:6 Mem:10.29M (Peak 50.11M) | Time:00:00.00 | Mem:0.00M, Peak:0.00M | Scene, ViewLayer | Synchronizing object | leg_rear_left/leg_rear_left_mesh
Fra:6 Mem:10.29M (Peak 50.11M) | Time:00:00.00 | Mem:0.00M, Peak:0.00M | Scene, ViewLayer | Initializing
Fra:6 Mem:9.98M (Peak 50.11M) | Time:00:00.00 | Mem:0.00M, Peak:0.00M | Scene, ViewLayer | Waiting for render to start
Fra:6 Mem:9.98M (Peak 50.11M) | Time:00:00.00 | Mem:0.00M, Peak:0.00M | Scene, ViewLayer | Loading render kernels (may take a few minutes the first time)
Fra:6 Mem:9.98M (Peak 50.11M) | Time:00:00.00 | Mem:0.00M, Peak:0.00M | Scene, ViewLayer | Updating Scene
Fra:6 Mem:9.98M (Peak 50.11M) | Time:00:00.00 | Mem:0.00M, Peak:0.00M | Scene, ViewLayer | Updating Shaders
Fra:6 Mem:10.06M (Peak 50.11M) | Time:00:00.00 | Mem:0.00M, Peak:0.00M | Scene, ViewLayer | Updating Procedurals
Fra:6 Mem:10.06M (Peak 50.11M) | Time:00:00.00 | Mem:0.00M, Peak:0.00M | Scene, ViewLayer | Updating Background
Fra:6 Mem:10.06M (Peak 50.11M) | Time:00:00.00 | Mem:0.00M, Peak:0.00M | Scene, ViewLayer | Updating Camera
Fra:6 Mem:10.06M (Peak 50.11M) | Time:00:00.00 | Mem:0.00M, Peak:0.00M | Scene, ViewLayer | Updating Meshes Flags
Fra:6 Mem:10.06M (Peak 50.11M) | Time:00:00.00 | Mem:0.00M, Peak:0.00M | Scene, ViewLayer | Updating Objects
Fra:6 Mem:10.06M (Peak 50.11M) | Time:00:00.00 | Mem:0.00M, Peak:0.00M | Scene, ViewLayer | Updating Objects | Copying Transformations to device
Fra:6 Mem:10.06M (Peak 50.11M) | Time:00:00.00 | Mem:0.00M, Peak:0.00M | Scene, ViewLayer | Updating Objects | Applying Static Transformations
Fra:6 Mem:10.06M (Peak 50.11M) | Time:00:00.00 | Mem:0.00M, Peak:0.00M | Scene, ViewLayer | Updating Particle Systems
Fra:6 Mem:10.06M (Peak 50.11M) | Time:00:00.00 | Mem:0.00M, Peak:0.00M | Scene, ViewLayer | Updating Particle Systems | Copying Particles to device
Fra:6 Mem:10.06M (Peak 50.11M) | Time:00:00.00 | Mem:0.00M, Peak:0.00M | Scene, ViewLayer | Updating Meshes
Fra:6 Mem:10.07M (Peak 50.11M) | Time:00:00.00 | Mem:0.00M, Peak:0.00M | Scene, ViewLayer | Updating Mesh | Computing attributes
Fra:6 Mem:10.07M (Peak 50.11M) | Time:00:00.00 | Mem:0.00M, Peak:0.00M | Scene, ViewLayer | Updating Mesh | Copying Attributes to device
Fra:6 Mem:10.07M (Peak 50.11M) | Time:00:00.00 | Mem:0.01M, Peak:0.01M | Scene, ViewLayer | Updating Scene BVH | Building
Fra:6 Mem:10.07M (Peak 50.11M) | Time:00:00.00 | Mem:0.01M, Peak:0.01M | Scene, ViewLayer | Updating Scene BVH | Building BVH
Fra:6 Mem:10.07M (Peak 50.11M) | Time:00:00.00 | Mem:0.01M, Peak:0.01M | Scene, ViewLayer | Updating Scene BVH | Building BVH 0%
Fra:6 Mem:10.07M (Peak 50.11M) | Time:00:00.00 | Mem:0.02M, Peak:0.03M | Scene, ViewLayer | Updating Scene BVH | Copying BVH to device
Fra:6 Mem:10.07M (Peak 50.11M) | Time:00:00.00 | Mem:0.02M, Peak:0.03M | Scene, ViewLayer | Updating Mesh | Computing normals
Fra:6 Mem:10.08M (Peak 50.11M) | Time:00:00.00 | Mem:0.02M, Peak:0.03M | Scene, ViewLayer | Updating Mesh | Copying Mesh to device
Fra:6 Mem:10.08M (Peak 50.11M) | Time:00:00.00 | Mem:0.04M, Peak:0.04M | Scene, ViewLayer | Updating Objects Flags
Fra:6 Mem:10.08M (Peak 50.11M) | Time:00:00.00 | Mem:0.04M, Peak:0.04M | Scene, ViewLayer | Updating Primitive Offsets
Fra:6 Mem:10.08M (Peak 50.11M) | Time:00:00.00 | Mem:0.04M, Peak:0.04M | Scene, ViewLayer | Updating Images
Fra:6 Mem:10.08M (Peak 50.11M) | Time:00:00.00 | Mem:0.04M, Peak:0.04M | Scene, ViewLayer | Updating Camera Volume
Fra:6 Mem:10.08M (Peak 50.11M) | Time:00:00.00 | Mem:0.04M, Peak:0.04M | Scene, ViewLayer | Updating Lookup Tables
Fra:6 Mem:10.08M (Peak 50.11M) | Time:00:00.00 | Mem:0.12M, Peak:0.12M | Scene, ViewLayer | Updating Lights
Fra:6 Mem:10.08M (Peak 50.11M) | Time:00:00.00 | Mem:0.12M, Peak:0.12M | Scene, ViewLayer | Updating Lights | Computing distribution
Fra:6 Mem:10.08M (Peak 50.11M) | Time:00:00.00 | Mem:0.12M, Peak:0.12M | Scene, ViewLayer | Updating Lights | Computing tree
Fra:6 Mem:10.08M (Peak 50.11M) | Time:00:00.00 | Mem:0.12M, Peak:0.12M | Scene, ViewLayer | Updating Integrator
Fra:6 Mem:11.08M (Peak 50.11M) | Time:00:00.00 | Mem:1.12M, Peak:1.12M | Scene, ViewLayer | Updating Film
Fra:6 Mem:11.09M (Peak 50.11M) | Time:00:00.00 | Mem:1.04M, Peak:1.12M | Scene, ViewLayer | Updating Lookup Tables
Fra:6 Mem:11.09M (Peak 50.11M) | Time:00:00.00 | Mem:1.12M, Peak:1.12M | Scene, ViewLayer | Updating Baking
Fra:6 Mem:11.09M (Peak 50.11M) | Time:00:00.00 | Mem:1.12M, Peak:1.12M | Scene, ViewLayer | Updating Device | Writing constant memory
Fra:6 Mem:11.09M (Peak 50.11M) | Time:00:00.00 | Mem:1.12M, Peak:1.12M | Scene, ViewLayer | Sample 0/32
Fra:6 Mem:30.10M (Peak 50.11M) | Time:00:00.03 | Remaining:00:00.81 | Mem:20.12M, Peak:20.12M | Scene, ViewLayer | Sample 1/32
Fra:6 Mem:38.11M (Peak 50.11M) | Time:00:01.33 | Mem:20.12M, Peak:20.12M | Scene, ViewLayer | Sample 32/32
Fra:6 Mem:38.11M (Peak 50.11M) | Time:00:01.33 | Mem:20.12M, Peak:20.12M | Scene, ViewLayer | Finished
Fra:6 Mem:17.96M (Peak 50.11M) | Time:00:01.33 | Compositing
Fra:6 Mem:17.96M (Peak 50.11M) | Time:00:01.33 | Compositing | Determining resolution
Fra:6 Mem:17.96M (Peak 50.11M) | Time:00:01.33 | Compositing | Initializing execution
Fra:6 Mem:17.96M (Peak 50.11M) | Time:00:01.33 | Compositing | De-initializing execution
Saved: '/vepfs_default/chanxueyan/lhp/lms/aDSL/temp/geometry_sf06_no_fea_20260929/generate/rounds/round_02/candidates/01_repair_export_solids_and_tab_tips_01/asset/render/render_0006.png'
Time: 00:01.35 (Saving: 00:00.02)

Fra:7 Mem:10.27M (Peak 50.11M) | Time:00:00.00 | Mem:0.00M, Peak:0.00M | Scene, ViewLayer | Synchronizing object | leg_front_left/leg_front_left_mesh
Fra:7 Mem:10.28M (Peak 50.11M) | Time:00:00.00 | Mem:0.00M, Peak:0.00M | Scene, ViewLayer | Synchronizing object | leg_front_right/leg_front_right_mesh
Fra:7 Mem:10.28M (Peak 50.11M) | Time:00:00.00 | Mem:0.00M, Peak:0.00M | Scene, ViewLayer | Synchronizing object | leg_rear_left/leg_rear_left_mesh
Fra:7 Mem:10.29M (Peak 50.11M) | Time:00:00.00 | Mem:0.00M, Peak:0.00M | Scene, ViewLayer | Initializing
Fra:7 Mem:9.98M (Peak 50.11M) | Time:00:00.00 | Mem:0.00M, Peak:0.00M | Scene, ViewLayer | Waiting for render to start
Fra:7 Mem:9.98M (Peak 50.11M) | Time:00:00.00 | Mem:0.00M, Peak:0.00M | Scene, ViewLayer | Loading render kernels (may take a few minutes the first time)
Fra:7 Mem:9.98M (Peak 50.11M) | Time:00:00.00 | Mem:0.00M, Peak:0.00M | Scene, ViewLayer | Updating Scene
Fra:7 Mem:9.98M (Peak 50.11M) | Time:00:00.00 | Mem:0.00M, Peak:0.00M | Scene, ViewLayer | Updating Shaders
Fra:7 Mem:10.06M (Peak 50.11M) | Time:00:00.00 | Mem:0.00M, Peak:0.00M | Scene, ViewLayer | Updating Procedurals
Fra:7 Mem:10.06M (Peak 50.11M) | Time:00:00.00 | Mem:0.00M, Peak:0.00M | Scene, ViewLayer | Updating Background
Fra:7 Mem:10.06M (Peak 50.11M) | Time:00:00.00 | Mem:0.00M, Peak:0.00M | Scene, ViewLayer | Updating Camera
Fra:7 Mem:10.06M (Peak 50.11M) | Time:00:00.00 | Mem:0.00M, Peak:0.00M | Scene, ViewLayer | Updating Meshes Flags
Fra:7 Mem:10.06M (Peak 50.11M) | Time:00:00.00 | Mem:0.00M, Peak:0.00M | Scene, ViewLayer | Updating Objects
Fra:7 Mem:10.06M (Peak 50.11M) | Time:00:00.00 | Mem:0.00M, Peak:0.00M | Scene, ViewLayer | Updating Objects | Copying Transformations to device
Fra:7 Mem:10.06M (Peak 50.11M) | Time:00:00.00 | Mem:0.00M, Peak:0.00M | Scene, ViewLayer | Updating Objects | Applying Static Transformations
Fra:7 Mem:10.06M (Peak 50.11M) | Time:00:00.00 | Mem:0.00M, Peak:0.00M | Scene, ViewLayer | Updating Particle Systems
Fra:7 Mem:10.06M (Peak 50.11M) | Time:00:00.00 | Mem:0.00M, Peak:0.00M | Scene, ViewLayer | Updating Particle Systems | Copying Particles to device
Fra:7 Mem:10.06M (Peak 50.11M) | Time:00:00.00 | Mem:0.00M, Peak:0.00M | Scene, ViewLayer | Updating Meshes
Fra:7 Mem:10.07M (Peak 50.11M) | Time:00:00.00 | Mem:0.00M, Peak:0.00M | Scene, ViewLayer | Updating Mesh | Computing attributes
Fra:7 Mem:10.07M (Peak 50.11M) | Time:00:00.00 | Mem:0.00M, Peak:0.00M | Scene, ViewLayer | Updating Mesh | Copying Attributes to device
Fra:7 Mem:10.07M (Peak 50.11M) | Time:00:00.00 | Mem:0.01M, Peak:0.01M | Scene, ViewLayer | Updating Scene BVH | Building
Fra:7 Mem:10.07M (Peak 50.11M) | Time:00:00.00 | Mem:0.01M, Peak:0.01M | Scene, ViewLayer | Updating Scene BVH | Building BVH
Fra:7 Mem:10.07M (Peak 50.11M) | Time:00:00.00 | Mem:0.01M, Peak:0.01M | Scene, ViewLayer | Updating Scene BVH | Building BVH 0%
Fra:7 Mem:10.07M (Peak 50.11M) | Time:00:00.00 | Mem:0.02M, Peak:0.03M | Scene, ViewLayer | Updating Scene BVH | Copying BVH to device
Fra:7 Mem:10.07M (Peak 50.11M) | Time:00:00.00 | Mem:0.02M, Peak:0.03M | Scene, ViewLayer | Updating Mesh | Computing normals
Fra:7 Mem:10.08M (Peak 50.11M) | Time:00:00.00 | Mem:0.02M, Peak:0.03M | Scene, ViewLayer | Updating Mesh | Copying Mesh to device
Fra:7 Mem:10.08M (Peak 50.11M) | Time:00:00.00 | Mem:0.04M, Peak:0.04M | Scene, ViewLayer | Updating Objects Flags
Fra:7 Mem:10.08M (Peak 50.11M) | Time:00:00.00 | Mem:0.04M, Peak:0.04M | Scene, ViewLayer | Updating Primitive Offsets
Fra:7 Mem:10.08M (Peak 50.11M) | Time:00:00.00 | Mem:0.04M, Peak:0.04M | Scene, ViewLayer | Updating Images
Fra:7 Mem:10.08M (Peak 50.11M) | Time:00:00.00 | Mem:0.04M, Peak:0.04M | Scene, ViewLayer | Updating Camera Volume
Fra:7 Mem:10.08M (Peak 50.11M) | Time:00:00.00 | Mem:0.04M, Peak:0.04M | Scene, ViewLayer | Updating Lookup Tables
Fra:7 Mem:10.08M (Peak 50.11M) | Time:00:00.00 | Mem:0.12M, Peak:0.12M | Scene, ViewLayer | Updating Lights
Fra:7 Mem:10.08M (Peak 50.11M) | Time:00:00.00 | Mem:0.12M, Peak:0.12M | Scene, ViewLayer | Updating Lights | Computing distribution
Fra:7 Mem:10.08M (Peak 50.11M) | Time:00:00.00 | Mem:0.12M, Peak:0.12M | Scene, ViewLayer | Updating Lights | Computing tree
Fra:7 Mem:10.08M (Peak 50.11M) | Time:00:00.00 | Mem:0.12M, Peak:0.12M | Scene, ViewLayer | Updating Integrator
Fra:7 Mem:11.08M (Peak 50.11M) | Time:00:00.00 | Mem:1.12M, Peak:1.12M | Scene, ViewLayer | Updating Film
Fra:7 Mem:11.09M (Peak 50.11M) | Time:00:00.00 | Mem:1.04M, Peak:1.12M | Scene, ViewLayer | Updating Lookup Tables
Fra:7 Mem:11.09M (Peak 50.11M) | Time:00:00.00 | Mem:1.12M, Peak:1.12M | Scene, ViewLayer | Updating Baking
Fra:7 Mem:11.09M (Peak 50.11M) | Time:00:00.00 | Mem:1.12M, Peak:1.12M | Scene, ViewLayer | Updating Device | Writing constant memory
Fra:7 Mem:11.09M (Peak 50.11M) | Time:00:00.00 | Mem:1.12M, Peak:1.12M | Scene, ViewLayer | Sample 0/32
Fra:7 Mem:30.10M (Peak 50.11M) | Time:00:00.02 | Remaining:00:00.67 | Mem:20.12M, Peak:20.12M | Scene, ViewLayer | Sample 1/32
Fra:7 Mem:38.11M (Peak 50.11M) | Time:00:01.22 | Mem:20.12M, Peak:20.12M | Scene, ViewLayer | Sample 32/32
Fra:7 Mem:38.11M (Peak 50.11M) | Time:00:01.22 | Mem:20.12M, Peak:20.12M | Scene, ViewLayer | Finished
Fra:7 Mem:17.96M (Peak 50.11M) | Time:00:01.22 | Compositing
Fra:7 Mem:17.96M (Peak 50.11M) | Time:00:01.22 | Compositing | Determining resolution
Fra:7 Mem:17.96M (Peak 50.11M) | Time:00:01.22 | Compositing | Initializing execution
Fra:7 Mem:17.96M (Peak 50.11M) | Time:00:01.23 | Compositing | De-initializing execution
Saved: '/vepfs_default/chanxueyan/lhp/lms/aDSL/temp/geometry_sf06_no_fea_20260929/generate/rounds/round_02/candidates/01_repair_export_solids_and_tab_tips_01/asset/render/render_0007.png'
Time: 00:01.25 (Saving: 00:00.02)

Fra:8 Mem:10.27M (Peak 50.11M) | Time:00:00.00 | Mem:0.00M, Peak:0.00M | Scene, ViewLayer | Synchronizing object | leg_front_left/leg_front_left_mesh
Fra:8 Mem:10.28M (Peak 50.11M) | Time:00:00.00 | Mem:0.00M, Peak:0.00M | Scene, ViewLayer | Synchronizing object | leg_rear_right/leg_rear_right_mesh
Fra:8 Mem:10.28M (Peak 50.11M) | Time:00:00.00 | Mem:0.00M, Peak:0.00M | Scene, ViewLayer | Synchronizing object | leg_rear_left/leg_rear_left_mesh
Fra:8 Mem:10.29M (Peak 50.11M) | Time:00:00.00 | Mem:0.00M, Peak:0.00M | Scene, ViewLayer | Initializing
Fra:8 Mem:9.98M (Peak 50.11M) | Time:00:00.00 | Mem:0.00M, Peak:0.00M | Scene, ViewLayer | Waiting for render to start
Fra:8 Mem:9.98M (Peak 50.11M) | Time:00:00.00 | Mem:0.00M, Peak:0.00M | Scene, ViewLayer | Loading render kernels (may take a few minutes the first time)
Fra:8 Mem:9.98M (Peak 50.11M) | Time:00:00.00 | Mem:0.00M, Peak:0.00M | Scene, ViewLayer | Updating Scene
Fra:8 Mem:9.98M (Peak 50.11M) | Time:00:00.00 | Mem:0.00M, Peak:0.00M | Scene, ViewLayer | Updating Shaders
Fra:8 Mem:10.06M (Peak 50.11M) | Time:00:00.00 | Mem:0.00M, Peak:0.00M | Scene, ViewLayer | Updating Procedurals
Fra:8 Mem:10.06M (Peak 50.11M) | Time:00:00.00 | Mem:0.00M, Peak:0.00M | Scene, ViewLayer | Updating Background
Fra:8 Mem:10.06M (Peak 50.11M) | Time:00:00.00 | Mem:0.00M, Peak:0.00M | Scene, ViewLayer | Updating Camera
Fra:8 Mem:10.06M (Peak 50.11M) | Time:00:00.00 | Mem:0.00M, Peak:0.00M | Scene, ViewLayer | Updating Meshes Flags
Fra:8 Mem:10.06M (Peak 50.11M) | Time:00:00.00 | Mem:0.00M, Peak:0.00M | Scene, ViewLayer | Updating Objects
Fra:8 Mem:10.06M (Peak 50.11M) | Time:00:00.00 | Mem:0.00M, Peak:0.00M | Scene, ViewLayer | Updating Objects | Copying Transformations to device
Fra:8 Mem:10.06M (Peak 50.11M) | Time:00:00.00 | Mem:0.00M, Peak:0.00M | Scene, ViewLayer | Updating Objects | Applying Static Transformations
Fra:8 Mem:10.06M (Peak 50.11M) | Time:00:00.00 | Mem:0.00M, Peak:0.00M | Scene, ViewLayer | Updating Particle Systems
Fra:8 Mem:10.06M (Peak 50.11M) | Time:00:00.00 | Mem:0.00M, Peak:0.00M | Scene, ViewLayer | Updating Particle Systems | Copying Particles to device
Fra:8 Mem:10.06M (Peak 50.11M) | Time:00:00.00 | Mem:0.00M, Peak:0.00M | Scene, ViewLayer | Updating Meshes
Fra:8 Mem:10.07M (Peak 50.11M) | Time:00:00.00 | Mem:0.00M, Peak:0.00M | Scene, ViewLayer | Updating Mesh | Computing attributes
Fra:8 Mem:10.07M (Peak 50.11M) | Time:00:00.00 | Mem:0.00M, Peak:0.00M | Scene, ViewLayer | Updating Mesh | Copying Attributes to device
Fra:8 Mem:10.07M (Peak 50.11M) | Time:00:00.00 | Mem:0.01M, Peak:0.01M | Scene, ViewLayer | Updating Scene BVH | Building
Fra:8 Mem:10.07M (Peak 50.11M) | Time:00:00.00 | Mem:0.01M, Peak:0.01M | Scene, ViewLayer | Updating Scene BVH | Building BVH
Fra:8 Mem:10.07M (Peak 50.11M) | Time:00:00.00 | Mem:0.01M, Peak:0.01M | Scene, ViewLayer | Updating Scene BVH | Building BVH 0%
Fra:8 Mem:10.07M (Peak 50.11M) | Time:00:00.00 | Mem:0.02M, Peak:0.03M | Scene, ViewLayer | Updating Scene BVH | Copying BVH to device
Fra:8 Mem:10.07M (Peak 50.11M) | Time:00:00.00 | Mem:0.02M, Peak:0.03M | Scene, ViewLayer | Updating Mesh | Computing normals
Fra:8 Mem:10.08M (Peak 50.11M) | Time:00:00.00 | Mem:0.02M, Peak:0.03M | Scene, ViewLayer | Updating Mesh | Copying Mesh to device
Fra:8 Mem:10.08M (Peak 50.11M) | Time:00:00.00 | Mem:0.04M, Peak:0.04M | Scene, ViewLayer | Updating Objects Flags
Fra:8 Mem:10.08M (Peak 50.11M) | Time:00:00.00 | Mem:0.04M, Peak:0.04M | Scene, ViewLayer | Updating Primitive Offsets
Fra:8 Mem:10.08M (Peak 50.11M) | Time:00:00.00 | Mem:0.04M, Peak:0.04M | Scene, ViewLayer | Updating Images
Fra:8 Mem:10.08M (Peak 50.11M) | Time:00:00.00 | Mem:0.04M, Peak:0.04M | Scene, ViewLayer | Updating Camera Volume
Fra:8 Mem:10.08M (Peak 50.11M) | Time:00:00.00 | Mem:0.04M, Peak:0.04M | Scene, ViewLayer | Updating Lookup Tables
Fra:8 Mem:10.08M (Peak 50.11M) | Time:00:00.00 | Mem:0.12M, Peak:0.12M | Scene, ViewLayer | Updating Lights
Fra:8 Mem:10.08M (Peak 50.11M) | Time:00:00.00 | Mem:0.12M, Peak:0.12M | Scene, ViewLayer | Updating Lights | Computing distribution
Fra:8 Mem:10.08M (Peak 50.11M) | Time:00:00.00 | Mem:0.12M, Peak:0.12M | Scene, ViewLayer | Updating Lights | Computing tree
Fra:8 Mem:10.08M (Peak 50.11M) | Time:00:00.00 | Mem:0.12M, Peak:0.12M | Scene, ViewLayer | Updating Integrator
Fra:8 Mem:11.08M (Peak 50.11M) | Time:00:00.00 | Mem:1.12M, Peak:1.12M | Scene, ViewLayer | Updating Film
Fra:8 Mem:11.09M (Peak 50.11M) | Time:00:00.00 | Mem:1.04M, Peak:1.12M | Scene, ViewLayer | Updating Lookup Tables
Fra:8 Mem:11.09M (Peak 50.11M) | Time:00:00.00 | Mem:1.12M, Peak:1.12M | Scene, ViewLayer | Updating Baking
Fra:8 Mem:11.09M (Peak 50.11M) | Time:00:00.00 | Mem:1.12M, Peak:1.12M | Scene, ViewLayer | Updating Device | Writing constant memory
Fra:8 Mem:11.09M (Peak 50.11M) | Time:00:00.00 | Mem:1.12M, Peak:1.12M | Scene, ViewLayer | Sample 0/32
Fra:8 Mem:30.10M (Peak 50.11M) | Time:00:00.02 | Remaining:00:00.70 | Mem:20.12M, Peak:20.12M | Scene, ViewLayer | Sample 1/32
Fra:8 Mem:38.11M (Peak 50.11M) | Time:00:01.21 | Mem:20.12M, Peak:20.12M | Scene, ViewLayer | Sample 32/32
Fra:8 Mem:38.11M (Peak 50.11M) | Time:00:01.21 | Mem:20.12M, Peak:20.12M | Scene, ViewLayer | Finished
Fra:8 Mem:17.96M (Peak 50.11M) | Time:00:01.21 | Compositing
Fra:8 Mem:17.96M (Peak 50.11M) | Time:00:01.21 | Compositing | Determining resolution
Fra:8 Mem:17.96M (Peak 50.11M) | Time:00:01.21 | Compositing | Initializing execution
Fra:8 Mem:17.96M (Peak 50.11M) | Time:00:01.21 | Compositing | De-initializing execution
Saved: '/vepfs_default/chanxueyan/lhp/lms/aDSL/temp/geometry_sf06_no_fea_20260929/generate/rounds/round_02/candidates/01_repair_export_solids_and_tab_tips_01/asset/render/render_0008.png'
Time: 00:01.23 (Saving: 00:00.02)

