Data are loaded, start creating Blender stuff
glTF import finished in 0.03s
Fra:1 Mem:14.90M (Peak 14.90M) | Time:00:00.00 | Mem:0.00M, Peak:0.00M | Scene, ViewLayer | Synchronizing object | geometry_0_hull
Fra:1 Mem:14.92M (Peak 14.92M) | Time:00:00.00 | Mem:0.00M, Peak:0.00M | Scene, ViewLayer | Synchronizing object | geometry_0_mesh
Fra:1 Mem:15.05M (Peak 15.05M) | Time:00:00.00 | Mem:0.00M, Peak:0.00M | Scene, ViewLayer | Synchronizing object | geometry_0_hull.005
Fra:1 Mem:15.08M (Peak 15.08M) | Time:00:00.00 | Mem:0.00M, Peak:0.00M | Scene, ViewLayer | Synchronizing object | geometry_0_sphere
Fra:1 Mem:15.30M (Peak 15.30M) | Time:00:00.00 | Mem:0.00M, Peak:0.00M | Scene, ViewLayer | Synchronizing object | geometry_0_hull.002
Fra:1 Mem:15.31M (Peak 15.31M) | Time:00:00.00 | Mem:0.00M, Peak:0.00M | Scene, ViewLayer | Synchronizing object | geometry_0_hull.003
Fra:1 Mem:15.38M (Peak 15.38M) | Time:00:00.00 | Mem:0.00M, Peak:0.00M | Scene, ViewLayer | Synchronizing object | geometry_0_hull.004
Fra:1 Mem:15.57M (Peak 15.57M) | Time:00:00.00 | Mem:0.00M, Peak:0.00M | Scene, ViewLayer | Synchronizing object | geometry_0_hull.001
Fra:1 Mem:15.59M (Peak 15.59M) | Time:00:00.00 | Mem:0.00M, Peak:0.00M | Scene, ViewLayer | Synchronizing object | geometry_0_sphere.001
Fra:1 Mem:15.67M (Peak 15.67M) | Time:00:00.00 | Mem:0.00M, Peak:0.00M | Scene, ViewLayer | Synchronizing object | geometry_0_mesh.001
Fra:1 Mem:15.84M (Peak 15.84M) | Time:00:00.00 | Mem:0.00M, Peak:0.00M | Scene, ViewLayer | Initializing
Fra:1 Mem:14.18M (Peak 15.84M) | Time:00:00.00 | Mem:0.00M, Peak:0.00M | Scene, ViewLayer | Waiting for render to start
Fra:1 Mem:14.18M (Peak 15.84M) | Time:00:00.00 | Mem:0.00M, Peak:0.00M | Scene, ViewLayer | Loading render kernels (may take a few minutes the first time)
Fra:1 Mem:14.18M (Peak 15.84M) | Time:00:00.00 | Mem:0.00M, Peak:0.00M | Scene, ViewLayer | Updating Scene
Fra:1 Mem:14.18M (Peak 15.84M) | Time:00:00.00 | Mem:0.00M, Peak:0.00M | Scene, ViewLayer | Updating Shaders
Fra:1 Mem:14.27M (Peak 15.84M) | Time:00:00.00 | Mem:0.00M, Peak:0.00M | Scene, ViewLayer | Updating Procedurals
Fra:1 Mem:14.27M (Peak 15.84M) | Time:00:00.00 | Mem:0.00M, Peak:0.00M | Scene, ViewLayer | Updating Background
Fra:1 Mem:14.27M (Peak 15.84M) | Time:00:00.00 | Mem:0.00M, Peak:0.00M | Scene, ViewLayer | Updating Camera
Fra:1 Mem:14.27M (Peak 15.84M) | Time:00:00.00 | Mem:0.00M, Peak:0.00M | Scene, ViewLayer | Updating Meshes Flags
Fra:1 Mem:14.27M (Peak 15.84M) | Time:00:00.00 | Mem:0.00M, Peak:0.00M | Scene, ViewLayer | Updating Objects
Fra:1 Mem:14.27M (Peak 15.84M) | Time:00:00.00 | Mem:0.00M, Peak:0.00M | Scene, ViewLayer | Updating Objects | Copying Transformations to device
Fra:1 Mem:14.27M (Peak 15.84M) | Time:00:00.00 | Mem:0.00M, Peak:0.00M | Scene, ViewLayer | Updating Objects | Applying Static Transformations
Fra:1 Mem:14.27M (Peak 15.84M) | Time:00:00.00 | Mem:0.00M, Peak:0.00M | Scene, ViewLayer | Updating Particle Systems
Fra:1 Mem:14.27M (Peak 15.84M) | Time:00:00.00 | Mem:0.00M, Peak:0.00M | Scene, ViewLayer | Updating Particle Systems | Copying Particles to device
Fra:1 Mem:14.27M (Peak 15.84M) | Time:00:00.00 | Mem:0.00M, Peak:0.00M | Scene, ViewLayer | Updating Meshes
Fra:1 Mem:14.38M (Peak 15.84M) | Time:00:00.00 | Mem:0.00M, Peak:0.00M | Scene, ViewLayer | Updating Mesh | Computing attributes
Fra:1 Mem:14.56M (Peak 15.84M) | Time:00:00.00 | Mem:0.00M, Peak:0.00M | Scene, ViewLayer | Updating Mesh | Copying Attributes to device
Fra:1 Mem:14.56M (Peak 15.84M) | Time:00:00.00 | Mem:0.18M, Peak:0.18M | Scene, ViewLayer | Updating Scene BVH | Building
Fra:1 Mem:14.56M (Peak 15.84M) | Time:00:00.00 | Mem:0.18M, Peak:0.18M | Scene, ViewLayer | Updating Scene BVH | Building BVH
Fra:1 Mem:14.56M (Peak 15.84M) | Time:00:00.00 | Mem:0.41M, Peak:0.41M | Scene, ViewLayer | Updating Scene BVH | Building BVH 0%
Fra:1 Mem:14.56M (Peak 15.84M) | Time:00:00.00 | Mem:0.68M, Peak:0.90M | Scene, ViewLayer | Updating Scene BVH | Copying BVH to device
Fra:1 Mem:14.56M (Peak 15.84M) | Time:00:00.00 | Mem:0.68M, Peak:0.90M | Scene, ViewLayer | Updating Mesh | Computing normals
Fra:1 Mem:15.17M (Peak 15.84M) | Time:00:00.00 | Mem:0.68M, Peak:0.90M | Scene, ViewLayer | Updating Mesh | Copying Mesh to device
Fra:1 Mem:15.17M (Peak 15.84M) | Time:00:00.00 | Mem:1.29M, Peak:1.29M | Scene, ViewLayer | Updating Objects Flags
Fra:1 Mem:15.17M (Peak 15.84M) | Time:00:00.00 | Mem:1.29M, Peak:1.29M | Scene, ViewLayer | Updating Primitive Offsets
Fra:1 Mem:15.17M (Peak 15.84M) | Time:00:00.00 | Mem:1.29M, Peak:1.29M | Scene, ViewLayer | Updating Images
Fra:1 Mem:15.17M (Peak 15.84M) | Time:00:00.00 | Mem:1.29M, Peak:1.29M | Scene, ViewLayer | Updating Camera Volume
Fra:1 Mem:15.17M (Peak 15.84M) | Time:00:00.00 | Mem:1.29M, Peak:1.29M | Scene, ViewLayer | Updating Lookup Tables
Fra:1 Mem:15.17M (Peak 15.84M) | Time:00:00.00 | Mem:1.37M, Peak:1.37M | Scene, ViewLayer | Updating Lights
Fra:1 Mem:15.17M (Peak 15.84M) | Time:00:00.00 | Mem:1.37M, Peak:1.37M | Scene, ViewLayer | Updating Lights | Computing distribution
Fra:1 Mem:15.17M (Peak 15.84M) | Time:00:00.00 | Mem:1.37M, Peak:1.37M | Scene, ViewLayer | Updating Lights | Computing tree
Fra:1 Mem:15.17M (Peak 15.84M) | Time:00:00.00 | Mem:1.37M, Peak:1.37M | Scene, ViewLayer | Updating Integrator
Fra:1 Mem:16.17M (Peak 16.17M) | Time:00:00.00 | Mem:2.37M, Peak:2.37M | Scene, ViewLayer | Updating Film
Fra:1 Mem:16.17M (Peak 16.17M) | Time:00:00.00 | Mem:2.29M, Peak:2.37M | Scene, ViewLayer | Updating Lookup Tables
Fra:1 Mem:16.17M (Peak 16.17M) | Time:00:00.00 | Mem:2.38M, Peak:2.38M | Scene, ViewLayer | Updating Baking
Fra:1 Mem:16.17M (Peak 16.17M) | Time:00:00.00 | Mem:2.38M, Peak:2.38M | Scene, ViewLayer | Updating Device | Writing constant memory
Fra:1 Mem:16.17M (Peak 16.17M) | Time:00:00.00 | Mem:2.38M, Peak:2.38M | Scene, ViewLayer | Sample 0/32
Fra:1 Mem:35.19M (Peak 35.19M) | Time:00:00.08 | Remaining:00:02.47 | Mem:21.38M, Peak:21.38M | Scene, ViewLayer | Sample 1/32
Fra:1 Mem:43.19M (Peak 55.19M) | Time:00:03.51 | Mem:21.38M, Peak:21.38M | Scene, ViewLayer | Sample 32/32
Fra:1 Mem:43.19M (Peak 55.19M) | Time:00:03.51 | Mem:21.38M, Peak:21.38M | Scene, ViewLayer | Finished
Fra:1 Mem:21.36M (Peak 55.19M) | Time:00:03.51 | Compositing
Fra:1 Mem:21.36M (Peak 55.19M) | Time:00:03.51 | Compositing | Determining resolution
Fra:1 Mem:21.36M (Peak 55.19M) | Time:00:03.51 | Compositing | Initializing execution
Fra:1 Mem:21.36M (Peak 55.19M) | Time:00:03.51 | Compositing | De-initializing execution
Saved: '/vepfs_default/chanxueyan/lhp/lms/aDSL/temp/geometry_elephant_000_20260929/B/views/render_0001.png'
Time: 00:03.61 (Saving: 00:00.09)

Fra:2 Mem:15.02M (Peak 55.19M) | Time:00:00.00 | Mem:0.00M, Peak:0.00M | Scene, ViewLayer | Synchronizing object | geometry_0_hull
Fra:2 Mem:15.11M (Peak 55.19M) | Time:00:00.00 | Mem:0.00M, Peak:0.00M | Scene, ViewLayer | Synchronizing object | geometry_0_mesh
Fra:2 Mem:15.19M (Peak 55.19M) | Time:00:00.00 | Mem:0.00M, Peak:0.00M | Scene, ViewLayer | Synchronizing object | geometry_0_hull.005
Fra:2 Mem:15.16M (Peak 55.19M) | Time:00:00.00 | Mem:0.00M, Peak:0.00M | Scene, ViewLayer | Synchronizing object | geometry_0_hull.002
Fra:2 Mem:15.48M (Peak 55.19M) | Time:00:00.00 | Mem:0.00M, Peak:0.00M | Scene, ViewLayer | Synchronizing object | geometry_0_hull.004
Fra:2 Mem:15.46M (Peak 55.19M) | Time:00:00.00 | Mem:0.00M, Peak:0.00M | Scene, ViewLayer | Synchronizing object | geometry_0_hull.001
Fra:2 Mem:15.70M (Peak 55.19M) | Time:00:00.00 | Mem:0.00M, Peak:0.00M | Scene, ViewLayer | Synchronizing object | geometry_0_mesh.001
Fra:2 Mem:15.80M (Peak 55.19M) | Time:00:00.00 | Mem:0.00M, Peak:0.00M | Scene, ViewLayer | Synchronizing object | geometry_0_sphere.001
Fra:2 Mem:15.84M (Peak 55.19M) | Time:00:00.00 | Mem:0.00M, Peak:0.00M | Scene, ViewLayer | Initializing
Fra:2 Mem:14.18M (Peak 55.19M) | Time:00:00.00 | Mem:0.00M, Peak:0.00M | Scene, ViewLayer | Waiting for render to start
Fra:2 Mem:14.19M (Peak 55.19M) | Time:00:00.00 | Mem:0.00M, Peak:0.00M | Scene, ViewLayer | Loading render kernels (may take a few minutes the first time)
Fra:2 Mem:14.19M (Peak 55.19M) | Time:00:00.00 | Mem:0.00M, Peak:0.00M | Scene, ViewLayer | Updating Scene
Fra:2 Mem:14.19M (Peak 55.19M) | Time:00:00.00 | Mem:0.00M, Peak:0.00M | Scene, ViewLayer | Updating Shaders
Fra:2 Mem:14.27M (Peak 55.19M) | Time:00:00.00 | Mem:0.00M, Peak:0.00M | Scene, ViewLayer | Updating Procedurals
Fra:2 Mem:14.27M (Peak 55.19M) | Time:00:00.00 | Mem:0.00M, Peak:0.00M | Scene, ViewLayer | Updating Background
Fra:2 Mem:14.27M (Peak 55.19M) | Time:00:00.00 | Mem:0.00M, Peak:0.00M | Scene, ViewLayer | Updating Camera
Fra:2 Mem:14.27M (Peak 55.19M) | Time:00:00.00 | Mem:0.00M, Peak:0.00M | Scene, ViewLayer | Updating Meshes Flags
Fra:2 Mem:14.27M (Peak 55.19M) | Time:00:00.00 | Mem:0.00M, Peak:0.00M | Scene, ViewLayer | Updating Objects
Fra:2 Mem:14.27M (Peak 55.19M) | Time:00:00.00 | Mem:0.00M, Peak:0.00M | Scene, ViewLayer | Updating Objects | Copying Transformations to device
Fra:2 Mem:14.27M (Peak 55.19M) | Time:00:00.00 | Mem:0.00M, Peak:0.00M | Scene, ViewLayer | Updating Objects | Applying Static Transformations
Fra:2 Mem:14.27M (Peak 55.19M) | Time:00:00.00 | Mem:0.00M, Peak:0.00M | Scene, ViewLayer | Updating Particle Systems
Fra:2 Mem:14.27M (Peak 55.19M) | Time:00:00.00 | Mem:0.00M, Peak:0.00M | Scene, ViewLayer | Updating Particle Systems | Copying Particles to device
Fra:2 Mem:14.27M (Peak 55.19M) | Time:00:00.00 | Mem:0.00M, Peak:0.00M | Scene, ViewLayer | Updating Meshes
Fra:2 Mem:14.38M (Peak 55.19M) | Time:00:00.00 | Mem:0.00M, Peak:0.00M | Scene, ViewLayer | Updating Mesh | Computing attributes
Fra:2 Mem:14.56M (Peak 55.19M) | Time:00:00.00 | Mem:0.00M, Peak:0.00M | Scene, ViewLayer | Updating Mesh | Copying Attributes to device
Fra:2 Mem:14.56M (Peak 55.19M) | Time:00:00.00 | Mem:0.18M, Peak:0.18M | Scene, ViewLayer | Updating Scene BVH | Building
Fra:2 Mem:14.56M (Peak 55.19M) | Time:00:00.00 | Mem:0.18M, Peak:0.18M | Scene, ViewLayer | Updating Scene BVH | Building BVH
Fra:2 Mem:14.56M (Peak 55.19M) | Time:00:00.00 | Mem:0.41M, Peak:0.41M | Scene, ViewLayer | Updating Scene BVH | Building BVH 0%
Fra:2 Mem:14.56M (Peak 55.19M) | Time:00:00.00 | Mem:0.68M, Peak:0.90M | Scene, ViewLayer | Updating Scene BVH | Copying BVH to device
Fra:2 Mem:14.56M (Peak 55.19M) | Time:00:00.00 | Mem:0.68M, Peak:0.90M | Scene, ViewLayer | Updating Mesh | Computing normals
Fra:2 Mem:15.17M (Peak 55.19M) | Time:00:00.00 | Mem:0.68M, Peak:0.90M | Scene, ViewLayer | Updating Mesh | Copying Mesh to device
Fra:2 Mem:15.17M (Peak 55.19M) | Time:00:00.00 | Mem:1.29M, Peak:1.29M | Scene, ViewLayer | Updating Objects Flags
Fra:2 Mem:15.17M (Peak 55.19M) | Time:00:00.00 | Mem:1.29M, Peak:1.29M | Scene, ViewLayer | Updating Primitive Offsets
Fra:2 Mem:15.17M (Peak 55.19M) | Time:00:00.00 | Mem:1.29M, Peak:1.29M | Scene, ViewLayer | Updating Images
Fra:2 Mem:15.17M (Peak 55.19M) | Time:00:00.00 | Mem:1.29M, Peak:1.29M | Scene, ViewLayer | Updating Camera Volume
Fra:2 Mem:15.17M (Peak 55.19M) | Time:00:00.00 | Mem:1.29M, Peak:1.29M | Scene, ViewLayer | Updating Lookup Tables
Fra:2 Mem:15.17M (Peak 55.19M) | Time:00:00.00 | Mem:1.37M, Peak:1.37M | Scene, ViewLayer | Updating Lights
Fra:2 Mem:15.17M (Peak 55.19M) | Time:00:00.00 | Mem:1.37M, Peak:1.37M | Scene, ViewLayer | Updating Lights | Computing distribution
Fra:2 Mem:15.17M (Peak 55.19M) | Time:00:00.00 | Mem:1.37M, Peak:1.37M | Scene, ViewLayer | Updating Lights | Computing tree
Fra:2 Mem:15.17M (Peak 55.19M) | Time:00:00.00 | Mem:1.37M, Peak:1.37M | Scene, ViewLayer | Updating Integrator
Fra:2 Mem:16.17M (Peak 55.19M) | Time:00:00.00 | Mem:2.37M, Peak:2.37M | Scene, ViewLayer | Updating Film
Fra:2 Mem:16.18M (Peak 55.19M) | Time:00:00.00 | Mem:2.29M, Peak:2.37M | Scene, ViewLayer | Updating Lookup Tables
Fra:2 Mem:16.18M (Peak 55.19M) | Time:00:00.00 | Mem:2.38M, Peak:2.38M | Scene, ViewLayer | Updating Baking
Fra:2 Mem:16.18M (Peak 55.19M) | Time:00:00.00 | Mem:2.38M, Peak:2.38M | Scene, ViewLayer | Updating Device | Writing constant memory
Fra:2 Mem:16.18M (Peak 55.19M) | Time:00:00.00 | Mem:2.38M, Peak:2.38M | Scene, ViewLayer | Sample 0/32
Fra:2 Mem:35.19M (Peak 55.19M) | Time:00:00.08 | Remaining:00:02.52 | Mem:21.38M, Peak:21.38M | Scene, ViewLayer | Sample 1/32
Fra:2 Mem:43.19M (Peak 55.20M) | Time:00:03.78 | Mem:21.38M, Peak:21.38M | Scene, ViewLayer | Sample 32/32
Fra:2 Mem:43.19M (Peak 55.20M) | Time:00:03.78 | Mem:21.38M, Peak:21.38M | Scene, ViewLayer | Finished
Fra:2 Mem:21.36M (Peak 55.20M) | Time:00:03.78 | Compositing
Fra:2 Mem:21.36M (Peak 55.20M) | Time:00:03.78 | Compositing | Determining resolution
Fra:2 Mem:21.36M (Peak 55.20M) | Time:00:03.78 | Compositing | Initializing execution
Fra:2 Mem:21.36M (Peak 55.20M) | Time:00:03.78 | Compositing | De-initializing execution
Saved: '/vepfs_default/chanxueyan/lhp/lms/aDSL/temp/geometry_elephant_000_20260929/B/views/render_0002.png'
Time: 00:03.82 (Saving: 00:00.03)

Fra:3 Mem:15.02M (Peak 55.20M) | Time:00:00.00 | Mem:0.00M, Peak:0.00M | Scene, ViewLayer | Synchronizing object | geometry_0_hull
Fra:3 Mem:15.02M (Peak 55.20M) | Time:00:00.00 | Mem:0.00M, Peak:0.00M | Scene, ViewLayer | Synchronizing object | geometry_0_mesh
Fra:3 Mem:15.15M (Peak 55.20M) | Time:00:00.00 | Mem:0.00M, Peak:0.00M | Scene, ViewLayer | Synchronizing object | geometry_0_hull.005
Fra:3 Mem:15.20M (Peak 55.20M) | Time:00:00.00 | Mem:0.00M, Peak:0.00M | Scene, ViewLayer | Synchronizing object | geometry_0_hull.002
Fra:3 Mem:15.48M (Peak 55.20M) | Time:00:00.00 | Mem:0.00M, Peak:0.00M | Scene, ViewLayer | Synchronizing object | geometry_0_hull.004
Fra:3 Mem:15.49M (Peak 55.20M) | Time:00:00.00 | Mem:0.00M, Peak:0.00M | Scene, ViewLayer | Synchronizing object | geometry_0_hull.001
Fra:3 Mem:15.66M (Peak 55.20M) | Time:00:00.00 | Mem:0.00M, Peak:0.00M | Scene, ViewLayer | Synchronizing object | geometry_0_mesh.001
Fra:3 Mem:15.80M (Peak 55.20M) | Time:00:00.00 | Mem:0.00M, Peak:0.00M | Scene, ViewLayer | Synchronizing object | geometry_0_sphere.001
Fra:3 Mem:15.84M (Peak 55.20M) | Time:00:00.00 | Mem:0.00M, Peak:0.00M | Scene, ViewLayer | Initializing
Fra:3 Mem:14.18M (Peak 55.20M) | Time:00:00.00 | Mem:0.00M, Peak:0.00M | Scene, ViewLayer | Waiting for render to start
Fra:3 Mem:14.19M (Peak 55.20M) | Time:00:00.00 | Mem:0.00M, Peak:0.00M | Scene, ViewLayer | Loading render kernels (may take a few minutes the first time)
Fra:3 Mem:14.19M (Peak 55.20M) | Time:00:00.00 | Mem:0.00M, Peak:0.00M | Scene, ViewLayer | Updating Scene
Fra:3 Mem:14.19M (Peak 55.20M) | Time:00:00.00 | Mem:0.00M, Peak:0.00M | Scene, ViewLayer | Updating Shaders
Fra:3 Mem:14.27M (Peak 55.20M) | Time:00:00.00 | Mem:0.00M, Peak:0.00M | Scene, ViewLayer | Updating Procedurals
Fra:3 Mem:14.27M (Peak 55.20M) | Time:00:00.00 | Mem:0.00M, Peak:0.00M | Scene, ViewLayer | Updating Background
Fra:3 Mem:14.27M (Peak 55.20M) | Time:00:00.00 | Mem:0.00M, Peak:0.00M | Scene, ViewLayer | Updating Camera
Fra:3 Mem:14.27M (Peak 55.20M) | Time:00:00.00 | Mem:0.00M, Peak:0.00M | Scene, ViewLayer | Updating Meshes Flags
Fra:3 Mem:14.27M (Peak 55.20M) | Time:00:00.00 | Mem:0.00M, Peak:0.00M | Scene, ViewLayer | Updating Objects
Fra:3 Mem:14.27M (Peak 55.20M) | Time:00:00.00 | Mem:0.00M, Peak:0.00M | Scene, ViewLayer | Updating Objects | Copying Transformations to device
Fra:3 Mem:14.27M (Peak 55.20M) | Time:00:00.00 | Mem:0.00M, Peak:0.00M | Scene, ViewLayer | Updating Objects | Applying Static Transformations
Fra:3 Mem:14.27M (Peak 55.20M) | Time:00:00.00 | Mem:0.00M, Peak:0.00M | Scene, ViewLayer | Updating Particle Systems
Fra:3 Mem:14.27M (Peak 55.20M) | Time:00:00.00 | Mem:0.00M, Peak:0.00M | Scene, ViewLayer | Updating Particle Systems | Copying Particles to device
Fra:3 Mem:14.27M (Peak 55.20M) | Time:00:00.00 | Mem:0.00M, Peak:0.00M | Scene, ViewLayer | Updating Meshes
Fra:3 Mem:14.38M (Peak 55.20M) | Time:00:00.00 | Mem:0.00M, Peak:0.00M | Scene, ViewLayer | Updating Mesh | Computing attributes
Fra:3 Mem:14.56M (Peak 55.20M) | Time:00:00.00 | Mem:0.00M, Peak:0.00M | Scene, ViewLayer | Updating Mesh | Copying Attributes to device
Fra:3 Mem:14.56M (Peak 55.20M) | Time:00:00.00 | Mem:0.18M, Peak:0.18M | Scene, ViewLayer | Updating Scene BVH | Building
Fra:3 Mem:14.56M (Peak 55.20M) | Time:00:00.00 | Mem:0.18M, Peak:0.18M | Scene, ViewLayer | Updating Scene BVH | Building BVH
Fra:3 Mem:14.56M (Peak 55.20M) | Time:00:00.00 | Mem:0.41M, Peak:0.41M | Scene, ViewLayer | Updating Scene BVH | Building BVH 0%
Fra:3 Mem:14.56M (Peak 55.20M) | Time:00:00.01 | Mem:0.68M, Peak:0.90M | Scene, ViewLayer | Updating Scene BVH | Copying BVH to device
Fra:3 Mem:14.56M (Peak 55.20M) | Time:00:00.01 | Mem:0.68M, Peak:0.90M | Scene, ViewLayer | Updating Mesh | Computing normals
Fra:3 Mem:15.17M (Peak 55.20M) | Time:00:00.01 | Mem:0.68M, Peak:0.90M | Scene, ViewLayer | Updating Mesh | Copying Mesh to device
Fra:3 Mem:15.17M (Peak 55.20M) | Time:00:00.01 | Mem:1.29M, Peak:1.29M | Scene, ViewLayer | Updating Objects Flags
Fra:3 Mem:15.17M (Peak 55.20M) | Time:00:00.01 | Mem:1.29M, Peak:1.29M | Scene, ViewLayer | Updating Primitive Offsets
Fra:3 Mem:15.17M (Peak 55.20M) | Time:00:00.01 | Mem:1.29M, Peak:1.29M | Scene, ViewLayer | Updating Images
Fra:3 Mem:15.17M (Peak 55.20M) | Time:00:00.01 | Mem:1.29M, Peak:1.29M | Scene, ViewLayer | Updating Camera Volume
Fra:3 Mem:15.17M (Peak 55.20M) | Time:00:00.01 | Mem:1.29M, Peak:1.29M | Scene, ViewLayer | Updating Lookup Tables
Fra:3 Mem:15.17M (Peak 55.20M) | Time:00:00.01 | Mem:1.37M, Peak:1.37M | Scene, ViewLayer | Updating Lights
Fra:3 Mem:15.17M (Peak 55.20M) | Time:00:00.01 | Mem:1.37M, Peak:1.37M | Scene, ViewLayer | Updating Lights | Computing distribution
Fra:3 Mem:15.17M (Peak 55.20M) | Time:00:00.01 | Mem:1.37M, Peak:1.37M | Scene, ViewLayer | Updating Lights | Computing tree
Fra:3 Mem:15.17M (Peak 55.20M) | Time:00:00.01 | Mem:1.37M, Peak:1.37M | Scene, ViewLayer | Updating Integrator
Fra:3 Mem:16.17M (Peak 55.20M) | Time:00:00.01 | Mem:2.37M, Peak:2.37M | Scene, ViewLayer | Updating Film
Fra:3 Mem:16.18M (Peak 55.20M) | Time:00:00.01 | Mem:2.29M, Peak:2.37M | Scene, ViewLayer | Updating Lookup Tables
Fra:3 Mem:16.18M (Peak 55.20M) | Time:00:00.01 | Mem:2.38M, Peak:2.38M | Scene, ViewLayer | Updating Baking
Fra:3 Mem:16.18M (Peak 55.20M) | Time:00:00.01 | Mem:2.38M, Peak:2.38M | Scene, ViewLayer | Updating Device | Writing constant memory
Fra:3 Mem:16.18M (Peak 55.20M) | Time:00:00.01 | Mem:2.38M, Peak:2.38M | Scene, ViewLayer | Sample 0/32
Fra:3 Mem:35.19M (Peak 55.20M) | Time:00:00.06 | Remaining:00:01.69 | Mem:21.38M, Peak:21.38M | Scene, ViewLayer | Sample 1/32
Fra:3 Mem:43.19M (Peak 55.20M) | Time:00:06.65 | Mem:21.38M, Peak:21.38M | Scene, ViewLayer | Sample 32/32
Fra:3 Mem:43.19M (Peak 55.20M) | Time:00:06.65 | Mem:21.38M, Peak:21.38M | Scene, ViewLayer | Finished
Fra:3 Mem:21.36M (Peak 55.20M) | Time:00:06.65 | Compositing
Fra:3 Mem:21.36M (Peak 55.20M) | Time:00:06.65 | Compositing | Determining resolution
Fra:3 Mem:21.36M (Peak 55.20M) | Time:00:06.65 | Compositing | Initializing execution
Fra:3 Mem:21.36M (Peak 55.20M) | Time:00:06.65 | Compositing | De-initializing execution
Saved: '/vepfs_default/chanxueyan/lhp/lms/aDSL/temp/geometry_elephant_000_20260929/B/views/render_0003.png'
Time: 00:06.68 (Saving: 00:00.02)

Fra:4 Mem:15.02M (Peak 55.20M) | Time:00:00.00 | Mem:0.00M, Peak:0.00M | Scene, ViewLayer | Synchronizing object | geometry_0_hull
Fra:4 Mem:15.07M (Peak 55.20M) | Time:00:00.00 | Mem:0.00M, Peak:0.00M | Scene, ViewLayer | Synchronizing object | geometry_0_mesh
Fra:4 Mem:15.15M (Peak 55.20M) | Time:00:00.00 | Mem:0.00M, Peak:0.00M | Scene, ViewLayer | Synchronizing object | geometry_0_hull.005
Fra:4 Mem:15.26M (Peak 55.20M) | Time:00:00.00 | Mem:0.00M, Peak:0.00M | Scene, ViewLayer | Synchronizing object | geometry_0_sphere
Fra:4 Mem:15.32M (Peak 55.20M) | Time:00:00.00 | Mem:0.00M, Peak:0.00M | Scene, ViewLayer | Synchronizing object | geometry_0_hull.002
Fra:4 Mem:15.35M (Peak 55.20M) | Time:00:00.00 | Mem:0.00M, Peak:0.00M | Scene, ViewLayer | Synchronizing object | geometry_0_hull.003
Fra:4 Mem:15.46M (Peak 55.20M) | Time:00:00.00 | Mem:0.00M, Peak:0.00M | Scene, ViewLayer | Synchronizing object | geometry_0_hull.004
Fra:4 Mem:15.61M (Peak 55.20M) | Time:00:00.00 | Mem:0.00M, Peak:0.00M | Scene, ViewLayer | Synchronizing object | geometry_0_sphere.001
Fra:4 Mem:15.69M (Peak 55.20M) | Time:00:00.00 | Mem:0.00M, Peak:0.00M | Scene, ViewLayer | Synchronizing object | geometry_0_hull.001
Fra:4 Mem:15.78M (Peak 55.20M) | Time:00:00.00 | Mem:0.00M, Peak:0.00M | Scene, ViewLayer | Synchronizing object | geometry_0_mesh.001
Fra:4 Mem:15.84M (Peak 55.20M) | Time:00:00.00 | Mem:0.00M, Peak:0.00M | Scene, ViewLayer | Initializing
Fra:4 Mem:14.18M (Peak 55.20M) | Time:00:00.00 | Mem:0.00M, Peak:0.00M | Scene, ViewLayer | Waiting for render to start
Fra:4 Mem:14.19M (Peak 55.20M) | Time:00:00.00 | Mem:0.00M, Peak:0.00M | Scene, ViewLayer | Loading render kernels (may take a few minutes the first time)
Fra:4 Mem:14.19M (Peak 55.20M) | Time:00:00.00 | Mem:0.00M, Peak:0.00M | Scene, ViewLayer | Updating Scene
Fra:4 Mem:14.19M (Peak 55.20M) | Time:00:00.00 | Mem:0.00M, Peak:0.00M | Scene, ViewLayer | Updating Shaders
Fra:4 Mem:14.27M (Peak 55.20M) | Time:00:00.00 | Mem:0.00M, Peak:0.00M | Scene, ViewLayer | Updating Procedurals
Fra:4 Mem:14.27M (Peak 55.20M) | Time:00:00.00 | Mem:0.00M, Peak:0.00M | Scene, ViewLayer | Updating Background
Fra:4 Mem:14.27M (Peak 55.20M) | Time:00:00.00 | Mem:0.00M, Peak:0.00M | Scene, ViewLayer | Updating Camera
Fra:4 Mem:14.27M (Peak 55.20M) | Time:00:00.00 | Mem:0.00M, Peak:0.00M | Scene, ViewLayer | Updating Meshes Flags
Fra:4 Mem:14.27M (Peak 55.20M) | Time:00:00.00 | Mem:0.00M, Peak:0.00M | Scene, ViewLayer | Updating Objects
Fra:4 Mem:14.27M (Peak 55.20M) | Time:00:00.00 | Mem:0.00M, Peak:0.00M | Scene, ViewLayer | Updating Objects | Copying Transformations to device
Fra:4 Mem:14.27M (Peak 55.20M) | Time:00:00.00 | Mem:0.00M, Peak:0.00M | Scene, ViewLayer | Updating Objects | Applying Static Transformations
Fra:4 Mem:14.27M (Peak 55.20M) | Time:00:00.00 | Mem:0.00M, Peak:0.00M | Scene, ViewLayer | Updating Particle Systems
Fra:4 Mem:14.27M (Peak 55.20M) | Time:00:00.00 | Mem:0.00M, Peak:0.00M | Scene, ViewLayer | Updating Particle Systems | Copying Particles to device
Fra:4 Mem:14.27M (Peak 55.20M) | Time:00:00.00 | Mem:0.00M, Peak:0.00M | Scene, ViewLayer | Updating Meshes
Fra:4 Mem:14.38M (Peak 55.20M) | Time:00:00.00 | Mem:0.00M, Peak:0.00M | Scene, ViewLayer | Updating Mesh | Computing attributes
Fra:4 Mem:14.56M (Peak 55.20M) | Time:00:00.00 | Mem:0.00M, Peak:0.00M | Scene, ViewLayer | Updating Mesh | Copying Attributes to device
Fra:4 Mem:14.56M (Peak 55.20M) | Time:00:00.00 | Mem:0.18M, Peak:0.18M | Scene, ViewLayer | Updating Scene BVH | Building
Fra:4 Mem:14.56M (Peak 55.20M) | Time:00:00.00 | Mem:0.18M, Peak:0.18M | Scene, ViewLayer | Updating Scene BVH | Building BVH
Fra:4 Mem:14.56M (Peak 55.20M) | Time:00:00.00 | Mem:0.41M, Peak:0.41M | Scene, ViewLayer | Updating Scene BVH | Building BVH 0%
Fra:4 Mem:14.56M (Peak 55.20M) | Time:00:00.00 | Mem:0.68M, Peak:0.90M | Scene, ViewLayer | Updating Scene BVH | Copying BVH to device
Fra:4 Mem:14.56M (Peak 55.20M) | Time:00:00.00 | Mem:0.68M, Peak:0.90M | Scene, ViewLayer | Updating Mesh | Computing normals
Fra:4 Mem:15.17M (Peak 55.20M) | Time:00:00.01 | Mem:0.68M, Peak:0.90M | Scene, ViewLayer | Updating Mesh | Copying Mesh to device
Fra:4 Mem:15.17M (Peak 55.20M) | Time:00:00.01 | Mem:1.29M, Peak:1.29M | Scene, ViewLayer | Updating Objects Flags
Fra:4 Mem:15.17M (Peak 55.20M) | Time:00:00.01 | Mem:1.29M, Peak:1.29M | Scene, ViewLayer | Updating Primitive Offsets
Fra:4 Mem:15.17M (Peak 55.20M) | Time:00:00.01 | Mem:1.29M, Peak:1.29M | Scene, ViewLayer | Updating Images
Fra:4 Mem:15.17M (Peak 55.20M) | Time:00:00.01 | Mem:1.29M, Peak:1.29M | Scene, ViewLayer | Updating Camera Volume
Fra:4 Mem:15.17M (Peak 55.20M) | Time:00:00.01 | Mem:1.29M, Peak:1.29M | Scene, ViewLayer | Updating Lookup Tables
Fra:4 Mem:15.17M (Peak 55.20M) | Time:00:00.01 | Mem:1.37M, Peak:1.37M | Scene, ViewLayer | Updating Lights
Fra:4 Mem:15.17M (Peak 55.20M) | Time:00:00.01 | Mem:1.37M, Peak:1.37M | Scene, ViewLayer | Updating Lights | Computing distribution
Fra:4 Mem:15.17M (Peak 55.20M) | Time:00:00.01 | Mem:1.37M, Peak:1.37M | Scene, ViewLayer | Updating Lights | Computing tree
Fra:4 Mem:15.17M (Peak 55.20M) | Time:00:00.01 | Mem:1.37M, Peak:1.37M | Scene, ViewLayer | Updating Integrator
Fra:4 Mem:16.17M (Peak 55.20M) | Time:00:00.01 | Mem:2.37M, Peak:2.37M | Scene, ViewLayer | Updating Film
Fra:4 Mem:16.18M (Peak 55.20M) | Time:00:00.01 | Mem:2.29M, Peak:2.37M | Scene, ViewLayer | Updating Lookup Tables
Fra:4 Mem:16.18M (Peak 55.20M) | Time:00:00.01 | Mem:2.38M, Peak:2.38M | Scene, ViewLayer | Updating Baking
Fra:4 Mem:16.18M (Peak 55.20M) | Time:00:00.01 | Mem:2.38M, Peak:2.38M | Scene, ViewLayer | Updating Device | Writing constant memory
Fra:4 Mem:16.18M (Peak 55.20M) | Time:00:00.01 | Mem:2.38M, Peak:2.38M | Scene, ViewLayer | Sample 0/32
Fra:4 Mem:35.19M (Peak 55.20M) | Time:00:00.07 | Remaining:00:01.92 | Mem:21.38M, Peak:21.38M | Scene, ViewLayer | Sample 1/32
Fra:4 Mem:43.19M (Peak 55.20M) | Time:00:03.01 | Mem:21.38M, Peak:21.38M | Scene, ViewLayer | Sample 32/32
Fra:4 Mem:43.19M (Peak 55.20M) | Time:00:03.01 | Mem:21.38M, Peak:21.38M | Scene, ViewLayer | Finished
Fra:4 Mem:21.36M (Peak 55.20M) | Time:00:03.01 | Compositing
Fra:4 Mem:21.36M (Peak 55.20M) | Time:00:03.01 | Compositing | Determining resolution
Fra:4 Mem:21.36M (Peak 55.20M) | Time:00:03.01 | Compositing | Initializing execution
Fra:4 Mem:21.36M (Peak 55.20M) | Time:00:03.01 | Compositing | De-initializing execution
Saved: '/vepfs_default/chanxueyan/lhp/lms/aDSL/temp/geometry_elephant_000_20260929/B/views/render_0004.png'
Time: 00:03.08 (Saving: 00:00.07)

Fra:5 Mem:15.02M (Peak 55.20M) | Time:00:00.00 | Mem:0.00M, Peak:0.00M | Scene, ViewLayer | Synchronizing object | geometry_0_hull
Fra:5 Mem:15.02M (Peak 55.20M) | Time:00:00.00 | Mem:0.00M, Peak:0.00M | Scene, ViewLayer | Synchronizing object | geometry_0_mesh
Fra:5 Mem:15.12M (Peak 55.20M) | Time:00:00.00 | Mem:0.00M, Peak:0.00M | Scene, ViewLayer | Synchronizing object | geometry_0_hull.005
Fra:5 Mem:15.20M (Peak 55.20M) | Time:00:00.00 | Mem:0.00M, Peak:0.00M | Scene, ViewLayer | Synchronizing object | geometry_0_sphere
Fra:5 Mem:15.35M (Peak 55.20M) | Time:00:00.00 | Mem:0.00M, Peak:0.00M | Scene, ViewLayer | Synchronizing object | geometry_0_hull.002
Fra:5 Mem:15.35M (Peak 55.20M) | Time:00:00.00 | Mem:0.00M, Peak:0.00M | Scene, ViewLayer | Synchronizing object | geometry_0_hull.004
Fra:5 Mem:15.63M (Peak 55.20M) | Time:00:00.00 | Mem:0.00M, Peak:0.00M | Scene, ViewLayer | Synchronizing object | geometry_0_sphere.001
Fra:5 Mem:15.63M (Peak 55.20M) | Time:00:00.00 | Mem:0.00M, Peak:0.00M | Scene, ViewLayer | Synchronizing object | geometry_0_hull.001
Fra:5 Mem:15.79M (Peak 55.20M) | Time:00:00.00 | Mem:0.00M, Peak:0.00M | Scene, ViewLayer | Synchronizing object | geometry_0_mesh.001
Fra:5 Mem:15.84M (Peak 55.20M) | Time:00:00.00 | Mem:0.00M, Peak:0.00M | Scene, ViewLayer | Initializing
Fra:5 Mem:14.18M (Peak 55.20M) | Time:00:00.00 | Mem:0.00M, Peak:0.00M | Scene, ViewLayer | Waiting for render to start
Fra:5 Mem:14.19M (Peak 55.20M) | Time:00:00.00 | Mem:0.00M, Peak:0.00M | Scene, ViewLayer | Loading render kernels (may take a few minutes the first time)
Fra:5 Mem:14.19M (Peak 55.20M) | Time:00:00.00 | Mem:0.00M, Peak:0.00M | Scene, ViewLayer | Updating Scene
Fra:5 Mem:14.19M (Peak 55.20M) | Time:00:00.00 | Mem:0.00M, Peak:0.00M | Scene, ViewLayer | Updating Shaders
Fra:5 Mem:14.27M (Peak 55.20M) | Time:00:00.00 | Mem:0.00M, Peak:0.00M | Scene, ViewLayer | Updating Procedurals
Fra:5 Mem:14.27M (Peak 55.20M) | Time:00:00.00 | Mem:0.00M, Peak:0.00M | Scene, ViewLayer | Updating Background
Fra:5 Mem:14.27M (Peak 55.20M) | Time:00:00.00 | Mem:0.00M, Peak:0.00M | Scene, ViewLayer | Updating Camera
Fra:5 Mem:14.27M (Peak 55.20M) | Time:00:00.00 | Mem:0.00M, Peak:0.00M | Scene, ViewLayer | Updating Meshes Flags
Fra:5 Mem:14.27M (Peak 55.20M) | Time:00:00.00 | Mem:0.00M, Peak:0.00M | Scene, ViewLayer | Updating Objects
Fra:5 Mem:14.27M (Peak 55.20M) | Time:00:00.00 | Mem:0.00M, Peak:0.00M | Scene, ViewLayer | Updating Objects | Copying Transformations to device
Fra:5 Mem:14.27M (Peak 55.20M) | Time:00:00.00 | Mem:0.00M, Peak:0.00M | Scene, ViewLayer | Updating Objects | Applying Static Transformations
Fra:5 Mem:14.27M (Peak 55.20M) | Time:00:00.00 | Mem:0.00M, Peak:0.00M | Scene, ViewLayer | Updating Particle Systems
Fra:5 Mem:14.27M (Peak 55.20M) | Time:00:00.00 | Mem:0.00M, Peak:0.00M | Scene, ViewLayer | Updating Particle Systems | Copying Particles to device
Fra:5 Mem:14.27M (Peak 55.20M) | Time:00:00.00 | Mem:0.00M, Peak:0.00M | Scene, ViewLayer | Updating Meshes
Fra:5 Mem:14.38M (Peak 55.20M) | Time:00:00.00 | Mem:0.00M, Peak:0.00M | Scene, ViewLayer | Updating Mesh | Computing attributes
Fra:5 Mem:14.56M (Peak 55.20M) | Time:00:00.00 | Mem:0.00M, Peak:0.00M | Scene, ViewLayer | Updating Mesh | Copying Attributes to device
Fra:5 Mem:14.56M (Peak 55.20M) | Time:00:00.00 | Mem:0.18M, Peak:0.18M | Scene, ViewLayer | Updating Scene BVH | Building
Fra:5 Mem:14.56M (Peak 55.20M) | Time:00:00.00 | Mem:0.18M, Peak:0.18M | Scene, ViewLayer | Updating Scene BVH | Building BVH
Fra:5 Mem:14.56M (Peak 55.20M) | Time:00:00.00 | Mem:0.41M, Peak:0.41M | Scene, ViewLayer | Updating Scene BVH | Building BVH 0%
Fra:5 Mem:14.56M (Peak 55.20M) | Time:00:00.00 | Mem:0.68M, Peak:0.90M | Scene, ViewLayer | Updating Scene BVH | Copying BVH to device
Fra:5 Mem:14.56M (Peak 55.20M) | Time:00:00.00 | Mem:0.68M, Peak:0.90M | Scene, ViewLayer | Updating Mesh | Computing normals
Fra:5 Mem:15.17M (Peak 55.20M) | Time:00:00.00 | Mem:0.68M, Peak:0.90M | Scene, ViewLayer | Updating Mesh | Copying Mesh to device
Fra:5 Mem:15.17M (Peak 55.20M) | Time:00:00.00 | Mem:1.29M, Peak:1.29M | Scene, ViewLayer | Updating Objects Flags
Fra:5 Mem:15.17M (Peak 55.20M) | Time:00:00.00 | Mem:1.29M, Peak:1.29M | Scene, ViewLayer | Updating Primitive Offsets
Fra:5 Mem:15.17M (Peak 55.20M) | Time:00:00.00 | Mem:1.29M, Peak:1.29M | Scene, ViewLayer | Updating Images
Fra:5 Mem:15.17M (Peak 55.20M) | Time:00:00.00 | Mem:1.29M, Peak:1.29M | Scene, ViewLayer | Updating Camera Volume
Fra:5 Mem:15.17M (Peak 55.20M) | Time:00:00.00 | Mem:1.29M, Peak:1.29M | Scene, ViewLayer | Updating Lookup Tables
Fra:5 Mem:15.17M (Peak 55.20M) | Time:00:00.00 | Mem:1.37M, Peak:1.37M | Scene, ViewLayer | Updating Lights
Fra:5 Mem:15.17M (Peak 55.20M) | Time:00:00.00 | Mem:1.37M, Peak:1.37M | Scene, ViewLayer | Updating Lights | Computing distribution
Fra:5 Mem:15.17M (Peak 55.20M) | Time:00:00.00 | Mem:1.37M, Peak:1.37M | Scene, ViewLayer | Updating Lights | Computing tree
Fra:5 Mem:15.17M (Peak 55.20M) | Time:00:00.00 | Mem:1.37M, Peak:1.37M | Scene, ViewLayer | Updating Integrator
Fra:5 Mem:16.17M (Peak 55.20M) | Time:00:00.00 | Mem:2.37M, Peak:2.37M | Scene, ViewLayer | Updating Film
Fra:5 Mem:16.18M (Peak 55.20M) | Time:00:00.00 | Mem:2.29M, Peak:2.37M | Scene, ViewLayer | Updating Lookup Tables
Fra:5 Mem:16.18M (Peak 55.20M) | Time:00:00.00 | Mem:2.38M, Peak:2.38M | Scene, ViewLayer | Updating Baking
Fra:5 Mem:16.18M (Peak 55.20M) | Time:00:00.00 | Mem:2.38M, Peak:2.38M | Scene, ViewLayer | Updating Device | Writing constant memory
Fra:5 Mem:16.18M (Peak 55.20M) | Time:00:00.00 | Mem:2.38M, Peak:2.38M | Scene, ViewLayer | Sample 0/32
Fra:5 Mem:35.19M (Peak 55.20M) | Time:00:00.03 | Remaining:00:00.85 | Mem:21.38M, Peak:21.38M | Scene, ViewLayer | Sample 1/32
Fra:5 Mem:43.19M (Peak 55.20M) | Time:00:02.92 | Mem:21.38M, Peak:21.38M | Scene, ViewLayer | Sample 32/32
Fra:5 Mem:43.19M (Peak 55.20M) | Time:00:02.92 | Mem:21.38M, Peak:21.38M | Scene, ViewLayer | Finished
Fra:5 Mem:21.36M (Peak 55.20M) | Time:00:02.92 | Compositing
Fra:5 Mem:21.36M (Peak 55.20M) | Time:00:02.92 | Compositing | Determining resolution
Fra:5 Mem:21.36M (Peak 55.20M) | Time:00:02.92 | Compositing | Initializing execution
Fra:5 Mem:21.36M (Peak 55.20M) | Time:00:02.92 | Compositing | De-initializing execution
Saved: '/vepfs_default/chanxueyan/lhp/lms/aDSL/temp/geometry_elephant_000_20260929/B/views/render_0005.png'
Time: 00:02.99 (Saving: 00:00.06)

Fra:6 Mem:15.02M (Peak 55.20M) | Time:00:00.00 | Mem:0.00M, Peak:0.00M | Scene, ViewLayer | Synchronizing object | geometry_0_hull
Fra:6 Mem:15.11M (Peak 55.20M) | Time:00:00.00 | Mem:0.00M, Peak:0.00M | Scene, ViewLayer | Synchronizing object | geometry_0_mesh
Fra:6 Mem:15.15M (Peak 55.20M) | Time:00:00.00 | Mem:0.00M, Peak:0.00M | Scene, ViewLayer | Synchronizing object | geometry_0_sphere
Fra:6 Mem:15.35M (Peak 55.20M) | Time:00:00.00 | Mem:0.00M, Peak:0.00M | Scene, ViewLayer | Synchronizing object | geometry_0_hull.002
Fra:6 Mem:15.38M (Peak 55.20M) | Time:00:00.00 | Mem:0.00M, Peak:0.00M | Scene, ViewLayer | Synchronizing object | geometry_0_hull.003
Fra:6 Mem:15.49M (Peak 55.20M) | Time:00:00.00 | Mem:0.00M, Peak:0.00M | Scene, ViewLayer | Synchronizing object | geometry_0_hull.004
Fra:6 Mem:15.57M (Peak 55.20M) | Time:00:00.00 | Mem:0.00M, Peak:0.00M | Scene, ViewLayer | Synchronizing object | geometry_0_hull.001
Fra:6 Mem:15.67M (Peak 55.20M) | Time:00:00.00 | Mem:0.00M, Peak:0.00M | Scene, ViewLayer | Synchronizing object | geometry_0_sphere.001
Fra:6 Mem:15.77M (Peak 55.20M) | Time:00:00.00 | Mem:0.00M, Peak:0.00M | Scene, ViewLayer | Synchronizing object | geometry_0_mesh.001
Fra:6 Mem:15.84M (Peak 55.20M) | Time:00:00.00 | Mem:0.00M, Peak:0.00M | Scene, ViewLayer | Initializing
Fra:6 Mem:14.18M (Peak 55.20M) | Time:00:00.00 | Mem:0.00M, Peak:0.00M | Scene, ViewLayer | Waiting for render to start
Fra:6 Mem:14.19M (Peak 55.20M) | Time:00:00.00 | Mem:0.00M, Peak:0.00M | Scene, ViewLayer | Loading render kernels (may take a few minutes the first time)
Fra:6 Mem:14.19M (Peak 55.20M) | Time:00:00.00 | Mem:0.00M, Peak:0.00M | Scene, ViewLayer | Updating Scene
Fra:6 Mem:14.19M (Peak 55.20M) | Time:00:00.00 | Mem:0.00M, Peak:0.00M | Scene, ViewLayer | Updating Shaders
Fra:6 Mem:14.27M (Peak 55.20M) | Time:00:00.00 | Mem:0.00M, Peak:0.00M | Scene, ViewLayer | Updating Procedurals
Fra:6 Mem:14.27M (Peak 55.20M) | Time:00:00.00 | Mem:0.00M, Peak:0.00M | Scene, ViewLayer | Updating Background
Fra:6 Mem:14.27M (Peak 55.20M) | Time:00:00.00 | Mem:0.00M, Peak:0.00M | Scene, ViewLayer | Updating Camera
Fra:6 Mem:14.27M (Peak 55.20M) | Time:00:00.00 | Mem:0.00M, Peak:0.00M | Scene, ViewLayer | Updating Meshes Flags
Fra:6 Mem:14.27M (Peak 55.20M) | Time:00:00.00 | Mem:0.00M, Peak:0.00M | Scene, ViewLayer | Updating Objects
Fra:6 Mem:14.27M (Peak 55.20M) | Time:00:00.00 | Mem:0.00M, Peak:0.00M | Scene, ViewLayer | Updating Objects | Copying Transformations to device
Fra:6 Mem:14.27M (Peak 55.20M) | Time:00:00.00 | Mem:0.00M, Peak:0.00M | Scene, ViewLayer | Updating Objects | Applying Static Transformations
Fra:6 Mem:14.27M (Peak 55.20M) | Time:00:00.00 | Mem:0.00M, Peak:0.00M | Scene, ViewLayer | Updating Particle Systems
Fra:6 Mem:14.27M (Peak 55.20M) | Time:00:00.00 | Mem:0.00M, Peak:0.00M | Scene, ViewLayer | Updating Particle Systems | Copying Particles to device
Fra:6 Mem:14.27M (Peak 55.20M) | Time:00:00.00 | Mem:0.00M, Peak:0.00M | Scene, ViewLayer | Updating Meshes
Fra:6 Mem:14.38M (Peak 55.20M) | Time:00:00.00 | Mem:0.00M, Peak:0.00M | Scene, ViewLayer | Updating Mesh | Computing attributes
Fra:6 Mem:14.56M (Peak 55.20M) | Time:00:00.00 | Mem:0.00M, Peak:0.00M | Scene, ViewLayer | Updating Mesh | Copying Attributes to device
Fra:6 Mem:14.56M (Peak 55.20M) | Time:00:00.00 | Mem:0.18M, Peak:0.18M | Scene, ViewLayer | Updating Scene BVH | Building
Fra:6 Mem:14.56M (Peak 55.20M) | Time:00:00.00 | Mem:0.18M, Peak:0.18M | Scene, ViewLayer | Updating Scene BVH | Building BVH
Fra:6 Mem:14.56M (Peak 55.20M) | Time:00:00.00 | Mem:0.41M, Peak:0.41M | Scene, ViewLayer | Updating Scene BVH | Building BVH 0%
Fra:6 Mem:14.56M (Peak 55.20M) | Time:00:00.00 | Mem:0.68M, Peak:0.90M | Scene, ViewLayer | Updating Scene BVH | Copying BVH to device
Fra:6 Mem:14.56M (Peak 55.20M) | Time:00:00.00 | Mem:0.68M, Peak:0.90M | Scene, ViewLayer | Updating Mesh | Computing normals
Fra:6 Mem:15.17M (Peak 55.20M) | Time:00:00.00 | Mem:0.68M, Peak:0.90M | Scene, ViewLayer | Updating Mesh | Copying Mesh to device
Fra:6 Mem:15.17M (Peak 55.20M) | Time:00:00.00 | Mem:1.29M, Peak:1.29M | Scene, ViewLayer | Updating Objects Flags
Fra:6 Mem:15.17M (Peak 55.20M) | Time:00:00.00 | Mem:1.29M, Peak:1.29M | Scene, ViewLayer | Updating Primitive Offsets
Fra:6 Mem:15.17M (Peak 55.20M) | Time:00:00.00 | Mem:1.29M, Peak:1.29M | Scene, ViewLayer | Updating Images
Fra:6 Mem:15.17M (Peak 55.20M) | Time:00:00.00 | Mem:1.29M, Peak:1.29M | Scene, ViewLayer | Updating Camera Volume
Fra:6 Mem:15.17M (Peak 55.20M) | Time:00:00.00 | Mem:1.29M, Peak:1.29M | Scene, ViewLayer | Updating Lookup Tables
Fra:6 Mem:15.17M (Peak 55.20M) | Time:00:00.00 | Mem:1.37M, Peak:1.37M | Scene, ViewLayer | Updating Lights
Fra:6 Mem:15.17M (Peak 55.20M) | Time:00:00.00 | Mem:1.37M, Peak:1.37M | Scene, ViewLayer | Updating Lights | Computing distribution
Fra:6 Mem:15.17M (Peak 55.20M) | Time:00:00.00 | Mem:1.37M, Peak:1.37M | Scene, ViewLayer | Updating Lights | Computing tree
Fra:6 Mem:15.17M (Peak 55.20M) | Time:00:00.00 | Mem:1.37M, Peak:1.37M | Scene, ViewLayer | Updating Integrator
Fra:6 Mem:16.17M (Peak 55.20M) | Time:00:00.00 | Mem:2.37M, Peak:2.37M | Scene, ViewLayer | Updating Film
Fra:6 Mem:16.18M (Peak 55.20M) | Time:00:00.00 | Mem:2.29M, Peak:2.37M | Scene, ViewLayer | Updating Lookup Tables
Fra:6 Mem:16.18M (Peak 55.20M) | Time:00:00.00 | Mem:2.38M, Peak:2.38M | Scene, ViewLayer | Updating Baking
Fra:6 Mem:16.18M (Peak 55.20M) | Time:00:00.00 | Mem:2.38M, Peak:2.38M | Scene, ViewLayer | Updating Device | Writing constant memory
Fra:6 Mem:16.18M (Peak 55.20M) | Time:00:00.00 | Mem:2.38M, Peak:2.38M | Scene, ViewLayer | Sample 0/32
Fra:6 Mem:35.19M (Peak 55.20M) | Time:00:00.03 | Remaining:00:00.93 | Mem:21.38M, Peak:21.38M | Scene, ViewLayer | Sample 1/32
Fra:6 Mem:43.19M (Peak 55.20M) | Time:00:03.42 | Mem:21.38M, Peak:21.38M | Scene, ViewLayer | Sample 32/32
Fra:6 Mem:43.19M (Peak 55.20M) | Time:00:03.42 | Mem:21.38M, Peak:21.38M | Scene, ViewLayer | Finished
Fra:6 Mem:21.36M (Peak 55.20M) | Time:00:03.42 | Compositing
Fra:6 Mem:21.36M (Peak 55.20M) | Time:00:03.42 | Compositing | Determining resolution
Fra:6 Mem:21.36M (Peak 55.20M) | Time:00:03.42 | Compositing | Initializing execution
Fra:6 Mem:21.36M (Peak 55.20M) | Time:00:03.42 | Compositing | De-initializing execution
Saved: '/vepfs_default/chanxueyan/lhp/lms/aDSL/temp/geometry_elephant_000_20260929/B/views/render_0006.png'
Time: 00:03.50 (Saving: 00:00.07)

Fra:7 Mem:15.02M (Peak 55.20M) | Time:00:00.00 | Mem:0.00M, Peak:0.00M | Scene, ViewLayer | Synchronizing object | geometry_0_hull
Fra:7 Mem:15.02M (Peak 55.20M) | Time:00:00.00 | Mem:0.00M, Peak:0.00M | Scene, ViewLayer | Synchronizing object | geometry_0_mesh
Fra:7 Mem:15.16M (Peak 55.20M) | Time:00:00.00 | Mem:0.00M, Peak:0.00M | Scene, ViewLayer | Synchronizing object | geometry_0_hull.005
Fra:7 Mem:15.20M (Peak 55.20M) | Time:00:00.00 | Mem:0.00M, Peak:0.00M | Scene, ViewLayer | Synchronizing object | geometry_0_sphere
Fra:7 Mem:15.32M (Peak 55.20M) | Time:00:00.00 | Mem:0.00M, Peak:0.00M | Scene, ViewLayer | Synchronizing object | geometry_0_hull.002
Fra:7 Mem:15.45M (Peak 55.20M) | Time:00:00.00 | Mem:0.00M, Peak:0.00M | Scene, ViewLayer | Synchronizing object | geometry_0_hull.003
Fra:7 Mem:15.46M (Peak 55.20M) | Time:00:00.00 | Mem:0.00M, Peak:0.00M | Scene, ViewLayer | Synchronizing object | geometry_0_hull.001
Fra:7 Mem:15.75M (Peak 55.20M) | Time:00:00.00 | Mem:0.00M, Peak:0.00M | Scene, ViewLayer | Synchronizing object | geometry_0_mesh.001
Fra:7 Mem:15.78M (Peak 55.20M) | Time:00:00.00 | Mem:0.00M, Peak:0.00M | Scene, ViewLayer | Synchronizing object | geometry_0_sphere.001
Fra:7 Mem:15.84M (Peak 55.20M) | Time:00:00.00 | Mem:0.00M, Peak:0.00M | Scene, ViewLayer | Initializing
Fra:7 Mem:14.18M (Peak 55.20M) | Time:00:00.00 | Mem:0.00M, Peak:0.00M | Scene, ViewLayer | Waiting for render to start
Fra:7 Mem:14.19M (Peak 55.20M) | Time:00:00.00 | Mem:0.00M, Peak:0.00M | Scene, ViewLayer | Loading render kernels (may take a few minutes the first time)
Fra:7 Mem:14.19M (Peak 55.20M) | Time:00:00.00 | Mem:0.00M, Peak:0.00M | Scene, ViewLayer | Updating Scene
Fra:7 Mem:14.19M (Peak 55.20M) | Time:00:00.00 | Mem:0.00M, Peak:0.00M | Scene, ViewLayer | Updating Shaders
Fra:7 Mem:14.27M (Peak 55.20M) | Time:00:00.00 | Mem:0.00M, Peak:0.00M | Scene, ViewLayer | Updating Procedurals
Fra:7 Mem:14.27M (Peak 55.20M) | Time:00:00.00 | Mem:0.00M, Peak:0.00M | Scene, ViewLayer | Updating Background
Fra:7 Mem:14.27M (Peak 55.20M) | Time:00:00.00 | Mem:0.00M, Peak:0.00M | Scene, ViewLayer | Updating Camera
Fra:7 Mem:14.27M (Peak 55.20M) | Time:00:00.00 | Mem:0.00M, Peak:0.00M | Scene, ViewLayer | Updating Meshes Flags
Fra:7 Mem:14.27M (Peak 55.20M) | Time:00:00.00 | Mem:0.00M, Peak:0.00M | Scene, ViewLayer | Updating Objects
Fra:7 Mem:14.27M (Peak 55.20M) | Time:00:00.00 | Mem:0.00M, Peak:0.00M | Scene, ViewLayer | Updating Objects | Copying Transformations to device
Fra:7 Mem:14.27M (Peak 55.20M) | Time:00:00.00 | Mem:0.00M, Peak:0.00M | Scene, ViewLayer | Updating Objects | Applying Static Transformations
Fra:7 Mem:14.27M (Peak 55.20M) | Time:00:00.00 | Mem:0.00M, Peak:0.00M | Scene, ViewLayer | Updating Particle Systems
Fra:7 Mem:14.27M (Peak 55.20M) | Time:00:00.00 | Mem:0.00M, Peak:0.00M | Scene, ViewLayer | Updating Particle Systems | Copying Particles to device
Fra:7 Mem:14.27M (Peak 55.20M) | Time:00:00.00 | Mem:0.00M, Peak:0.00M | Scene, ViewLayer | Updating Meshes
Fra:7 Mem:14.38M (Peak 55.20M) | Time:00:00.00 | Mem:0.00M, Peak:0.00M | Scene, ViewLayer | Updating Mesh | Computing attributes
Fra:7 Mem:14.56M (Peak 55.20M) | Time:00:00.00 | Mem:0.00M, Peak:0.00M | Scene, ViewLayer | Updating Mesh | Copying Attributes to device
Fra:7 Mem:14.56M (Peak 55.20M) | Time:00:00.00 | Mem:0.18M, Peak:0.18M | Scene, ViewLayer | Updating Scene BVH | Building
Fra:7 Mem:14.56M (Peak 55.20M) | Time:00:00.00 | Mem:0.18M, Peak:0.18M | Scene, ViewLayer | Updating Scene BVH | Building BVH
Fra:7 Mem:14.56M (Peak 55.20M) | Time:00:00.00 | Mem:0.41M, Peak:0.41M | Scene, ViewLayer | Updating Scene BVH | Building BVH 0%
Fra:7 Mem:14.56M (Peak 55.20M) | Time:00:00.00 | Mem:0.68M, Peak:0.90M | Scene, ViewLayer | Updating Scene BVH | Copying BVH to device
Fra:7 Mem:14.56M (Peak 55.20M) | Time:00:00.00 | Mem:0.68M, Peak:0.90M | Scene, ViewLayer | Updating Mesh | Computing normals
Fra:7 Mem:15.17M (Peak 55.20M) | Time:00:00.00 | Mem:0.68M, Peak:0.90M | Scene, ViewLayer | Updating Mesh | Copying Mesh to device
Fra:7 Mem:15.17M (Peak 55.20M) | Time:00:00.00 | Mem:1.29M, Peak:1.29M | Scene, ViewLayer | Updating Objects Flags
Fra:7 Mem:15.17M (Peak 55.20M) | Time:00:00.00 | Mem:1.29M, Peak:1.29M | Scene, ViewLayer | Updating Primitive Offsets
Fra:7 Mem:15.17M (Peak 55.20M) | Time:00:00.00 | Mem:1.29M, Peak:1.29M | Scene, ViewLayer | Updating Images
Fra:7 Mem:15.17M (Peak 55.20M) | Time:00:00.00 | Mem:1.29M, Peak:1.29M | Scene, ViewLayer | Updating Camera Volume
Fra:7 Mem:15.17M (Peak 55.20M) | Time:00:00.00 | Mem:1.29M, Peak:1.29M | Scene, ViewLayer | Updating Lookup Tables
Fra:7 Mem:15.17M (Peak 55.20M) | Time:00:00.00 | Mem:1.37M, Peak:1.37M | Scene, ViewLayer | Updating Lights
Fra:7 Mem:15.17M (Peak 55.20M) | Time:00:00.00 | Mem:1.37M, Peak:1.37M | Scene, ViewLayer | Updating Lights | Computing distribution
Fra:7 Mem:15.17M (Peak 55.20M) | Time:00:00.00 | Mem:1.37M, Peak:1.37M | Scene, ViewLayer | Updating Lights | Computing tree
Fra:7 Mem:15.17M (Peak 55.20M) | Time:00:00.00 | Mem:1.37M, Peak:1.37M | Scene, ViewLayer | Updating Integrator
Fra:7 Mem:16.17M (Peak 55.20M) | Time:00:00.00 | Mem:2.37M, Peak:2.37M | Scene, ViewLayer | Updating Film
Fra:7 Mem:16.18M (Peak 55.20M) | Time:00:00.00 | Mem:2.29M, Peak:2.37M | Scene, ViewLayer | Updating Lookup Tables
Fra:7 Mem:16.18M (Peak 55.20M) | Time:00:00.00 | Mem:2.38M, Peak:2.38M | Scene, ViewLayer | Updating Baking
Fra:7 Mem:16.18M (Peak 55.20M) | Time:00:00.00 | Mem:2.38M, Peak:2.38M | Scene, ViewLayer | Updating Device | Writing constant memory
Fra:7 Mem:16.18M (Peak 55.20M) | Time:00:00.00 | Mem:2.38M, Peak:2.38M | Scene, ViewLayer | Sample 0/32
Fra:7 Mem:35.19M (Peak 55.20M) | Time:00:00.03 | Remaining:00:00.86 | Mem:21.38M, Peak:21.38M | Scene, ViewLayer | Sample 1/32
Fra:7 Mem:43.19M (Peak 55.20M) | Time:00:02.98 | Mem:21.38M, Peak:21.38M | Scene, ViewLayer | Sample 32/32
Fra:7 Mem:43.19M (Peak 55.20M) | Time:00:02.98 | Mem:21.38M, Peak:21.38M | Scene, ViewLayer | Finished
Fra:7 Mem:21.36M (Peak 55.20M) | Time:00:02.98 | Compositing
Fra:7 Mem:21.36M (Peak 55.20M) | Time:00:02.98 | Compositing | Determining resolution
Fra:7 Mem:21.36M (Peak 55.20M) | Time:00:02.98 | Compositing | Initializing execution
Fra:7 Mem:21.36M (Peak 55.20M) | Time:00:02.98 | Compositing | De-initializing execution
Saved: '/vepfs_default/chanxueyan/lhp/lms/aDSL/temp/geometry_elephant_000_20260929/B/views/render_0007.png'
Time: 00:03.01 (Saving: 00:00.02)

Fra:8 Mem:15.02M (Peak 55.20M) | Time:00:00.00 | Mem:0.00M, Peak:0.00M | Scene, ViewLayer | Synchronizing object | geometry_0_hull
Fra:8 Mem:15.02M (Peak 55.20M) | Time:00:00.00 | Mem:0.00M, Peak:0.00M | Scene, ViewLayer | Synchronizing object | geometry_0_mesh
Fra:8 Mem:15.15M (Peak 55.20M) | Time:00:00.00 | Mem:0.00M, Peak:0.00M | Scene, ViewLayer | Synchronizing object | geometry_0_hull.005
Fra:8 Mem:15.16M (Peak 55.20M) | Time:00:00.00 | Mem:0.00M, Peak:0.00M | Scene, ViewLayer | Synchronizing object | geometry_0_hull.002
Fra:8 Mem:15.45M (Peak 55.20M) | Time:00:00.00 | Mem:0.00M, Peak:0.00M | Scene, ViewLayer | Synchronizing object | geometry_0_hull.003
Fra:8 Mem:15.52M (Peak 55.20M) | Time:00:00.00 | Mem:0.00M, Peak:0.00M | Scene, ViewLayer | Synchronizing object | geometry_0_hull.004
Fra:8 Mem:15.61M (Peak 55.20M) | Time:00:00.00 | Mem:0.00M, Peak:0.00M | Scene, ViewLayer | Synchronizing object | geometry_0_hull.001
Fra:8 Mem:15.65M (Peak 55.20M) | Time:00:00.00 | Mem:0.00M, Peak:0.00M | Scene, ViewLayer | Synchronizing object | geometry_0_mesh.001
Fra:8 Mem:15.84M (Peak 55.20M) | Time:00:00.00 | Mem:0.00M, Peak:0.00M | Scene, ViewLayer | Initializing
Fra:8 Mem:14.18M (Peak 55.20M) | Time:00:00.00 | Mem:0.00M, Peak:0.00M | Scene, ViewLayer | Waiting for render to start
Fra:8 Mem:14.19M (Peak 55.20M) | Time:00:00.00 | Mem:0.00M, Peak:0.00M | Scene, ViewLayer | Loading render kernels (may take a few minutes the first time)
Fra:8 Mem:14.19M (Peak 55.20M) | Time:00:00.00 | Mem:0.00M, Peak:0.00M | Scene, ViewLayer | Updating Scene
Fra:8 Mem:14.19M (Peak 55.20M) | Time:00:00.00 | Mem:0.00M, Peak:0.00M | Scene, ViewLayer | Updating Shaders
Fra:8 Mem:14.27M (Peak 55.20M) | Time:00:00.00 | Mem:0.00M, Peak:0.00M | Scene, ViewLayer | Updating Procedurals
Fra:8 Mem:14.27M (Peak 55.20M) | Time:00:00.00 | Mem:0.00M, Peak:0.00M | Scene, ViewLayer | Updating Background
Fra:8 Mem:14.27M (Peak 55.20M) | Time:00:00.00 | Mem:0.00M, Peak:0.00M | Scene, ViewLayer | Updating Camera
Fra:8 Mem:14.27M (Peak 55.20M) | Time:00:00.00 | Mem:0.00M, Peak:0.00M | Scene, ViewLayer | Updating Meshes Flags
Fra:8 Mem:14.27M (Peak 55.20M) | Time:00:00.00 | Mem:0.00M, Peak:0.00M | Scene, ViewLayer | Updating Objects
Fra:8 Mem:14.27M (Peak 55.20M) | Time:00:00.00 | Mem:0.00M, Peak:0.00M | Scene, ViewLayer | Updating Objects | Copying Transformations to device
Fra:8 Mem:14.27M (Peak 55.20M) | Time:00:00.00 | Mem:0.00M, Peak:0.00M | Scene, ViewLayer | Updating Objects | Applying Static Transformations
Fra:8 Mem:14.27M (Peak 55.20M) | Time:00:00.00 | Mem:0.00M, Peak:0.00M | Scene, ViewLayer | Updating Particle Systems
Fra:8 Mem:14.27M (Peak 55.20M) | Time:00:00.00 | Mem:0.00M, Peak:0.00M | Scene, ViewLayer | Updating Particle Systems | Copying Particles to device
Fra:8 Mem:14.27M (Peak 55.20M) | Time:00:00.00 | Mem:0.00M, Peak:0.00M | Scene, ViewLayer | Updating Meshes
Fra:8 Mem:14.38M (Peak 55.20M) | Time:00:00.00 | Mem:0.00M, Peak:0.00M | Scene, ViewLayer | Updating Mesh | Computing attributes
Fra:8 Mem:14.56M (Peak 55.20M) | Time:00:00.00 | Mem:0.00M, Peak:0.00M | Scene, ViewLayer | Updating Mesh | Copying Attributes to device
Fra:8 Mem:14.56M (Peak 55.20M) | Time:00:00.00 | Mem:0.18M, Peak:0.18M | Scene, ViewLayer | Updating Scene BVH | Building
Fra:8 Mem:14.56M (Peak 55.20M) | Time:00:00.00 | Mem:0.18M, Peak:0.18M | Scene, ViewLayer | Updating Scene BVH | Building BVH
Fra:8 Mem:14.56M (Peak 55.20M) | Time:00:00.00 | Mem:0.41M, Peak:0.41M | Scene, ViewLayer | Updating Scene BVH | Building BVH 0%
Fra:8 Mem:14.56M (Peak 55.20M) | Time:00:00.00 | Mem:0.68M, Peak:0.90M | Scene, ViewLayer | Updating Scene BVH | Copying BVH to device
Fra:8 Mem:14.56M (Peak 55.20M) | Time:00:00.00 | Mem:0.68M, Peak:0.90M | Scene, ViewLayer | Updating Mesh | Computing normals
Fra:8 Mem:15.17M (Peak 55.20M) | Time:00:00.00 | Mem:0.68M, Peak:0.90M | Scene, ViewLayer | Updating Mesh | Copying Mesh to device
Fra:8 Mem:15.17M (Peak 55.20M) | Time:00:00.00 | Mem:1.29M, Peak:1.29M | Scene, ViewLayer | Updating Objects Flags
Fra:8 Mem:15.17M (Peak 55.20M) | Time:00:00.00 | Mem:1.29M, Peak:1.29M | Scene, ViewLayer | Updating Primitive Offsets
Fra:8 Mem:15.17M (Peak 55.20M) | Time:00:00.00 | Mem:1.29M, Peak:1.29M | Scene, ViewLayer | Updating Images
Fra:8 Mem:15.17M (Peak 55.20M) | Time:00:00.00 | Mem:1.29M, Peak:1.29M | Scene, ViewLayer | Updating Camera Volume
Fra:8 Mem:15.17M (Peak 55.20M) | Time:00:00.00 | Mem:1.29M, Peak:1.29M | Scene, ViewLayer | Updating Lookup Tables
Fra:8 Mem:15.17M (Peak 55.20M) | Time:00:00.00 | Mem:1.37M, Peak:1.37M | Scene, ViewLayer | Updating Lights
Fra:8 Mem:15.17M (Peak 55.20M) | Time:00:00.00 | Mem:1.37M, Peak:1.37M | Scene, ViewLayer | Updating Lights | Computing distribution
Fra:8 Mem:15.17M (Peak 55.20M) | Time:00:00.00 | Mem:1.37M, Peak:1.37M | Scene, ViewLayer | Updating Lights | Computing tree
Fra:8 Mem:15.17M (Peak 55.20M) | Time:00:00.00 | Mem:1.37M, Peak:1.37M | Scene, ViewLayer | Updating Integrator
Fra:8 Mem:16.17M (Peak 55.20M) | Time:00:00.00 | Mem:2.37M, Peak:2.37M | Scene, ViewLayer | Updating Film
Fra:8 Mem:16.18M (Peak 55.20M) | Time:00:00.00 | Mem:2.29M, Peak:2.37M | Scene, ViewLayer | Updating Lookup Tables
Fra:8 Mem:16.18M (Peak 55.20M) | Time:00:00.00 | Mem:2.38M, Peak:2.38M | Scene, ViewLayer | Updating Baking
Fra:8 Mem:16.18M (Peak 55.20M) | Time:00:00.00 | Mem:2.38M, Peak:2.38M | Scene, ViewLayer | Updating Device | Writing constant memory
Fra:8 Mem:16.18M (Peak 55.20M) | Time:00:00.00 | Mem:2.38M, Peak:2.38M | Scene, ViewLayer | Sample 0/32
Fra:8 Mem:35.19M (Peak 55.20M) | Time:00:00.07 | Remaining:00:02.01 | Mem:21.38M, Peak:21.38M | Scene, ViewLayer | Sample 1/32
Fra:8 Mem:43.19M (Peak 55.20M) | Time:00:03.19 | Mem:21.38M, Peak:21.38M | Scene, ViewLayer | Sample 32/32
Fra:8 Mem:43.19M (Peak 55.20M) | Time:00:03.19 | Mem:21.38M, Peak:21.38M | Scene, ViewLayer | Finished
Fra:8 Mem:21.36M (Peak 55.20M) | Time:00:03.19 | Compositing
Fra:8 Mem:21.36M (Peak 55.20M) | Time:00:03.19 | Compositing | Determining resolution
Fra:8 Mem:21.36M (Peak 55.20M) | Time:00:03.19 | Compositing | Initializing execution
Fra:8 Mem:21.36M (Peak 55.20M) | Time:00:03.19 | Compositing | De-initializing execution
Saved: '/vepfs_default/chanxueyan/lhp/lms/aDSL/temp/geometry_elephant_000_20260929/B/views/render_0008.png'
Time: 00:03.21 (Saving: 00:00.02)

