Warning: Falling back to the standard locale ("C")
Fra:1 Mem:15.17M (Peak 15.17M) | Time:00:00.00 | Mem:0.00M, Peak:0.00M | Scene, ViewLayer | Synchronizing object | geometry_0_cube.006
Fra:1 Mem:15.18M (Peak 15.18M) | Time:00:00.00 | Mem:0.00M, Peak:0.00M | Scene, ViewLayer | Synchronizing object | geometry_0_cube.007
Fra:1 Mem:15.18M (Peak 15.18M) | Time:00:00.00 | Mem:0.00M, Peak:0.00M | Scene, ViewLayer | Synchronizing object | geometry_0_cube.008
Fra:1 Mem:15.18M (Peak 15.18M) | Time:00:00.00 | Mem:0.00M, Peak:0.00M | Scene, ViewLayer | Synchronizing object | geometry_0_cube.009
Fra:1 Mem:15.18M (Peak 15.18M) | Time:00:00.00 | Mem:0.00M, Peak:0.00M | Scene, ViewLayer | Synchronizing object | geometry_0_cube.010
Fra:1 Mem:15.19M (Peak 15.19M) | Time:00:00.00 | Mem:0.00M, Peak:0.00M | Scene, ViewLayer | Synchronizing object | geometry_0_cube.011
Fra:1 Mem:15.19M (Peak 15.19M) | Time:00:00.00 | Mem:0.00M, Peak:0.00M | Scene, ViewLayer | Synchronizing object | geometry_0_cube.012
Fra:1 Mem:15.19M (Peak 15.19M) | Time:00:00.00 | Mem:0.00M, Peak:0.00M | Scene, ViewLayer | Synchronizing object | geometry_0_cube.013
Fra:1 Mem:15.21M (Peak 15.21M) | Time:00:00.00 | Mem:0.00M, Peak:0.00M | Scene, ViewLayer | Synchronizing object | geometry_0_cube.014
Fra:1 Mem:15.21M (Peak 15.21M) | Time:00:00.00 | Mem:0.00M, Peak:0.00M | Scene, ViewLayer | Synchronizing object | geometry_0_cube.015
Fra:1 Mem:15.21M (Peak 15.21M) | Time:00:00.00 | Mem:0.00M, Peak:0.00M | Scene, ViewLayer | Synchronizing object | geometry_0_cube.016
Fra:1 Mem:15.21M (Peak 15.21M) | Time:00:00.00 | Mem:0.00M, Peak:0.00M | Scene, ViewLayer | Synchronizing object | geometry_0_hull.002
Fra:1 Mem:15.21M (Peak 15.21M) | Time:00:00.00 | Mem:0.00M, Peak:0.00M | Scene, ViewLayer | Synchronizing object | geometry_0_cube.017
Fra:1 Mem:15.22M (Peak 15.22M) | Time:00:00.00 | Mem:0.00M, Peak:0.00M | Scene, ViewLayer | Synchronizing object | geometry_0_cube.018
Fra:1 Mem:15.22M (Peak 15.22M) | Time:00:00.00 | Mem:0.00M, Peak:0.00M | Scene, ViewLayer | Synchronizing object | geometry_0_cube.005
Fra:1 Mem:15.22M (Peak 15.22M) | Time:00:00.00 | Mem:0.00M, Peak:0.00M | Scene, ViewLayer | Synchronizing object | geometry_0_cube.019
Fra:1 Mem:15.22M (Peak 15.22M) | Time:00:00.00 | Mem:0.00M, Peak:0.00M | Scene, ViewLayer | Synchronizing object | geometry_0_cube.020
Fra:1 Mem:15.22M (Peak 15.22M) | Time:00:00.00 | Mem:0.00M, Peak:0.00M | Scene, ViewLayer | Synchronizing object | geometry_0_cube.004
Fra:1 Mem:15.22M (Peak 15.22M) | Time:00:00.00 | Mem:0.00M, Peak:0.00M | Scene, ViewLayer | Synchronizing object | geometry_0_cube.021
Fra:1 Mem:15.22M (Peak 15.22M) | Time:00:00.00 | Mem:0.00M, Peak:0.00M | Scene, ViewLayer | Synchronizing object | geometry_0_cube.022
Fra:1 Mem:15.23M (Peak 15.23M) | Time:00:00.00 | Mem:0.00M, Peak:0.00M | Scene, ViewLayer | Synchronizing object | geometry_0_cube.003
Fra:1 Mem:15.23M (Peak 15.23M) | Time:00:00.00 | Mem:0.00M, Peak:0.00M | Scene, ViewLayer | Synchronizing object | geometry_0_cube.023
Fra:1 Mem:15.23M (Peak 15.23M) | Time:00:00.00 | Mem:0.00M, Peak:0.00M | Scene, ViewLayer | Synchronizing object | geometry_0_cube.024
Fra:1 Mem:15.23M (Peak 15.23M) | Time:00:00.00 | Mem:0.00M, Peak:0.00M | Scene, ViewLayer | Synchronizing object | geometry_0_mesh.002
Fra:1 Mem:15.23M (Peak 15.23M) | Time:00:00.00 | Mem:0.00M, Peak:0.00M | Scene, ViewLayer | Synchronizing object | geometry_0_cube.025
Fra:1 Mem:15.24M (Peak 15.24M) | Time:00:00.00 | Mem:0.00M, Peak:0.00M | Scene, ViewLayer | Synchronizing object | geometry_0_cube.028
Fra:1 Mem:15.25M (Peak 15.25M) | Time:00:00.00 | Mem:0.00M, Peak:0.00M | Scene, ViewLayer | Synchronizing object | geometry_0_mesh.001
Fra:1 Mem:15.25M (Peak 15.25M) | Time:00:00.00 | Mem:0.00M, Peak:0.00M | Scene, ViewLayer | Synchronizing object | geometry_0_cube.029
Fra:1 Mem:15.26M (Peak 15.26M) | Time:00:00.00 | Mem:0.00M, Peak:0.00M | Scene, ViewLayer | Synchronizing object | geometry_0_cube.026
Fra:1 Mem:15.27M (Peak 15.27M) | Time:00:00.00 | Mem:0.00M, Peak:0.00M | Scene, ViewLayer | Synchronizing object | geometry_0_mesh
Fra:1 Mem:15.27M (Peak 15.27M) | Time:00:00.00 | Mem:0.00M, Peak:0.00M | Scene, ViewLayer | Synchronizing object | geometry_0_cube.027
Fra:1 Mem:15.28M (Peak 15.28M) | Time:00:00.00 | Mem:0.00M, Peak:0.00M | Scene, ViewLayer | Synchronizing object | geometry_0_cube
Fra:1 Mem:15.28M (Peak 15.28M) | Time:00:00.00 | Mem:0.00M, Peak:0.00M | Scene, ViewLayer | Synchronizing object | geometry_0_hull.001
Fra:1 Mem:15.29M (Peak 15.29M) | Time:00:00.00 | Mem:0.00M, Peak:0.00M | Scene, ViewLayer | Synchronizing object | geometry_0_cube.001
Fra:1 Mem:15.29M (Peak 15.29M) | Time:00:00.00 | Mem:0.00M, Peak:0.00M | Scene, ViewLayer | Synchronizing object | geometry_0_hull
Fra:1 Mem:15.29M (Peak 15.29M) | Time:00:00.00 | Mem:0.00M, Peak:0.00M | Scene, ViewLayer | Synchronizing object | geometry_0_cube.002
Fra:1 Mem:15.29M (Peak 15.29M) | Time:00:00.00 | Mem:0.00M, Peak:0.00M | Scene, ViewLayer | Initializing
Fra:1 Mem:13.18M (Peak 15.29M) | Time:00:00.00 | Mem:0.00M, Peak:0.00M | Scene, ViewLayer | Waiting for render to start
Fra:1 Mem:13.18M (Peak 15.29M) | Time:00:00.00 | Mem:0.00M, Peak:0.00M | Scene, ViewLayer | Loading render kernels (may take a few minutes the first time)
Fra:1 Mem:13.18M (Peak 15.29M) | Time:00:00.00 | Mem:0.00M, Peak:0.00M | Scene, ViewLayer | Updating Scene
Fra:1 Mem:13.18M (Peak 15.29M) | Time:00:00.00 | Mem:0.00M, Peak:0.00M | Scene, ViewLayer | Updating Shaders
Fra:1 Mem:13.27M (Peak 15.29M) | Time:00:00.00 | Mem:0.00M, Peak:0.00M | Scene, ViewLayer | Updating Procedurals
Fra:1 Mem:13.27M (Peak 15.29M) | Time:00:00.00 | Mem:0.00M, Peak:0.00M | Scene, ViewLayer | Updating Background
Fra:1 Mem:13.27M (Peak 15.29M) | Time:00:00.00 | Mem:0.00M, Peak:0.00M | Scene, ViewLayer | Updating Camera
Fra:1 Mem:13.27M (Peak 15.29M) | Time:00:00.00 | Mem:0.00M, Peak:0.00M | Scene, ViewLayer | Updating Meshes Flags
Fra:1 Mem:13.27M (Peak 15.29M) | Time:00:00.00 | Mem:0.00M, Peak:0.00M | Scene, ViewLayer | Updating Objects
Fra:1 Mem:13.27M (Peak 15.29M) | Time:00:00.00 | Mem:0.00M, Peak:0.00M | Scene, ViewLayer | Updating Objects | Copying Transformations to device
Fra:1 Mem:13.28M (Peak 15.29M) | Time:00:00.00 | Mem:0.01M, Peak:0.01M | Scene, ViewLayer | Updating Objects | Applying Static Transformations
Fra:1 Mem:13.28M (Peak 15.29M) | Time:00:00.00 | Mem:0.01M, Peak:0.01M | Scene, ViewLayer | Updating Particle Systems
Fra:1 Mem:13.28M (Peak 15.29M) | Time:00:00.00 | Mem:0.01M, Peak:0.01M | Scene, ViewLayer | Updating Particle Systems | Copying Particles to device
Fra:1 Mem:13.28M (Peak 15.29M) | Time:00:00.00 | Mem:0.01M, Peak:0.01M | Scene, ViewLayer | Updating Meshes
Fra:1 Mem:13.29M (Peak 15.29M) | Time:00:00.00 | Mem:0.01M, Peak:0.01M | Scene, ViewLayer | Updating Mesh | Computing attributes
Fra:1 Mem:13.32M (Peak 15.29M) | Time:00:00.00 | Mem:0.01M, Peak:0.01M | Scene, ViewLayer | Updating Mesh | Copying Attributes to device
Fra:1 Mem:13.31M (Peak 15.29M) | Time:00:00.00 | Mem:0.03M, Peak:0.03M | Scene, ViewLayer | Updating Scene BVH | Building
Fra:1 Mem:13.32M (Peak 15.29M) | Time:00:00.00 | Mem:0.03M, Peak:0.03M | Scene, ViewLayer | Updating Scene BVH | Building BVH
Fra:1 Mem:13.32M (Peak 15.29M) | Time:00:00.00 | Mem:0.06M, Peak:0.06M | Scene, ViewLayer | Updating Scene BVH | Building BVH 0%
Fra:1 Mem:13.32M (Peak 15.29M) | Time:00:00.00 | Mem:0.10M, Peak:0.14M | Scene, ViewLayer | Updating Scene BVH | Copying BVH to device
Fra:1 Mem:13.32M (Peak 15.29M) | Time:00:00.00 | Mem:0.10M, Peak:0.14M | Scene, ViewLayer | Updating Mesh | Computing normals
Fra:1 Mem:13.39M (Peak 15.29M) | Time:00:00.00 | Mem:0.10M, Peak:0.14M | Scene, ViewLayer | Updating Mesh | Copying Mesh to device
Fra:1 Mem:13.39M (Peak 15.29M) | Time:00:00.00 | Mem:0.18M, Peak:0.18M | Scene, ViewLayer | Updating Objects Flags
Fra:1 Mem:13.39M (Peak 15.29M) | Time:00:00.00 | Mem:0.18M, Peak:0.18M | Scene, ViewLayer | Updating Primitive Offsets
Fra:1 Mem:13.39M (Peak 15.29M) | Time:00:00.00 | Mem:0.18M, Peak:0.18M | Scene, ViewLayer | Updating Images
Fra:1 Mem:13.39M (Peak 15.29M) | Time:00:00.00 | Mem:0.18M, Peak:0.18M | Scene, ViewLayer | Updating Camera Volume
Fra:1 Mem:13.39M (Peak 15.29M) | Time:00:00.00 | Mem:0.18M, Peak:0.18M | Scene, ViewLayer | Updating Lookup Tables
Fra:1 Mem:13.39M (Peak 15.29M) | Time:00:00.00 | Mem:0.26M, Peak:0.26M | Scene, ViewLayer | Updating Lights
Fra:1 Mem:13.39M (Peak 15.29M) | Time:00:00.00 | Mem:0.26M, Peak:0.26M | Scene, ViewLayer | Updating Lights | Computing distribution
Fra:1 Mem:13.39M (Peak 15.29M) | Time:00:00.00 | Mem:0.26M, Peak:0.26M | Scene, ViewLayer | Updating Lights | Computing tree
Fra:1 Mem:13.39M (Peak 15.29M) | Time:00:00.00 | Mem:0.26M, Peak:0.26M | Scene, ViewLayer | Updating Integrator
Fra:1 Mem:14.39M (Peak 15.29M) | Time:00:00.00 | Mem:1.26M, Peak:1.26M | Scene, ViewLayer | Updating Film
Fra:1 Mem:14.40M (Peak 15.29M) | Time:00:00.00 | Mem:1.18M, Peak:1.26M | Scene, ViewLayer | Updating Lookup Tables
Fra:1 Mem:14.40M (Peak 15.29M) | Time:00:00.00 | Mem:1.26M, Peak:1.26M | Scene, ViewLayer | Updating Baking
Fra:1 Mem:14.40M (Peak 15.29M) | Time:00:00.00 | Mem:1.26M, Peak:1.26M | Scene, ViewLayer | Updating Device | Writing constant memory
Fra:1 Mem:14.40M (Peak 15.29M) | Time:00:00.00 | Mem:1.26M, Peak:1.26M | Scene, ViewLayer | Sample 0/32
Fra:1 Mem:33.41M (Peak 33.41M) | Time:00:00.04 | Remaining:00:01.06 | Mem:20.26M, Peak:20.26M | Scene, ViewLayer | Sample 1/32
Fra:1 Mem:41.41M (Peak 53.42M) | Time:00:01.94 | Mem:20.26M, Peak:20.26M | Scene, ViewLayer | Sample 32/32
Fra:1 Mem:41.41M (Peak 53.42M) | Time:00:01.94 | Mem:20.26M, Peak:20.26M | Scene, ViewLayer | Finished
Fra:1 Mem:21.09M (Peak 53.42M) | Time:00:01.94 | Compositing
Fra:1 Mem:21.09M (Peak 53.42M) | Time:00:01.94 | Compositing | Determining resolution
Fra:1 Mem:21.09M (Peak 53.42M) | Time:00:01.94 | Compositing | Initializing execution
Fra:1 Mem:21.09M (Peak 53.42M) | Time:00:01.94 | Compositing | De-initializing execution
Saved: '/vepfs_default/chanxueyan/lhp/lms/aDSL/temp/geometry_expression_20260929/B/T02-bookshelf/views/render_0001.png'
Time: 00:01.99 (Saving: 00:00.05)

Fra:2 Mem:15.19M (Peak 53.42M) | Time:00:00.00 | Mem:0.00M, Peak:0.00M | Scene, ViewLayer | Synchronizing object | geometry_0_cube.006
Fra:2 Mem:15.19M (Peak 53.42M) | Time:00:00.00 | Mem:0.00M, Peak:0.00M | Scene, ViewLayer | Synchronizing object | geometry_0_cube.007
Fra:2 Mem:15.20M (Peak 53.42M) | Time:00:00.00 | Mem:0.00M, Peak:0.00M | Scene, ViewLayer | Synchronizing object | geometry_0_cube.008
Fra:2 Mem:15.20M (Peak 53.42M) | Time:00:00.00 | Mem:0.00M, Peak:0.00M | Scene, ViewLayer | Synchronizing object | geometry_0_cube.009
Fra:2 Mem:15.20M (Peak 53.42M) | Time:00:00.00 | Mem:0.00M, Peak:0.00M | Scene, ViewLayer | Synchronizing object | geometry_0_cube.010
Fra:2 Mem:15.20M (Peak 53.42M) | Time:00:00.00 | Mem:0.00M, Peak:0.00M | Scene, ViewLayer | Synchronizing object | geometry_0_cube.012
Fra:2 Mem:15.21M (Peak 53.42M) | Time:00:00.00 | Mem:0.00M, Peak:0.00M | Scene, ViewLayer | Synchronizing object | geometry_0_cube.013
Fra:2 Mem:15.21M (Peak 53.42M) | Time:00:00.00 | Mem:0.00M, Peak:0.00M | Scene, ViewLayer | Synchronizing object | geometry_0_cube.014
Fra:2 Mem:15.21M (Peak 53.42M) | Time:00:00.00 | Mem:0.00M, Peak:0.00M | Scene, ViewLayer | Synchronizing object | geometry_0_cube.015
Fra:2 Mem:15.22M (Peak 53.42M) | Time:00:00.00 | Mem:0.00M, Peak:0.00M | Scene, ViewLayer | Synchronizing object | geometry_0_cube.016
Fra:2 Mem:15.22M (Peak 53.42M) | Time:00:00.00 | Mem:0.00M, Peak:0.00M | Scene, ViewLayer | Synchronizing object | geometry_0_hull.003
Fra:2 Mem:15.23M (Peak 53.42M) | Time:00:00.00 | Mem:0.00M, Peak:0.00M | Scene, ViewLayer | Synchronizing object | geometry_0_cube.017
Fra:2 Mem:15.23M (Peak 53.42M) | Time:00:00.00 | Mem:0.00M, Peak:0.00M | Scene, ViewLayer | Synchronizing object | geometry_0_hull.002
Fra:2 Mem:15.23M (Peak 53.42M) | Time:00:00.00 | Mem:0.00M, Peak:0.00M | Scene, ViewLayer | Synchronizing object | geometry_0_cube.018
Fra:2 Mem:15.23M (Peak 53.42M) | Time:00:00.00 | Mem:0.00M, Peak:0.00M | Scene, ViewLayer | Synchronizing object | geometry_0_cube.019
Fra:2 Mem:15.23M (Peak 53.42M) | Time:00:00.00 | Mem:0.00M, Peak:0.00M | Scene, ViewLayer | Synchronizing object | geometry_0_cube.005
Fra:2 Mem:15.23M (Peak 53.42M) | Time:00:00.00 | Mem:0.00M, Peak:0.00M | Scene, ViewLayer | Synchronizing object | geometry_0_cube.020
Fra:2 Mem:15.23M (Peak 53.42M) | Time:00:00.00 | Mem:0.00M, Peak:0.00M | Scene, ViewLayer | Synchronizing object | geometry_0_cube.021
Fra:2 Mem:15.23M (Peak 53.42M) | Time:00:00.00 | Mem:0.00M, Peak:0.00M | Scene, ViewLayer | Synchronizing object | geometry_0_cube.004
Fra:2 Mem:15.24M (Peak 53.42M) | Time:00:00.00 | Mem:0.00M, Peak:0.00M | Scene, ViewLayer | Synchronizing object | geometry_0_cube.022
Fra:2 Mem:15.24M (Peak 53.42M) | Time:00:00.00 | Mem:0.00M, Peak:0.00M | Scene, ViewLayer | Synchronizing object | geometry_0_cube.023
Fra:2 Mem:15.24M (Peak 53.42M) | Time:00:00.00 | Mem:0.00M, Peak:0.00M | Scene, ViewLayer | Synchronizing object | geometry_0_cube.003
Fra:2 Mem:15.24M (Peak 53.42M) | Time:00:00.00 | Mem:0.00M, Peak:0.00M | Scene, ViewLayer | Synchronizing object | geometry_0_cube.024
Fra:2 Mem:15.24M (Peak 53.42M) | Time:00:00.00 | Mem:0.00M, Peak:0.00M | Scene, ViewLayer | Synchronizing object | geometry_0_mesh.002
Fra:2 Mem:15.24M (Peak 53.42M) | Time:00:00.00 | Mem:0.00M, Peak:0.00M | Scene, ViewLayer | Synchronizing object | geometry_0_cube.025
Fra:2 Mem:15.26M (Peak 53.42M) | Time:00:00.00 | Mem:0.00M, Peak:0.00M | Scene, ViewLayer | Synchronizing object | geometry_0_cube.028
Fra:2 Mem:15.26M (Peak 53.42M) | Time:00:00.00 | Mem:0.00M, Peak:0.00M | Scene, ViewLayer | Synchronizing object | geometry_0_mesh.001
Fra:2 Mem:15.26M (Peak 53.42M) | Time:00:00.00 | Mem:0.00M, Peak:0.00M | Scene, ViewLayer | Synchronizing object | geometry_0_cube.029
Fra:2 Mem:15.27M (Peak 53.42M) | Time:00:00.00 | Mem:0.00M, Peak:0.00M | Scene, ViewLayer | Synchronizing object | geometry_0_cube.026
Fra:2 Mem:15.27M (Peak 53.42M) | Time:00:00.00 | Mem:0.00M, Peak:0.00M | Scene, ViewLayer | Synchronizing object | geometry_0_mesh
Fra:2 Mem:15.27M (Peak 53.42M) | Time:00:00.00 | Mem:0.00M, Peak:0.00M | Scene, ViewLayer | Synchronizing object | geometry_0_cube.027
Fra:2 Mem:15.29M (Peak 53.42M) | Time:00:00.00 | Mem:0.00M, Peak:0.00M | Scene, ViewLayer | Synchronizing object | geometry_0_cube
Fra:2 Mem:15.29M (Peak 53.42M) | Time:00:00.00 | Mem:0.00M, Peak:0.00M | Scene, ViewLayer | Synchronizing object | geometry_0_hull.001
Fra:2 Mem:15.29M (Peak 53.42M) | Time:00:00.00 | Mem:0.00M, Peak:0.00M | Scene, ViewLayer | Synchronizing object | geometry_0_cube.001
Fra:2 Mem:15.29M (Peak 53.42M) | Time:00:00.00 | Mem:0.00M, Peak:0.00M | Scene, ViewLayer | Synchronizing object | geometry_0_cube.002
Fra:2 Mem:15.29M (Peak 53.42M) | Time:00:00.00 | Mem:0.00M, Peak:0.00M | Scene, ViewLayer | Synchronizing object | geometry_0_hull
Fra:2 Mem:15.30M (Peak 53.42M) | Time:00:00.00 | Mem:0.00M, Peak:0.00M | Scene, ViewLayer | Initializing
Fra:2 Mem:13.18M (Peak 53.42M) | Time:00:00.00 | Mem:0.00M, Peak:0.00M | Scene, ViewLayer | Waiting for render to start
Fra:2 Mem:13.19M (Peak 53.42M) | Time:00:00.00 | Mem:0.00M, Peak:0.00M | Scene, ViewLayer | Loading render kernels (may take a few minutes the first time)
Fra:2 Mem:13.19M (Peak 53.42M) | Time:00:00.00 | Mem:0.00M, Peak:0.00M | Scene, ViewLayer | Updating Scene
Fra:2 Mem:13.19M (Peak 53.42M) | Time:00:00.00 | Mem:0.00M, Peak:0.00M | Scene, ViewLayer | Updating Shaders
Fra:2 Mem:13.27M (Peak 53.42M) | Time:00:00.00 | Mem:0.00M, Peak:0.00M | Scene, ViewLayer | Updating Procedurals
Fra:2 Mem:13.27M (Peak 53.42M) | Time:00:00.00 | Mem:0.00M, Peak:0.00M | Scene, ViewLayer | Updating Background
Fra:2 Mem:13.27M (Peak 53.42M) | Time:00:00.00 | Mem:0.00M, Peak:0.00M | Scene, ViewLayer | Updating Camera
Fra:2 Mem:13.27M (Peak 53.42M) | Time:00:00.00 | Mem:0.00M, Peak:0.00M | Scene, ViewLayer | Updating Meshes Flags
Fra:2 Mem:13.27M (Peak 53.42M) | Time:00:00.00 | Mem:0.00M, Peak:0.00M | Scene, ViewLayer | Updating Objects
Fra:2 Mem:13.27M (Peak 53.42M) | Time:00:00.00 | Mem:0.00M, Peak:0.00M | Scene, ViewLayer | Updating Objects | Copying Transformations to device
Fra:2 Mem:13.28M (Peak 53.42M) | Time:00:00.00 | Mem:0.01M, Peak:0.01M | Scene, ViewLayer | Updating Objects | Applying Static Transformations
Fra:2 Mem:13.28M (Peak 53.42M) | Time:00:00.00 | Mem:0.01M, Peak:0.01M | Scene, ViewLayer | Updating Particle Systems
Fra:2 Mem:13.28M (Peak 53.42M) | Time:00:00.00 | Mem:0.01M, Peak:0.01M | Scene, ViewLayer | Updating Particle Systems | Copying Particles to device
Fra:2 Mem:13.28M (Peak 53.42M) | Time:00:00.00 | Mem:0.01M, Peak:0.01M | Scene, ViewLayer | Updating Meshes
Fra:2 Mem:13.29M (Peak 53.42M) | Time:00:00.00 | Mem:0.01M, Peak:0.01M | Scene, ViewLayer | Updating Mesh | Computing attributes
Fra:2 Mem:13.32M (Peak 53.42M) | Time:00:00.00 | Mem:0.01M, Peak:0.01M | Scene, ViewLayer | Updating Mesh | Copying Attributes to device
Fra:2 Mem:13.32M (Peak 53.42M) | Time:00:00.00 | Mem:0.03M, Peak:0.03M | Scene, ViewLayer | Updating Scene BVH | Building
Fra:2 Mem:13.32M (Peak 53.42M) | Time:00:00.00 | Mem:0.03M, Peak:0.03M | Scene, ViewLayer | Updating Scene BVH | Building BVH
Fra:2 Mem:13.32M (Peak 53.42M) | Time:00:00.00 | Mem:0.06M, Peak:0.06M | Scene, ViewLayer | Updating Scene BVH | Building BVH 0%
Fra:2 Mem:13.32M (Peak 53.42M) | Time:00:00.00 | Mem:0.10M, Peak:0.14M | Scene, ViewLayer | Updating Scene BVH | Copying BVH to device
Fra:2 Mem:13.32M (Peak 53.42M) | Time:00:00.00 | Mem:0.10M, Peak:0.14M | Scene, ViewLayer | Updating Mesh | Computing normals
Fra:2 Mem:13.39M (Peak 53.42M) | Time:00:00.00 | Mem:0.10M, Peak:0.14M | Scene, ViewLayer | Updating Mesh | Copying Mesh to device
Fra:2 Mem:13.39M (Peak 53.42M) | Time:00:00.00 | Mem:0.18M, Peak:0.18M | Scene, ViewLayer | Updating Objects Flags
Fra:2 Mem:13.39M (Peak 53.42M) | Time:00:00.00 | Mem:0.18M, Peak:0.18M | Scene, ViewLayer | Updating Primitive Offsets
Fra:2 Mem:13.39M (Peak 53.42M) | Time:00:00.00 | Mem:0.18M, Peak:0.18M | Scene, ViewLayer | Updating Images
Fra:2 Mem:13.39M (Peak 53.42M) | Time:00:00.00 | Mem:0.18M, Peak:0.18M | Scene, ViewLayer | Updating Camera Volume
Fra:2 Mem:13.39M (Peak 53.42M) | Time:00:00.00 | Mem:0.18M, Peak:0.18M | Scene, ViewLayer | Updating Lookup Tables
Fra:2 Mem:13.39M (Peak 53.42M) | Time:00:00.00 | Mem:0.26M, Peak:0.26M | Scene, ViewLayer | Updating Lights
Fra:2 Mem:13.39M (Peak 53.42M) | Time:00:00.00 | Mem:0.26M, Peak:0.26M | Scene, ViewLayer | Updating Lights | Computing distribution
Fra:2 Mem:13.39M (Peak 53.42M) | Time:00:00.00 | Mem:0.26M, Peak:0.26M | Scene, ViewLayer | Updating Lights | Computing tree
Fra:2 Mem:13.39M (Peak 53.42M) | Time:00:00.00 | Mem:0.26M, Peak:0.26M | Scene, ViewLayer | Updating Integrator
Fra:2 Mem:14.39M (Peak 53.42M) | Time:00:00.00 | Mem:1.26M, Peak:1.26M | Scene, ViewLayer | Updating Film
Fra:2 Mem:14.40M (Peak 53.42M) | Time:00:00.00 | Mem:1.18M, Peak:1.26M | Scene, ViewLayer | Updating Lookup Tables
Fra:2 Mem:14.40M (Peak 53.42M) | Time:00:00.00 | Mem:1.26M, Peak:1.26M | Scene, ViewLayer | Updating Baking
Fra:2 Mem:14.40M (Peak 53.42M) | Time:00:00.00 | Mem:1.26M, Peak:1.26M | Scene, ViewLayer | Updating Device | Writing constant memory
Fra:2 Mem:14.40M (Peak 53.42M) | Time:00:00.00 | Mem:1.26M, Peak:1.26M | Scene, ViewLayer | Sample 0/32
Fra:2 Mem:33.41M (Peak 53.42M) | Time:00:00.04 | Remaining:00:01.03 | Mem:20.26M, Peak:20.26M | Scene, ViewLayer | Sample 1/32
Fra:2 Mem:41.42M (Peak 53.42M) | Time:00:01.86 | Mem:20.26M, Peak:20.26M | Scene, ViewLayer | Sample 32/32
Fra:2 Mem:41.42M (Peak 53.42M) | Time:00:01.86 | Mem:20.26M, Peak:20.26M | Scene, ViewLayer | Finished
Fra:2 Mem:21.09M (Peak 53.42M) | Time:00:01.86 | Compositing
Fra:2 Mem:21.09M (Peak 53.42M) | Time:00:01.86 | Compositing | Determining resolution
Fra:2 Mem:21.09M (Peak 53.42M) | Time:00:01.86 | Compositing | Initializing execution
Fra:2 Mem:21.09M (Peak 53.42M) | Time:00:01.86 | Compositing | De-initializing execution
Saved: '/vepfs_default/chanxueyan/lhp/lms/aDSL/temp/geometry_expression_20260929/B/T02-bookshelf/views/render_0002.png'
Time: 00:01.88 (Saving: 00:00.02)

Fra:3 Mem:15.19M (Peak 53.42M) | Time:00:00.00 | Mem:0.00M, Peak:0.00M | Scene, ViewLayer | Synchronizing object | geometry_0_cube.006
Fra:3 Mem:15.19M (Peak 53.42M) | Time:00:00.00 | Mem:0.00M, Peak:0.00M | Scene, ViewLayer | Synchronizing object | geometry_0_cube.007
Fra:3 Mem:15.20M (Peak 53.42M) | Time:00:00.00 | Mem:0.00M, Peak:0.00M | Scene, ViewLayer | Synchronizing object | geometry_0_cube.008
Fra:3 Mem:15.20M (Peak 53.42M) | Time:00:00.00 | Mem:0.00M, Peak:0.00M | Scene, ViewLayer | Synchronizing object | geometry_0_cube.009
Fra:3 Mem:15.20M (Peak 53.42M) | Time:00:00.00 | Mem:0.00M, Peak:0.00M | Scene, ViewLayer | Synchronizing object | geometry_0_cube.010
Fra:3 Mem:15.20M (Peak 53.42M) | Time:00:00.00 | Mem:0.00M, Peak:0.00M | Scene, ViewLayer | Synchronizing object | geometry_0_cube.011
Fra:3 Mem:15.20M (Peak 53.42M) | Time:00:00.00 | Mem:0.00M, Peak:0.00M | Scene, ViewLayer | Synchronizing object | geometry_0_cube.012
Fra:3 Mem:15.21M (Peak 53.42M) | Time:00:00.00 | Mem:0.00M, Peak:0.00M | Scene, ViewLayer | Synchronizing object | geometry_0_cube.013
Fra:3 Mem:15.21M (Peak 53.42M) | Time:00:00.00 | Mem:0.00M, Peak:0.00M | Scene, ViewLayer | Synchronizing object | geometry_0_mesh.003
Fra:3 Mem:15.22M (Peak 53.42M) | Time:00:00.00 | Mem:0.00M, Peak:0.00M | Scene, ViewLayer | Synchronizing object | geometry_0_cube.015
Fra:3 Mem:15.22M (Peak 53.42M) | Time:00:00.00 | Mem:0.00M, Peak:0.00M | Scene, ViewLayer | Synchronizing object | geometry_0_hull.003
Fra:3 Mem:15.22M (Peak 53.42M) | Time:00:00.00 | Mem:0.00M, Peak:0.00M | Scene, ViewLayer | Synchronizing object | geometry_0_cube.016
Fra:3 Mem:15.23M (Peak 53.42M) | Time:00:00.00 | Mem:0.00M, Peak:0.00M | Scene, ViewLayer | Synchronizing object | geometry_0_hull.002
Fra:3 Mem:15.23M (Peak 53.42M) | Time:00:00.00 | Mem:0.00M, Peak:0.00M | Scene, ViewLayer | Synchronizing object | geometry_0_cube.017
Fra:3 Mem:15.23M (Peak 53.42M) | Time:00:00.00 | Mem:0.00M, Peak:0.00M | Scene, ViewLayer | Synchronizing object | geometry_0_cube.018
Fra:3 Mem:15.23M (Peak 53.42M) | Time:00:00.00 | Mem:0.00M, Peak:0.00M | Scene, ViewLayer | Synchronizing object | geometry_0_cube.005
Fra:3 Mem:15.23M (Peak 53.42M) | Time:00:00.00 | Mem:0.00M, Peak:0.00M | Scene, ViewLayer | Synchronizing object | geometry_0_cube.019
Fra:3 Mem:15.23M (Peak 53.42M) | Time:00:00.00 | Mem:0.00M, Peak:0.00M | Scene, ViewLayer | Synchronizing object | geometry_0_cube.020
Fra:3 Mem:15.23M (Peak 53.42M) | Time:00:00.00 | Mem:0.00M, Peak:0.00M | Scene, ViewLayer | Synchronizing object | geometry_0_cube.004
Fra:3 Mem:15.23M (Peak 53.42M) | Time:00:00.00 | Mem:0.00M, Peak:0.00M | Scene, ViewLayer | Synchronizing object | geometry_0_cube.021
Fra:3 Mem:15.24M (Peak 53.42M) | Time:00:00.00 | Mem:0.00M, Peak:0.00M | Scene, ViewLayer | Synchronizing object | geometry_0_cube.022
Fra:3 Mem:15.24M (Peak 53.42M) | Time:00:00.00 | Mem:0.00M, Peak:0.00M | Scene, ViewLayer | Synchronizing object | geometry_0_cube.003
Fra:3 Mem:15.24M (Peak 53.42M) | Time:00:00.00 | Mem:0.00M, Peak:0.00M | Scene, ViewLayer | Synchronizing object | geometry_0_cube.023
Fra:3 Mem:15.24M (Peak 53.42M) | Time:00:00.00 | Mem:0.00M, Peak:0.00M | Scene, ViewLayer | Synchronizing object | geometry_0_cube.024
Fra:3 Mem:15.24M (Peak 53.42M) | Time:00:00.00 | Mem:0.00M, Peak:0.00M | Scene, ViewLayer | Synchronizing object | geometry_0_mesh.002
Fra:3 Mem:15.24M (Peak 53.42M) | Time:00:00.00 | Mem:0.00M, Peak:0.00M | Scene, ViewLayer | Synchronizing object | geometry_0_cube.025
Fra:3 Mem:15.26M (Peak 53.42M) | Time:00:00.00 | Mem:0.00M, Peak:0.00M | Scene, ViewLayer | Synchronizing object | geometry_0_cube.028
Fra:3 Mem:15.26M (Peak 53.42M) | Time:00:00.00 | Mem:0.00M, Peak:0.00M | Scene, ViewLayer | Synchronizing object | geometry_0_mesh.001
Fra:3 Mem:15.26M (Peak 53.42M) | Time:00:00.00 | Mem:0.00M, Peak:0.00M | Scene, ViewLayer | Synchronizing object | geometry_0_cube.029
Fra:3 Mem:15.27M (Peak 53.42M) | Time:00:00.00 | Mem:0.00M, Peak:0.00M | Scene, ViewLayer | Synchronizing object | geometry_0_cube.026
Fra:3 Mem:15.27M (Peak 53.42M) | Time:00:00.00 | Mem:0.00M, Peak:0.00M | Scene, ViewLayer | Synchronizing object | geometry_0_mesh
Fra:3 Mem:15.27M (Peak 53.42M) | Time:00:00.00 | Mem:0.00M, Peak:0.00M | Scene, ViewLayer | Synchronizing object | geometry_0_cube.027
Fra:3 Mem:15.29M (Peak 53.42M) | Time:00:00.00 | Mem:0.00M, Peak:0.00M | Scene, ViewLayer | Synchronizing object | geometry_0_cube
Fra:3 Mem:15.29M (Peak 53.42M) | Time:00:00.00 | Mem:0.00M, Peak:0.00M | Scene, ViewLayer | Synchronizing object | geometry_0_hull.001
Fra:3 Mem:15.29M (Peak 53.42M) | Time:00:00.00 | Mem:0.00M, Peak:0.00M | Scene, ViewLayer | Synchronizing object | geometry_0_cube.001
Fra:3 Mem:15.29M (Peak 53.42M) | Time:00:00.00 | Mem:0.00M, Peak:0.00M | Scene, ViewLayer | Synchronizing object | geometry_0_cube.002
Fra:3 Mem:15.29M (Peak 53.42M) | Time:00:00.00 | Mem:0.00M, Peak:0.00M | Scene, ViewLayer | Synchronizing object | geometry_0_hull
Fra:3 Mem:15.30M (Peak 53.42M) | Time:00:00.00 | Mem:0.00M, Peak:0.00M | Scene, ViewLayer | Initializing
Fra:3 Mem:13.18M (Peak 53.42M) | Time:00:00.00 | Mem:0.00M, Peak:0.00M | Scene, ViewLayer | Waiting for render to start
Fra:3 Mem:13.19M (Peak 53.42M) | Time:00:00.00 | Mem:0.00M, Peak:0.00M | Scene, ViewLayer | Loading render kernels (may take a few minutes the first time)
Fra:3 Mem:13.19M (Peak 53.42M) | Time:00:00.00 | Mem:0.00M, Peak:0.00M | Scene, ViewLayer | Updating Scene
Fra:3 Mem:13.19M (Peak 53.42M) | Time:00:00.00 | Mem:0.00M, Peak:0.00M | Scene, ViewLayer | Updating Shaders
Fra:3 Mem:13.27M (Peak 53.42M) | Time:00:00.00 | Mem:0.00M, Peak:0.00M | Scene, ViewLayer | Updating Procedurals
Fra:3 Mem:13.27M (Peak 53.42M) | Time:00:00.00 | Mem:0.00M, Peak:0.00M | Scene, ViewLayer | Updating Background
Fra:3 Mem:13.27M (Peak 53.42M) | Time:00:00.00 | Mem:0.00M, Peak:0.00M | Scene, ViewLayer | Updating Camera
Fra:3 Mem:13.27M (Peak 53.42M) | Time:00:00.00 | Mem:0.00M, Peak:0.00M | Scene, ViewLayer | Updating Meshes Flags
Fra:3 Mem:13.27M (Peak 53.42M) | Time:00:00.00 | Mem:0.00M, Peak:0.00M | Scene, ViewLayer | Updating Objects
Fra:3 Mem:13.27M (Peak 53.42M) | Time:00:00.00 | Mem:0.00M, Peak:0.00M | Scene, ViewLayer | Updating Objects | Copying Transformations to device
Fra:3 Mem:13.28M (Peak 53.42M) | Time:00:00.00 | Mem:0.01M, Peak:0.01M | Scene, ViewLayer | Updating Objects | Applying Static Transformations
Fra:3 Mem:13.28M (Peak 53.42M) | Time:00:00.00 | Mem:0.01M, Peak:0.01M | Scene, ViewLayer | Updating Particle Systems
Fra:3 Mem:13.28M (Peak 53.42M) | Time:00:00.00 | Mem:0.01M, Peak:0.01M | Scene, ViewLayer | Updating Particle Systems | Copying Particles to device
Fra:3 Mem:13.28M (Peak 53.42M) | Time:00:00.00 | Mem:0.01M, Peak:0.01M | Scene, ViewLayer | Updating Meshes
Fra:3 Mem:13.29M (Peak 53.42M) | Time:00:00.00 | Mem:0.01M, Peak:0.01M | Scene, ViewLayer | Updating Mesh | Computing attributes
Fra:3 Mem:13.32M (Peak 53.42M) | Time:00:00.00 | Mem:0.01M, Peak:0.01M | Scene, ViewLayer | Updating Mesh | Copying Attributes to device
Fra:3 Mem:13.32M (Peak 53.42M) | Time:00:00.00 | Mem:0.03M, Peak:0.03M | Scene, ViewLayer | Updating Scene BVH | Building
Fra:3 Mem:13.32M (Peak 53.42M) | Time:00:00.00 | Mem:0.03M, Peak:0.03M | Scene, ViewLayer | Updating Scene BVH | Building BVH
Fra:3 Mem:13.32M (Peak 53.42M) | Time:00:00.00 | Mem:0.06M, Peak:0.06M | Scene, ViewLayer | Updating Scene BVH | Building BVH 0%
Fra:3 Mem:13.32M (Peak 53.42M) | Time:00:00.00 | Mem:0.10M, Peak:0.14M | Scene, ViewLayer | Updating Scene BVH | Copying BVH to device
Fra:3 Mem:13.32M (Peak 53.42M) | Time:00:00.00 | Mem:0.10M, Peak:0.14M | Scene, ViewLayer | Updating Mesh | Computing normals
Fra:3 Mem:13.39M (Peak 53.42M) | Time:00:00.00 | Mem:0.10M, Peak:0.14M | Scene, ViewLayer | Updating Mesh | Copying Mesh to device
Fra:3 Mem:13.39M (Peak 53.42M) | Time:00:00.00 | Mem:0.18M, Peak:0.18M | Scene, ViewLayer | Updating Objects Flags
Fra:3 Mem:13.39M (Peak 53.42M) | Time:00:00.00 | Mem:0.18M, Peak:0.18M | Scene, ViewLayer | Updating Primitive Offsets
Fra:3 Mem:13.39M (Peak 53.42M) | Time:00:00.00 | Mem:0.18M, Peak:0.18M | Scene, ViewLayer | Updating Images
Fra:3 Mem:13.39M (Peak 53.42M) | Time:00:00.00 | Mem:0.18M, Peak:0.18M | Scene, ViewLayer | Updating Camera Volume
Fra:3 Mem:13.39M (Peak 53.42M) | Time:00:00.00 | Mem:0.18M, Peak:0.18M | Scene, ViewLayer | Updating Lookup Tables
Fra:3 Mem:13.39M (Peak 53.42M) | Time:00:00.00 | Mem:0.26M, Peak:0.26M | Scene, ViewLayer | Updating Lights
Fra:3 Mem:13.39M (Peak 53.42M) | Time:00:00.00 | Mem:0.26M, Peak:0.26M | Scene, ViewLayer | Updating Lights | Computing distribution
Fra:3 Mem:13.39M (Peak 53.42M) | Time:00:00.00 | Mem:0.26M, Peak:0.26M | Scene, ViewLayer | Updating Lights | Computing tree
Fra:3 Mem:13.39M (Peak 53.42M) | Time:00:00.00 | Mem:0.26M, Peak:0.26M | Scene, ViewLayer | Updating Integrator
Fra:3 Mem:14.39M (Peak 53.42M) | Time:00:00.00 | Mem:1.26M, Peak:1.26M | Scene, ViewLayer | Updating Film
Fra:3 Mem:14.40M (Peak 53.42M) | Time:00:00.00 | Mem:1.18M, Peak:1.26M | Scene, ViewLayer | Updating Lookup Tables
Fra:3 Mem:14.40M (Peak 53.42M) | Time:00:00.00 | Mem:1.26M, Peak:1.26M | Scene, ViewLayer | Updating Baking
Fra:3 Mem:14.40M (Peak 53.42M) | Time:00:00.00 | Mem:1.26M, Peak:1.26M | Scene, ViewLayer | Updating Device | Writing constant memory
Fra:3 Mem:14.40M (Peak 53.42M) | Time:00:00.00 | Mem:1.26M, Peak:1.26M | Scene, ViewLayer | Sample 0/32
Fra:3 Mem:33.41M (Peak 53.42M) | Time:00:00.04 | Remaining:00:00.99 | Mem:20.26M, Peak:20.26M | Scene, ViewLayer | Sample 1/32
Fra:3 Mem:41.42M (Peak 53.42M) | Time:00:01.76 | Mem:20.26M, Peak:20.26M | Scene, ViewLayer | Sample 32/32
Fra:3 Mem:41.42M (Peak 53.42M) | Time:00:01.76 | Mem:20.26M, Peak:20.26M | Scene, ViewLayer | Finished
Fra:3 Mem:21.09M (Peak 53.42M) | Time:00:01.77 | Compositing
Fra:3 Mem:21.09M (Peak 53.42M) | Time:00:01.77 | Compositing | Determining resolution
Fra:3 Mem:21.09M (Peak 53.42M) | Time:00:01.77 | Compositing | Initializing execution
Fra:3 Mem:21.09M (Peak 53.42M) | Time:00:01.77 | Compositing | De-initializing execution
Saved: '/vepfs_default/chanxueyan/lhp/lms/aDSL/temp/geometry_expression_20260929/B/T02-bookshelf/views/render_0003.png'
Time: 00:01.79 (Saving: 00:00.02)

Fra:4 Mem:15.19M (Peak 53.42M) | Time:00:00.00 | Mem:0.00M, Peak:0.00M | Scene, ViewLayer | Synchronizing object | geometry_0_cube.006
Fra:4 Mem:15.19M (Peak 53.42M) | Time:00:00.00 | Mem:0.00M, Peak:0.00M | Scene, ViewLayer | Synchronizing object | geometry_0_cube.007
Fra:4 Mem:15.19M (Peak 53.42M) | Time:00:00.00 | Mem:0.00M, Peak:0.00M | Scene, ViewLayer | Synchronizing object | geometry_0_cube.008
Fra:4 Mem:15.20M (Peak 53.42M) | Time:00:00.00 | Mem:0.00M, Peak:0.00M | Scene, ViewLayer | Synchronizing object | geometry_0_cube.009
Fra:4 Mem:15.20M (Peak 53.42M) | Time:00:00.00 | Mem:0.00M, Peak:0.00M | Scene, ViewLayer | Synchronizing object | geometry_0_cube.010
Fra:4 Mem:15.20M (Peak 53.42M) | Time:00:00.00 | Mem:0.00M, Peak:0.00M | Scene, ViewLayer | Synchronizing object | geometry_0_cube.011
Fra:4 Mem:15.20M (Peak 53.42M) | Time:00:00.00 | Mem:0.00M, Peak:0.00M | Scene, ViewLayer | Synchronizing object | geometry_0_cube.012
Fra:4 Mem:15.20M (Peak 53.42M) | Time:00:00.00 | Mem:0.00M, Peak:0.00M | Scene, ViewLayer | Synchronizing object | geometry_0_cube.013
Fra:4 Mem:15.21M (Peak 53.42M) | Time:00:00.00 | Mem:0.00M, Peak:0.00M | Scene, ViewLayer | Synchronizing object | geometry_0_cube.014
Fra:4 Mem:15.21M (Peak 53.42M) | Time:00:00.00 | Mem:0.00M, Peak:0.00M | Scene, ViewLayer | Synchronizing object | geometry_0_cube.015
Fra:4 Mem:15.21M (Peak 53.42M) | Time:00:00.00 | Mem:0.00M, Peak:0.00M | Scene, ViewLayer | Synchronizing object | geometry_0_mesh.003
Fra:4 Mem:15.22M (Peak 53.42M) | Time:00:00.00 | Mem:0.00M, Peak:0.00M | Scene, ViewLayer | Synchronizing object | geometry_0_cube.017
Fra:4 Mem:15.22M (Peak 53.42M) | Time:00:00.00 | Mem:0.00M, Peak:0.00M | Scene, ViewLayer | Synchronizing object | geometry_0_cube.018
Fra:4 Mem:15.23M (Peak 53.42M) | Time:00:00.00 | Mem:0.00M, Peak:0.00M | Scene, ViewLayer | Synchronizing object | geometry_0_hull.003
Fra:4 Mem:15.23M (Peak 53.42M) | Time:00:00.00 | Mem:0.00M, Peak:0.00M | Scene, ViewLayer | Synchronizing object | geometry_0_cube.020
Fra:4 Mem:15.23M (Peak 53.42M) | Time:00:00.00 | Mem:0.00M, Peak:0.00M | Scene, ViewLayer | Synchronizing object | geometry_0_hull.002
Fra:4 Mem:15.23M (Peak 53.42M) | Time:00:00.00 | Mem:0.00M, Peak:0.00M | Scene, ViewLayer | Synchronizing object | geometry_0_cube.021
Fra:4 Mem:15.23M (Peak 53.42M) | Time:00:00.00 | Mem:0.00M, Peak:0.00M | Scene, ViewLayer | Synchronizing object | geometry_0_cube.022
Fra:4 Mem:15.23M (Peak 53.42M) | Time:00:00.00 | Mem:0.00M, Peak:0.00M | Scene, ViewLayer | Synchronizing object | geometry_0_cube.005
Fra:4 Mem:15.24M (Peak 53.42M) | Time:00:00.00 | Mem:0.00M, Peak:0.00M | Scene, ViewLayer | Synchronizing object | geometry_0_cube.023
Fra:4 Mem:15.24M (Peak 53.42M) | Time:00:00.00 | Mem:0.00M, Peak:0.00M | Scene, ViewLayer | Synchronizing object | geometry_0_cube.024
Fra:4 Mem:15.24M (Peak 53.42M) | Time:00:00.00 | Mem:0.00M, Peak:0.00M | Scene, ViewLayer | Synchronizing object | geometry_0_cube.004
Fra:4 Mem:15.24M (Peak 53.42M) | Time:00:00.00 | Mem:0.00M, Peak:0.00M | Scene, ViewLayer | Synchronizing object | geometry_0_cube.025
Fra:4 Mem:15.24M (Peak 53.42M) | Time:00:00.00 | Mem:0.00M, Peak:0.00M | Scene, ViewLayer | Synchronizing object | geometry_0_cube.028
Fra:4 Mem:15.24M (Peak 53.42M) | Time:00:00.00 | Mem:0.00M, Peak:0.00M | Scene, ViewLayer | Synchronizing object | geometry_0_cube.003
Fra:4 Mem:15.24M (Peak 53.42M) | Time:00:00.00 | Mem:0.00M, Peak:0.00M | Scene, ViewLayer | Synchronizing object | geometry_0_cube.029
Fra:4 Mem:15.25M (Peak 53.42M) | Time:00:00.00 | Mem:0.00M, Peak:0.00M | Scene, ViewLayer | Synchronizing object | geometry_0_cube.026
Fra:4 Mem:15.25M (Peak 53.42M) | Time:00:00.00 | Mem:0.00M, Peak:0.00M | Scene, ViewLayer | Synchronizing object | geometry_0_mesh.002
Fra:4 Mem:15.25M (Peak 53.42M) | Time:00:00.00 | Mem:0.00M, Peak:0.00M | Scene, ViewLayer | Synchronizing object | geometry_0_cube.027
Fra:4 Mem:15.26M (Peak 53.42M) | Time:00:00.00 | Mem:0.00M, Peak:0.00M | Scene, ViewLayer | Synchronizing object | geometry_0_cube
Fra:4 Mem:15.26M (Peak 53.42M) | Time:00:00.00 | Mem:0.00M, Peak:0.00M | Scene, ViewLayer | Synchronizing object | geometry_0_mesh.001
Fra:4 Mem:15.26M (Peak 53.42M) | Time:00:00.00 | Mem:0.00M, Peak:0.00M | Scene, ViewLayer | Synchronizing object | geometry_0_cube.001
Fra:4 Mem:15.28M (Peak 53.42M) | Time:00:00.00 | Mem:0.00M, Peak:0.00M | Scene, ViewLayer | Synchronizing object | geometry_0_cube.002
Fra:4 Mem:15.28M (Peak 53.42M) | Time:00:00.00 | Mem:0.00M, Peak:0.00M | Scene, ViewLayer | Synchronizing object | geometry_0_mesh
Fra:4 Mem:15.28M (Peak 53.42M) | Time:00:00.00 | Mem:0.00M, Peak:0.00M | Scene, ViewLayer | Synchronizing object | geometry_0_hull
Fra:4 Mem:15.29M (Peak 53.42M) | Time:00:00.00 | Mem:0.00M, Peak:0.00M | Scene, ViewLayer | Synchronizing object | geometry_0_hull.001
Fra:4 Mem:15.30M (Peak 53.42M) | Time:00:00.00 | Mem:0.00M, Peak:0.00M | Scene, ViewLayer | Initializing
Fra:4 Mem:13.18M (Peak 53.42M) | Time:00:00.00 | Mem:0.00M, Peak:0.00M | Scene, ViewLayer | Waiting for render to start
Fra:4 Mem:13.19M (Peak 53.42M) | Time:00:00.00 | Mem:0.00M, Peak:0.00M | Scene, ViewLayer | Loading render kernels (may take a few minutes the first time)
Fra:4 Mem:13.19M (Peak 53.42M) | Time:00:00.00 | Mem:0.00M, Peak:0.00M | Scene, ViewLayer | Updating Scene
Fra:4 Mem:13.19M (Peak 53.42M) | Time:00:00.00 | Mem:0.00M, Peak:0.00M | Scene, ViewLayer | Updating Shaders
Fra:4 Mem:13.27M (Peak 53.42M) | Time:00:00.00 | Mem:0.00M, Peak:0.00M | Scene, ViewLayer | Updating Procedurals
Fra:4 Mem:13.27M (Peak 53.42M) | Time:00:00.00 | Mem:0.00M, Peak:0.00M | Scene, ViewLayer | Updating Background
Fra:4 Mem:13.27M (Peak 53.42M) | Time:00:00.00 | Mem:0.00M, Peak:0.00M | Scene, ViewLayer | Updating Camera
Fra:4 Mem:13.27M (Peak 53.42M) | Time:00:00.00 | Mem:0.00M, Peak:0.00M | Scene, ViewLayer | Updating Meshes Flags
Fra:4 Mem:13.27M (Peak 53.42M) | Time:00:00.00 | Mem:0.00M, Peak:0.00M | Scene, ViewLayer | Updating Objects
Fra:4 Mem:13.27M (Peak 53.42M) | Time:00:00.00 | Mem:0.00M, Peak:0.00M | Scene, ViewLayer | Updating Objects | Copying Transformations to device
Fra:4 Mem:13.28M (Peak 53.42M) | Time:00:00.00 | Mem:0.01M, Peak:0.01M | Scene, ViewLayer | Updating Objects | Applying Static Transformations
Fra:4 Mem:13.28M (Peak 53.42M) | Time:00:00.00 | Mem:0.01M, Peak:0.01M | Scene, ViewLayer | Updating Particle Systems
Fra:4 Mem:13.28M (Peak 53.42M) | Time:00:00.00 | Mem:0.01M, Peak:0.01M | Scene, ViewLayer | Updating Particle Systems | Copying Particles to device
Fra:4 Mem:13.28M (Peak 53.42M) | Time:00:00.00 | Mem:0.01M, Peak:0.01M | Scene, ViewLayer | Updating Meshes
Fra:4 Mem:13.29M (Peak 53.42M) | Time:00:00.00 | Mem:0.01M, Peak:0.01M | Scene, ViewLayer | Updating Mesh | Computing attributes
Fra:4 Mem:13.32M (Peak 53.42M) | Time:00:00.00 | Mem:0.01M, Peak:0.01M | Scene, ViewLayer | Updating Mesh | Copying Attributes to device
Fra:4 Mem:13.32M (Peak 53.42M) | Time:00:00.00 | Mem:0.03M, Peak:0.03M | Scene, ViewLayer | Updating Scene BVH | Building
Fra:4 Mem:13.32M (Peak 53.42M) | Time:00:00.00 | Mem:0.03M, Peak:0.03M | Scene, ViewLayer | Updating Scene BVH | Building BVH
Fra:4 Mem:13.32M (Peak 53.42M) | Time:00:00.00 | Mem:0.06M, Peak:0.06M | Scene, ViewLayer | Updating Scene BVH | Building BVH 0%
Fra:4 Mem:13.32M (Peak 53.42M) | Time:00:00.00 | Mem:0.10M, Peak:0.14M | Scene, ViewLayer | Updating Scene BVH | Copying BVH to device
Fra:4 Mem:13.32M (Peak 53.42M) | Time:00:00.00 | Mem:0.10M, Peak:0.14M | Scene, ViewLayer | Updating Mesh | Computing normals
Fra:4 Mem:13.39M (Peak 53.42M) | Time:00:00.00 | Mem:0.10M, Peak:0.14M | Scene, ViewLayer | Updating Mesh | Copying Mesh to device
Fra:4 Mem:13.39M (Peak 53.42M) | Time:00:00.00 | Mem:0.18M, Peak:0.18M | Scene, ViewLayer | Updating Objects Flags
Fra:4 Mem:13.39M (Peak 53.42M) | Time:00:00.00 | Mem:0.18M, Peak:0.18M | Scene, ViewLayer | Updating Primitive Offsets
Fra:4 Mem:13.39M (Peak 53.42M) | Time:00:00.00 | Mem:0.18M, Peak:0.18M | Scene, ViewLayer | Updating Images
Fra:4 Mem:13.39M (Peak 53.42M) | Time:00:00.00 | Mem:0.18M, Peak:0.18M | Scene, ViewLayer | Updating Camera Volume
Fra:4 Mem:13.39M (Peak 53.42M) | Time:00:00.00 | Mem:0.18M, Peak:0.18M | Scene, ViewLayer | Updating Lookup Tables
Fra:4 Mem:13.39M (Peak 53.42M) | Time:00:00.00 | Mem:0.26M, Peak:0.26M | Scene, ViewLayer | Updating Lights
Fra:4 Mem:13.39M (Peak 53.42M) | Time:00:00.00 | Mem:0.26M, Peak:0.26M | Scene, ViewLayer | Updating Lights | Computing distribution
Fra:4 Mem:13.39M (Peak 53.42M) | Time:00:00.00 | Mem:0.26M, Peak:0.26M | Scene, ViewLayer | Updating Lights | Computing tree
Fra:4 Mem:13.39M (Peak 53.42M) | Time:00:00.00 | Mem:0.26M, Peak:0.26M | Scene, ViewLayer | Updating Integrator
Fra:4 Mem:14.39M (Peak 53.42M) | Time:00:00.00 | Mem:1.26M, Peak:1.26M | Scene, ViewLayer | Updating Film
Fra:4 Mem:14.40M (Peak 53.42M) | Time:00:00.00 | Mem:1.18M, Peak:1.26M | Scene, ViewLayer | Updating Lookup Tables
Fra:4 Mem:14.40M (Peak 53.42M) | Time:00:00.00 | Mem:1.26M, Peak:1.26M | Scene, ViewLayer | Updating Baking
Fra:4 Mem:14.40M (Peak 53.42M) | Time:00:00.00 | Mem:1.26M, Peak:1.26M | Scene, ViewLayer | Updating Device | Writing constant memory
Fra:4 Mem:14.40M (Peak 53.42M) | Time:00:00.00 | Mem:1.26M, Peak:1.26M | Scene, ViewLayer | Sample 0/32
Fra:4 Mem:33.41M (Peak 53.42M) | Time:00:00.04 | Remaining:00:01.00 | Mem:20.26M, Peak:20.26M | Scene, ViewLayer | Sample 1/32
Fra:4 Mem:41.42M (Peak 53.42M) | Time:00:01.77 | Mem:20.26M, Peak:20.26M | Scene, ViewLayer | Sample 32/32
Fra:4 Mem:41.42M (Peak 53.42M) | Time:00:01.77 | Mem:20.26M, Peak:20.26M | Scene, ViewLayer | Finished
Fra:4 Mem:21.09M (Peak 53.42M) | Time:00:01.77 | Compositing
Fra:4 Mem:21.09M (Peak 53.42M) | Time:00:01.78 | Compositing | Determining resolution
Fra:4 Mem:21.09M (Peak 53.42M) | Time:00:01.78 | Compositing | Initializing execution
Fra:4 Mem:21.09M (Peak 53.42M) | Time:00:01.78 | Compositing | De-initializing execution
Saved: '/vepfs_default/chanxueyan/lhp/lms/aDSL/temp/geometry_expression_20260929/B/T02-bookshelf/views/render_0004.png'
Time: 00:01.80 (Saving: 00:00.02)

Fra:5 Mem:15.19M (Peak 53.42M) | Time:00:00.00 | Mem:0.00M, Peak:0.00M | Scene, ViewLayer | Synchronizing object | geometry_0_cube.006
Fra:5 Mem:15.19M (Peak 53.42M) | Time:00:00.00 | Mem:0.00M, Peak:0.00M | Scene, ViewLayer | Synchronizing object | geometry_0_cube.007
Fra:5 Mem:15.19M (Peak 53.42M) | Time:00:00.00 | Mem:0.00M, Peak:0.00M | Scene, ViewLayer | Synchronizing object | geometry_0_cube.008
Fra:5 Mem:15.20M (Peak 53.42M) | Time:00:00.00 | Mem:0.00M, Peak:0.00M | Scene, ViewLayer | Synchronizing object | geometry_0_cube.009
Fra:5 Mem:15.20M (Peak 53.42M) | Time:00:00.00 | Mem:0.00M, Peak:0.00M | Scene, ViewLayer | Synchronizing object | geometry_0_cube.011
Fra:5 Mem:15.20M (Peak 53.42M) | Time:00:00.00 | Mem:0.00M, Peak:0.00M | Scene, ViewLayer | Synchronizing object | geometry_0_cube.012
Fra:5 Mem:15.20M (Peak 53.42M) | Time:00:00.00 | Mem:0.00M, Peak:0.00M | Scene, ViewLayer | Synchronizing object | geometry_0_cube.013
Fra:5 Mem:15.21M (Peak 53.42M) | Time:00:00.00 | Mem:0.00M, Peak:0.00M | Scene, ViewLayer | Synchronizing object | geometry_0_cube.014
Fra:5 Mem:15.21M (Peak 53.42M) | Time:00:00.00 | Mem:0.00M, Peak:0.00M | Scene, ViewLayer | Synchronizing object | geometry_0_cube.015
Fra:5 Mem:15.21M (Peak 53.42M) | Time:00:00.00 | Mem:0.00M, Peak:0.00M | Scene, ViewLayer | Synchronizing object | geometry_0_cube.016
Fra:5 Mem:15.21M (Peak 53.42M) | Time:00:00.00 | Mem:0.00M, Peak:0.00M | Scene, ViewLayer | Synchronizing object | geometry_0_cube.017
Fra:5 Mem:15.21M (Peak 53.42M) | Time:00:00.00 | Mem:0.00M, Peak:0.00M | Scene, ViewLayer | Synchronizing object | geometry_0_mesh.003
Fra:5 Mem:15.21M (Peak 53.42M) | Time:00:00.00 | Mem:0.00M, Peak:0.00M | Scene, ViewLayer | Synchronizing object | geometry_0_cube.019
Fra:5 Mem:15.22M (Peak 53.42M) | Time:00:00.00 | Mem:0.00M, Peak:0.00M | Scene, ViewLayer | Synchronizing object | geometry_0_cube.020
Fra:5 Mem:15.23M (Peak 53.42M) | Time:00:00.00 | Mem:0.00M, Peak:0.00M | Scene, ViewLayer | Synchronizing object | geometry_0_cube.021
Fra:5 Mem:15.23M (Peak 53.42M) | Time:00:00.00 | Mem:0.00M, Peak:0.00M | Scene, ViewLayer | Synchronizing object | geometry_0_cube.022
Fra:5 Mem:15.23M (Peak 53.42M) | Time:00:00.00 | Mem:0.00M, Peak:0.00M | Scene, ViewLayer | Synchronizing object | geometry_0_cube.023
Fra:5 Mem:15.23M (Peak 53.42M) | Time:00:00.00 | Mem:0.00M, Peak:0.00M | Scene, ViewLayer | Synchronizing object | geometry_0_hull.002
Fra:5 Mem:15.24M (Peak 53.42M) | Time:00:00.00 | Mem:0.00M, Peak:0.00M | Scene, ViewLayer | Synchronizing object | geometry_0_cube.024
Fra:5 Mem:15.24M (Peak 53.42M) | Time:00:00.00 | Mem:0.00M, Peak:0.00M | Scene, ViewLayer | Synchronizing object | geometry_0_cube.025
Fra:5 Mem:15.24M (Peak 53.42M) | Time:00:00.00 | Mem:0.00M, Peak:0.00M | Scene, ViewLayer | Synchronizing object | geometry_0_cube.005
Fra:5 Mem:15.24M (Peak 53.42M) | Time:00:00.00 | Mem:0.00M, Peak:0.00M | Scene, ViewLayer | Synchronizing object | geometry_0_cube.028
Fra:5 Mem:15.24M (Peak 53.42M) | Time:00:00.00 | Mem:0.00M, Peak:0.00M | Scene, ViewLayer | Synchronizing object | geometry_0_cube.029
Fra:5 Mem:15.24M (Peak 53.42M) | Time:00:00.00 | Mem:0.00M, Peak:0.00M | Scene, ViewLayer | Synchronizing object | geometry_0_cube.004
Fra:5 Mem:15.24M (Peak 53.42M) | Time:00:00.00 | Mem:0.00M, Peak:0.00M | Scene, ViewLayer | Synchronizing object | geometry_0_cube.026
Fra:5 Mem:15.25M (Peak 53.42M) | Time:00:00.00 | Mem:0.00M, Peak:0.00M | Scene, ViewLayer | Synchronizing object | geometry_0_cube.027
Fra:5 Mem:15.25M (Peak 53.42M) | Time:00:00.00 | Mem:0.00M, Peak:0.00M | Scene, ViewLayer | Synchronizing object | geometry_0_cube.003
Fra:5 Mem:15.25M (Peak 53.42M) | Time:00:00.00 | Mem:0.00M, Peak:0.00M | Scene, ViewLayer | Synchronizing object | geometry_0_cube
Fra:5 Mem:15.25M (Peak 53.42M) | Time:00:00.00 | Mem:0.00M, Peak:0.00M | Scene, ViewLayer | Synchronizing object | geometry_0_cube.001
Fra:5 Mem:15.25M (Peak 53.42M) | Time:00:00.00 | Mem:0.00M, Peak:0.00M | Scene, ViewLayer | Synchronizing object | geometry_0_mesh.002
Fra:5 Mem:15.25M (Peak 53.42M) | Time:00:00.00 | Mem:0.00M, Peak:0.00M | Scene, ViewLayer | Synchronizing object | geometry_0_cube.002
Fra:5 Mem:15.26M (Peak 53.42M) | Time:00:00.00 | Mem:0.00M, Peak:0.00M | Scene, ViewLayer | Synchronizing object | geometry_0_hull
Fra:5 Mem:15.27M (Peak 53.42M) | Time:00:00.00 | Mem:0.00M, Peak:0.00M | Scene, ViewLayer | Synchronizing object | geometry_0_mesh.001
Fra:5 Mem:15.28M (Peak 53.42M) | Time:00:00.00 | Mem:0.00M, Peak:0.00M | Scene, ViewLayer | Synchronizing object | geometry_0_hull.001
Fra:5 Mem:15.28M (Peak 53.42M) | Time:00:00.00 | Mem:0.00M, Peak:0.00M | Scene, ViewLayer | Synchronizing object | geometry_0_mesh
Fra:5 Mem:15.30M (Peak 53.42M) | Time:00:00.00 | Mem:0.00M, Peak:0.00M | Scene, ViewLayer | Initializing
Fra:5 Mem:13.18M (Peak 53.42M) | Time:00:00.00 | Mem:0.00M, Peak:0.00M | Scene, ViewLayer | Waiting for render to start
Fra:5 Mem:13.19M (Peak 53.42M) | Time:00:00.00 | Mem:0.00M, Peak:0.00M | Scene, ViewLayer | Loading render kernels (may take a few minutes the first time)
Fra:5 Mem:13.19M (Peak 53.42M) | Time:00:00.00 | Mem:0.00M, Peak:0.00M | Scene, ViewLayer | Updating Scene
Fra:5 Mem:13.19M (Peak 53.42M) | Time:00:00.00 | Mem:0.00M, Peak:0.00M | Scene, ViewLayer | Updating Shaders
Fra:5 Mem:13.27M (Peak 53.42M) | Time:00:00.00 | Mem:0.00M, Peak:0.00M | Scene, ViewLayer | Updating Procedurals
Fra:5 Mem:13.27M (Peak 53.42M) | Time:00:00.00 | Mem:0.00M, Peak:0.00M | Scene, ViewLayer | Updating Background
Fra:5 Mem:13.27M (Peak 53.42M) | Time:00:00.00 | Mem:0.00M, Peak:0.00M | Scene, ViewLayer | Updating Camera
Fra:5 Mem:13.27M (Peak 53.42M) | Time:00:00.00 | Mem:0.00M, Peak:0.00M | Scene, ViewLayer | Updating Meshes Flags
Fra:5 Mem:13.27M (Peak 53.42M) | Time:00:00.00 | Mem:0.00M, Peak:0.00M | Scene, ViewLayer | Updating Objects
Fra:5 Mem:13.27M (Peak 53.42M) | Time:00:00.00 | Mem:0.00M, Peak:0.00M | Scene, ViewLayer | Updating Objects | Copying Transformations to device
Fra:5 Mem:13.28M (Peak 53.42M) | Time:00:00.00 | Mem:0.01M, Peak:0.01M | Scene, ViewLayer | Updating Objects | Applying Static Transformations
Fra:5 Mem:13.28M (Peak 53.42M) | Time:00:00.00 | Mem:0.01M, Peak:0.01M | Scene, ViewLayer | Updating Particle Systems
Fra:5 Mem:13.28M (Peak 53.42M) | Time:00:00.00 | Mem:0.01M, Peak:0.01M | Scene, ViewLayer | Updating Particle Systems | Copying Particles to device
Fra:5 Mem:13.28M (Peak 53.42M) | Time:00:00.00 | Mem:0.01M, Peak:0.01M | Scene, ViewLayer | Updating Meshes
Fra:5 Mem:13.29M (Peak 53.42M) | Time:00:00.00 | Mem:0.01M, Peak:0.01M | Scene, ViewLayer | Updating Mesh | Computing attributes
Fra:5 Mem:13.32M (Peak 53.42M) | Time:00:00.00 | Mem:0.01M, Peak:0.01M | Scene, ViewLayer | Updating Mesh | Copying Attributes to device
Fra:5 Mem:13.32M (Peak 53.42M) | Time:00:00.00 | Mem:0.03M, Peak:0.03M | Scene, ViewLayer | Updating Scene BVH | Building
Fra:5 Mem:13.32M (Peak 53.42M) | Time:00:00.00 | Mem:0.03M, Peak:0.03M | Scene, ViewLayer | Updating Scene BVH | Building BVH
Fra:5 Mem:13.32M (Peak 53.42M) | Time:00:00.00 | Mem:0.06M, Peak:0.06M | Scene, ViewLayer | Updating Scene BVH | Building BVH 0%
Fra:5 Mem:13.32M (Peak 53.42M) | Time:00:00.00 | Mem:0.10M, Peak:0.14M | Scene, ViewLayer | Updating Scene BVH | Copying BVH to device
Fra:5 Mem:13.32M (Peak 53.42M) | Time:00:00.00 | Mem:0.10M, Peak:0.14M | Scene, ViewLayer | Updating Mesh | Computing normals
Fra:5 Mem:13.39M (Peak 53.42M) | Time:00:00.00 | Mem:0.10M, Peak:0.14M | Scene, ViewLayer | Updating Mesh | Copying Mesh to device
Fra:5 Mem:13.39M (Peak 53.42M) | Time:00:00.00 | Mem:0.18M, Peak:0.18M | Scene, ViewLayer | Updating Objects Flags
Fra:5 Mem:13.39M (Peak 53.42M) | Time:00:00.00 | Mem:0.18M, Peak:0.18M | Scene, ViewLayer | Updating Primitive Offsets
Fra:5 Mem:13.39M (Peak 53.42M) | Time:00:00.00 | Mem:0.18M, Peak:0.18M | Scene, ViewLayer | Updating Images
Fra:5 Mem:13.39M (Peak 53.42M) | Time:00:00.00 | Mem:0.18M, Peak:0.18M | Scene, ViewLayer | Updating Camera Volume
Fra:5 Mem:13.39M (Peak 53.42M) | Time:00:00.00 | Mem:0.18M, Peak:0.18M | Scene, ViewLayer | Updating Lookup Tables
Fra:5 Mem:13.39M (Peak 53.42M) | Time:00:00.00 | Mem:0.26M, Peak:0.26M | Scene, ViewLayer | Updating Lights
Fra:5 Mem:13.39M (Peak 53.42M) | Time:00:00.00 | Mem:0.26M, Peak:0.26M | Scene, ViewLayer | Updating Lights | Computing distribution
Fra:5 Mem:13.39M (Peak 53.42M) | Time:00:00.00 | Mem:0.26M, Peak:0.26M | Scene, ViewLayer | Updating Lights | Computing tree
Fra:5 Mem:13.39M (Peak 53.42M) | Time:00:00.00 | Mem:0.26M, Peak:0.26M | Scene, ViewLayer | Updating Integrator
Fra:5 Mem:14.39M (Peak 53.42M) | Time:00:00.00 | Mem:1.26M, Peak:1.26M | Scene, ViewLayer | Updating Film
Fra:5 Mem:14.40M (Peak 53.42M) | Time:00:00.00 | Mem:1.18M, Peak:1.26M | Scene, ViewLayer | Updating Lookup Tables
Fra:5 Mem:14.40M (Peak 53.42M) | Time:00:00.00 | Mem:1.26M, Peak:1.26M | Scene, ViewLayer | Updating Baking
Fra:5 Mem:14.40M (Peak 53.42M) | Time:00:00.00 | Mem:1.26M, Peak:1.26M | Scene, ViewLayer | Updating Device | Writing constant memory
Fra:5 Mem:14.40M (Peak 53.42M) | Time:00:00.00 | Mem:1.26M, Peak:1.26M | Scene, ViewLayer | Sample 0/32
Fra:5 Mem:33.41M (Peak 53.42M) | Time:00:00.04 | Remaining:00:00.94 | Mem:20.26M, Peak:20.26M | Scene, ViewLayer | Sample 1/32
Fra:5 Mem:41.42M (Peak 53.42M) | Time:00:01.71 | Mem:20.26M, Peak:20.26M | Scene, ViewLayer | Sample 32/32
Fra:5 Mem:41.42M (Peak 53.42M) | Time:00:01.71 | Mem:20.26M, Peak:20.26M | Scene, ViewLayer | Finished
Fra:5 Mem:21.09M (Peak 53.42M) | Time:00:01.71 | Compositing
Fra:5 Mem:21.09M (Peak 53.42M) | Time:00:01.71 | Compositing | Determining resolution
Fra:5 Mem:21.09M (Peak 53.42M) | Time:00:01.71 | Compositing | Initializing execution
Fra:5 Mem:21.09M (Peak 53.42M) | Time:00:01.71 | Compositing | De-initializing execution
Saved: '/vepfs_default/chanxueyan/lhp/lms/aDSL/temp/geometry_expression_20260929/B/T02-bookshelf/views/render_0005.png'
Time: 00:01.74 (Saving: 00:00.02)

Fra:6 Mem:15.19M (Peak 53.42M) | Time:00:00.00 | Mem:0.00M, Peak:0.00M | Scene, ViewLayer | Synchronizing object | geometry_0_cube.006
Fra:6 Mem:15.19M (Peak 53.42M) | Time:00:00.00 | Mem:0.00M, Peak:0.00M | Scene, ViewLayer | Synchronizing object | geometry_0_cube.007
Fra:6 Mem:15.19M (Peak 53.42M) | Time:00:00.00 | Mem:0.00M, Peak:0.00M | Scene, ViewLayer | Synchronizing object | geometry_0_cube.008
Fra:6 Mem:15.20M (Peak 53.42M) | Time:00:00.00 | Mem:0.00M, Peak:0.00M | Scene, ViewLayer | Synchronizing object | geometry_0_cube.009
Fra:6 Mem:15.20M (Peak 53.42M) | Time:00:00.00 | Mem:0.00M, Peak:0.00M | Scene, ViewLayer | Synchronizing object | geometry_0_cube.010
Fra:6 Mem:15.20M (Peak 53.42M) | Time:00:00.00 | Mem:0.00M, Peak:0.00M | Scene, ViewLayer | Synchronizing object | geometry_0_cube.011
Fra:6 Mem:15.20M (Peak 53.42M) | Time:00:00.00 | Mem:0.00M, Peak:0.00M | Scene, ViewLayer | Synchronizing object | geometry_0_cube.012
Fra:6 Mem:15.20M (Peak 53.42M) | Time:00:00.00 | Mem:0.00M, Peak:0.00M | Scene, ViewLayer | Synchronizing object | geometry_0_cube.013
Fra:6 Mem:15.21M (Peak 53.42M) | Time:00:00.00 | Mem:0.00M, Peak:0.00M | Scene, ViewLayer | Synchronizing object | geometry_0_cube.014
Fra:6 Mem:15.21M (Peak 53.42M) | Time:00:00.00 | Mem:0.00M, Peak:0.00M | Scene, ViewLayer | Synchronizing object | geometry_0_cube.015
Fra:6 Mem:15.21M (Peak 53.42M) | Time:00:00.00 | Mem:0.00M, Peak:0.00M | Scene, ViewLayer | Synchronizing object | geometry_0_cube.016
Fra:6 Mem:15.21M (Peak 53.42M) | Time:00:00.00 | Mem:0.00M, Peak:0.00M | Scene, ViewLayer | Synchronizing object | geometry_0_cube.017
Fra:6 Mem:15.21M (Peak 53.42M) | Time:00:00.00 | Mem:0.00M, Peak:0.00M | Scene, ViewLayer | Synchronizing object | geometry_0_cube.018
Fra:6 Mem:15.21M (Peak 53.42M) | Time:00:00.00 | Mem:0.00M, Peak:0.00M | Scene, ViewLayer | Synchronizing object | geometry_0_mesh.003
Fra:6 Mem:15.21M (Peak 53.42M) | Time:00:00.00 | Mem:0.00M, Peak:0.00M | Scene, ViewLayer | Synchronizing object | geometry_0_cube.020
Fra:6 Mem:15.23M (Peak 53.42M) | Time:00:00.00 | Mem:0.00M, Peak:0.00M | Scene, ViewLayer | Synchronizing object | geometry_0_cube.021
Fra:6 Mem:15.23M (Peak 53.42M) | Time:00:00.00 | Mem:0.00M, Peak:0.00M | Scene, ViewLayer | Synchronizing object | geometry_0_cube.022
Fra:6 Mem:15.23M (Peak 53.42M) | Time:00:00.00 | Mem:0.00M, Peak:0.00M | Scene, ViewLayer | Synchronizing object | geometry_0_cube.023
Fra:6 Mem:15.23M (Peak 53.42M) | Time:00:00.00 | Mem:0.00M, Peak:0.00M | Scene, ViewLayer | Synchronizing object | geometry_0_hull.002
Fra:6 Mem:15.24M (Peak 53.42M) | Time:00:00.00 | Mem:0.00M, Peak:0.00M | Scene, ViewLayer | Synchronizing object | geometry_0_cube.024
Fra:6 Mem:15.24M (Peak 53.42M) | Time:00:00.00 | Mem:0.00M, Peak:0.00M | Scene, ViewLayer | Synchronizing object | geometry_0_cube.025
Fra:6 Mem:15.24M (Peak 53.42M) | Time:00:00.00 | Mem:0.00M, Peak:0.00M | Scene, ViewLayer | Synchronizing object | geometry_0_cube.005
Fra:6 Mem:15.24M (Peak 53.42M) | Time:00:00.00 | Mem:0.00M, Peak:0.00M | Scene, ViewLayer | Synchronizing object | geometry_0_cube.028
Fra:6 Mem:15.24M (Peak 53.42M) | Time:00:00.00 | Mem:0.00M, Peak:0.00M | Scene, ViewLayer | Synchronizing object | geometry_0_cube.029
Fra:6 Mem:15.24M (Peak 53.42M) | Time:00:00.00 | Mem:0.00M, Peak:0.00M | Scene, ViewLayer | Synchronizing object | geometry_0_cube.004
Fra:6 Mem:15.24M (Peak 53.42M) | Time:00:00.00 | Mem:0.00M, Peak:0.00M | Scene, ViewLayer | Synchronizing object | geometry_0_cube.026
Fra:6 Mem:15.25M (Peak 53.42M) | Time:00:00.00 | Mem:0.00M, Peak:0.00M | Scene, ViewLayer | Synchronizing object | geometry_0_cube.027
Fra:6 Mem:15.25M (Peak 53.42M) | Time:00:00.00 | Mem:0.00M, Peak:0.00M | Scene, ViewLayer | Synchronizing object | geometry_0_cube.003
Fra:6 Mem:15.25M (Peak 53.42M) | Time:00:00.00 | Mem:0.00M, Peak:0.00M | Scene, ViewLayer | Synchronizing object | geometry_0_cube
Fra:6 Mem:15.25M (Peak 53.42M) | Time:00:00.00 | Mem:0.00M, Peak:0.00M | Scene, ViewLayer | Synchronizing object | geometry_0_cube.001
Fra:6 Mem:15.25M (Peak 53.42M) | Time:00:00.00 | Mem:0.00M, Peak:0.00M | Scene, ViewLayer | Synchronizing object | geometry_0_mesh.002
Fra:6 Mem:15.25M (Peak 53.42M) | Time:00:00.00 | Mem:0.00M, Peak:0.00M | Scene, ViewLayer | Synchronizing object | geometry_0_cube.002
Fra:6 Mem:15.26M (Peak 53.42M) | Time:00:00.00 | Mem:0.00M, Peak:0.00M | Scene, ViewLayer | Synchronizing object | geometry_0_hull
Fra:6 Mem:15.27M (Peak 53.42M) | Time:00:00.00 | Mem:0.00M, Peak:0.00M | Scene, ViewLayer | Synchronizing object | geometry_0_mesh.001
Fra:6 Mem:15.27M (Peak 53.42M) | Time:00:00.00 | Mem:0.00M, Peak:0.00M | Scene, ViewLayer | Synchronizing object | geometry_0_hull.001
Fra:6 Mem:15.28M (Peak 53.42M) | Time:00:00.00 | Mem:0.00M, Peak:0.00M | Scene, ViewLayer | Synchronizing object | geometry_0_mesh
Fra:6 Mem:15.30M (Peak 53.42M) | Time:00:00.00 | Mem:0.00M, Peak:0.00M | Scene, ViewLayer | Initializing
Fra:6 Mem:13.18M (Peak 53.42M) | Time:00:00.00 | Mem:0.00M, Peak:0.00M | Scene, ViewLayer | Waiting for render to start
Fra:6 Mem:13.19M (Peak 53.42M) | Time:00:00.00 | Mem:0.00M, Peak:0.00M | Scene, ViewLayer | Loading render kernels (may take a few minutes the first time)
Fra:6 Mem:13.19M (Peak 53.42M) | Time:00:00.00 | Mem:0.00M, Peak:0.00M | Scene, ViewLayer | Updating Scene
Fra:6 Mem:13.19M (Peak 53.42M) | Time:00:00.00 | Mem:0.00M, Peak:0.00M | Scene, ViewLayer | Updating Shaders
Fra:6 Mem:13.27M (Peak 53.42M) | Time:00:00.00 | Mem:0.00M, Peak:0.00M | Scene, ViewLayer | Updating Procedurals
Fra:6 Mem:13.27M (Peak 53.42M) | Time:00:00.00 | Mem:0.00M, Peak:0.00M | Scene, ViewLayer | Updating Background
Fra:6 Mem:13.27M (Peak 53.42M) | Time:00:00.00 | Mem:0.00M, Peak:0.00M | Scene, ViewLayer | Updating Camera
Fra:6 Mem:13.27M (Peak 53.42M) | Time:00:00.00 | Mem:0.00M, Peak:0.00M | Scene, ViewLayer | Updating Meshes Flags
Fra:6 Mem:13.27M (Peak 53.42M) | Time:00:00.00 | Mem:0.00M, Peak:0.00M | Scene, ViewLayer | Updating Objects
Fra:6 Mem:13.27M (Peak 53.42M) | Time:00:00.00 | Mem:0.00M, Peak:0.00M | Scene, ViewLayer | Updating Objects | Copying Transformations to device
Fra:6 Mem:13.28M (Peak 53.42M) | Time:00:00.00 | Mem:0.01M, Peak:0.01M | Scene, ViewLayer | Updating Objects | Applying Static Transformations
Fra:6 Mem:13.28M (Peak 53.42M) | Time:00:00.00 | Mem:0.01M, Peak:0.01M | Scene, ViewLayer | Updating Particle Systems
Fra:6 Mem:13.28M (Peak 53.42M) | Time:00:00.00 | Mem:0.01M, Peak:0.01M | Scene, ViewLayer | Updating Particle Systems | Copying Particles to device
Fra:6 Mem:13.28M (Peak 53.42M) | Time:00:00.00 | Mem:0.01M, Peak:0.01M | Scene, ViewLayer | Updating Meshes
Fra:6 Mem:13.29M (Peak 53.42M) | Time:00:00.00 | Mem:0.01M, Peak:0.01M | Scene, ViewLayer | Updating Mesh | Computing attributes
Fra:6 Mem:13.32M (Peak 53.42M) | Time:00:00.00 | Mem:0.01M, Peak:0.01M | Scene, ViewLayer | Updating Mesh | Copying Attributes to device
Fra:6 Mem:13.32M (Peak 53.42M) | Time:00:00.00 | Mem:0.03M, Peak:0.03M | Scene, ViewLayer | Updating Scene BVH | Building
Fra:6 Mem:13.32M (Peak 53.42M) | Time:00:00.00 | Mem:0.03M, Peak:0.03M | Scene, ViewLayer | Updating Scene BVH | Building BVH
Fra:6 Mem:13.32M (Peak 53.42M) | Time:00:00.00 | Mem:0.06M, Peak:0.06M | Scene, ViewLayer | Updating Scene BVH | Building BVH 0%
Fra:6 Mem:13.32M (Peak 53.42M) | Time:00:00.00 | Mem:0.10M, Peak:0.14M | Scene, ViewLayer | Updating Scene BVH | Copying BVH to device
Fra:6 Mem:13.32M (Peak 53.42M) | Time:00:00.00 | Mem:0.10M, Peak:0.14M | Scene, ViewLayer | Updating Mesh | Computing normals
Fra:6 Mem:13.39M (Peak 53.42M) | Time:00:00.00 | Mem:0.10M, Peak:0.14M | Scene, ViewLayer | Updating Mesh | Copying Mesh to device
Fra:6 Mem:13.39M (Peak 53.42M) | Time:00:00.00 | Mem:0.18M, Peak:0.18M | Scene, ViewLayer | Updating Objects Flags
Fra:6 Mem:13.39M (Peak 53.42M) | Time:00:00.00 | Mem:0.18M, Peak:0.18M | Scene, ViewLayer | Updating Primitive Offsets
Fra:6 Mem:13.39M (Peak 53.42M) | Time:00:00.00 | Mem:0.18M, Peak:0.18M | Scene, ViewLayer | Updating Images
Fra:6 Mem:13.39M (Peak 53.42M) | Time:00:00.00 | Mem:0.18M, Peak:0.18M | Scene, ViewLayer | Updating Camera Volume
Fra:6 Mem:13.39M (Peak 53.42M) | Time:00:00.00 | Mem:0.18M, Peak:0.18M | Scene, ViewLayer | Updating Lookup Tables
Fra:6 Mem:13.39M (Peak 53.42M) | Time:00:00.00 | Mem:0.26M, Peak:0.26M | Scene, ViewLayer | Updating Lights
Fra:6 Mem:13.39M (Peak 53.42M) | Time:00:00.00 | Mem:0.26M, Peak:0.26M | Scene, ViewLayer | Updating Lights | Computing distribution
Fra:6 Mem:13.39M (Peak 53.42M) | Time:00:00.00 | Mem:0.26M, Peak:0.26M | Scene, ViewLayer | Updating Lights | Computing tree
Fra:6 Mem:13.39M (Peak 53.42M) | Time:00:00.00 | Mem:0.26M, Peak:0.26M | Scene, ViewLayer | Updating Integrator
Fra:6 Mem:14.39M (Peak 53.42M) | Time:00:00.00 | Mem:1.26M, Peak:1.26M | Scene, ViewLayer | Updating Film
Fra:6 Mem:14.40M (Peak 53.42M) | Time:00:00.00 | Mem:1.18M, Peak:1.26M | Scene, ViewLayer | Updating Lookup Tables
Fra:6 Mem:14.40M (Peak 53.42M) | Time:00:00.00 | Mem:1.26M, Peak:1.26M | Scene, ViewLayer | Updating Baking
Fra:6 Mem:14.40M (Peak 53.42M) | Time:00:00.00 | Mem:1.26M, Peak:1.26M | Scene, ViewLayer | Updating Device | Writing constant memory
Fra:6 Mem:14.40M (Peak 53.42M) | Time:00:00.00 | Mem:1.26M, Peak:1.26M | Scene, ViewLayer | Sample 0/32
Fra:6 Mem:33.41M (Peak 53.42M) | Time:00:00.04 | Remaining:00:00.97 | Mem:20.26M, Peak:20.26M | Scene, ViewLayer | Sample 1/32
Fra:6 Mem:41.42M (Peak 53.42M) | Time:00:02.06 | Mem:20.26M, Peak:20.26M | Scene, ViewLayer | Sample 32/32
Fra:6 Mem:41.42M (Peak 53.42M) | Time:00:02.06 | Mem:20.26M, Peak:20.26M | Scene, ViewLayer | Finished
Fra:6 Mem:21.09M (Peak 53.42M) | Time:00:02.06 | Compositing
Fra:6 Mem:21.09M (Peak 53.42M) | Time:00:02.06 | Compositing | Determining resolution
Fra:6 Mem:21.09M (Peak 53.42M) | Time:00:02.06 | Compositing | Initializing execution
Fra:6 Mem:21.09M (Peak 53.42M) | Time:00:02.06 | Compositing | De-initializing execution
Saved: '/vepfs_default/chanxueyan/lhp/lms/aDSL/temp/geometry_expression_20260929/B/T02-bookshelf/views/render_0006.png'
Time: 00:02.08 (Saving: 00:00.02)

Fra:7 Mem:15.19M (Peak 53.42M) | Time:00:00.00 | Mem:0.00M, Peak:0.00M | Scene, ViewLayer | Synchronizing object | geometry_0_cube.006
Fra:7 Mem:15.19M (Peak 53.42M) | Time:00:00.00 | Mem:0.00M, Peak:0.00M | Scene, ViewLayer | Synchronizing object | geometry_0_cube.007
Fra:7 Mem:15.19M (Peak 53.42M) | Time:00:00.00 | Mem:0.00M, Peak:0.00M | Scene, ViewLayer | Synchronizing object | geometry_0_cube.008
Fra:7 Mem:15.20M (Peak 53.42M) | Time:00:00.00 | Mem:0.00M, Peak:0.00M | Scene, ViewLayer | Synchronizing object | geometry_0_cube.009
Fra:7 Mem:15.20M (Peak 53.42M) | Time:00:00.00 | Mem:0.00M, Peak:0.00M | Scene, ViewLayer | Synchronizing object | geometry_0_cube.010
Fra:7 Mem:15.20M (Peak 53.42M) | Time:00:00.00 | Mem:0.00M, Peak:0.00M | Scene, ViewLayer | Synchronizing object | geometry_0_cube.011
Fra:7 Mem:15.20M (Peak 53.42M) | Time:00:00.00 | Mem:0.00M, Peak:0.00M | Scene, ViewLayer | Synchronizing object | geometry_0_cube.012
Fra:7 Mem:15.20M (Peak 53.42M) | Time:00:00.00 | Mem:0.00M, Peak:0.00M | Scene, ViewLayer | Synchronizing object | geometry_0_cube.013
Fra:7 Mem:15.21M (Peak 53.42M) | Time:00:00.00 | Mem:0.00M, Peak:0.00M | Scene, ViewLayer | Synchronizing object | geometry_0_cube.014
Fra:7 Mem:15.21M (Peak 53.42M) | Time:00:00.00 | Mem:0.00M, Peak:0.00M | Scene, ViewLayer | Synchronizing object | geometry_0_cube.015
Fra:7 Mem:15.21M (Peak 53.42M) | Time:00:00.00 | Mem:0.00M, Peak:0.00M | Scene, ViewLayer | Synchronizing object | geometry_0_cube.016
Fra:7 Mem:15.21M (Peak 53.42M) | Time:00:00.00 | Mem:0.00M, Peak:0.00M | Scene, ViewLayer | Synchronizing object | geometry_0_mesh.003
Fra:7 Mem:15.21M (Peak 53.42M) | Time:00:00.00 | Mem:0.00M, Peak:0.00M | Scene, ViewLayer | Synchronizing object | geometry_0_cube.018
Fra:7 Mem:15.21M (Peak 53.42M) | Time:00:00.00 | Mem:0.00M, Peak:0.00M | Scene, ViewLayer | Synchronizing object | geometry_0_cube.019
Fra:7 Mem:15.23M (Peak 53.42M) | Time:00:00.00 | Mem:0.00M, Peak:0.00M | Scene, ViewLayer | Synchronizing object | geometry_0_cube.020
Fra:7 Mem:15.23M (Peak 53.42M) | Time:00:00.00 | Mem:0.00M, Peak:0.00M | Scene, ViewLayer | Synchronizing object | geometry_0_cube.021
Fra:7 Mem:15.23M (Peak 53.42M) | Time:00:00.00 | Mem:0.00M, Peak:0.00M | Scene, ViewLayer | Synchronizing object | geometry_0_cube.022
Fra:7 Mem:15.23M (Peak 53.42M) | Time:00:00.00 | Mem:0.00M, Peak:0.00M | Scene, ViewLayer | Synchronizing object | geometry_0_hull.002
Fra:7 Mem:15.23M (Peak 53.42M) | Time:00:00.00 | Mem:0.00M, Peak:0.00M | Scene, ViewLayer | Synchronizing object | geometry_0_cube.023
Fra:7 Mem:15.23M (Peak 53.42M) | Time:00:00.00 | Mem:0.00M, Peak:0.00M | Scene, ViewLayer | Synchronizing object | geometry_0_cube.024
Fra:7 Mem:15.24M (Peak 53.42M) | Time:00:00.00 | Mem:0.00M, Peak:0.00M | Scene, ViewLayer | Synchronizing object | geometry_0_cube.005
Fra:7 Mem:15.24M (Peak 53.42M) | Time:00:00.00 | Mem:0.00M, Peak:0.00M | Scene, ViewLayer | Synchronizing object | geometry_0_cube.025
Fra:7 Mem:15.24M (Peak 53.42M) | Time:00:00.00 | Mem:0.00M, Peak:0.00M | Scene, ViewLayer | Synchronizing object | geometry_0_cube.028
Fra:7 Mem:15.24M (Peak 53.42M) | Time:00:00.00 | Mem:0.00M, Peak:0.00M | Scene, ViewLayer | Synchronizing object | geometry_0_cube.029
Fra:7 Mem:15.24M (Peak 53.42M) | Time:00:00.00 | Mem:0.00M, Peak:0.00M | Scene, ViewLayer | Synchronizing object | geometry_0_cube.026
Fra:7 Mem:15.25M (Peak 53.42M) | Time:00:00.00 | Mem:0.00M, Peak:0.00M | Scene, ViewLayer | Synchronizing object | geometry_0_cube.003
Fra:7 Mem:15.25M (Peak 53.42M) | Time:00:00.00 | Mem:0.00M, Peak:0.00M | Scene, ViewLayer | Synchronizing object | geometry_0_cube.027
Fra:7 Mem:15.25M (Peak 53.42M) | Time:00:00.00 | Mem:0.00M, Peak:0.00M | Scene, ViewLayer | Synchronizing object | geometry_0_cube
Fra:7 Mem:15.25M (Peak 53.42M) | Time:00:00.00 | Mem:0.00M, Peak:0.00M | Scene, ViewLayer | Synchronizing object | geometry_0_mesh.002
Fra:7 Mem:15.25M (Peak 53.42M) | Time:00:00.00 | Mem:0.00M, Peak:0.00M | Scene, ViewLayer | Synchronizing object | geometry_0_cube.001
Fra:7 Mem:15.26M (Peak 53.42M) | Time:00:00.00 | Mem:0.00M, Peak:0.00M | Scene, ViewLayer | Synchronizing object | geometry_0_cube.002
Fra:7 Mem:15.26M (Peak 53.42M) | Time:00:00.00 | Mem:0.00M, Peak:0.00M | Scene, ViewLayer | Synchronizing object | geometry_0_mesh.001
Fra:7 Mem:15.27M (Peak 53.42M) | Time:00:00.00 | Mem:0.00M, Peak:0.00M | Scene, ViewLayer | Synchronizing object | geometry_0_hull
Fra:7 Mem:15.28M (Peak 53.42M) | Time:00:00.00 | Mem:0.00M, Peak:0.00M | Scene, ViewLayer | Synchronizing object | geometry_0_mesh
Fra:7 Mem:15.28M (Peak 53.42M) | Time:00:00.00 | Mem:0.00M, Peak:0.00M | Scene, ViewLayer | Synchronizing object | geometry_0_hull.001
Fra:7 Mem:15.30M (Peak 53.42M) | Time:00:00.00 | Mem:0.00M, Peak:0.00M | Scene, ViewLayer | Initializing
Fra:7 Mem:13.18M (Peak 53.42M) | Time:00:00.00 | Mem:0.00M, Peak:0.00M | Scene, ViewLayer | Waiting for render to start
Fra:7 Mem:13.19M (Peak 53.42M) | Time:00:00.00 | Mem:0.00M, Peak:0.00M | Scene, ViewLayer | Loading render kernels (may take a few minutes the first time)
Fra:7 Mem:13.19M (Peak 53.42M) | Time:00:00.00 | Mem:0.00M, Peak:0.00M | Scene, ViewLayer | Updating Scene
Fra:7 Mem:13.19M (Peak 53.42M) | Time:00:00.00 | Mem:0.00M, Peak:0.00M | Scene, ViewLayer | Updating Shaders
Fra:7 Mem:13.27M (Peak 53.42M) | Time:00:00.00 | Mem:0.00M, Peak:0.00M | Scene, ViewLayer | Updating Procedurals
Fra:7 Mem:13.27M (Peak 53.42M) | Time:00:00.00 | Mem:0.00M, Peak:0.00M | Scene, ViewLayer | Updating Background
Fra:7 Mem:13.27M (Peak 53.42M) | Time:00:00.00 | Mem:0.00M, Peak:0.00M | Scene, ViewLayer | Updating Camera
Fra:7 Mem:13.27M (Peak 53.42M) | Time:00:00.00 | Mem:0.00M, Peak:0.00M | Scene, ViewLayer | Updating Meshes Flags
Fra:7 Mem:13.27M (Peak 53.42M) | Time:00:00.00 | Mem:0.00M, Peak:0.00M | Scene, ViewLayer | Updating Objects
Fra:7 Mem:13.27M (Peak 53.42M) | Time:00:00.00 | Mem:0.00M, Peak:0.00M | Scene, ViewLayer | Updating Objects | Copying Transformations to device
Fra:7 Mem:13.28M (Peak 53.42M) | Time:00:00.00 | Mem:0.01M, Peak:0.01M | Scene, ViewLayer | Updating Objects | Applying Static Transformations
Fra:7 Mem:13.28M (Peak 53.42M) | Time:00:00.00 | Mem:0.01M, Peak:0.01M | Scene, ViewLayer | Updating Particle Systems
Fra:7 Mem:13.28M (Peak 53.42M) | Time:00:00.00 | Mem:0.01M, Peak:0.01M | Scene, ViewLayer | Updating Particle Systems | Copying Particles to device
Fra:7 Mem:13.28M (Peak 53.42M) | Time:00:00.00 | Mem:0.01M, Peak:0.01M | Scene, ViewLayer | Updating Meshes
Fra:7 Mem:13.29M (Peak 53.42M) | Time:00:00.00 | Mem:0.01M, Peak:0.01M | Scene, ViewLayer | Updating Mesh | Computing attributes
Fra:7 Mem:13.32M (Peak 53.42M) | Time:00:00.00 | Mem:0.01M, Peak:0.01M | Scene, ViewLayer | Updating Mesh | Copying Attributes to device
Fra:7 Mem:13.32M (Peak 53.42M) | Time:00:00.00 | Mem:0.03M, Peak:0.03M | Scene, ViewLayer | Updating Scene BVH | Building
Fra:7 Mem:13.32M (Peak 53.42M) | Time:00:00.00 | Mem:0.03M, Peak:0.03M | Scene, ViewLayer | Updating Scene BVH | Building BVH
Fra:7 Mem:13.32M (Peak 53.42M) | Time:00:00.00 | Mem:0.06M, Peak:0.06M | Scene, ViewLayer | Updating Scene BVH | Building BVH 0%
Fra:7 Mem:13.32M (Peak 53.42M) | Time:00:00.00 | Mem:0.10M, Peak:0.14M | Scene, ViewLayer | Updating Scene BVH | Copying BVH to device
Fra:7 Mem:13.32M (Peak 53.42M) | Time:00:00.00 | Mem:0.10M, Peak:0.14M | Scene, ViewLayer | Updating Mesh | Computing normals
Fra:7 Mem:13.39M (Peak 53.42M) | Time:00:00.00 | Mem:0.10M, Peak:0.14M | Scene, ViewLayer | Updating Mesh | Copying Mesh to device
Fra:7 Mem:13.39M (Peak 53.42M) | Time:00:00.00 | Mem:0.18M, Peak:0.18M | Scene, ViewLayer | Updating Objects Flags
Fra:7 Mem:13.39M (Peak 53.42M) | Time:00:00.00 | Mem:0.18M, Peak:0.18M | Scene, ViewLayer | Updating Primitive Offsets
Fra:7 Mem:13.39M (Peak 53.42M) | Time:00:00.00 | Mem:0.18M, Peak:0.18M | Scene, ViewLayer | Updating Images
Fra:7 Mem:13.39M (Peak 53.42M) | Time:00:00.00 | Mem:0.18M, Peak:0.18M | Scene, ViewLayer | Updating Camera Volume
Fra:7 Mem:13.39M (Peak 53.42M) | Time:00:00.00 | Mem:0.18M, Peak:0.18M | Scene, ViewLayer | Updating Lookup Tables
Fra:7 Mem:13.39M (Peak 53.42M) | Time:00:00.00 | Mem:0.26M, Peak:0.26M | Scene, ViewLayer | Updating Lights
Fra:7 Mem:13.39M (Peak 53.42M) | Time:00:00.00 | Mem:0.26M, Peak:0.26M | Scene, ViewLayer | Updating Lights | Computing distribution
Fra:7 Mem:13.39M (Peak 53.42M) | Time:00:00.00 | Mem:0.26M, Peak:0.26M | Scene, ViewLayer | Updating Lights | Computing tree
Fra:7 Mem:13.39M (Peak 53.42M) | Time:00:00.00 | Mem:0.26M, Peak:0.26M | Scene, ViewLayer | Updating Integrator
Fra:7 Mem:14.39M (Peak 53.42M) | Time:00:00.00 | Mem:1.26M, Peak:1.26M | Scene, ViewLayer | Updating Film
Fra:7 Mem:14.40M (Peak 53.42M) | Time:00:00.00 | Mem:1.18M, Peak:1.26M | Scene, ViewLayer | Updating Lookup Tables
Fra:7 Mem:14.40M (Peak 53.42M) | Time:00:00.00 | Mem:1.26M, Peak:1.26M | Scene, ViewLayer | Updating Baking
Fra:7 Mem:14.40M (Peak 53.42M) | Time:00:00.00 | Mem:1.26M, Peak:1.26M | Scene, ViewLayer | Updating Device | Writing constant memory
Fra:7 Mem:14.40M (Peak 53.42M) | Time:00:00.00 | Mem:1.26M, Peak:1.26M | Scene, ViewLayer | Sample 0/32
Fra:7 Mem:33.41M (Peak 53.42M) | Time:00:00.03 | Remaining:00:00.96 | Mem:20.26M, Peak:20.26M | Scene, ViewLayer | Sample 1/32
Fra:7 Mem:41.42M (Peak 53.42M) | Time:00:02.16 | Mem:20.26M, Peak:20.26M | Scene, ViewLayer | Sample 32/32
Fra:7 Mem:41.42M (Peak 53.42M) | Time:00:02.16 | Mem:20.26M, Peak:20.26M | Scene, ViewLayer | Finished
Fra:7 Mem:21.09M (Peak 53.42M) | Time:00:02.16 | Compositing
Fra:7 Mem:21.09M (Peak 53.42M) | Time:00:02.16 | Compositing | Determining resolution
Fra:7 Mem:21.09M (Peak 53.42M) | Time:00:02.16 | Compositing | Initializing execution
Fra:7 Mem:21.09M (Peak 53.42M) | Time:00:02.16 | Compositing | De-initializing execution
Saved: '/vepfs_default/chanxueyan/lhp/lms/aDSL/temp/geometry_expression_20260929/B/T02-bookshelf/views/render_0007.png'
Time: 00:02.19 (Saving: 00:00.02)

Fra:8 Mem:15.19M (Peak 53.42M) | Time:00:00.00 | Mem:0.00M, Peak:0.00M | Scene, ViewLayer | Synchronizing object | geometry_0_cube.006
Fra:8 Mem:15.19M (Peak 53.42M) | Time:00:00.00 | Mem:0.00M, Peak:0.00M | Scene, ViewLayer | Synchronizing object | geometry_0_cube.007
Fra:8 Mem:15.20M (Peak 53.42M) | Time:00:00.00 | Mem:0.00M, Peak:0.00M | Scene, ViewLayer | Synchronizing object | geometry_0_cube.008
Fra:8 Mem:15.20M (Peak 53.42M) | Time:00:00.00 | Mem:0.00M, Peak:0.00M | Scene, ViewLayer | Synchronizing object | geometry_0_cube.009
Fra:8 Mem:15.20M (Peak 53.42M) | Time:00:00.00 | Mem:0.00M, Peak:0.00M | Scene, ViewLayer | Synchronizing object | geometry_0_cube.011
Fra:8 Mem:15.20M (Peak 53.42M) | Time:00:00.00 | Mem:0.00M, Peak:0.00M | Scene, ViewLayer | Synchronizing object | geometry_0_cube.012
Fra:8 Mem:15.20M (Peak 53.42M) | Time:00:00.00 | Mem:0.00M, Peak:0.00M | Scene, ViewLayer | Synchronizing object | geometry_0_cube.013
Fra:8 Mem:15.20M (Peak 53.42M) | Time:00:00.00 | Mem:0.00M, Peak:0.00M | Scene, ViewLayer | Synchronizing object | geometry_0_cube.014
Fra:8 Mem:15.21M (Peak 53.42M) | Time:00:00.00 | Mem:0.00M, Peak:0.00M | Scene, ViewLayer | Synchronizing object | geometry_0_cube.015
Fra:8 Mem:15.21M (Peak 53.42M) | Time:00:00.00 | Mem:0.00M, Peak:0.00M | Scene, ViewLayer | Synchronizing object | geometry_0_cube.016
Fra:8 Mem:15.21M (Peak 53.42M) | Time:00:00.00 | Mem:0.00M, Peak:0.00M | Scene, ViewLayer | Synchronizing object | geometry_0_cube.017
Fra:8 Mem:15.21M (Peak 53.42M) | Time:00:00.00 | Mem:0.00M, Peak:0.00M | Scene, ViewLayer | Synchronizing object | geometry_0_cube.018
Fra:8 Mem:15.21M (Peak 53.42M) | Time:00:00.00 | Mem:0.00M, Peak:0.00M | Scene, ViewLayer | Synchronizing object | geometry_0_cube.019
Fra:8 Mem:15.21M (Peak 53.42M) | Time:00:00.03 | Mem:0.00M, Peak:0.00M | Scene, ViewLayer | Synchronizing object | geometry_0_mesh.003
Fra:8 Mem:15.22M (Peak 53.42M) | Time:00:00.03 | Mem:0.00M, Peak:0.00M | Scene, ViewLayer | Synchronizing object | geometry_0_cube.020
Fra:8 Mem:15.22M (Peak 53.42M) | Time:00:00.03 | Mem:0.00M, Peak:0.00M | Scene, ViewLayer | Synchronizing object | geometry_0_cube.021
Fra:8 Mem:15.23M (Peak 53.42M) | Time:00:00.03 | Mem:0.00M, Peak:0.00M | Scene, ViewLayer | Synchronizing object | geometry_0_cube.022
Fra:8 Mem:15.23M (Peak 53.42M) | Time:00:00.03 | Mem:0.00M, Peak:0.00M | Scene, ViewLayer | Synchronizing object | geometry_0_cube.023
Fra:8 Mem:15.23M (Peak 53.42M) | Time:00:00.03 | Mem:0.00M, Peak:0.00M | Scene, ViewLayer | Synchronizing object | geometry_0_cube.024
Fra:8 Mem:15.24M (Peak 53.42M) | Time:00:00.03 | Mem:0.00M, Peak:0.00M | Scene, ViewLayer | Synchronizing object | geometry_0_cube.025
Fra:8 Mem:15.24M (Peak 53.42M) | Time:00:00.03 | Mem:0.00M, Peak:0.00M | Scene, ViewLayer | Synchronizing object | geometry_0_cube.028
Fra:8 Mem:15.24M (Peak 53.42M) | Time:00:00.03 | Mem:0.00M, Peak:0.00M | Scene, ViewLayer | Synchronizing object | geometry_0_cube.026
Fra:8 Mem:15.24M (Peak 53.42M) | Time:00:00.03 | Mem:0.00M, Peak:0.00M | Scene, ViewLayer | Synchronizing object | geometry_0_cube
Fra:8 Mem:15.24M (Peak 53.42M) | Time:00:00.03 | Mem:0.00M, Peak:0.00M | Scene, ViewLayer | Synchronizing object | geometry_0_cube.005
Fra:8 Mem:15.25M (Peak 53.42M) | Time:00:00.03 | Mem:0.00M, Peak:0.00M | Scene, ViewLayer | Synchronizing object | geometry_0_cube.001
Fra:8 Mem:15.25M (Peak 53.42M) | Time:00:00.03 | Mem:0.00M, Peak:0.00M | Scene, ViewLayer | Synchronizing object | geometry_0_cube.004
Fra:8 Mem:15.25M (Peak 53.42M) | Time:00:00.03 | Mem:0.00M, Peak:0.00M | Scene, ViewLayer | Synchronizing object | geometry_0_cube.002
Fra:8 Mem:15.25M (Peak 53.42M) | Time:00:00.03 | Mem:0.00M, Peak:0.00M | Scene, ViewLayer | Synchronizing object | geometry_0_hull
Fra:8 Mem:15.25M (Peak 53.42M) | Time:00:00.03 | Mem:0.00M, Peak:0.00M | Scene, ViewLayer | Synchronizing object | geometry_0_hull.001
Fra:8 Mem:15.25M (Peak 53.42M) | Time:00:00.03 | Mem:0.00M, Peak:0.00M | Scene, ViewLayer | Synchronizing object | geometry_0_mesh.001
Fra:8 Mem:15.26M (Peak 53.42M) | Time:00:00.03 | Mem:0.00M, Peak:0.00M | Scene, ViewLayer | Synchronizing object | geometry_0_cube.003
Fra:8 Mem:15.27M (Peak 53.42M) | Time:00:00.03 | Mem:0.00M, Peak:0.00M | Scene, ViewLayer | Synchronizing object | geometry_0_mesh.002
Fra:8 Mem:15.30M (Peak 53.42M) | Time:00:00.03 | Mem:0.00M, Peak:0.00M | Scene, ViewLayer | Initializing
Fra:8 Mem:13.18M (Peak 53.42M) | Time:00:00.03 | Mem:0.00M, Peak:0.00M | Scene, ViewLayer | Waiting for render to start
Fra:8 Mem:13.19M (Peak 53.42M) | Time:00:00.03 | Mem:0.00M, Peak:0.00M | Scene, ViewLayer | Loading render kernels (may take a few minutes the first time)
Fra:8 Mem:13.19M (Peak 53.42M) | Time:00:00.03 | Mem:0.00M, Peak:0.00M | Scene, ViewLayer | Updating Scene
Fra:8 Mem:13.19M (Peak 53.42M) | Time:00:00.03 | Mem:0.00M, Peak:0.00M | Scene, ViewLayer | Updating Shaders
Fra:8 Mem:13.27M (Peak 53.42M) | Time:00:00.03 | Mem:0.00M, Peak:0.00M | Scene, ViewLayer | Updating Procedurals
Fra:8 Mem:13.27M (Peak 53.42M) | Time:00:00.03 | Mem:0.00M, Peak:0.00M | Scene, ViewLayer | Updating Background
Fra:8 Mem:13.27M (Peak 53.42M) | Time:00:00.03 | Mem:0.00M, Peak:0.00M | Scene, ViewLayer | Updating Camera
Fra:8 Mem:13.27M (Peak 53.42M) | Time:00:00.03 | Mem:0.00M, Peak:0.00M | Scene, ViewLayer | Updating Meshes Flags
Fra:8 Mem:13.27M (Peak 53.42M) | Time:00:00.03 | Mem:0.00M, Peak:0.00M | Scene, ViewLayer | Updating Objects
Fra:8 Mem:13.27M (Peak 53.42M) | Time:00:00.03 | Mem:0.00M, Peak:0.00M | Scene, ViewLayer | Updating Objects | Copying Transformations to device
Fra:8 Mem:13.28M (Peak 53.42M) | Time:00:00.03 | Mem:0.01M, Peak:0.01M | Scene, ViewLayer | Updating Objects | Applying Static Transformations
Fra:8 Mem:13.28M (Peak 53.42M) | Time:00:00.03 | Mem:0.01M, Peak:0.01M | Scene, ViewLayer | Updating Particle Systems
Fra:8 Mem:13.28M (Peak 53.42M) | Time:00:00.03 | Mem:0.01M, Peak:0.01M | Scene, ViewLayer | Updating Particle Systems | Copying Particles to device
Fra:8 Mem:13.28M (Peak 53.42M) | Time:00:00.03 | Mem:0.01M, Peak:0.01M | Scene, ViewLayer | Updating Meshes
Fra:8 Mem:13.29M (Peak 53.42M) | Time:00:00.03 | Mem:0.01M, Peak:0.01M | Scene, ViewLayer | Updating Mesh | Computing attributes
Fra:8 Mem:13.32M (Peak 53.42M) | Time:00:00.03 | Mem:0.01M, Peak:0.01M | Scene, ViewLayer | Updating Mesh | Copying Attributes to device
Fra:8 Mem:13.32M (Peak 53.42M) | Time:00:00.03 | Mem:0.03M, Peak:0.03M | Scene, ViewLayer | Updating Scene BVH | Building
Fra:8 Mem:13.32M (Peak 53.42M) | Time:00:00.03 | Mem:0.03M, Peak:0.03M | Scene, ViewLayer | Updating Scene BVH | Building BVH
Fra:8 Mem:13.32M (Peak 53.42M) | Time:00:00.03 | Mem:0.06M, Peak:0.06M | Scene, ViewLayer | Updating Scene BVH | Building BVH 0%
Fra:8 Mem:13.32M (Peak 53.42M) | Time:00:00.03 | Mem:0.10M, Peak:0.14M | Scene, ViewLayer | Updating Scene BVH | Copying BVH to device
Fra:8 Mem:13.32M (Peak 53.42M) | Time:00:00.03 | Mem:0.10M, Peak:0.14M | Scene, ViewLayer | Updating Mesh | Computing normals
Fra:8 Mem:13.39M (Peak 53.42M) | Time:00:00.03 | Mem:0.10M, Peak:0.14M | Scene, ViewLayer | Updating Mesh | Copying Mesh to device
Fra:8 Mem:13.39M (Peak 53.42M) | Time:00:00.03 | Mem:0.18M, Peak:0.18M | Scene, ViewLayer | Updating Objects Flags
Fra:8 Mem:13.39M (Peak 53.42M) | Time:00:00.03 | Mem:0.18M, Peak:0.18M | Scene, ViewLayer | Updating Primitive Offsets
Fra:8 Mem:13.39M (Peak 53.42M) | Time:00:00.03 | Mem:0.18M, Peak:0.18M | Scene, ViewLayer | Updating Images
Fra:8 Mem:13.39M (Peak 53.42M) | Time:00:00.03 | Mem:0.18M, Peak:0.18M | Scene, ViewLayer | Updating Camera Volume
Fra:8 Mem:13.39M (Peak 53.42M) | Time:00:00.03 | Mem:0.18M, Peak:0.18M | Scene, ViewLayer | Updating Lookup Tables
Fra:8 Mem:13.39M (Peak 53.42M) | Time:00:00.03 | Mem:0.26M, Peak:0.26M | Scene, ViewLayer | Updating Lights
Fra:8 Mem:13.39M (Peak 53.42M) | Time:00:00.03 | Mem:0.26M, Peak:0.26M | Scene, ViewLayer | Updating Lights | Computing distribution
Fra:8 Mem:13.39M (Peak 53.42M) | Time:00:00.03 | Mem:0.26M, Peak:0.26M | Scene, ViewLayer | Updating Lights | Computing tree
Fra:8 Mem:13.39M (Peak 53.42M) | Time:00:00.03 | Mem:0.26M, Peak:0.26M | Scene, ViewLayer | Updating Integrator
Fra:8 Mem:14.39M (Peak 53.42M) | Time:00:00.03 | Mem:1.26M, Peak:1.26M | Scene, ViewLayer | Updating Film
Fra:8 Mem:14.40M (Peak 53.42M) | Time:00:00.03 | Mem:1.18M, Peak:1.26M | Scene, ViewLayer | Updating Lookup Tables
Fra:8 Mem:14.40M (Peak 53.42M) | Time:00:00.03 | Mem:1.26M, Peak:1.26M | Scene, ViewLayer | Updating Baking
Fra:8 Mem:14.40M (Peak 53.42M) | Time:00:00.03 | Mem:1.26M, Peak:1.26M | Scene, ViewLayer | Updating Device | Writing constant memory
Fra:8 Mem:14.40M (Peak 53.42M) | Time:00:00.03 | Mem:1.26M, Peak:1.26M | Scene, ViewLayer | Sample 0/32
Fra:8 Mem:33.41M (Peak 53.42M) | Time:00:00.06 | Remaining:00:00.90 | Mem:20.26M, Peak:20.26M | Scene, ViewLayer | Sample 1/32
Fra:8 Mem:41.42M (Peak 53.42M) | Time:00:02.64 | Mem:20.26M, Peak:20.26M | Scene, ViewLayer | Sample 32/32
Fra:8 Mem:41.42M (Peak 53.42M) | Time:00:02.64 | Mem:20.26M, Peak:20.26M | Scene, ViewLayer | Finished
Fra:8 Mem:21.09M (Peak 53.42M) | Time:00:02.64 | Compositing
Fra:8 Mem:21.09M (Peak 53.42M) | Time:00:02.64 | Compositing | Determining resolution
Fra:8 Mem:21.09M (Peak 53.42M) | Time:00:02.64 | Compositing | Initializing execution
Fra:8 Mem:21.09M (Peak 53.42M) | Time:00:02.64 | Compositing | De-initializing execution
Saved: '/vepfs_default/chanxueyan/lhp/lms/aDSL/temp/geometry_expression_20260929/B/T02-bookshelf/views/render_0008.png'
Time: 00:02.67 (Saving: 00:00.02)

Data are loaded, start creating Blender stuff
glTF import finished in 0.02s
