Fra:1 Mem:17.14M (Peak 17.48M) | Time:00:00.00 | Mem:0.00M, Peak:0.00M | Scene, ViewLayer | Synchronizing object | geometry_0_hull
Fra:1 Mem:17.14M (Peak 17.48M) | Time:00:00.00 | Mem:0.00M, Peak:0.00M | Scene, ViewLayer | Synchronizing object | geometry_0_mesh.002
Fra:1 Mem:17.45M (Peak 17.48M) | Time:00:00.00 | Mem:0.00M, Peak:0.00M | Scene, ViewLayer | Synchronizing object | geometry_0_sphere
Fra:1 Mem:17.96M (Peak 17.96M) | Time:00:00.00 | Mem:0.00M, Peak:0.00M | Scene, ViewLayer | Synchronizing object | geometry_0_hull.002
Fra:1 Mem:18.09M (Peak 18.09M) | Time:00:00.00 | Mem:0.00M, Peak:0.00M | Scene, ViewLayer | Synchronizing object | geometry_0_hull.004
Fra:1 Mem:18.49M (Peak 18.49M) | Time:00:00.00 | Mem:0.00M, Peak:0.00M | Scene, ViewLayer | Synchronizing object | geometry_0_hull.001
Fra:1 Mem:18.57M (Peak 18.57M) | Time:00:00.00 | Mem:0.00M, Peak:0.00M | Scene, ViewLayer | Synchronizing object | geometry_0_mesh.001
Fra:1 Mem:18.62M (Peak 18.62M) | Time:00:00.00 | Mem:0.00M, Peak:0.00M | Scene, ViewLayer | Synchronizing object | geometry_0_sphere.001
Fra:1 Mem:18.82M (Peak 18.82M) | Time:00:00.00 | Mem:0.00M, Peak:0.00M | Scene, ViewLayer | Synchronizing object | geometry_0_hull.003
Fra:1 Mem:18.88M (Peak 18.88M) | Time:00:00.00 | Mem:0.00M, Peak:0.00M | Scene, ViewLayer | Synchronizing object | geometry_0_hull.005
Fra:1 Mem:19.33M (Peak 19.33M) | Time:00:00.00 | Mem:0.00M, Peak:0.00M | Scene, ViewLayer | Initializing
Fra:1 Mem:17.64M (Peak 19.33M) | Time:00:00.00 | Mem:0.00M, Peak:0.00M | Scene, ViewLayer | Waiting for render to start
Fra:1 Mem:17.64M (Peak 19.33M) | Time:00:00.00 | Mem:0.00M, Peak:0.00M | Scene, ViewLayer | Loading render kernels (may take a few minutes the first time)
Fra:1 Mem:17.64M (Peak 19.33M) | Time:00:00.00 | Mem:0.00M, Peak:0.00M | Scene, ViewLayer | Updating Scene
Fra:1 Mem:17.64M (Peak 19.33M) | Time:00:00.00 | Mem:0.00M, Peak:0.00M | Scene, ViewLayer | Updating Shaders
Fra:1 Mem:17.73M (Peak 19.33M) | Time:00:00.00 | Mem:0.00M, Peak:0.00M | Scene, ViewLayer | Updating Procedurals
Fra:1 Mem:17.73M (Peak 19.33M) | Time:00:00.00 | Mem:0.00M, Peak:0.00M | Scene, ViewLayer | Updating Background
Fra:1 Mem:17.73M (Peak 19.33M) | Time:00:00.00 | Mem:0.00M, Peak:0.00M | Scene, ViewLayer | Updating Camera
Fra:1 Mem:17.73M (Peak 19.33M) | Time:00:00.00 | Mem:0.00M, Peak:0.00M | Scene, ViewLayer | Updating Meshes Flags
Fra:1 Mem:17.73M (Peak 19.33M) | Time:00:00.00 | Mem:0.00M, Peak:0.00M | Scene, ViewLayer | Updating Objects
Fra:1 Mem:17.73M (Peak 19.33M) | Time:00:00.00 | Mem:0.00M, Peak:0.00M | Scene, ViewLayer | Updating Objects | Copying Transformations to device
Fra:1 Mem:17.73M (Peak 19.33M) | Time:00:00.00 | Mem:0.00M, Peak:0.00M | Scene, ViewLayer | Updating Objects | Applying Static Transformations
Fra:1 Mem:17.73M (Peak 19.33M) | Time:00:00.00 | Mem:0.00M, Peak:0.00M | Scene, ViewLayer | Updating Particle Systems
Fra:1 Mem:17.73M (Peak 19.33M) | Time:00:00.00 | Mem:0.00M, Peak:0.00M | Scene, ViewLayer | Updating Particle Systems | Copying Particles to device
Fra:1 Mem:17.73M (Peak 19.33M) | Time:00:00.00 | Mem:0.00M, Peak:0.00M | Scene, ViewLayer | Updating Meshes
Fra:1 Mem:17.98M (Peak 19.33M) | Time:00:00.00 | Mem:0.00M, Peak:0.00M | Scene, ViewLayer | Updating Mesh | Computing attributes
Fra:1 Mem:18.40M (Peak 19.33M) | Time:00:00.00 | Mem:0.00M, Peak:0.00M | Scene, ViewLayer | Updating Mesh | Copying Attributes to device
Fra:1 Mem:18.40M (Peak 19.33M) | Time:00:00.00 | Mem:0.42M, Peak:0.42M | Scene, ViewLayer | Updating Scene BVH | Building
Fra:1 Mem:18.40M (Peak 19.33M) | Time:00:00.00 | Mem:0.42M, Peak:0.42M | Scene, ViewLayer | Updating Scene BVH | Building BVH
Fra:1 Mem:18.40M (Peak 19.33M) | Time:00:00.00 | Mem:0.93M, Peak:0.93M | Scene, ViewLayer | Updating Scene BVH | Building BVH 0%
Fra:1 Mem:18.40M (Peak 19.33M) | Time:00:00.00 | Mem:1.54M, Peak:2.05M | Scene, ViewLayer | Updating Scene BVH | Copying BVH to device
Fra:1 Mem:18.40M (Peak 19.33M) | Time:00:00.00 | Mem:1.54M, Peak:2.05M | Scene, ViewLayer | Updating Mesh | Computing normals
Fra:1 Mem:19.83M (Peak 19.83M) | Time:00:00.00 | Mem:1.54M, Peak:2.05M | Scene, ViewLayer | Updating Mesh | Copying Mesh to device
Fra:1 Mem:19.83M (Peak 19.83M) | Time:00:00.00 | Mem:2.97M, Peak:2.97M | Scene, ViewLayer | Updating Objects Flags
Fra:1 Mem:19.83M (Peak 19.83M) | Time:00:00.00 | Mem:2.97M, Peak:2.97M | Scene, ViewLayer | Updating Primitive Offsets
Fra:1 Mem:19.83M (Peak 19.83M) | Time:00:00.00 | Mem:2.97M, Peak:2.97M | Scene, ViewLayer | Updating Images
Fra:1 Mem:19.83M (Peak 19.83M) | Time:00:00.00 | Mem:2.97M, Peak:2.97M | Scene, ViewLayer | Updating Camera Volume
Fra:1 Mem:19.83M (Peak 19.83M) | Time:00:00.00 | Mem:2.97M, Peak:2.97M | Scene, ViewLayer | Updating Lookup Tables
Fra:1 Mem:19.83M (Peak 19.83M) | Time:00:00.00 | Mem:3.05M, Peak:3.05M | Scene, ViewLayer | Updating Lights
Fra:1 Mem:19.83M (Peak 19.83M) | Time:00:00.00 | Mem:3.05M, Peak:3.05M | Scene, ViewLayer | Updating Lights | Computing distribution
Fra:1 Mem:19.83M (Peak 19.83M) | Time:00:00.00 | Mem:3.05M, Peak:3.05M | Scene, ViewLayer | Updating Lights | Computing tree
Fra:1 Mem:19.83M (Peak 19.83M) | Time:00:00.00 | Mem:3.05M, Peak:3.05M | Scene, ViewLayer | Updating Integrator
Fra:1 Mem:20.83M (Peak 20.83M) | Time:00:00.01 | Mem:4.05M, Peak:4.05M | Scene, ViewLayer | Updating Film
Fra:1 Mem:20.83M (Peak 20.83M) | Time:00:00.01 | Mem:3.97M, Peak:4.05M | Scene, ViewLayer | Updating Lookup Tables
Fra:1 Mem:20.83M (Peak 20.83M) | Time:00:00.01 | Mem:4.05M, Peak:4.05M | Scene, ViewLayer | Updating Baking
Fra:1 Mem:20.83M (Peak 20.83M) | Time:00:00.01 | Mem:4.05M, Peak:4.05M | Scene, ViewLayer | Updating Device | Writing constant memory
Fra:1 Mem:20.83M (Peak 20.83M) | Time:00:00.01 | Mem:4.05M, Peak:4.05M | Scene, ViewLayer | Sample 0/32
Fra:1 Mem:39.85M (Peak 39.85M) | Time:00:00.08 | Remaining:00:02.44 | Mem:23.05M, Peak:23.05M | Scene, ViewLayer | Sample 1/32
Fra:1 Mem:47.85M (Peak 59.85M) | Time:00:03.37 | Mem:23.05M, Peak:23.05M | Scene, ViewLayer | Sample 32/32
Fra:1 Mem:47.85M (Peak 59.85M) | Time:00:03.37 | Mem:23.05M, Peak:23.05M | Scene, ViewLayer | Finished
Fra:1 Mem:23.71M (Peak 59.85M) | Time:00:03.38 | Compositing
Fra:1 Mem:23.71M (Peak 59.85M) | Time:00:03.38 | Compositing | Determining resolution
Fra:1 Mem:23.71M (Peak 59.85M) | Time:00:03.38 | Compositing | Initializing execution
Fra:1 Mem:23.71M (Peak 59.85M) | Time:00:03.38 | Compositing | De-initializing execution
Saved: '/vepfs_default/chanxueyan/lhp/lms/aDSL/temp/geometry_elephant_000_20260929/B_reexport_recovery/views_final/render_0001.png'
Time: 00:03.43 (Saving: 00:00.05)

Fra:2 Mem:17.40M (Peak 59.85M) | Time:00:00.04 | Mem:0.00M, Peak:0.00M | Scene, ViewLayer | Synchronizing object | geometry_0_hull
Fra:2 Mem:17.40M (Peak 59.85M) | Time:00:00.04 | Mem:0.00M, Peak:0.00M | Scene, ViewLayer | Synchronizing object | geometry_0_mesh
Fra:2 Mem:17.54M (Peak 59.85M) | Time:00:00.04 | Mem:0.00M, Peak:0.00M | Scene, ViewLayer | Synchronizing object | geometry_0_mesh.002
Fra:2 Mem:17.89M (Peak 59.85M) | Time:00:00.04 | Mem:0.00M, Peak:0.00M | Scene, ViewLayer | Synchronizing object | geometry_0_sphere
Fra:2 Mem:18.08M (Peak 59.85M) | Time:00:00.04 | Mem:0.00M, Peak:0.00M | Scene, ViewLayer | Synchronizing object | geometry_0_hull.002
Fra:2 Mem:18.53M (Peak 59.85M) | Time:00:00.04 | Mem:0.00M, Peak:0.00M | Scene, ViewLayer | Synchronizing object | geometry_0_hull.004
Fra:2 Mem:18.57M (Peak 59.85M) | Time:00:00.04 | Mem:0.00M, Peak:0.00M | Scene, ViewLayer | Synchronizing object | geometry_0_hull.001
Fra:2 Mem:18.73M (Peak 59.85M) | Time:00:00.04 | Mem:0.00M, Peak:0.00M | Scene, ViewLayer | Synchronizing object | geometry_0_mesh.001
Fra:2 Mem:19.05M (Peak 59.85M) | Time:00:00.04 | Mem:0.00M, Peak:0.00M | Scene, ViewLayer | Synchronizing object | geometry_0_sphere.001
Fra:2 Mem:19.09M (Peak 59.85M) | Time:00:00.04 | Mem:0.00M, Peak:0.00M | Scene, ViewLayer | Synchronizing object | geometry_0_hull.003
Fra:2 Mem:19.27M (Peak 59.85M) | Time:00:00.04 | Mem:0.00M, Peak:0.00M | Scene, ViewLayer | Synchronizing object | geometry_0_hull.005
Fra:2 Mem:19.33M (Peak 59.85M) | Time:00:00.04 | Mem:0.00M, Peak:0.00M | Scene, ViewLayer | Initializing
Fra:2 Mem:17.64M (Peak 59.85M) | Time:00:00.04 | Mem:0.00M, Peak:0.00M | Scene, ViewLayer | Waiting for render to start
Fra:2 Mem:17.65M (Peak 59.85M) | Time:00:00.04 | Mem:0.00M, Peak:0.00M | Scene, ViewLayer | Loading render kernels (may take a few minutes the first time)
Fra:2 Mem:17.65M (Peak 59.85M) | Time:00:00.04 | Mem:0.00M, Peak:0.00M | Scene, ViewLayer | Updating Scene
Fra:2 Mem:17.65M (Peak 59.85M) | Time:00:00.04 | Mem:0.00M, Peak:0.00M | Scene, ViewLayer | Updating Shaders
Fra:2 Mem:17.73M (Peak 59.85M) | Time:00:00.04 | Mem:0.00M, Peak:0.00M | Scene, ViewLayer | Updating Procedurals
Fra:2 Mem:17.73M (Peak 59.85M) | Time:00:00.04 | Mem:0.00M, Peak:0.00M | Scene, ViewLayer | Updating Background
Fra:2 Mem:17.73M (Peak 59.85M) | Time:00:00.04 | Mem:0.00M, Peak:0.00M | Scene, ViewLayer | Updating Camera
Fra:2 Mem:17.73M (Peak 59.85M) | Time:00:00.04 | Mem:0.00M, Peak:0.00M | Scene, ViewLayer | Updating Meshes Flags
Fra:2 Mem:17.73M (Peak 59.85M) | Time:00:00.04 | Mem:0.00M, Peak:0.00M | Scene, ViewLayer | Updating Objects
Fra:2 Mem:17.73M (Peak 59.85M) | Time:00:00.04 | Mem:0.00M, Peak:0.00M | Scene, ViewLayer | Updating Objects | Copying Transformations to device
Fra:2 Mem:17.73M (Peak 59.85M) | Time:00:00.04 | Mem:0.00M, Peak:0.00M | Scene, ViewLayer | Updating Objects | Applying Static Transformations
Fra:2 Mem:17.73M (Peak 59.85M) | Time:00:00.04 | Mem:0.00M, Peak:0.00M | Scene, ViewLayer | Updating Particle Systems
Fra:2 Mem:17.73M (Peak 59.85M) | Time:00:00.04 | Mem:0.00M, Peak:0.00M | Scene, ViewLayer | Updating Particle Systems | Copying Particles to device
Fra:2 Mem:17.73M (Peak 59.85M) | Time:00:00.04 | Mem:0.00M, Peak:0.00M | Scene, ViewLayer | Updating Meshes
Fra:2 Mem:17.99M (Peak 59.85M) | Time:00:00.04 | Mem:0.00M, Peak:0.00M | Scene, ViewLayer | Updating Mesh | Computing attributes
Fra:2 Mem:18.40M (Peak 59.85M) | Time:00:00.04 | Mem:0.00M, Peak:0.00M | Scene, ViewLayer | Updating Mesh | Copying Attributes to device
Fra:2 Mem:18.40M (Peak 59.85M) | Time:00:00.04 | Mem:0.42M, Peak:0.42M | Scene, ViewLayer | Updating Scene BVH | Building
Fra:2 Mem:18.40M (Peak 59.85M) | Time:00:00.04 | Mem:0.42M, Peak:0.42M | Scene, ViewLayer | Updating Scene BVH | Building BVH
Fra:2 Mem:18.40M (Peak 59.85M) | Time:00:00.04 | Mem:0.93M, Peak:0.93M | Scene, ViewLayer | Updating Scene BVH | Building BVH 0%
Fra:2 Mem:18.40M (Peak 59.85M) | Time:00:00.05 | Mem:1.54M, Peak:2.05M | Scene, ViewLayer | Updating Scene BVH | Copying BVH to device
Fra:2 Mem:18.40M (Peak 59.85M) | Time:00:00.05 | Mem:1.54M, Peak:2.05M | Scene, ViewLayer | Updating Mesh | Computing normals
Fra:2 Mem:19.83M (Peak 59.85M) | Time:00:00.05 | Mem:1.54M, Peak:2.05M | Scene, ViewLayer | Updating Mesh | Copying Mesh to device
Fra:2 Mem:19.83M (Peak 59.85M) | Time:00:00.05 | Mem:2.97M, Peak:2.97M | Scene, ViewLayer | Updating Objects Flags
Fra:2 Mem:19.83M (Peak 59.85M) | Time:00:00.05 | Mem:2.97M, Peak:2.97M | Scene, ViewLayer | Updating Primitive Offsets
Fra:2 Mem:19.83M (Peak 59.85M) | Time:00:00.05 | Mem:2.97M, Peak:2.97M | Scene, ViewLayer | Updating Images
Fra:2 Mem:19.83M (Peak 59.85M) | Time:00:00.05 | Mem:2.97M, Peak:2.97M | Scene, ViewLayer | Updating Camera Volume
Fra:2 Mem:19.83M (Peak 59.85M) | Time:00:00.05 | Mem:2.97M, Peak:2.97M | Scene, ViewLayer | Updating Lookup Tables
Fra:2 Mem:19.83M (Peak 59.85M) | Time:00:00.05 | Mem:3.05M, Peak:3.05M | Scene, ViewLayer | Updating Lights
Fra:2 Mem:19.83M (Peak 59.85M) | Time:00:00.05 | Mem:3.05M, Peak:3.05M | Scene, ViewLayer | Updating Lights | Computing distribution
Fra:2 Mem:19.83M (Peak 59.85M) | Time:00:00.05 | Mem:3.05M, Peak:3.05M | Scene, ViewLayer | Updating Lights | Computing tree
Fra:2 Mem:19.83M (Peak 59.85M) | Time:00:00.05 | Mem:3.05M, Peak:3.05M | Scene, ViewLayer | Updating Integrator
Fra:2 Mem:20.83M (Peak 59.85M) | Time:00:00.05 | Mem:4.05M, Peak:4.05M | Scene, ViewLayer | Updating Film
Fra:2 Mem:20.83M (Peak 59.85M) | Time:00:00.05 | Mem:3.97M, Peak:4.05M | Scene, ViewLayer | Updating Lookup Tables
Fra:2 Mem:20.83M (Peak 59.85M) | Time:00:00.05 | Mem:4.05M, Peak:4.05M | Scene, ViewLayer | Updating Baking
Fra:2 Mem:20.83M (Peak 59.85M) | Time:00:00.05 | Mem:4.05M, Peak:4.05M | Scene, ViewLayer | Updating Device | Writing constant memory
Fra:2 Mem:20.83M (Peak 59.85M) | Time:00:00.05 | Mem:4.05M, Peak:4.05M | Scene, ViewLayer | Sample 0/32
Fra:2 Mem:39.85M (Peak 59.85M) | Time:00:00.07 | Remaining:00:00.86 | Mem:23.05M, Peak:23.05M | Scene, ViewLayer | Sample 1/32
Fra:2 Mem:47.85M (Peak 59.85M) | Time:00:03.19 | Mem:23.05M, Peak:23.05M | Scene, ViewLayer | Sample 32/32
Fra:2 Mem:47.85M (Peak 59.85M) | Time:00:03.19 | Mem:23.05M, Peak:23.05M | Scene, ViewLayer | Finished
Fra:2 Mem:23.71M (Peak 59.85M) | Time:00:03.19 | Compositing
Fra:2 Mem:23.71M (Peak 59.85M) | Time:00:03.19 | Compositing | Determining resolution
Fra:2 Mem:23.71M (Peak 59.85M) | Time:00:03.19 | Compositing | Initializing execution
Fra:2 Mem:23.71M (Peak 59.85M) | Time:00:03.19 | Compositing | De-initializing execution
Saved: '/vepfs_default/chanxueyan/lhp/lms/aDSL/temp/geometry_elephant_000_20260929/B_reexport_recovery/views_final/render_0002.png'
Time: 00:03.26 (Saving: 00:00.07)

Fra:3 Mem:17.40M (Peak 59.85M) | Time:00:00.00 | Mem:0.00M, Peak:0.00M | Scene, ViewLayer | Synchronizing object | geometry_0_hull
Fra:3 Mem:17.40M (Peak 59.85M) | Time:00:00.00 | Mem:0.00M, Peak:0.00M | Scene, ViewLayer | Synchronizing object | geometry_0_mesh
Fra:3 Mem:17.58M (Peak 59.85M) | Time:00:00.00 | Mem:0.00M, Peak:0.00M | Scene, ViewLayer | Synchronizing object | geometry_0_mesh.002
Fra:3 Mem:17.54M (Peak 59.85M) | Time:00:00.00 | Mem:0.00M, Peak:0.00M | Scene, ViewLayer | Synchronizing object | geometry_0_hull.002
Fra:3 Mem:18.54M (Peak 59.85M) | Time:00:00.00 | Mem:0.00M, Peak:0.00M | Scene, ViewLayer | Synchronizing object | geometry_0_hull.004
Fra:3 Mem:18.54M (Peak 59.85M) | Time:00:00.00 | Mem:0.00M, Peak:0.00M | Scene, ViewLayer | Synchronizing object | geometry_0_hull.001
Fra:3 Mem:18.73M (Peak 59.85M) | Time:00:00.00 | Mem:0.00M, Peak:0.00M | Scene, ViewLayer | Synchronizing object | geometry_0_mesh.001
Fra:3 Mem:18.78M (Peak 59.85M) | Time:00:00.00 | Mem:0.00M, Peak:0.00M | Scene, ViewLayer | Synchronizing object | geometry_0_sphere.001
Fra:3 Mem:18.78M (Peak 59.85M) | Time:00:00.00 | Mem:0.00M, Peak:0.00M | Scene, ViewLayer | Synchronizing object | geometry_0_hull.003
Fra:3 Mem:18.93M (Peak 59.85M) | Time:00:00.00 | Mem:0.00M, Peak:0.00M | Scene, ViewLayer | Synchronizing object | geometry_0_hull.005
Fra:3 Mem:19.33M (Peak 59.85M) | Time:00:00.01 | Mem:0.00M, Peak:0.00M | Scene, ViewLayer | Initializing
Fra:3 Mem:17.64M (Peak 59.85M) | Time:00:00.01 | Mem:0.00M, Peak:0.00M | Scene, ViewLayer | Waiting for render to start
Fra:3 Mem:17.65M (Peak 59.85M) | Time:00:00.01 | Mem:0.00M, Peak:0.00M | Scene, ViewLayer | Loading render kernels (may take a few minutes the first time)
Fra:3 Mem:17.65M (Peak 59.85M) | Time:00:00.01 | Mem:0.00M, Peak:0.00M | Scene, ViewLayer | Updating Scene
Fra:3 Mem:17.65M (Peak 59.85M) | Time:00:00.01 | Mem:0.00M, Peak:0.00M | Scene, ViewLayer | Updating Shaders
Fra:3 Mem:17.73M (Peak 59.85M) | Time:00:00.01 | Mem:0.00M, Peak:0.00M | Scene, ViewLayer | Updating Procedurals
Fra:3 Mem:17.73M (Peak 59.85M) | Time:00:00.01 | Mem:0.00M, Peak:0.00M | Scene, ViewLayer | Updating Background
Fra:3 Mem:17.73M (Peak 59.85M) | Time:00:00.01 | Mem:0.00M, Peak:0.00M | Scene, ViewLayer | Updating Camera
Fra:3 Mem:17.73M (Peak 59.85M) | Time:00:00.01 | Mem:0.00M, Peak:0.00M | Scene, ViewLayer | Updating Meshes Flags
Fra:3 Mem:17.73M (Peak 59.85M) | Time:00:00.01 | Mem:0.00M, Peak:0.00M | Scene, ViewLayer | Updating Objects
Fra:3 Mem:17.73M (Peak 59.85M) | Time:00:00.01 | Mem:0.00M, Peak:0.00M | Scene, ViewLayer | Updating Objects | Copying Transformations to device
Fra:3 Mem:17.73M (Peak 59.85M) | Time:00:00.01 | Mem:0.00M, Peak:0.00M | Scene, ViewLayer | Updating Objects | Applying Static Transformations
Fra:3 Mem:17.73M (Peak 59.85M) | Time:00:00.01 | Mem:0.00M, Peak:0.00M | Scene, ViewLayer | Updating Particle Systems
Fra:3 Mem:17.73M (Peak 59.85M) | Time:00:00.01 | Mem:0.00M, Peak:0.00M | Scene, ViewLayer | Updating Particle Systems | Copying Particles to device
Fra:3 Mem:17.73M (Peak 59.85M) | Time:00:00.01 | Mem:0.00M, Peak:0.00M | Scene, ViewLayer | Updating Meshes
Fra:3 Mem:17.99M (Peak 59.85M) | Time:00:00.01 | Mem:0.00M, Peak:0.00M | Scene, ViewLayer | Updating Mesh | Computing attributes
Fra:3 Mem:18.40M (Peak 59.85M) | Time:00:00.01 | Mem:0.00M, Peak:0.00M | Scene, ViewLayer | Updating Mesh | Copying Attributes to device
Fra:3 Mem:18.40M (Peak 59.85M) | Time:00:00.01 | Mem:0.42M, Peak:0.42M | Scene, ViewLayer | Updating Scene BVH | Building
Fra:3 Mem:18.40M (Peak 59.85M) | Time:00:00.01 | Mem:0.42M, Peak:0.42M | Scene, ViewLayer | Updating Scene BVH | Building BVH
Fra:3 Mem:18.40M (Peak 59.85M) | Time:00:00.01 | Mem:0.93M, Peak:0.93M | Scene, ViewLayer | Updating Scene BVH | Building BVH 0%
Fra:3 Mem:18.40M (Peak 59.85M) | Time:00:00.01 | Mem:1.54M, Peak:2.05M | Scene, ViewLayer | Updating Scene BVH | Copying BVH to device
Fra:3 Mem:18.40M (Peak 59.85M) | Time:00:00.01 | Mem:1.54M, Peak:2.05M | Scene, ViewLayer | Updating Mesh | Computing normals
Fra:3 Mem:19.83M (Peak 59.85M) | Time:00:00.01 | Mem:1.54M, Peak:2.05M | Scene, ViewLayer | Updating Mesh | Copying Mesh to device
Fra:3 Mem:19.83M (Peak 59.85M) | Time:00:00.01 | Mem:2.97M, Peak:2.97M | Scene, ViewLayer | Updating Objects Flags
Fra:3 Mem:19.83M (Peak 59.85M) | Time:00:00.01 | Mem:2.97M, Peak:2.97M | Scene, ViewLayer | Updating Primitive Offsets
Fra:3 Mem:19.83M (Peak 59.85M) | Time:00:00.01 | Mem:2.97M, Peak:2.97M | Scene, ViewLayer | Updating Images
Fra:3 Mem:19.83M (Peak 59.85M) | Time:00:00.01 | Mem:2.97M, Peak:2.97M | Scene, ViewLayer | Updating Camera Volume
Fra:3 Mem:19.83M (Peak 59.85M) | Time:00:00.01 | Mem:2.97M, Peak:2.97M | Scene, ViewLayer | Updating Lookup Tables
Fra:3 Mem:19.83M (Peak 59.85M) | Time:00:00.01 | Mem:3.05M, Peak:3.05M | Scene, ViewLayer | Updating Lights
Fra:3 Mem:19.83M (Peak 59.85M) | Time:00:00.01 | Mem:3.05M, Peak:3.05M | Scene, ViewLayer | Updating Lights | Computing distribution
Fra:3 Mem:19.83M (Peak 59.85M) | Time:00:00.01 | Mem:3.05M, Peak:3.05M | Scene, ViewLayer | Updating Lights | Computing tree
Fra:3 Mem:19.83M (Peak 59.85M) | Time:00:00.01 | Mem:3.05M, Peak:3.05M | Scene, ViewLayer | Updating Integrator
Fra:3 Mem:20.83M (Peak 59.85M) | Time:00:00.01 | Mem:4.05M, Peak:4.05M | Scene, ViewLayer | Updating Film
Fra:3 Mem:20.83M (Peak 59.85M) | Time:00:00.01 | Mem:3.97M, Peak:4.05M | Scene, ViewLayer | Updating Lookup Tables
Fra:3 Mem:20.83M (Peak 59.85M) | Time:00:00.01 | Mem:4.05M, Peak:4.05M | Scene, ViewLayer | Updating Baking
Fra:3 Mem:20.83M (Peak 59.85M) | Time:00:00.01 | Mem:4.05M, Peak:4.05M | Scene, ViewLayer | Updating Device | Writing constant memory
Fra:3 Mem:20.83M (Peak 59.85M) | Time:00:00.01 | Mem:4.05M, Peak:4.05M | Scene, ViewLayer | Sample 0/32
Fra:3 Mem:39.85M (Peak 59.85M) | Time:00:00.08 | Remaining:00:02.03 | Mem:23.05M, Peak:23.05M | Scene, ViewLayer | Sample 1/32
Fra:3 Mem:47.85M (Peak 59.85M) | Time:00:03.02 | Mem:23.05M, Peak:23.05M | Scene, ViewLayer | Sample 32/32
Fra:3 Mem:47.85M (Peak 59.85M) | Time:00:03.02 | Mem:23.05M, Peak:23.05M | Scene, ViewLayer | Finished
Fra:3 Mem:23.71M (Peak 59.85M) | Time:00:03.02 | Compositing
Fra:3 Mem:23.71M (Peak 59.85M) | Time:00:03.02 | Compositing | Determining resolution
Fra:3 Mem:23.71M (Peak 59.85M) | Time:00:03.02 | Compositing | Initializing execution
Fra:3 Mem:23.71M (Peak 59.85M) | Time:00:03.02 | Compositing | De-initializing execution
Saved: '/vepfs_default/chanxueyan/lhp/lms/aDSL/temp/geometry_elephant_000_20260929/B_reexport_recovery/views_final/render_0003.png'
Time: 00:03.10 (Saving: 00:00.07)

Fra:4 Mem:17.40M (Peak 59.85M) | Time:00:00.00 | Mem:0.00M, Peak:0.00M | Scene, ViewLayer | Synchronizing object | geometry_0_hull
Fra:4 Mem:17.40M (Peak 59.85M) | Time:00:00.00 | Mem:0.00M, Peak:0.00M | Scene, ViewLayer | Synchronizing object | geometry_0_mesh
Fra:4 Mem:17.54M (Peak 59.85M) | Time:00:00.00 | Mem:0.00M, Peak:0.00M | Scene, ViewLayer | Synchronizing object | geometry_0_mesh.002
Fra:4 Mem:17.54M (Peak 59.85M) | Time:00:00.00 | Mem:0.00M, Peak:0.00M | Scene, ViewLayer | Synchronizing object | geometry_0_sphere
Fra:4 Mem:18.36M (Peak 59.85M) | Time:00:00.00 | Mem:0.00M, Peak:0.00M | Scene, ViewLayer | Synchronizing object | geometry_0_hull.002
Fra:4 Mem:18.50M (Peak 59.85M) | Time:00:00.00 | Mem:0.00M, Peak:0.00M | Scene, ViewLayer | Synchronizing object | geometry_0_hull.004
Fra:4 Mem:18.54M (Peak 59.85M) | Time:00:00.00 | Mem:0.00M, Peak:0.00M | Scene, ViewLayer | Synchronizing object | geometry_0_hull.001
Fra:4 Mem:18.73M (Peak 59.85M) | Time:00:00.00 | Mem:0.00M, Peak:0.00M | Scene, ViewLayer | Synchronizing object | geometry_0_mesh.001
Fra:4 Mem:19.09M (Peak 59.85M) | Time:00:00.00 | Mem:0.00M, Peak:0.00M | Scene, ViewLayer | Synchronizing object | geometry_0_sphere.001
Fra:4 Mem:19.12M (Peak 59.85M) | Time:00:00.00 | Mem:0.00M, Peak:0.00M | Scene, ViewLayer | Synchronizing object | geometry_0_hull.003
Fra:4 Mem:19.27M (Peak 59.85M) | Time:00:00.00 | Mem:0.00M, Peak:0.00M | Scene, ViewLayer | Synchronizing object | geometry_0_hull.005
Fra:4 Mem:19.33M (Peak 59.85M) | Time:00:00.00 | Mem:0.00M, Peak:0.00M | Scene, ViewLayer | Initializing
Fra:4 Mem:17.64M (Peak 59.85M) | Time:00:00.00 | Mem:0.00M, Peak:0.00M | Scene, ViewLayer | Waiting for render to start
Fra:4 Mem:17.65M (Peak 59.85M) | Time:00:00.00 | Mem:0.00M, Peak:0.00M | Scene, ViewLayer | Loading render kernels (may take a few minutes the first time)
Fra:4 Mem:17.65M (Peak 59.85M) | Time:00:00.00 | Mem:0.00M, Peak:0.00M | Scene, ViewLayer | Updating Scene
Fra:4 Mem:17.65M (Peak 59.85M) | Time:00:00.00 | Mem:0.00M, Peak:0.00M | Scene, ViewLayer | Updating Shaders
Fra:4 Mem:17.73M (Peak 59.85M) | Time:00:00.00 | Mem:0.00M, Peak:0.00M | Scene, ViewLayer | Updating Procedurals
Fra:4 Mem:17.73M (Peak 59.85M) | Time:00:00.00 | Mem:0.00M, Peak:0.00M | Scene, ViewLayer | Updating Background
Fra:4 Mem:17.73M (Peak 59.85M) | Time:00:00.00 | Mem:0.00M, Peak:0.00M | Scene, ViewLayer | Updating Camera
Fra:4 Mem:17.73M (Peak 59.85M) | Time:00:00.00 | Mem:0.00M, Peak:0.00M | Scene, ViewLayer | Updating Meshes Flags
Fra:4 Mem:17.73M (Peak 59.85M) | Time:00:00.00 | Mem:0.00M, Peak:0.00M | Scene, ViewLayer | Updating Objects
Fra:4 Mem:17.73M (Peak 59.85M) | Time:00:00.00 | Mem:0.00M, Peak:0.00M | Scene, ViewLayer | Updating Objects | Copying Transformations to device
Fra:4 Mem:17.73M (Peak 59.85M) | Time:00:00.00 | Mem:0.00M, Peak:0.00M | Scene, ViewLayer | Updating Objects | Applying Static Transformations
Fra:4 Mem:17.73M (Peak 59.85M) | Time:00:00.00 | Mem:0.00M, Peak:0.00M | Scene, ViewLayer | Updating Particle Systems
Fra:4 Mem:17.73M (Peak 59.85M) | Time:00:00.00 | Mem:0.00M, Peak:0.00M | Scene, ViewLayer | Updating Particle Systems | Copying Particles to device
Fra:4 Mem:17.73M (Peak 59.85M) | Time:00:00.00 | Mem:0.00M, Peak:0.00M | Scene, ViewLayer | Updating Meshes
Fra:4 Mem:17.99M (Peak 59.85M) | Time:00:00.00 | Mem:0.00M, Peak:0.00M | Scene, ViewLayer | Updating Mesh | Computing attributes
Fra:4 Mem:18.40M (Peak 59.85M) | Time:00:00.00 | Mem:0.00M, Peak:0.00M | Scene, ViewLayer | Updating Mesh | Copying Attributes to device
Fra:4 Mem:18.40M (Peak 59.85M) | Time:00:00.00 | Mem:0.42M, Peak:0.42M | Scene, ViewLayer | Updating Scene BVH | Building
Fra:4 Mem:18.40M (Peak 59.85M) | Time:00:00.00 | Mem:0.42M, Peak:0.42M | Scene, ViewLayer | Updating Scene BVH | Building BVH
Fra:4 Mem:18.40M (Peak 59.85M) | Time:00:00.00 | Mem:0.93M, Peak:0.93M | Scene, ViewLayer | Updating Scene BVH | Building BVH 0%
Fra:4 Mem:18.40M (Peak 59.85M) | Time:00:00.01 | Mem:1.54M, Peak:2.05M | Scene, ViewLayer | Updating Scene BVH | Copying BVH to device
Fra:4 Mem:18.40M (Peak 59.85M) | Time:00:00.01 | Mem:1.54M, Peak:2.05M | Scene, ViewLayer | Updating Mesh | Computing normals
Fra:4 Mem:19.83M (Peak 59.85M) | Time:00:00.01 | Mem:1.54M, Peak:2.05M | Scene, ViewLayer | Updating Mesh | Copying Mesh to device
Fra:4 Mem:19.83M (Peak 59.85M) | Time:00:00.01 | Mem:2.97M, Peak:2.97M | Scene, ViewLayer | Updating Objects Flags
Fra:4 Mem:19.83M (Peak 59.85M) | Time:00:00.01 | Mem:2.97M, Peak:2.97M | Scene, ViewLayer | Updating Primitive Offsets
Fra:4 Mem:19.83M (Peak 59.85M) | Time:00:00.01 | Mem:2.97M, Peak:2.97M | Scene, ViewLayer | Updating Images
Fra:4 Mem:19.83M (Peak 59.85M) | Time:00:00.01 | Mem:2.97M, Peak:2.97M | Scene, ViewLayer | Updating Camera Volume
Fra:4 Mem:19.83M (Peak 59.85M) | Time:00:00.01 | Mem:2.97M, Peak:2.97M | Scene, ViewLayer | Updating Lookup Tables
Fra:4 Mem:19.83M (Peak 59.85M) | Time:00:00.01 | Mem:3.05M, Peak:3.05M | Scene, ViewLayer | Updating Lights
Fra:4 Mem:19.83M (Peak 59.85M) | Time:00:00.01 | Mem:3.05M, Peak:3.05M | Scene, ViewLayer | Updating Lights | Computing distribution
Fra:4 Mem:19.83M (Peak 59.85M) | Time:00:00.01 | Mem:3.05M, Peak:3.05M | Scene, ViewLayer | Updating Lights | Computing tree
Fra:4 Mem:19.83M (Peak 59.85M) | Time:00:00.01 | Mem:3.05M, Peak:3.05M | Scene, ViewLayer | Updating Integrator
Fra:4 Mem:20.83M (Peak 59.85M) | Time:00:00.01 | Mem:4.05M, Peak:4.05M | Scene, ViewLayer | Updating Film
Fra:4 Mem:20.83M (Peak 59.85M) | Time:00:00.01 | Mem:3.97M, Peak:4.05M | Scene, ViewLayer | Updating Lookup Tables
Fra:4 Mem:20.83M (Peak 59.85M) | Time:00:00.01 | Mem:4.05M, Peak:4.05M | Scene, ViewLayer | Updating Baking
Fra:4 Mem:20.83M (Peak 59.85M) | Time:00:00.01 | Mem:4.05M, Peak:4.05M | Scene, ViewLayer | Updating Device | Writing constant memory
Fra:4 Mem:20.83M (Peak 59.85M) | Time:00:00.01 | Mem:4.05M, Peak:4.05M | Scene, ViewLayer | Sample 0/32
Fra:4 Mem:39.85M (Peak 59.85M) | Time:00:00.07 | Remaining:00:02.04 | Mem:23.05M, Peak:23.05M | Scene, ViewLayer | Sample 1/32
Fra:4 Mem:47.85M (Peak 59.85M) | Time:00:02.89 | Mem:23.05M, Peak:23.05M | Scene, ViewLayer | Sample 32/32
Fra:4 Mem:47.85M (Peak 59.85M) | Time:00:02.89 | Mem:23.05M, Peak:23.05M | Scene, ViewLayer | Finished
Fra:4 Mem:23.71M (Peak 59.85M) | Time:00:02.89 | Compositing
Fra:4 Mem:23.71M (Peak 59.85M) | Time:00:02.89 | Compositing | Determining resolution
Fra:4 Mem:23.71M (Peak 59.85M) | Time:00:02.89 | Compositing | Initializing execution
Fra:4 Mem:23.71M (Peak 59.85M) | Time:00:02.89 | Compositing | De-initializing execution
Saved: '/vepfs_default/chanxueyan/lhp/lms/aDSL/temp/geometry_elephant_000_20260929/B_reexport_recovery/views_final/render_0004.png'
Time: 00:02.92 (Saving: 00:00.02)

Fra:5 Mem:17.40M (Peak 59.85M) | Time:00:00.00 | Mem:0.00M, Peak:0.00M | Scene, ViewLayer | Synchronizing object | geometry_0_hull
Fra:5 Mem:17.40M (Peak 59.85M) | Time:00:00.00 | Mem:0.00M, Peak:0.00M | Scene, ViewLayer | Synchronizing object | geometry_0_mesh
Fra:5 Mem:17.54M (Peak 59.85M) | Time:00:00.00 | Mem:0.00M, Peak:0.00M | Scene, ViewLayer | Synchronizing object | geometry_0_mesh.002
Fra:5 Mem:17.54M (Peak 59.85M) | Time:00:00.00 | Mem:0.00M, Peak:0.00M | Scene, ViewLayer | Synchronizing object | geometry_0_hull.002
Fra:5 Mem:18.50M (Peak 59.85M) | Time:00:00.00 | Mem:0.00M, Peak:0.00M | Scene, ViewLayer | Synchronizing object | geometry_0_hull.004
Fra:5 Mem:18.59M (Peak 59.85M) | Time:00:00.00 | Mem:0.00M, Peak:0.00M | Scene, ViewLayer | Synchronizing object | geometry_0_mesh.001
Fra:5 Mem:19.01M (Peak 59.85M) | Time:00:00.00 | Mem:0.00M, Peak:0.00M | Scene, ViewLayer | Synchronizing object | geometry_0_sphere.001
Fra:5 Mem:19.18M (Peak 59.85M) | Time:00:00.00 | Mem:0.00M, Peak:0.00M | Scene, ViewLayer | Synchronizing object | geometry_0_hull.003
Fra:5 Mem:19.19M (Peak 59.85M) | Time:00:00.00 | Mem:0.00M, Peak:0.00M | Scene, ViewLayer | Synchronizing object | geometry_0_hull.005
Fra:5 Mem:19.33M (Peak 59.85M) | Time:00:00.00 | Mem:0.00M, Peak:0.00M | Scene, ViewLayer | Initializing
Fra:5 Mem:17.64M (Peak 59.85M) | Time:00:00.00 | Mem:0.00M, Peak:0.00M | Scene, ViewLayer | Waiting for render to start
Fra:5 Mem:17.65M (Peak 59.85M) | Time:00:00.00 | Mem:0.00M, Peak:0.00M | Scene, ViewLayer | Loading render kernels (may take a few minutes the first time)
Fra:5 Mem:17.65M (Peak 59.85M) | Time:00:00.00 | Mem:0.00M, Peak:0.00M | Scene, ViewLayer | Updating Scene
Fra:5 Mem:17.65M (Peak 59.85M) | Time:00:00.00 | Mem:0.00M, Peak:0.00M | Scene, ViewLayer | Updating Shaders
Fra:5 Mem:17.73M (Peak 59.85M) | Time:00:00.00 | Mem:0.00M, Peak:0.00M | Scene, ViewLayer | Updating Procedurals
Fra:5 Mem:17.73M (Peak 59.85M) | Time:00:00.00 | Mem:0.00M, Peak:0.00M | Scene, ViewLayer | Updating Background
Fra:5 Mem:17.73M (Peak 59.85M) | Time:00:00.00 | Mem:0.00M, Peak:0.00M | Scene, ViewLayer | Updating Camera
Fra:5 Mem:17.73M (Peak 59.85M) | Time:00:00.00 | Mem:0.00M, Peak:0.00M | Scene, ViewLayer | Updating Meshes Flags
Fra:5 Mem:17.73M (Peak 59.85M) | Time:00:00.00 | Mem:0.00M, Peak:0.00M | Scene, ViewLayer | Updating Objects
Fra:5 Mem:17.73M (Peak 59.85M) | Time:00:00.00 | Mem:0.00M, Peak:0.00M | Scene, ViewLayer | Updating Objects | Copying Transformations to device
Fra:5 Mem:17.73M (Peak 59.85M) | Time:00:00.00 | Mem:0.00M, Peak:0.00M | Scene, ViewLayer | Updating Objects | Applying Static Transformations
Fra:5 Mem:17.73M (Peak 59.85M) | Time:00:00.00 | Mem:0.00M, Peak:0.00M | Scene, ViewLayer | Updating Particle Systems
Fra:5 Mem:17.73M (Peak 59.85M) | Time:00:00.00 | Mem:0.00M, Peak:0.00M | Scene, ViewLayer | Updating Particle Systems | Copying Particles to device
Fra:5 Mem:17.73M (Peak 59.85M) | Time:00:00.00 | Mem:0.00M, Peak:0.00M | Scene, ViewLayer | Updating Meshes
Fra:5 Mem:17.99M (Peak 59.85M) | Time:00:00.00 | Mem:0.00M, Peak:0.00M | Scene, ViewLayer | Updating Mesh | Computing attributes
Fra:5 Mem:18.40M (Peak 59.85M) | Time:00:00.00 | Mem:0.00M, Peak:0.00M | Scene, ViewLayer | Updating Mesh | Copying Attributes to device
Fra:5 Mem:18.40M (Peak 59.85M) | Time:00:00.00 | Mem:0.42M, Peak:0.42M | Scene, ViewLayer | Updating Scene BVH | Building
Fra:5 Mem:18.40M (Peak 59.85M) | Time:00:00.00 | Mem:0.42M, Peak:0.42M | Scene, ViewLayer | Updating Scene BVH | Building BVH
Fra:5 Mem:18.40M (Peak 59.85M) | Time:00:00.00 | Mem:0.93M, Peak:0.93M | Scene, ViewLayer | Updating Scene BVH | Building BVH 0%
Fra:5 Mem:18.40M (Peak 59.85M) | Time:00:00.05 | Mem:1.54M, Peak:2.05M | Scene, ViewLayer | Updating Scene BVH | Copying BVH to device
Fra:5 Mem:18.40M (Peak 59.85M) | Time:00:00.05 | Mem:1.54M, Peak:2.05M | Scene, ViewLayer | Updating Mesh | Computing normals
Fra:5 Mem:19.83M (Peak 59.85M) | Time:00:00.05 | Mem:1.54M, Peak:2.05M | Scene, ViewLayer | Updating Mesh | Copying Mesh to device
Fra:5 Mem:19.83M (Peak 59.85M) | Time:00:00.05 | Mem:2.97M, Peak:2.97M | Scene, ViewLayer | Updating Objects Flags
Fra:5 Mem:19.83M (Peak 59.85M) | Time:00:00.05 | Mem:2.97M, Peak:2.97M | Scene, ViewLayer | Updating Primitive Offsets
Fra:5 Mem:19.83M (Peak 59.85M) | Time:00:00.05 | Mem:2.97M, Peak:2.97M | Scene, ViewLayer | Updating Images
Fra:5 Mem:19.83M (Peak 59.85M) | Time:00:00.05 | Mem:2.97M, Peak:2.97M | Scene, ViewLayer | Updating Camera Volume
Fra:5 Mem:19.83M (Peak 59.85M) | Time:00:00.05 | Mem:2.97M, Peak:2.97M | Scene, ViewLayer | Updating Lookup Tables
Fra:5 Mem:19.83M (Peak 59.85M) | Time:00:00.05 | Mem:3.05M, Peak:3.05M | Scene, ViewLayer | Updating Lights
Fra:5 Mem:19.83M (Peak 59.85M) | Time:00:00.05 | Mem:3.05M, Peak:3.05M | Scene, ViewLayer | Updating Lights | Computing distribution
Fra:5 Mem:19.83M (Peak 59.85M) | Time:00:00.05 | Mem:3.05M, Peak:3.05M | Scene, ViewLayer | Updating Lights | Computing tree
Fra:5 Mem:19.83M (Peak 59.85M) | Time:00:00.05 | Mem:3.05M, Peak:3.05M | Scene, ViewLayer | Updating Integrator
Fra:5 Mem:20.83M (Peak 59.85M) | Time:00:00.05 | Mem:4.05M, Peak:4.05M | Scene, ViewLayer | Updating Film
Fra:5 Mem:20.83M (Peak 59.85M) | Time:00:00.05 | Mem:3.97M, Peak:4.05M | Scene, ViewLayer | Updating Lookup Tables
Fra:5 Mem:20.83M (Peak 59.85M) | Time:00:00.05 | Mem:4.05M, Peak:4.05M | Scene, ViewLayer | Updating Baking
Fra:5 Mem:20.83M (Peak 59.85M) | Time:00:00.05 | Mem:4.05M, Peak:4.05M | Scene, ViewLayer | Updating Device | Writing constant memory
Fra:5 Mem:20.83M (Peak 59.85M) | Time:00:00.05 | Mem:4.05M, Peak:4.05M | Scene, ViewLayer | Sample 0/32
Fra:5 Mem:39.85M (Peak 59.85M) | Time:00:00.07 | Remaining:00:00.77 | Mem:23.05M, Peak:23.05M | Scene, ViewLayer | Sample 1/32
Fra:5 Mem:47.85M (Peak 59.85M) | Time:00:03.05 | Mem:23.05M, Peak:23.05M | Scene, ViewLayer | Sample 32/32
Fra:5 Mem:47.85M (Peak 59.85M) | Time:00:03.05 | Mem:23.05M, Peak:23.05M | Scene, ViewLayer | Finished
Fra:5 Mem:23.71M (Peak 59.85M) | Time:00:03.05 | Compositing
Fra:5 Mem:23.71M (Peak 59.85M) | Time:00:03.05 | Compositing | Determining resolution
Fra:5 Mem:23.71M (Peak 59.85M) | Time:00:03.05 | Compositing | Initializing execution
Fra:5 Mem:23.71M (Peak 59.85M) | Time:00:03.05 | Compositing | De-initializing execution
Saved: '/vepfs_default/chanxueyan/lhp/lms/aDSL/temp/geometry_elephant_000_20260929/B_reexport_recovery/views_final/render_0005.png'
Time: 00:03.08 (Saving: 00:00.02)

Fra:6 Mem:17.40M (Peak 59.85M) | Time:00:00.00 | Mem:0.00M, Peak:0.00M | Scene, ViewLayer | Synchronizing object | geometry_0_hull
Fra:6 Mem:17.40M (Peak 59.85M) | Time:00:00.00 | Mem:0.00M, Peak:0.00M | Scene, ViewLayer | Synchronizing object | geometry_0_mesh
Fra:6 Mem:17.54M (Peak 59.85M) | Time:00:00.00 | Mem:0.00M, Peak:0.00M | Scene, ViewLayer | Synchronizing object | geometry_0_mesh.002
Fra:6 Mem:17.54M (Peak 59.85M) | Time:00:00.00 | Mem:0.00M, Peak:0.00M | Scene, ViewLayer | Synchronizing object | geometry_0_sphere
Fra:6 Mem:18.08M (Peak 59.85M) | Time:00:00.00 | Mem:0.00M, Peak:0.00M | Scene, ViewLayer | Synchronizing object | geometry_0_hull.002
Fra:6 Mem:18.53M (Peak 59.85M) | Time:00:00.00 | Mem:0.00M, Peak:0.00M | Scene, ViewLayer | Synchronizing object | geometry_0_hull.004
Fra:6 Mem:18.54M (Peak 59.85M) | Time:00:00.00 | Mem:0.00M, Peak:0.00M | Scene, ViewLayer | Synchronizing object | geometry_0_hull.001
Fra:6 Mem:18.73M (Peak 59.85M) | Time:00:00.00 | Mem:0.00M, Peak:0.00M | Scene, ViewLayer | Synchronizing object | geometry_0_mesh.001
Fra:6 Mem:19.09M (Peak 59.85M) | Time:00:00.00 | Mem:0.00M, Peak:0.00M | Scene, ViewLayer | Synchronizing object | geometry_0_sphere.001
Fra:6 Mem:19.12M (Peak 59.85M) | Time:00:00.00 | Mem:0.00M, Peak:0.00M | Scene, ViewLayer | Synchronizing object | geometry_0_hull.003
Fra:6 Mem:19.27M (Peak 59.85M) | Time:00:00.00 | Mem:0.00M, Peak:0.00M | Scene, ViewLayer | Synchronizing object | geometry_0_hull.005
Fra:6 Mem:19.33M (Peak 59.85M) | Time:00:00.00 | Mem:0.00M, Peak:0.00M | Scene, ViewLayer | Initializing
Fra:6 Mem:17.64M (Peak 59.85M) | Time:00:00.00 | Mem:0.00M, Peak:0.00M | Scene, ViewLayer | Waiting for render to start
Fra:6 Mem:17.65M (Peak 59.85M) | Time:00:00.00 | Mem:0.00M, Peak:0.00M | Scene, ViewLayer | Loading render kernels (may take a few minutes the first time)
Fra:6 Mem:17.65M (Peak 59.85M) | Time:00:00.00 | Mem:0.00M, Peak:0.00M | Scene, ViewLayer | Updating Scene
Fra:6 Mem:17.65M (Peak 59.85M) | Time:00:00.00 | Mem:0.00M, Peak:0.00M | Scene, ViewLayer | Updating Shaders
Fra:6 Mem:17.73M (Peak 59.85M) | Time:00:00.00 | Mem:0.00M, Peak:0.00M | Scene, ViewLayer | Updating Procedurals
Fra:6 Mem:17.73M (Peak 59.85M) | Time:00:00.00 | Mem:0.00M, Peak:0.00M | Scene, ViewLayer | Updating Background
Fra:6 Mem:17.73M (Peak 59.85M) | Time:00:00.00 | Mem:0.00M, Peak:0.00M | Scene, ViewLayer | Updating Camera
Fra:6 Mem:17.73M (Peak 59.85M) | Time:00:00.00 | Mem:0.00M, Peak:0.00M | Scene, ViewLayer | Updating Meshes Flags
Fra:6 Mem:17.73M (Peak 59.85M) | Time:00:00.00 | Mem:0.00M, Peak:0.00M | Scene, ViewLayer | Updating Objects
Fra:6 Mem:17.73M (Peak 59.85M) | Time:00:00.00 | Mem:0.00M, Peak:0.00M | Scene, ViewLayer | Updating Objects | Copying Transformations to device
Fra:6 Mem:17.73M (Peak 59.85M) | Time:00:00.00 | Mem:0.00M, Peak:0.00M | Scene, ViewLayer | Updating Objects | Applying Static Transformations
Fra:6 Mem:17.73M (Peak 59.85M) | Time:00:00.00 | Mem:0.00M, Peak:0.00M | Scene, ViewLayer | Updating Particle Systems
Fra:6 Mem:17.73M (Peak 59.85M) | Time:00:00.00 | Mem:0.00M, Peak:0.00M | Scene, ViewLayer | Updating Particle Systems | Copying Particles to device
Fra:6 Mem:17.73M (Peak 59.85M) | Time:00:00.00 | Mem:0.00M, Peak:0.00M | Scene, ViewLayer | Updating Meshes
Fra:6 Mem:17.99M (Peak 59.85M) | Time:00:00.00 | Mem:0.00M, Peak:0.00M | Scene, ViewLayer | Updating Mesh | Computing attributes
Fra:6 Mem:18.40M (Peak 59.85M) | Time:00:00.00 | Mem:0.00M, Peak:0.00M | Scene, ViewLayer | Updating Mesh | Copying Attributes to device
Fra:6 Mem:18.40M (Peak 59.85M) | Time:00:00.00 | Mem:0.42M, Peak:0.42M | Scene, ViewLayer | Updating Scene BVH | Building
Fra:6 Mem:18.40M (Peak 59.85M) | Time:00:00.00 | Mem:0.42M, Peak:0.42M | Scene, ViewLayer | Updating Scene BVH | Building BVH
Fra:6 Mem:18.40M (Peak 59.85M) | Time:00:00.00 | Mem:0.93M, Peak:0.93M | Scene, ViewLayer | Updating Scene BVH | Building BVH 0%
Fra:6 Mem:18.40M (Peak 59.85M) | Time:00:00.01 | Mem:1.54M, Peak:2.05M | Scene, ViewLayer | Updating Scene BVH | Copying BVH to device
Fra:6 Mem:18.40M (Peak 59.85M) | Time:00:00.01 | Mem:1.54M, Peak:2.05M | Scene, ViewLayer | Updating Mesh | Computing normals
Fra:6 Mem:19.83M (Peak 59.85M) | Time:00:00.01 | Mem:1.54M, Peak:2.05M | Scene, ViewLayer | Updating Mesh | Copying Mesh to device
Fra:6 Mem:19.83M (Peak 59.85M) | Time:00:00.01 | Mem:2.97M, Peak:2.97M | Scene, ViewLayer | Updating Objects Flags
Fra:6 Mem:19.83M (Peak 59.85M) | Time:00:00.01 | Mem:2.97M, Peak:2.97M | Scene, ViewLayer | Updating Primitive Offsets
Fra:6 Mem:19.83M (Peak 59.85M) | Time:00:00.01 | Mem:2.97M, Peak:2.97M | Scene, ViewLayer | Updating Images
Fra:6 Mem:19.83M (Peak 59.85M) | Time:00:00.01 | Mem:2.97M, Peak:2.97M | Scene, ViewLayer | Updating Camera Volume
Fra:6 Mem:19.83M (Peak 59.85M) | Time:00:00.01 | Mem:2.97M, Peak:2.97M | Scene, ViewLayer | Updating Lookup Tables
Fra:6 Mem:19.83M (Peak 59.85M) | Time:00:00.01 | Mem:3.05M, Peak:3.05M | Scene, ViewLayer | Updating Lights
Fra:6 Mem:19.83M (Peak 59.85M) | Time:00:00.01 | Mem:3.05M, Peak:3.05M | Scene, ViewLayer | Updating Lights | Computing distribution
Fra:6 Mem:19.83M (Peak 59.85M) | Time:00:00.01 | Mem:3.05M, Peak:3.05M | Scene, ViewLayer | Updating Lights | Computing tree
Fra:6 Mem:19.83M (Peak 59.85M) | Time:00:00.01 | Mem:3.05M, Peak:3.05M | Scene, ViewLayer | Updating Integrator
Fra:6 Mem:20.83M (Peak 59.85M) | Time:00:00.01 | Mem:4.05M, Peak:4.05M | Scene, ViewLayer | Updating Film
Fra:6 Mem:20.83M (Peak 59.85M) | Time:00:00.01 | Mem:3.97M, Peak:4.05M | Scene, ViewLayer | Updating Lookup Tables
Fra:6 Mem:20.83M (Peak 59.85M) | Time:00:00.01 | Mem:4.05M, Peak:4.05M | Scene, ViewLayer | Updating Baking
Fra:6 Mem:20.83M (Peak 59.85M) | Time:00:00.01 | Mem:4.05M, Peak:4.05M | Scene, ViewLayer | Updating Device | Writing constant memory
Fra:6 Mem:20.83M (Peak 59.85M) | Time:00:00.01 | Mem:4.05M, Peak:4.05M | Scene, ViewLayer | Sample 0/32
Fra:6 Mem:39.85M (Peak 59.85M) | Time:00:00.07 | Remaining:00:01.84 | Mem:23.05M, Peak:23.05M | Scene, ViewLayer | Sample 1/32
Fra:6 Mem:47.85M (Peak 59.85M) | Time:00:02.11 | Mem:23.05M, Peak:23.05M | Scene, ViewLayer | Sample 32/32
Fra:6 Mem:47.85M (Peak 59.85M) | Time:00:02.11 | Mem:23.05M, Peak:23.05M | Scene, ViewLayer | Finished
Fra:6 Mem:23.71M (Peak 59.85M) | Time:00:02.11 | Compositing
Fra:6 Mem:23.71M (Peak 59.85M) | Time:00:02.11 | Compositing | Determining resolution
Fra:6 Mem:23.71M (Peak 59.85M) | Time:00:02.11 | Compositing | Initializing execution
Fra:6 Mem:23.71M (Peak 59.85M) | Time:00:02.11 | Compositing | De-initializing execution
Saved: '/vepfs_default/chanxueyan/lhp/lms/aDSL/temp/geometry_elephant_000_20260929/B_reexport_recovery/views_final/render_0006.png'
Time: 00:02.14 (Saving: 00:00.02)

Fra:7 Mem:17.40M (Peak 59.85M) | Time:00:00.00 | Mem:0.00M, Peak:0.00M | Scene, ViewLayer | Synchronizing object | geometry_0_hull
Fra:7 Mem:17.40M (Peak 59.85M) | Time:00:00.00 | Mem:0.00M, Peak:0.00M | Scene, ViewLayer | Synchronizing object | geometry_0_mesh
Fra:7 Mem:17.54M (Peak 59.85M) | Time:00:00.00 | Mem:0.00M, Peak:0.00M | Scene, ViewLayer | Synchronizing object | geometry_0_mesh.002
Fra:7 Mem:17.58M (Peak 59.85M) | Time:00:00.00 | Mem:0.00M, Peak:0.00M | Scene, ViewLayer | Synchronizing object | geometry_0_sphere
Fra:7 Mem:18.08M (Peak 59.85M) | Time:00:00.00 | Mem:0.00M, Peak:0.00M | Scene, ViewLayer | Synchronizing object | geometry_0_hull.002
Fra:7 Mem:18.53M (Peak 59.85M) | Time:00:00.00 | Mem:0.00M, Peak:0.00M | Scene, ViewLayer | Synchronizing object | geometry_0_hull.004
Fra:7 Mem:18.54M (Peak 59.85M) | Time:00:00.00 | Mem:0.00M, Peak:0.00M | Scene, ViewLayer | Synchronizing object | geometry_0_hull.001
Fra:7 Mem:18.73M (Peak 59.85M) | Time:00:00.00 | Mem:0.00M, Peak:0.00M | Scene, ViewLayer | Synchronizing object | geometry_0_mesh.001
Fra:7 Mem:19.09M (Peak 59.85M) | Time:00:00.00 | Mem:0.00M, Peak:0.00M | Scene, ViewLayer | Synchronizing object | geometry_0_sphere.001
Fra:7 Mem:19.05M (Peak 59.85M) | Time:00:00.00 | Mem:0.00M, Peak:0.00M | Scene, ViewLayer | Synchronizing object | geometry_0_hull.003
Fra:7 Mem:19.24M (Peak 59.85M) | Time:00:00.00 | Mem:0.00M, Peak:0.00M | Scene, ViewLayer | Synchronizing object | geometry_0_hull.005
Fra:7 Mem:19.33M (Peak 59.85M) | Time:00:00.00 | Mem:0.00M, Peak:0.00M | Scene, ViewLayer | Initializing
Fra:7 Mem:17.64M (Peak 59.85M) | Time:00:00.00 | Mem:0.00M, Peak:0.00M | Scene, ViewLayer | Waiting for render to start
Fra:7 Mem:17.65M (Peak 59.85M) | Time:00:00.00 | Mem:0.00M, Peak:0.00M | Scene, ViewLayer | Loading render kernels (may take a few minutes the first time)
Fra:7 Mem:17.65M (Peak 59.85M) | Time:00:00.00 | Mem:0.00M, Peak:0.00M | Scene, ViewLayer | Updating Scene
Fra:7 Mem:17.65M (Peak 59.85M) | Time:00:00.00 | Mem:0.00M, Peak:0.00M | Scene, ViewLayer | Updating Shaders
Fra:7 Mem:17.73M (Peak 59.85M) | Time:00:00.00 | Mem:0.00M, Peak:0.00M | Scene, ViewLayer | Updating Procedurals
Fra:7 Mem:17.73M (Peak 59.85M) | Time:00:00.00 | Mem:0.00M, Peak:0.00M | Scene, ViewLayer | Updating Background
Fra:7 Mem:17.73M (Peak 59.85M) | Time:00:00.00 | Mem:0.00M, Peak:0.00M | Scene, ViewLayer | Updating Camera
Fra:7 Mem:17.73M (Peak 59.85M) | Time:00:00.00 | Mem:0.00M, Peak:0.00M | Scene, ViewLayer | Updating Meshes Flags
Fra:7 Mem:17.73M (Peak 59.85M) | Time:00:00.00 | Mem:0.00M, Peak:0.00M | Scene, ViewLayer | Updating Objects
Fra:7 Mem:17.73M (Peak 59.85M) | Time:00:00.00 | Mem:0.00M, Peak:0.00M | Scene, ViewLayer | Updating Objects | Copying Transformations to device
Fra:7 Mem:17.73M (Peak 59.85M) | Time:00:00.00 | Mem:0.00M, Peak:0.00M | Scene, ViewLayer | Updating Objects | Applying Static Transformations
Fra:7 Mem:17.73M (Peak 59.85M) | Time:00:00.00 | Mem:0.00M, Peak:0.00M | Scene, ViewLayer | Updating Particle Systems
Fra:7 Mem:17.73M (Peak 59.85M) | Time:00:00.00 | Mem:0.00M, Peak:0.00M | Scene, ViewLayer | Updating Particle Systems | Copying Particles to device
Fra:7 Mem:17.73M (Peak 59.85M) | Time:00:00.00 | Mem:0.00M, Peak:0.00M | Scene, ViewLayer | Updating Meshes
Fra:7 Mem:17.99M (Peak 59.85M) | Time:00:00.00 | Mem:0.00M, Peak:0.00M | Scene, ViewLayer | Updating Mesh | Computing attributes
Fra:7 Mem:18.40M (Peak 59.85M) | Time:00:00.00 | Mem:0.00M, Peak:0.00M | Scene, ViewLayer | Updating Mesh | Copying Attributes to device
Fra:7 Mem:18.40M (Peak 59.85M) | Time:00:00.00 | Mem:0.42M, Peak:0.42M | Scene, ViewLayer | Updating Scene BVH | Building
Fra:7 Mem:18.40M (Peak 59.85M) | Time:00:00.00 | Mem:0.42M, Peak:0.42M | Scene, ViewLayer | Updating Scene BVH | Building BVH
Fra:7 Mem:18.40M (Peak 59.85M) | Time:00:00.00 | Mem:0.93M, Peak:0.93M | Scene, ViewLayer | Updating Scene BVH | Building BVH 0%
Fra:7 Mem:18.40M (Peak 59.85M) | Time:00:00.01 | Mem:1.49M, Peak:2.00M | Scene, ViewLayer | Updating Scene BVH | Copying BVH to device
Fra:7 Mem:18.40M (Peak 59.85M) | Time:00:00.01 | Mem:1.49M, Peak:2.00M | Scene, ViewLayer | Updating Mesh | Computing normals
Fra:7 Mem:19.83M (Peak 59.85M) | Time:00:00.01 | Mem:1.49M, Peak:2.00M | Scene, ViewLayer | Updating Mesh | Copying Mesh to device
Fra:7 Mem:19.83M (Peak 59.85M) | Time:00:00.01 | Mem:2.92M, Peak:2.92M | Scene, ViewLayer | Updating Objects Flags
Fra:7 Mem:19.83M (Peak 59.85M) | Time:00:00.01 | Mem:2.92M, Peak:2.92M | Scene, ViewLayer | Updating Primitive Offsets
Fra:7 Mem:19.83M (Peak 59.85M) | Time:00:00.01 | Mem:2.92M, Peak:2.92M | Scene, ViewLayer | Updating Images
Fra:7 Mem:19.83M (Peak 59.85M) | Time:00:00.01 | Mem:2.92M, Peak:2.92M | Scene, ViewLayer | Updating Camera Volume
Fra:7 Mem:19.83M (Peak 59.85M) | Time:00:00.01 | Mem:2.92M, Peak:2.92M | Scene, ViewLayer | Updating Lookup Tables
Fra:7 Mem:19.83M (Peak 59.85M) | Time:00:00.01 | Mem:3.00M, Peak:3.00M | Scene, ViewLayer | Updating Lights
Fra:7 Mem:19.83M (Peak 59.85M) | Time:00:00.01 | Mem:3.00M, Peak:3.00M | Scene, ViewLayer | Updating Lights | Computing distribution
Fra:7 Mem:19.83M (Peak 59.85M) | Time:00:00.01 | Mem:3.00M, Peak:3.00M | Scene, ViewLayer | Updating Lights | Computing tree
Fra:7 Mem:19.83M (Peak 59.85M) | Time:00:00.01 | Mem:3.00M, Peak:3.00M | Scene, ViewLayer | Updating Integrator
Fra:7 Mem:20.83M (Peak 59.85M) | Time:00:00.01 | Mem:4.00M, Peak:4.00M | Scene, ViewLayer | Updating Film
Fra:7 Mem:20.83M (Peak 59.85M) | Time:00:00.01 | Mem:3.92M, Peak:4.00M | Scene, ViewLayer | Updating Lookup Tables
Fra:7 Mem:20.83M (Peak 59.85M) | Time:00:00.01 | Mem:4.00M, Peak:4.00M | Scene, ViewLayer | Updating Baking
Fra:7 Mem:20.83M (Peak 59.85M) | Time:00:00.01 | Mem:4.00M, Peak:4.00M | Scene, ViewLayer | Updating Device | Writing constant memory
Fra:7 Mem:20.83M (Peak 59.85M) | Time:00:00.01 | Mem:4.00M, Peak:4.00M | Scene, ViewLayer | Sample 0/32
Fra:7 Mem:39.85M (Peak 59.85M) | Time:00:00.03 | Remaining:00:00.72 | Mem:23.00M, Peak:23.00M | Scene, ViewLayer | Sample 1/32
Fra:7 Mem:47.85M (Peak 59.85M) | Time:00:01.64 | Mem:23.00M, Peak:23.00M | Scene, ViewLayer | Sample 32/32
Fra:7 Mem:47.85M (Peak 59.85M) | Time:00:01.64 | Mem:23.00M, Peak:23.00M | Scene, ViewLayer | Finished
Fra:7 Mem:23.71M (Peak 59.85M) | Time:00:01.64 | Compositing
Fra:7 Mem:23.71M (Peak 59.85M) | Time:00:01.64 | Compositing | Determining resolution
Fra:7 Mem:23.71M (Peak 59.85M) | Time:00:01.64 | Compositing | Initializing execution
Fra:7 Mem:23.71M (Peak 59.85M) | Time:00:01.64 | Compositing | De-initializing execution
Saved: '/vepfs_default/chanxueyan/lhp/lms/aDSL/temp/geometry_elephant_000_20260929/B_reexport_recovery/views_final/render_0007.png'
Time: 00:01.67 (Saving: 00:00.02)

Fra:8 Mem:17.40M (Peak 59.85M) | Time:00:00.00 | Mem:0.00M, Peak:0.00M | Scene, ViewLayer | Synchronizing object | geometry_0_hull
Fra:8 Mem:17.45M (Peak 59.85M) | Time:00:00.00 | Mem:0.00M, Peak:0.00M | Scene, ViewLayer | Synchronizing object | geometry_0_mesh
Fra:8 Mem:17.53M (Peak 59.85M) | Time:00:00.00 | Mem:0.00M, Peak:0.00M | Scene, ViewLayer | Synchronizing object | geometry_0_mesh.002
Fra:8 Mem:17.54M (Peak 59.85M) | Time:00:00.00 | Mem:0.00M, Peak:0.00M | Scene, ViewLayer | Synchronizing object | geometry_0_sphere
Fra:8 Mem:18.42M (Peak 59.85M) | Time:00:00.00 | Mem:0.00M, Peak:0.00M | Scene, ViewLayer | Synchronizing object | geometry_0_hull.002
Fra:8 Mem:18.48M (Peak 59.85M) | Time:00:00.00 | Mem:0.00M, Peak:0.00M | Scene, ViewLayer | Synchronizing object | geometry_0_hull.004
Fra:8 Mem:18.59M (Peak 59.85M) | Time:00:00.00 | Mem:0.00M, Peak:0.00M | Scene, ViewLayer | Synchronizing object | geometry_0_hull.001
Fra:8 Mem:18.69M (Peak 59.85M) | Time:00:00.00 | Mem:0.00M, Peak:0.00M | Scene, ViewLayer | Synchronizing object | geometry_0_mesh.001
Fra:8 Mem:18.74M (Peak 59.85M) | Time:00:00.00 | Mem:0.00M, Peak:0.00M | Scene, ViewLayer | Synchronizing object | geometry_0_sphere.001
Fra:8 Mem:19.15M (Peak 59.85M) | Time:00:00.00 | Mem:0.00M, Peak:0.00M | Scene, ViewLayer | Synchronizing object | geometry_0_hull.003
Fra:8 Mem:19.24M (Peak 59.85M) | Time:00:00.00 | Mem:0.00M, Peak:0.00M | Scene, ViewLayer | Synchronizing object | geometry_0_hull.005
Fra:8 Mem:19.33M (Peak 59.85M) | Time:00:00.00 | Mem:0.00M, Peak:0.00M | Scene, ViewLayer | Initializing
Fra:8 Mem:17.64M (Peak 59.85M) | Time:00:00.00 | Mem:0.00M, Peak:0.00M | Scene, ViewLayer | Waiting for render to start
Fra:8 Mem:17.65M (Peak 59.85M) | Time:00:00.00 | Mem:0.00M, Peak:0.00M | Scene, ViewLayer | Loading render kernels (may take a few minutes the first time)
Fra:8 Mem:17.65M (Peak 59.85M) | Time:00:00.00 | Mem:0.00M, Peak:0.00M | Scene, ViewLayer | Updating Scene
Fra:8 Mem:17.65M (Peak 59.85M) | Time:00:00.00 | Mem:0.00M, Peak:0.00M | Scene, ViewLayer | Updating Shaders
Fra:8 Mem:17.73M (Peak 59.85M) | Time:00:00.00 | Mem:0.00M, Peak:0.00M | Scene, ViewLayer | Updating Procedurals
Fra:8 Mem:17.73M (Peak 59.85M) | Time:00:00.00 | Mem:0.00M, Peak:0.00M | Scene, ViewLayer | Updating Background
Fra:8 Mem:17.73M (Peak 59.85M) | Time:00:00.00 | Mem:0.00M, Peak:0.00M | Scene, ViewLayer | Updating Camera
Fra:8 Mem:17.73M (Peak 59.85M) | Time:00:00.00 | Mem:0.00M, Peak:0.00M | Scene, ViewLayer | Updating Meshes Flags
Fra:8 Mem:17.73M (Peak 59.85M) | Time:00:00.00 | Mem:0.00M, Peak:0.00M | Scene, ViewLayer | Updating Objects
Fra:8 Mem:17.73M (Peak 59.85M) | Time:00:00.00 | Mem:0.00M, Peak:0.00M | Scene, ViewLayer | Updating Objects | Copying Transformations to device
Fra:8 Mem:17.73M (Peak 59.85M) | Time:00:00.00 | Mem:0.00M, Peak:0.00M | Scene, ViewLayer | Updating Objects | Applying Static Transformations
Fra:8 Mem:17.73M (Peak 59.85M) | Time:00:00.00 | Mem:0.00M, Peak:0.00M | Scene, ViewLayer | Updating Particle Systems
Fra:8 Mem:17.73M (Peak 59.85M) | Time:00:00.00 | Mem:0.00M, Peak:0.00M | Scene, ViewLayer | Updating Particle Systems | Copying Particles to device
Fra:8 Mem:17.73M (Peak 59.85M) | Time:00:00.00 | Mem:0.00M, Peak:0.00M | Scene, ViewLayer | Updating Meshes
Fra:8 Mem:17.99M (Peak 59.85M) | Time:00:00.00 | Mem:0.00M, Peak:0.00M | Scene, ViewLayer | Updating Mesh | Computing attributes
Fra:8 Mem:18.40M (Peak 59.85M) | Time:00:00.00 | Mem:0.00M, Peak:0.00M | Scene, ViewLayer | Updating Mesh | Copying Attributes to device
Fra:8 Mem:18.40M (Peak 59.85M) | Time:00:00.00 | Mem:0.42M, Peak:0.42M | Scene, ViewLayer | Updating Scene BVH | Building
Fra:8 Mem:18.40M (Peak 59.85M) | Time:00:00.00 | Mem:0.42M, Peak:0.42M | Scene, ViewLayer | Updating Scene BVH | Building BVH
Fra:8 Mem:18.40M (Peak 59.85M) | Time:00:00.00 | Mem:0.93M, Peak:0.93M | Scene, ViewLayer | Updating Scene BVH | Building BVH 0%
Fra:8 Mem:18.40M (Peak 59.85M) | Time:00:00.01 | Mem:1.54M, Peak:2.05M | Scene, ViewLayer | Updating Scene BVH | Copying BVH to device
Fra:8 Mem:18.40M (Peak 59.85M) | Time:00:00.01 | Mem:1.54M, Peak:2.05M | Scene, ViewLayer | Updating Mesh | Computing normals
Fra:8 Mem:19.83M (Peak 59.85M) | Time:00:00.01 | Mem:1.54M, Peak:2.05M | Scene, ViewLayer | Updating Mesh | Copying Mesh to device
Fra:8 Mem:19.83M (Peak 59.85M) | Time:00:00.01 | Mem:2.97M, Peak:2.97M | Scene, ViewLayer | Updating Objects Flags
Fra:8 Mem:19.83M (Peak 59.85M) | Time:00:00.01 | Mem:2.97M, Peak:2.97M | Scene, ViewLayer | Updating Primitive Offsets
Fra:8 Mem:19.83M (Peak 59.85M) | Time:00:00.01 | Mem:2.97M, Peak:2.97M | Scene, ViewLayer | Updating Images
Fra:8 Mem:19.83M (Peak 59.85M) | Time:00:00.01 | Mem:2.97M, Peak:2.97M | Scene, ViewLayer | Updating Camera Volume
Fra:8 Mem:19.83M (Peak 59.85M) | Time:00:00.01 | Mem:2.97M, Peak:2.97M | Scene, ViewLayer | Updating Lookup Tables
Fra:8 Mem:19.83M (Peak 59.85M) | Time:00:00.01 | Mem:3.05M, Peak:3.05M | Scene, ViewLayer | Updating Lights
Fra:8 Mem:19.83M (Peak 59.85M) | Time:00:00.01 | Mem:3.05M, Peak:3.05M | Scene, ViewLayer | Updating Lights | Computing distribution
Fra:8 Mem:19.83M (Peak 59.85M) | Time:00:00.01 | Mem:3.05M, Peak:3.05M | Scene, ViewLayer | Updating Lights | Computing tree
Fra:8 Mem:19.83M (Peak 59.85M) | Time:00:00.01 | Mem:3.05M, Peak:3.05M | Scene, ViewLayer | Updating Integrator
Fra:8 Mem:20.83M (Peak 59.85M) | Time:00:00.01 | Mem:4.05M, Peak:4.05M | Scene, ViewLayer | Updating Film
Fra:8 Mem:20.83M (Peak 59.85M) | Time:00:00.01 | Mem:3.97M, Peak:4.05M | Scene, ViewLayer | Updating Lookup Tables
Fra:8 Mem:20.83M (Peak 59.85M) | Time:00:00.01 | Mem:4.05M, Peak:4.05M | Scene, ViewLayer | Updating Baking
Fra:8 Mem:20.83M (Peak 59.85M) | Time:00:00.01 | Mem:4.05M, Peak:4.05M | Scene, ViewLayer | Updating Device | Writing constant memory
Fra:8 Mem:20.83M (Peak 59.85M) | Time:00:00.01 | Mem:4.05M, Peak:4.05M | Scene, ViewLayer | Sample 0/32
Fra:8 Mem:39.85M (Peak 59.85M) | Time:00:00.03 | Remaining:00:00.79 | Mem:23.05M, Peak:23.05M | Scene, ViewLayer | Sample 1/32
Fra:8 Mem:47.85M (Peak 59.85M) | Time:00:01.97 | Mem:23.05M, Peak:23.05M | Scene, ViewLayer | Sample 32/32
Fra:8 Mem:47.85M (Peak 59.85M) | Time:00:01.97 | Mem:23.05M, Peak:23.05M | Scene, ViewLayer | Finished
Fra:8 Mem:23.71M (Peak 59.85M) | Time:00:01.97 | Compositing
Fra:8 Mem:23.71M (Peak 59.85M) | Time:00:01.97 | Compositing | Determining resolution
Fra:8 Mem:23.71M (Peak 59.85M) | Time:00:01.97 | Compositing | Initializing execution
Fra:8 Mem:23.71M (Peak 59.85M) | Time:00:01.97 | Compositing | De-initializing execution
Saved: '/vepfs_default/chanxueyan/lhp/lms/aDSL/temp/geometry_elephant_000_20260929/B_reexport_recovery/views_final/render_0008.png'
Time: 00:01.99 (Saving: 00:00.02)

Data are loaded, start creating Blender stuff
glTF import finished in 0.09s
