09:36:47 | ERROR: Draco mesh compression is not available because library could not be found at /vepfs_default/chanxueyan/lhp/lms/aDSL/temp/geometry_elephant_000_20260929/A/4.0/python/lib/python3.10/site-packages/libextern_draco.so
09:36:47 | INFO: Starting glTF 2.0 export
09:36:47 | INFO: Extracting primitive: op_0_sphere_mesh.004
09:36:47 | INFO: Primitives created: 1
09:36:47 | INFO: Extracting primitive: op_0_sphere_mesh.001
09:36:47 | INFO: Primitives created: 1
09:36:47 | INFO: Extracting primitive: op_0_sphere_mesh.002
09:36:47 | INFO: Primitives created: 1
09:36:47 | INFO: Extracting primitive: op_0_sphere_mesh.008
09:36:47 | INFO: Primitives created: 1
09:36:47 | INFO: Extracting primitive: far_eye_sphere_mesh
09:36:47 | INFO: Primitives created: 1
09:36:47 | INFO: Extracting primitive: op_0_sphere_mesh.005
09:36:47 | INFO: Primitives created: 1
09:36:47 | INFO: Extracting primitive: near_eye_sphere_mesh
09:36:47 | INFO: Primitives created: 1
09:36:47 | INFO: Extracting primitive: op_0_sphere_mesh.006
09:36:47 | INFO: Primitives created: 1
09:36:47 | INFO: Extracting primitive: op_0_sphere_mesh.003
09:36:47 | INFO: Primitives created: 1
09:36:47 | INFO: Extracting primitive: op_0_sphere_mesh
09:36:47 | INFO: Primitives created: 1
09:36:47 | INFO: Extracting primitive: end_round_sphere_mesh.002
09:36:47 | INFO: Primitives created: 1
09:36:47 | INFO: Extracting primitive: shaft_cylinder_mesh.001
09:36:47 | INFO: Primitives created: 1
09:36:47 | INFO: Extracting primitive: start_round_sphere_mesh.001
09:36:47 | INFO: Primitives created: 1
09:36:47 | INFO: Extracting primitive: end_round_sphere_mesh.001
09:36:47 | INFO: Primitives created: 1
09:36:47 | INFO: Extracting primitive: shaft_cylinder_mesh
09:36:47 | INFO: Primitives created: 1
09:36:47 | INFO: Extracting primitive: start_round_sphere_mesh
09:36:47 | INFO: Primitives created: 1
09:36:47 | INFO: Extracting primitive: tail_tuft_sphere_mesh
09:36:47 | INFO: Primitives created: 1
09:36:47 | INFO: Extracting primitive: raised_rounded_tip_sphere_mesh
09:36:47 | INFO: Primitives created: 1
09:36:47 | INFO: Extracting primitive: end_round_sphere_mesh.003
09:36:47 | INFO: Primitives created: 1
09:36:47 | INFO: Extracting primitive: shaft_cylinder_mesh.002
09:36:47 | INFO: Primitives created: 1
09:36:47 | INFO: Extracting primitive: start_round_sphere_mesh.002
09:36:47 | INFO: Primitives created: 1
09:36:47 | INFO: Extracting primitive: end_round_sphere_mesh.004
09:36:47 | INFO: Primitives created: 1
09:36:47 | INFO: Extracting primitive: shaft_cylinder_mesh.003
09:36:47 | INFO: Primitives created: 1
09:36:47 | INFO: Extracting primitive: start_round_sphere_mesh.003
09:36:47 | INFO: Primitives created: 1
09:36:47 | INFO: Extracting primitive: end_round_sphere_mesh.005
09:36:47 | INFO: Primitives created: 1
09:36:47 | INFO: Extracting primitive: shaft_cylinder_mesh.004
09:36:47 | INFO: Primitives created: 1
09:36:47 | INFO: Extracting primitive: start_round_sphere_mesh.004
09:36:47 | INFO: Primitives created: 1
09:36:47 | INFO: Extracting primitive: end_round_sphere_mesh.006
09:36:47 | INFO: Primitives created: 1
09:36:47 | INFO: Extracting primitive: shaft_cylinder_mesh.005
09:36:47 | INFO: Primitives created: 1
09:36:47 | INFO: Extracting primitive: start_round_sphere_mesh.005
09:36:47 | INFO: Primitives created: 1
09:36:47 | INFO: Extracting primitive: end_round_sphere_mesh.007
09:36:47 | INFO: Primitives created: 1
09:36:47 | INFO: Extracting primitive: shaft_cylinder_mesh.006
09:36:47 | INFO: Primitives created: 1
09:36:47 | INFO: Extracting primitive: start_round_sphere_mesh.006
09:36:47 | INFO: Primitives created: 1
09:36:47 | INFO: Extracting primitive: end_round_sphere_mesh.008
09:36:47 | INFO: Primitives created: 1
09:36:47 | INFO: Extracting primitive: shaft_cylinder_mesh.007
09:36:47 | INFO: Primitives created: 1
09:36:47 | INFO: Extracting primitive: start_round_sphere_mesh.007
09:36:47 | INFO: Primitives created: 1
09:36:47 | INFO: Extracting primitive: end_round_sphere_mesh.009
09:36:47 | INFO: Primitives created: 1
09:36:47 | INFO: Extracting primitive: shaft_cylinder_mesh.008
09:36:47 | INFO: Primitives created: 1
09:36:47 | INFO: Extracting primitive: start_round_sphere_mesh.008
09:36:47 | INFO: Primitives created: 1
09:36:47 | INFO: Extracting primitive: end_round_sphere_mesh.010
09:36:47 | INFO: Primitives created: 1
09:36:47 | INFO: Extracting primitive: shaft_cylinder_mesh.009
09:36:47 | INFO: Primitives created: 1
09:36:47 | INFO: Extracting primitive: start_round_sphere_mesh.009
09:36:47 | INFO: Primitives created: 1
09:36:47 | INFO: Extracting primitive: end_round_sphere_mesh
09:36:47 | INFO: Primitives created: 1
09:36:47 | INFO: Extracting primitive: shaft_cylinder_mesh.010
09:36:47 | INFO: Primitives created: 1
09:36:47 | INFO: Extracting primitive: start_round_sphere_mesh.010
09:36:47 | INFO: Primitives created: 1
09:36:47 | INFO: Finished glTF 2.0 export in 0.5034430027008057 s

