08:41:03 | ERROR: Draco mesh compression is not available because library could not be found at /vepfs_default/chanxueyan/lhp/lms/aDSL/temp/geometry_expression_20260929/B/SF06/4.0/python/lib/python3.10/site-packages/libextern_draco.so
08:41:03 | INFO: Starting glTF 2.0 export
08:41:03 | INFO: Extracting primitive: constructive_mesh.002
08:41:03 | INFO: Primitives created: 1
08:41:03 | INFO: Extracting primitive: square_post_cube_mesh
08:41:03 | INFO: Primitives created: 1
08:41:03 | INFO: Extracting primitive: square_post_cube_mesh.001
08:41:03 | INFO: Primitives created: 1
08:41:03 | INFO: Extracting primitive: constructive_mesh.005
08:41:03 | INFO: Primitives created: 1
08:41:03 | INFO: Extracting primitive: stud_01_sphere_mesh
08:41:03 | INFO: Primitives created: 1
08:41:03 | INFO: Extracting primitive: stud_02_sphere_mesh
08:41:03 | INFO: Primitives created: 1
08:41:03 | INFO: Extracting primitive: stud_03_sphere_mesh
08:41:03 | INFO: Primitives created: 1
08:41:03 | INFO: Extracting primitive: stud_04_sphere_mesh
08:41:03 | INFO: Primitives created: 1
08:41:03 | INFO: Extracting primitive: stud_05_sphere_mesh
08:41:03 | INFO: Primitives created: 1
08:41:03 | INFO: Extracting primitive: stud_06_sphere_mesh
08:41:03 | INFO: Primitives created: 1
08:41:03 | INFO: Extracting primitive: stud_07_sphere_mesh
08:41:03 | INFO: Primitives created: 1
08:41:03 | INFO: Extracting primitive: stud_08_sphere_mesh
08:41:03 | INFO: Primitives created: 1
08:41:03 | INFO: Extracting primitive: stud_09_sphere_mesh
08:41:03 | INFO: Primitives created: 1
08:41:03 | INFO: Extracting primitive: stud_10_sphere_mesh
08:41:03 | INFO: Primitives created: 1
08:41:03 | INFO: Extracting primitive: stud_11_sphere_mesh
08:41:03 | INFO: Primitives created: 1
08:41:03 | INFO: Extracting primitive: stud_12_sphere_mesh
08:41:03 | INFO: Primitives created: 1
08:41:03 | INFO: Extracting primitive: stud_13_sphere_mesh
08:41:03 | INFO: Primitives created: 1
08:41:03 | INFO: Extracting primitive: stud_14_sphere_mesh
08:41:03 | INFO: Primitives created: 1
08:41:03 | INFO: Extracting primitive: stud_15_sphere_mesh
08:41:03 | INFO: Primitives created: 1
08:41:03 | INFO: Extracting primitive: matte_black_backdrop_cube_mesh
08:41:03 | INFO: Primitives created: 1
08:41:03 | INFO: Extracting primitive: matte_black_floor_cube_mesh
08:41:03 | INFO: Primitives created: 1
08:41:03 | INFO: Extracting primitive: square_post_cube_mesh.002
08:41:03 | INFO: Primitives created: 1
08:41:03 | INFO: Extracting primitive: square_post_cube_mesh.003
08:41:03 | INFO: Primitives created: 1
08:41:03 | INFO: Extracting primitive: constructive_mesh.007
08:41:03 | INFO: Primitives created: 1
08:41:03 | INFO: Extracting primitive: constructive_mesh
08:41:03 | INFO: Primitives created: 1
08:41:03 | INFO: Extracting primitive: constructive_mesh.001
08:41:03 | INFO: Primitives created: 1
08:41:03 | INFO: Finished glTF 2.0 export in 0.10672879219055176 s

Warning: Falling back to the standard locale ("C")
